# mahimahi mm-link (Downlink) [traces/50mbps_10ms.trace] > /home/vboxuser/pantheon/results/50mbps_10ms/bbr/bbr_mm_acklink_run1.log
# command line: 'mm-link' 'traces/50mbps_10ms.trace' 'traces/50mbps_10ms.trace' '--uplink-log=/home/vboxuser/pantheon/results/50mbps_10ms/bbr/bbr_mm_datalink_run1.log' '--downlink-log=/home/vboxuser/pantheon/results/50mbps_10ms/bbr/bbr_mm_acklink_run1.log' 'python' '/home/vboxuser/pantheon/src/experiments/tunnel_manager.py'
# queue: infinite
# init timestamp: 1746040935664
# base timestamp: 39
39 + 80
39 + 52
39 + 80
286 + 80
606 + 80
3902 + 52
11890 + 52
27710 + 52
50039 # 1504
50039 - 80 50000
50039 - 52 50000
50039 - 80 50000
50039 - 80 49753
50039 - 80 49433
50039 - 52 46137
50039 - 52 38149
50039 - 52 22329
50039 # 1504
50039 # 1504
50039 # 1504
50039 # 1504
50039 # 1504
50039 # 1504
50039 # 1504
50039 # 1504
50039 # 1504
50039 # 1504
50039 # 1504
50039 # 1504
50039 # 1504
50039 # 1504
50039 # 1504
50039 # 1504
50039 # 1504
50039 # 1504
50039 # 1504
50039 # 1504
50039 # 1504
50039 # 1504
50039 # 1504
50039 # 1504
50039 # 1504
50039 # 1504
50039 # 1504
50039 # 1504
50039 # 1504
50039 # 1504
50039 # 1504
50039 # 1504
50039 # 1504
50039 # 1504
50039 # 1504
50039 # 1504
50039 # 1504
50039 # 1504
50039 # 1504
50039 # 1504
50039 # 1504
50039 # 1504
50039 # 1504
50039 # 1504
50039 # 1504
50039 # 1504
50039 # 1504
50039 # 1504
50039 # 1504
50039 # 1504
50039 # 1504
50039 # 1504
50039 # 1504
50039 # 1504
50039 # 1504
50039 # 1504
50039 # 1504
50039 # 1504
50039 # 1504
50047 + 40
50051 + 40
50051 + 40
50051 + 40
50051 + 40
50051 + 40
50051 + 40
50051 + 40
50051 + 40
50051 + 40
50051 + 40
50051 + 40
50051 + 40
50051 + 40
50051 + 40
50051 + 40
50051 + 40
50051 + 40
59710 + 52
