# mahimahi mm-link (Uplink) [traces/50mbps_10ms.trace] > /home/vboxuser/pantheon/results/50mbps_10ms/bbr/bbr_mm_datalink_run1.log
# command line: 'mm-link' 'traces/50mbps_10ms.trace' 'traces/50mbps_10ms.trace' '--uplink-log=/home/vboxuser/pantheon/results/50mbps_10ms/bbr/bbr_mm_datalink_run1.log' '--downlink-log=/home/vboxuser/pantheon/results/50mbps_10ms/bbr/bbr_mm_acklink_run1.log' 'python' '/home/vboxuser/pantheon/src/experiments/tunnel_manager.py'
# queue: infinite
# init timestamp: 1746040935664
# base timestamp: 39
40 + 80
40 + 52
40 + 80
124 + 40
670 + 80
1022 + 80
1125 + 40
2128 + 40
3130 + 40
4133 + 40
4415 + 52
5134 + 40
13118 + 52
20129 + 40
21135 + 40
22138 + 40
23139 + 40
24140 + 40
25144 + 40
31039 + 52
40132 + 40
41133 + 40
42134 + 40
43136 + 40
44138 + 40
45140 + 40
50039 # 1504
50039 - 80 49999
50039 - 52 49999
50039 - 80 49999
50039 - 40 49915
50039 - 80 49369
50039 - 80 49017
50039 - 40 48914
50039 - 40 47911
50039 - 40 46909
50039 - 40 45906
50039 - 52 45624
50039 - 40 44905
50039 - 52 36921
50039 - 40 29910
50039 - 40 28904
50039 - 40 27901
50039 - 40 26900
50039 - 40 25899
50039 - 40 24895
50039 - 52 19000
50039 - 40 9907
50039 - 40 8906
50039 - 40 7905
50039 - 40 6903
50039 - 40 5901
50039 - 40 4899
50039 # 1504
50039 # 1504
50039 # 1504
50039 # 1504
50039 # 1504
50039 # 1504
50039 # 1504
50039 # 1504
50039 # 1504
50039 # 1504
50039 # 1504
50039 # 1504
50039 # 1504
50039 # 1504
50039 # 1504
50039 # 1504
50039 # 1504
50039 # 1504
50039 # 1504
50039 # 1504
50039 # 1504
50039 # 1504
50039 # 1504
50039 # 1504
50039 # 1504
50039 # 1504
50039 # 1504
50039 # 1504
50039 # 1504
50039 # 1504
50039 # 1504
50039 # 1504
50039 # 1504
50039 # 1504
50039 # 1504
50039 # 1504
50039 # 1504
50039 # 1504
50039 # 1504
50039 # 1504
50039 # 1504
50039 # 1504
50039 # 1504
50039 # 1504
50039 # 1504
50039 # 1504
50039 # 1504
50039 # 1504
50039 # 1504
50039 # 1504
50039 # 1504
50039 # 1504
50039 # 1504
50039 # 1504
50039 # 1504
50039 # 1504
50039 # 1504
50039 # 1504
50039 # 1504
