# mahimahi mm-link (Downlink) [traces/1mbps_200ms.trace] > /home/vboxuser/pantheon/results/1mbps_200ms/sprout/sprout_mm_acklink_run1.log
# command line: 'mm-link' 'traces/1mbps_200ms.trace' 'traces/1mbps_200ms.trace' '--uplink-log=/home/vboxuser/pantheon/results/1mbps_200ms/sprout/sprout_mm_datalink_run1.log' '--downlink-log=/home/vboxuser/pantheon/results/1mbps_200ms/sprout/sprout_mm_acklink_run1.log' 'python' '/home/vboxuser/pantheon/src/experiments/tunnel_manager.py'
# queue: infinite
# init timestamp: 1746041141826
# base timestamp: 37
37 + 80
37 + 52
37 + 80
428 + 80
621 + 80
1037 # 1504
1037 - 80 1000
1037 - 52 1000
1037 - 80 1000
1037 - 80 609
1037 - 80 416
1037 # 1504
1037 # 1504
1037 # 1504
1037 # 1504
1037 # 1504
1037 # 1504
1037 # 1504
1037 # 1504
1037 # 1504
1037 # 1504
1037 # 1504
1037 # 1504
1037 # 1504
1037 # 1504
1037 # 1504
1037 # 1504
1037 # 1504
1037 # 1504
1037 # 1504
1037 # 1504
1037 # 1504
1037 # 1504
1037 # 1504
1037 # 1504
1037 # 1504
1037 # 1504
1037 # 1504
1037 # 1504
1037 # 1504
1037 # 1504
1037 # 1504
1037 # 1504
1037 # 1504
1037 # 1504
1037 # 1504
1037 # 1504
1037 # 1504
1037 # 1504
1037 # 1504
1037 # 1504
1037 # 1504
1037 # 1504
1037 # 1504
1037 # 1504
1037 # 1504
1037 # 1504
1037 # 1504
1037 # 1504
1037 # 1504
1037 # 1504
1037 # 1504
1037 # 1504
1037 # 1504
1037 # 1504
1037 # 1504
1037 # 1504
1037 # 1504
1037 # 1504
1037 # 1504
1044 + 40
2037 # 1504
2037 - 40 993
2037 # 1504
2037 # 1504
2037 # 1504
2037 # 1504
2037 # 1504
2037 # 1504
2037 # 1504
2037 # 1504
2037 # 1504
2037 # 1504
2037 # 1504
2037 # 1504
2037 # 1504
2037 # 1504
2037 # 1504
2037 # 1504
2037 # 1504
2037 # 1504
2037 # 1504
2037 # 1504
2037 # 1504
2037 # 1504
2037 # 1504
2037 # 1504
2037 # 1504
2037 # 1504
2037 # 1504
2037 # 1504
2037 # 1504
2037 # 1504
2037 # 1504
2037 # 1504
2037 # 1504
2037 # 1504
2037 # 1504
2037 # 1504
2037 # 1504
2037 # 1504
2037 # 1504
2037 # 1504
2037 # 1504
2037 # 1504
2037 # 1504
2037 # 1504
2037 # 1504
2037 # 1504
2037 # 1504
2037 # 1504
2037 # 1504
2037 # 1504
2037 # 1504
2037 # 1504
2037 # 1504
2037 # 1504
2037 # 1504
2037 # 1504
2037 # 1504
2037 # 1504
2037 # 1504
2039 + 40
3037 # 1504
3037 - 40 998
3037 # 1504
3037 # 1504
3037 # 1504
3037 # 1504
3037 # 1504
3037 # 1504
3037 # 1504
3037 # 1504
3037 # 1504
3037 # 1504
3037 # 1504
3037 # 1504
3037 # 1504
3037 # 1504
3037 # 1504
3037 # 1504
3037 # 1504
3037 # 1504
3037 # 1504
3037 # 1504
3037 # 1504
3037 # 1504
3037 # 1504
3037 # 1504
3037 # 1504
3037 # 1504
3037 # 1504
3037 # 1504
3037 # 1504
3037 # 1504
3037 # 1504
3037 # 1504
3037 # 1504
3037 # 1504
3037 # 1504
3037 # 1504
3037 # 1504
3037 # 1504
3037 # 1504
3037 # 1504
3037 # 1504
3037 # 1504
3037 # 1504
3037 # 1504
3037 # 1504
3037 # 1504
3037 # 1504
3037 # 1504
3037 # 1504
3037 # 1504
3037 # 1504
3037 # 1504
3037 # 1504
3037 # 1504
3037 # 1504
3037 # 1504
3037 # 1504
3037 # 1504
3037 # 1504
4037 # 1504
4037 # 1504
4037 # 1504
4037 # 1504
4037 # 1504
4037 # 1504
4037 # 1504
4037 # 1504
4037 # 1504
4037 # 1504
4037 # 1504
4037 # 1504
4037 # 1504
4037 # 1504
4037 # 1504
4037 # 1504
4037 # 1504
4037 # 1504
4037 # 1504
4037 # 1504
4037 # 1504
4037 # 1504
4037 # 1504
4037 # 1504
4037 # 1504
4037 # 1504
4037 # 1504
4037 # 1504
4037 # 1504
4037 # 1504
4037 # 1504
4037 # 1504
4037 # 1504
4037 # 1504
4037 # 1504
4037 # 1504
4037 # 1504
4037 # 1504
4037 # 1504
4037 # 1504
4037 # 1504
4037 # 1504
4037 # 1504
4037 # 1504
4037 # 1504
4037 # 1504
4037 # 1504
4037 # 1504
4037 # 1504
4037 # 1504
4037 # 1504
4037 # 1504
4037 # 1504
4037 # 1504
4037 # 1504
4037 # 1504
4037 # 1504
4037 # 1504
4037 # 1504
4037 # 1504
4332 + 52
5037 # 1504
5037 - 52 705
5037 # 1504
5037 # 1504
5037 # 1504
5037 # 1504
5037 # 1504
5037 # 1504
5037 # 1504
5037 # 1504
5037 # 1504
5037 # 1504
5037 # 1504
5037 # 1504
5037 # 1504
5037 # 1504
5037 # 1504
5037 # 1504
5037 # 1504
5037 # 1504
5037 # 1504
5037 # 1504
5037 # 1504
5037 # 1504
5037 # 1504
5037 # 1504
5037 # 1504
5037 # 1504
5037 # 1504
5037 # 1504
5037 # 1504
5037 # 1504
5037 # 1504
5037 # 1504
5037 # 1504
5037 # 1504
5037 # 1504
5037 # 1504
5037 # 1504
5037 # 1504
5037 # 1504
5037 # 1504
5037 # 1504
5037 # 1504
5037 # 1504
5037 # 1504
5037 # 1504
5037 # 1504
5037 # 1504
5037 # 1504
5037 # 1504
5037 # 1504
5037 # 1504
5037 # 1504
5037 # 1504
5037 # 1504
5037 # 1504
5037 # 1504
5037 # 1504
5037 # 1504
5037 # 1504
6037 # 1504
6037 # 1504
6037 # 1504
6037 # 1504
6037 # 1504
6037 # 1504
6037 # 1504
6037 # 1504
6037 # 1504
6037 # 1504
6037 # 1504
6037 # 1504
6037 # 1504
6037 # 1504
6037 # 1504
6037 # 1504
6037 # 1504
6037 # 1504
6037 # 1504
6037 # 1504
6037 # 1504
6037 # 1504
6037 # 1504
6037 # 1504
6037 # 1504
6037 # 1504
6037 # 1504
6037 # 1504
6037 # 1504
6037 # 1504
6037 # 1504
6037 # 1504
6037 # 1504
6037 # 1504
6037 # 1504
6037 # 1504
6037 # 1504
6037 # 1504
6037 # 1504
6037 # 1504
6037 # 1504
6037 # 1504
6037 # 1504
6037 # 1504
6037 # 1504
6037 # 1504
6037 # 1504
6037 # 1504
6037 # 1504
6037 # 1504
6037 # 1504
6037 # 1504
6037 # 1504
6037 # 1504
6037 # 1504
6037 # 1504
6037 # 1504
6037 # 1504
6037 # 1504
6037 # 1504
7037 # 1504
7037 # 1504
7037 # 1504
7037 # 1504
7037 # 1504
7037 # 1504
7037 # 1504
7037 # 1504
7037 # 1504
7037 # 1504
7037 # 1504
7037 # 1504
7037 # 1504
7037 # 1504
7037 # 1504
7037 # 1504
7037 # 1504
7037 # 1504
7037 # 1504
7037 # 1504
7037 # 1504
7037 # 1504
7037 # 1504
7037 # 1504
7037 # 1504
7037 # 1504
7037 # 1504
7037 # 1504
7037 # 1504
7037 # 1504
7037 # 1504
7037 # 1504
7037 # 1504
7037 # 1504
7037 # 1504
7037 # 1504
7037 # 1504
7037 # 1504
7037 # 1504
7037 # 1504
7037 # 1504
7037 # 1504
7037 # 1504
7037 # 1504
7037 # 1504
7037 # 1504
7037 # 1504
7037 # 1504
7037 # 1504
7037 # 1504
7037 # 1504
7037 # 1504
7037 # 1504
7037 # 1504
7037 # 1504
7037 # 1504
7037 # 1504
7037 # 1504
7037 # 1504
7037 # 1504
8037 # 1504
8037 # 1504
8037 # 1504
8037 # 1504
8037 # 1504
8037 # 1504
8037 # 1504
8037 # 1504
8037 # 1504
8037 # 1504
8037 # 1504
8037 # 1504
8037 # 1504
8037 # 1504
8037 # 1504
8037 # 1504
8037 # 1504
8037 # 1504
8037 # 1504
8037 # 1504
8037 # 1504
8037 # 1504
8037 # 1504
8037 # 1504
8037 # 1504
8037 # 1504
8037 # 1504
8037 # 1504
8037 # 1504
8037 # 1504
8037 # 1504
8037 # 1504
8037 # 1504
8037 # 1504
8037 # 1504
8037 # 1504
8037 # 1504
8037 # 1504
8037 # 1504
8037 # 1504
8037 # 1504
8037 # 1504
8037 # 1504
8037 # 1504
8037 # 1504
8037 # 1504
8037 # 1504
8037 # 1504
8037 # 1504
8037 # 1504
8037 # 1504
8037 # 1504
8037 # 1504
8037 # 1504
8037 # 1504
8037 # 1504
8037 # 1504
8037 # 1504
8037 # 1504
8037 # 1504
9037 # 1504
9037 # 1504
9037 # 1504
9037 # 1504
9037 # 1504
9037 # 1504
9037 # 1504
9037 # 1504
9037 # 1504
9037 # 1504
9037 # 1504
9037 # 1504
9037 # 1504
9037 # 1504
9037 # 1504
9037 # 1504
9037 # 1504
9037 # 1504
9037 # 1504
9037 # 1504
9037 # 1504
9037 # 1504
9037 # 1504
9037 # 1504
9037 # 1504
9037 # 1504
9037 # 1504
9037 # 1504
9037 # 1504
9037 # 1504
9037 # 1504
9037 # 1504
9037 # 1504
9037 # 1504
9037 # 1504
9037 # 1504
9037 # 1504
9037 # 1504
9037 # 1504
9037 # 1504
9037 # 1504
9037 # 1504
9037 # 1504
9037 # 1504
9037 # 1504
9037 # 1504
9037 # 1504
9037 # 1504
9037 # 1504
9037 # 1504
9037 # 1504
9037 # 1504
9037 # 1504
9037 # 1504
9037 # 1504
9037 # 1504
9037 # 1504
9037 # 1504
9037 # 1504
9037 # 1504
10037 # 1504
10037 # 1504
10037 # 1504
10037 # 1504
10037 # 1504
10037 # 1504
10037 # 1504
10037 # 1504
10037 # 1504
10037 # 1504
10037 # 1504
10037 # 1504
10037 # 1504
10037 # 1504
10037 # 1504
10037 # 1504
10037 # 1504
10037 # 1504
10037 # 1504
10037 # 1504
10037 # 1504
10037 # 1504
10037 # 1504
10037 # 1504
10037 # 1504
10037 # 1504
10037 # 1504
10037 # 1504
10037 # 1504
10037 # 1504
10037 # 1504
10037 # 1504
10037 # 1504
10037 # 1504
10037 # 1504
10037 # 1504
10037 # 1504
10037 # 1504
10037 # 1504
10037 # 1504
10037 # 1504
10037 # 1504
10037 # 1504
10037 # 1504
10037 # 1504
10037 # 1504
10037 # 1504
10037 # 1504
10037 # 1504
10037 # 1504
10037 # 1504
10037 # 1504
10037 # 1504
10037 # 1504
10037 # 1504
10037 # 1504
10037 # 1504
10037 # 1504
10037 # 1504
10037 # 1504
11037 # 1504
11037 # 1504
11037 # 1504
11037 # 1504
11037 # 1504
11037 # 1504
11037 # 1504
11037 # 1504
11037 # 1504
11037 # 1504
11037 # 1504
11037 # 1504
11037 # 1504
11037 # 1504
11037 # 1504
11037 # 1504
11037 # 1504
11037 # 1504
11037 # 1504
11037 # 1504
11037 # 1504
11037 # 1504
11037 # 1504
11037 # 1504
11037 # 1504
11037 # 1504
11037 # 1504
11037 # 1504
11037 # 1504
11037 # 1504
11037 # 1504
11037 # 1504
11037 # 1504
11037 # 1504
11037 # 1504
11037 # 1504
11037 # 1504
11037 # 1504
11037 # 1504
11037 # 1504
11037 # 1504
11037 # 1504
11037 # 1504
11037 # 1504
11037 # 1504
11037 # 1504
11037 # 1504
11037 # 1504
11037 # 1504
11037 # 1504
11037 # 1504
11037 # 1504
11037 # 1504
11037 # 1504
11037 # 1504
11037 # 1504
11037 # 1504
11037 # 1504
11037 # 1504
11037 # 1504
12037 # 1504
12037 # 1504
12037 # 1504
12037 # 1504
12037 # 1504
12037 # 1504
12037 # 1504
12037 # 1504
12037 # 1504
12037 # 1504
12037 # 1504
12037 # 1504
12037 # 1504
12037 # 1504
12037 # 1504
12037 # 1504
12037 # 1504
12037 # 1504
12037 # 1504
12037 # 1504
12037 # 1504
12037 # 1504
12037 # 1504
12037 # 1504
12037 # 1504
12037 # 1504
12037 # 1504
12037 # 1504
12037 # 1504
12037 # 1504
12037 # 1504
12037 # 1504
12037 # 1504
12037 # 1504
12037 # 1504
12037 # 1504
12037 # 1504
12037 # 1504
12037 # 1504
12037 # 1504
12037 # 1504
12037 # 1504
12037 # 1504
12037 # 1504
12037 # 1504
12037 # 1504
12037 # 1504
12037 # 1504
12037 # 1504
12037 # 1504
12037 # 1504
12037 # 1504
12037 # 1504
12037 # 1504
12037 # 1504
12037 # 1504
12037 # 1504
12037 # 1504
12037 # 1504
12037 # 1504
12782 + 52
13037 # 1504
13037 - 52 255
13037 # 1504
13037 # 1504
13037 # 1504
13037 # 1504
13037 # 1504
13037 # 1504
13037 # 1504
13037 # 1504
13037 # 1504
13037 # 1504
13037 # 1504
13037 # 1504
13037 # 1504
13037 # 1504
13037 # 1504
13037 # 1504
13037 # 1504
13037 # 1504
13037 # 1504
13037 # 1504
13037 # 1504
13037 # 1504
13037 # 1504
13037 # 1504
13037 # 1504
13037 # 1504
13037 # 1504
13037 # 1504
13037 # 1504
13037 # 1504
13037 # 1504
13037 # 1504
13037 # 1504
13037 # 1504
13037 # 1504
13037 # 1504
13037 # 1504
13037 # 1504
13037 # 1504
13037 # 1504
13037 # 1504
13037 # 1504
13037 # 1504
13037 # 1504
13037 # 1504
13037 # 1504
13037 # 1504
13037 # 1504
13037 # 1504
13037 # 1504
13037 # 1504
13037 # 1504
13037 # 1504
13037 # 1504
13037 # 1504
13037 # 1504
13037 # 1504
13037 # 1504
13037 # 1504
14037 # 1504
14037 # 1504
14037 # 1504
14037 # 1504
14037 # 1504
14037 # 1504
14037 # 1504
14037 # 1504
14037 # 1504
14037 # 1504
14037 # 1504
14037 # 1504
14037 # 1504
14037 # 1504
14037 # 1504
14037 # 1504
14037 # 1504
14037 # 1504
14037 # 1504
14037 # 1504
14037 # 1504
14037 # 1504
14037 # 1504
14037 # 1504
14037 # 1504
14037 # 1504
14037 # 1504
14037 # 1504
14037 # 1504
14037 # 1504
14037 # 1504
14037 # 1504
14037 # 1504
14037 # 1504
14037 # 1504
14037 # 1504
14037 # 1504
14037 # 1504
14037 # 1504
14037 # 1504
14037 # 1504
14037 # 1504
14037 # 1504
14037 # 1504
14037 # 1504
14037 # 1504
14037 # 1504
14037 # 1504
14037 # 1504
14037 # 1504
14037 # 1504
14037 # 1504
14037 # 1504
14037 # 1504
14037 # 1504
14037 # 1504
14037 # 1504
14037 # 1504
14037 # 1504
14037 # 1504
15037 # 1504
15037 # 1504
15037 # 1504
15037 # 1504
15037 # 1504
15037 # 1504
15037 # 1504
15037 # 1504
15037 # 1504
15037 # 1504
15037 # 1504
15037 # 1504
15037 # 1504
15037 # 1504
15037 # 1504
15037 # 1504
15037 # 1504
15037 # 1504
15037 # 1504
15037 # 1504
15037 # 1504
15037 # 1504
15037 # 1504
15037 # 1504
15037 # 1504
15037 # 1504
15037 # 1504
15037 # 1504
15037 # 1504
15037 # 1504
15037 # 1504
15037 # 1504
15037 # 1504
15037 # 1504
15037 # 1504
15037 # 1504
15037 # 1504
15037 # 1504
15037 # 1504
15037 # 1504
15037 # 1504
15037 # 1504
15037 # 1504
15037 # 1504
15037 # 1504
15037 # 1504
15037 # 1504
15037 # 1504
15037 # 1504
15037 # 1504
15037 # 1504
15037 # 1504
15037 # 1504
15037 # 1504
15037 # 1504
15037 # 1504
15037 # 1504
15037 # 1504
15037 # 1504
15037 # 1504
16037 # 1504
16037 # 1504
16037 # 1504
16037 # 1504
16037 # 1504
16037 # 1504
16037 # 1504
16037 # 1504
16037 # 1504
16037 # 1504
16037 # 1504
16037 # 1504
16037 # 1504
16037 # 1504
16037 # 1504
16037 # 1504
16037 # 1504
16037 # 1504
16037 # 1504
16037 # 1504
16037 # 1504
16037 # 1504
16037 # 1504
16037 # 1504
16037 # 1504
16037 # 1504
16037 # 1504
16037 # 1504
16037 # 1504
16037 # 1504
16037 # 1504
16037 # 1504
16037 # 1504
16037 # 1504
16037 # 1504
16037 # 1504
16037 # 1504
16037 # 1504
16037 # 1504
16037 # 1504
16037 # 1504
16037 # 1504
16037 # 1504
16037 # 1504
16037 # 1504
16037 # 1504
16037 # 1504
16037 # 1504
16037 # 1504
16037 # 1504
16037 # 1504
16037 # 1504
16037 # 1504
16037 # 1504
16037 # 1504
16037 # 1504
16037 # 1504
16037 # 1504
16037 # 1504
16037 # 1504
17037 # 1504
17037 # 1504
17037 # 1504
17037 # 1504
17037 # 1504
17037 # 1504
17037 # 1504
17037 # 1504
17037 # 1504
17037 # 1504
17037 # 1504
17037 # 1504
17037 # 1504
17037 # 1504
17037 # 1504
17037 # 1504
17037 # 1504
17037 # 1504
17037 # 1504
17037 # 1504
17037 # 1504
17037 # 1504
17037 # 1504
17037 # 1504
17037 # 1504
17037 # 1504
17037 # 1504
17037 # 1504
17037 # 1504
17037 # 1504
17037 # 1504
17037 # 1504
17037 # 1504
17037 # 1504
17037 # 1504
17037 # 1504
17037 # 1504
17037 # 1504
17037 # 1504
17037 # 1504
17037 # 1504
17037 # 1504
17037 # 1504
17037 # 1504
17037 # 1504
17037 # 1504
17037 # 1504
17037 # 1504
17037 # 1504
17037 # 1504
17037 # 1504
17037 # 1504
17037 # 1504
17037 # 1504
17037 # 1504
17037 # 1504
17037 # 1504
17037 # 1504
17037 # 1504
17037 # 1504
18037 # 1504
18037 # 1504
18037 # 1504
18037 # 1504
18037 # 1504
18037 # 1504
18037 # 1504
18037 # 1504
18037 # 1504
18037 # 1504
18037 # 1504
18037 # 1504
18037 # 1504
18037 # 1504
18037 # 1504
18037 # 1504
18037 # 1504
18037 # 1504
18037 # 1504
18037 # 1504
18037 # 1504
18037 # 1504
18037 # 1504
18037 # 1504
18037 # 1504
18037 # 1504
18037 # 1504
18037 # 1504
18037 # 1504
18037 # 1504
18037 # 1504
18037 # 1504
18037 # 1504
18037 # 1504
18037 # 1504
18037 # 1504
18037 # 1504
18037 # 1504
18037 # 1504
18037 # 1504
18037 # 1504
18037 # 1504
18037 # 1504
18037 # 1504
18037 # 1504
18037 # 1504
18037 # 1504
18037 # 1504
18037 # 1504
18037 # 1504
18037 # 1504
18037 # 1504
18037 # 1504
18037 # 1504
18037 # 1504
18037 # 1504
18037 # 1504
18037 # 1504
18037 # 1504
18037 # 1504
19037 # 1504
19037 # 1504
19037 # 1504
19037 # 1504
19037 # 1504
19037 # 1504
19037 # 1504
19037 # 1504
19037 # 1504
19037 # 1504
19037 # 1504
19037 # 1504
19037 # 1504
19037 # 1504
19037 # 1504
19037 # 1504
19037 # 1504
19037 # 1504
19037 # 1504
19037 # 1504
19037 # 1504
19037 # 1504
19037 # 1504
19037 # 1504
19037 # 1504
19037 # 1504
19037 # 1504
19037 # 1504
19037 # 1504
19037 # 1504
19037 # 1504
19037 # 1504
19037 # 1504
19037 # 1504
19037 # 1504
19037 # 1504
19037 # 1504
19037 # 1504
19037 # 1504
19037 # 1504
19037 # 1504
19037 # 1504
19037 # 1504
19037 # 1504
19037 # 1504
19037 # 1504
19037 # 1504
19037 # 1504
19037 # 1504
19037 # 1504
19037 # 1504
19037 # 1504
19037 # 1504
19037 # 1504
19037 # 1504
19037 # 1504
19037 # 1504
19037 # 1504
19037 # 1504
19037 # 1504
20037 # 1504
20037 # 1504
20037 # 1504
20037 # 1504
20037 # 1504
20037 # 1504
20037 # 1504
20037 # 1504
20037 # 1504
20037 # 1504
20037 # 1504
20037 # 1504
20037 # 1504
20037 # 1504
20037 # 1504
20037 # 1504
20037 # 1504
20037 # 1504
20037 # 1504
20037 # 1504
20037 # 1504
20037 # 1504
20037 # 1504
20037 # 1504
20037 # 1504
20037 # 1504
20037 # 1504
20037 # 1504
20037 # 1504
20037 # 1504
20037 # 1504
20037 # 1504
20037 # 1504
20037 # 1504
20037 # 1504
20037 # 1504
20037 # 1504
20037 # 1504
20037 # 1504
20037 # 1504
20037 # 1504
20037 # 1504
20037 # 1504
20037 # 1504
20037 # 1504
20037 # 1504
20037 # 1504
20037 # 1504
20037 # 1504
20037 # 1504
20037 # 1504
20037 # 1504
20037 # 1504
20037 # 1504
20037 # 1504
20037 # 1504
20037 # 1504
20037 # 1504
20037 # 1504
20037 # 1504
21037 # 1504
21037 # 1504
21037 # 1504
21037 # 1504
21037 # 1504
21037 # 1504
21037 # 1504
21037 # 1504
21037 # 1504
21037 # 1504
21037 # 1504
21037 # 1504
21037 # 1504
21037 # 1504
21037 # 1504
21037 # 1504
21037 # 1504
21037 # 1504
21037 # 1504
21037 # 1504
21037 # 1504
21037 # 1504
21037 # 1504
21037 # 1504
21037 # 1504
21037 # 1504
21037 # 1504
21037 # 1504
21037 # 1504
21037 # 1504
21037 # 1504
21037 # 1504
21037 # 1504
21037 # 1504
21037 # 1504
21037 # 1504
21037 # 1504
21037 # 1504
21037 # 1504
21037 # 1504
21037 # 1504
21037 # 1504
21037 # 1504
21037 # 1504
21037 # 1504
21037 # 1504
21037 # 1504
21037 # 1504
21037 # 1504
21037 # 1504
21037 # 1504
21037 # 1504
21037 # 1504
21037 # 1504
21037 # 1504
21037 # 1504
21037 # 1504
21037 # 1504
21037 # 1504
21037 # 1504
22037 # 1504
22037 # 1504
22037 # 1504
22037 # 1504
22037 # 1504
22037 # 1504
22037 # 1504
22037 # 1504
22037 # 1504
22037 # 1504
22037 # 1504
22037 # 1504
22037 # 1504
22037 # 1504
22037 # 1504
22037 # 1504
22037 # 1504
22037 # 1504
22037 # 1504
22037 # 1504
22037 # 1504
22037 # 1504
22037 # 1504
22037 # 1504
22037 # 1504
22037 # 1504
22037 # 1504
22037 # 1504
22037 # 1504
22037 # 1504
22037 # 1504
22037 # 1504
22037 # 1504
22037 # 1504
22037 # 1504
22037 # 1504
22037 # 1504
22037 # 1504
22037 # 1504
22037 # 1504
22037 # 1504
22037 # 1504
22037 # 1504
22037 # 1504
22037 # 1504
22037 # 1504
22037 # 1504
22037 # 1504
22037 # 1504
22037 # 1504
22037 # 1504
22037 # 1504
22037 # 1504
22037 # 1504
22037 # 1504
22037 # 1504
22037 # 1504
22037 # 1504
22037 # 1504
22037 # 1504
23037 # 1504
23037 # 1504
23037 # 1504
23037 # 1504
23037 # 1504
23037 # 1504
23037 # 1504
23037 # 1504
23037 # 1504
23037 # 1504
23037 # 1504
23037 # 1504
23037 # 1504
23037 # 1504
23037 # 1504
23037 # 1504
23037 # 1504
23037 # 1504
23037 # 1504
23037 # 1504
23037 # 1504
23037 # 1504
23037 # 1504
23037 # 1504
23037 # 1504
23037 # 1504
23037 # 1504
23037 # 1504
23037 # 1504
23037 # 1504
23037 # 1504
23037 # 1504
23037 # 1504
23037 # 1504
23037 # 1504
23037 # 1504
23037 # 1504
23037 # 1504
23037 # 1504
23037 # 1504
23037 # 1504
23037 # 1504
23037 # 1504
23037 # 1504
23037 # 1504
23037 # 1504
23037 # 1504
23037 # 1504
23037 # 1504
23037 # 1504
23037 # 1504
23037 # 1504
23037 # 1504
23037 # 1504
23037 # 1504
23037 # 1504
23037 # 1504
23037 # 1504
23037 # 1504
23037 # 1504
24037 # 1504
24037 # 1504
24037 # 1504
24037 # 1504
24037 # 1504
24037 # 1504
24037 # 1504
24037 # 1504
24037 # 1504
24037 # 1504
24037 # 1504
24037 # 1504
24037 # 1504
24037 # 1504
24037 # 1504
24037 # 1504
24037 # 1504
24037 # 1504
24037 # 1504
24037 # 1504
24037 # 1504
24037 # 1504
24037 # 1504
24037 # 1504
24037 # 1504
24037 # 1504
24037 # 1504
24037 # 1504
24037 # 1504
24037 # 1504
24037 # 1504
24037 # 1504
24037 # 1504
24037 # 1504
24037 # 1504
24037 # 1504
24037 # 1504
24037 # 1504
24037 # 1504
24037 # 1504
24037 # 1504
24037 # 1504
24037 # 1504
24037 # 1504
24037 # 1504
24037 # 1504
24037 # 1504
24037 # 1504
24037 # 1504
24037 # 1504
24037 # 1504
24037 # 1504
24037 # 1504
24037 # 1504
24037 # 1504
24037 # 1504
24037 # 1504
24037 # 1504
24037 # 1504
24037 # 1504
25037 # 1504
25037 # 1504
25037 # 1504
25037 # 1504
25037 # 1504
25037 # 1504
25037 # 1504
25037 # 1504
25037 # 1504
25037 # 1504
25037 # 1504
25037 # 1504
25037 # 1504
25037 # 1504
25037 # 1504
25037 # 1504
25037 # 1504
25037 # 1504
25037 # 1504
25037 # 1504
25037 # 1504
25037 # 1504
25037 # 1504
25037 # 1504
25037 # 1504
25037 # 1504
25037 # 1504
25037 # 1504
25037 # 1504
25037 # 1504
25037 # 1504
25037 # 1504
25037 # 1504
25037 # 1504
25037 # 1504
25037 # 1504
25037 # 1504
25037 # 1504
25037 # 1504
25037 # 1504
25037 # 1504
25037 # 1504
25037 # 1504
25037 # 1504
25037 # 1504
25037 # 1504
25037 # 1504
25037 # 1504
25037 # 1504
25037 # 1504
25037 # 1504
25037 # 1504
25037 # 1504
25037 # 1504
25037 # 1504
25037 # 1504
25037 # 1504
25037 # 1504
25037 # 1504
25037 # 1504
26037 # 1504
26037 # 1504
26037 # 1504
26037 # 1504
26037 # 1504
26037 # 1504
26037 # 1504
26037 # 1504
26037 # 1504
26037 # 1504
26037 # 1504
26037 # 1504
26037 # 1504
26037 # 1504
26037 # 1504
26037 # 1504
26037 # 1504
26037 # 1504
26037 # 1504
26037 # 1504
26037 # 1504
26037 # 1504
26037 # 1504
26037 # 1504
26037 # 1504
26037 # 1504
26037 # 1504
26037 # 1504
26037 # 1504
26037 # 1504
26037 # 1504
26037 # 1504
26037 # 1504
26037 # 1504
26037 # 1504
26037 # 1504
26037 # 1504
26037 # 1504
26037 # 1504
26037 # 1504
26037 # 1504
26037 # 1504
26037 # 1504
26037 # 1504
26037 # 1504
26037 # 1504
26037 # 1504
26037 # 1504
26037 # 1504
26037 # 1504
26037 # 1504
26037 # 1504
26037 # 1504
26037 # 1504
26037 # 1504
26037 # 1504
26037 # 1504
26037 # 1504
26037 # 1504
26037 # 1504
27037 # 1504
27037 # 1504
27037 # 1504
27037 # 1504
27037 # 1504
27037 # 1504
27037 # 1504
27037 # 1504
27037 # 1504
27037 # 1504
27037 # 1504
27037 # 1504
27037 # 1504
27037 # 1504
27037 # 1504
27037 # 1504
27037 # 1504
27037 # 1504
27037 # 1504
27037 # 1504
27037 # 1504
27037 # 1504
27037 # 1504
27037 # 1504
27037 # 1504
27037 # 1504
27037 # 1504
27037 # 1504
27037 # 1504
27037 # 1504
27037 # 1504
27037 # 1504
27037 # 1504
27037 # 1504
27037 # 1504
27037 # 1504
27037 # 1504
27037 # 1504
27037 # 1504
27037 # 1504
27037 # 1504
27037 # 1504
27037 # 1504
27037 # 1504
27037 # 1504
27037 # 1504
27037 # 1504
27037 # 1504
27037 # 1504
27037 # 1504
27037 # 1504
27037 # 1504
27037 # 1504
27037 # 1504
27037 # 1504
27037 # 1504
27037 # 1504
27037 # 1504
27037 # 1504
27037 # 1504
28037 # 1504
28037 # 1504
28037 # 1504
28037 # 1504
28037 # 1504
28037 # 1504
28037 # 1504
28037 # 1504
28037 # 1504
28037 # 1504
28037 # 1504
28037 # 1504
28037 # 1504
28037 # 1504
28037 # 1504
28037 # 1504
28037 # 1504
28037 # 1504
28037 # 1504
28037 # 1504
28037 # 1504
28037 # 1504
28037 # 1504
28037 # 1504
28037 # 1504
28037 # 1504
28037 # 1504
28037 # 1504
28037 # 1504
28037 # 1504
28037 # 1504
28037 # 1504
28037 # 1504
28037 # 1504
28037 # 1504
28037 # 1504
28037 # 1504
28037 # 1504
28037 # 1504
28037 # 1504
28037 # 1504
28037 # 1504
28037 # 1504
28037 # 1504
28037 # 1504
28037 # 1504
28037 # 1504
28037 # 1504
28037 # 1504
28037 # 1504
28037 # 1504
28037 # 1504
28037 # 1504
28037 # 1504
28037 # 1504
28037 # 1504
28037 # 1504
28037 # 1504
28037 # 1504
28037 # 1504
28908 + 52
29037 # 1504
29037 - 52 129
29037 # 1504
29037 # 1504
29037 # 1504
29037 # 1504
29037 # 1504
29037 # 1504
29037 # 1504
29037 # 1504
29037 # 1504
29037 # 1504
29037 # 1504
29037 # 1504
29037 # 1504
29037 # 1504
29037 # 1504
29037 # 1504
29037 # 1504
29037 # 1504
29037 # 1504
29037 # 1504
29037 # 1504
29037 # 1504
29037 # 1504
29037 # 1504
29037 # 1504
29037 # 1504
29037 # 1504
29037 # 1504
29037 # 1504
29037 # 1504
29037 # 1504
29037 # 1504
29037 # 1504
29037 # 1504
29037 # 1504
29037 # 1504
29037 # 1504
29037 # 1504
29037 # 1504
29037 # 1504
29037 # 1504
29037 # 1504
29037 # 1504
29037 # 1504
29037 # 1504
29037 # 1504
29037 # 1504
29037 # 1504
29037 # 1504
29037 # 1504
29037 # 1504
29037 # 1504
29037 # 1504
29037 # 1504
29037 # 1504
29037 # 1504
29037 # 1504
29037 # 1504
29037 # 1504
30037 # 1504
30037 # 1504
30037 # 1504
30037 # 1504
30037 # 1504
30037 # 1504
30037 # 1504
30037 # 1504
30037 # 1504
30037 # 1504
30037 # 1504
30037 # 1504
30037 # 1504
30037 # 1504
30037 # 1504
30037 # 1504
30037 # 1504
30037 # 1504
30037 # 1504
30037 # 1504
30037 # 1504
30037 # 1504
30037 # 1504
30037 # 1504
30037 # 1504
30037 # 1504
30037 # 1504
30037 # 1504
30037 # 1504
30037 # 1504
30037 # 1504
30037 # 1504
30037 # 1504
30037 # 1504
30037 # 1504
30037 # 1504
30037 # 1504
30037 # 1504
30037 # 1504
30037 # 1504
30037 # 1504
30037 # 1504
30037 # 1504
30037 # 1504
30037 # 1504
30037 # 1504
30037 # 1504
30037 # 1504
30037 # 1504
30037 # 1504
30037 # 1504
30037 # 1504
30037 # 1504
30037 # 1504
30037 # 1504
30037 # 1504
30037 # 1504
30037 # 1504
30037 # 1504
30037 # 1504
31037 # 1504
31037 # 1504
31037 # 1504
31037 # 1504
31037 # 1504
31037 # 1504
31037 # 1504
31037 # 1504
31037 # 1504
31037 # 1504
31037 # 1504
31037 # 1504
31037 # 1504
31037 # 1504
31037 # 1504
31037 # 1504
31037 # 1504
31037 # 1504
31037 # 1504
31037 # 1504
31037 # 1504
31037 # 1504
31037 # 1504
31037 # 1504
31037 # 1504
31037 # 1504
31037 # 1504
31037 # 1504
31037 # 1504
31037 # 1504
31037 # 1504
31037 # 1504
31037 # 1504
31037 # 1504
31037 # 1504
31037 # 1504
31037 # 1504
31037 # 1504
31037 # 1504
31037 # 1504
31037 # 1504
31037 # 1504
31037 # 1504
31037 # 1504
31037 # 1504
31037 # 1504
31037 # 1504
31037 # 1504
31037 # 1504
31037 # 1504
31037 # 1504
31037 # 1504
31037 # 1504
31037 # 1504
31037 # 1504
31037 # 1504
31037 # 1504
31037 # 1504
31037 # 1504
31037 # 1504
32037 # 1504
32037 # 1504
32037 # 1504
32037 # 1504
32037 # 1504
32037 # 1504
32037 # 1504
32037 # 1504
32037 # 1504
32037 # 1504
32037 # 1504
32037 # 1504
32037 # 1504
32037 # 1504
32037 # 1504
32037 # 1504
32037 # 1504
32037 # 1504
32037 # 1504
32037 # 1504
32037 # 1504
32037 # 1504
32037 # 1504
32037 # 1504
32037 # 1504
32037 # 1504
32037 # 1504
32037 # 1504
32037 # 1504
32037 # 1504
32037 # 1504
32037 # 1504
32037 # 1504
32037 # 1504
32037 # 1504
32037 # 1504
32037 # 1504
32037 # 1504
32037 # 1504
32037 # 1504
32037 # 1504
32037 # 1504
32037 # 1504
32037 # 1504
32037 # 1504
32037 # 1504
32037 # 1504
32037 # 1504
32037 # 1504
32037 # 1504
32037 # 1504
32037 # 1504
32037 # 1504
32037 # 1504
32037 # 1504
32037 # 1504
32037 # 1504
32037 # 1504
32037 # 1504
32037 # 1504
33037 # 1504
33037 # 1504
33037 # 1504
33037 # 1504
33037 # 1504
33037 # 1504
33037 # 1504
33037 # 1504
33037 # 1504
33037 # 1504
33037 # 1504
33037 # 1504
33037 # 1504
33037 # 1504
33037 # 1504
33037 # 1504
33037 # 1504
33037 # 1504
33037 # 1504
33037 # 1504
33037 # 1504
33037 # 1504
33037 # 1504
33037 # 1504
33037 # 1504
33037 # 1504
33037 # 1504
33037 # 1504
33037 # 1504
33037 # 1504
33037 # 1504
33037 # 1504
33037 # 1504
33037 # 1504
33037 # 1504
33037 # 1504
33037 # 1504
33037 # 1504
33037 # 1504
33037 # 1504
33037 # 1504
33037 # 1504
33037 # 1504
33037 # 1504
33037 # 1504
33037 # 1504
33037 # 1504
33037 # 1504
33037 # 1504
33037 # 1504
33037 # 1504
33037 # 1504
33037 # 1504
33037 # 1504
33037 # 1504
33037 # 1504
33037 # 1504
33037 # 1504
33037 # 1504
33037 # 1504
34037 # 1504
34037 # 1504
34037 # 1504
34037 # 1504
34037 # 1504
34037 # 1504
34037 # 1504
34037 # 1504
34037 # 1504
34037 # 1504
34037 # 1504
34037 # 1504
34037 # 1504
34037 # 1504
34037 # 1504
34037 # 1504
34037 # 1504
34037 # 1504
34037 # 1504
34037 # 1504
34037 # 1504
34037 # 1504
34037 # 1504
34037 # 1504
34037 # 1504
34037 # 1504
34037 # 1504
34037 # 1504
34037 # 1504
34037 # 1504
34037 # 1504
34037 # 1504
34037 # 1504
34037 # 1504
34037 # 1504
34037 # 1504
34037 # 1504
34037 # 1504
34037 # 1504
34037 # 1504
34037 # 1504
34037 # 1504
34037 # 1504
34037 # 1504
34037 # 1504
34037 # 1504
34037 # 1504
34037 # 1504
34037 # 1504
34037 # 1504
34037 # 1504
34037 # 1504
34037 # 1504
34037 # 1504
34037 # 1504
34037 # 1504
34037 # 1504
34037 # 1504
34037 # 1504
34037 # 1504
35037 # 1504
35037 # 1504
35037 # 1504
35037 # 1504
35037 # 1504
35037 # 1504
35037 # 1504
35037 # 1504
35037 # 1504
35037 # 1504
35037 # 1504
35037 # 1504
35037 # 1504
35037 # 1504
35037 # 1504
35037 # 1504
35037 # 1504
35037 # 1504
35037 # 1504
35037 # 1504
35037 # 1504
35037 # 1504
35037 # 1504
35037 # 1504
35037 # 1504
35037 # 1504
35037 # 1504
35037 # 1504
35037 # 1504
35037 # 1504
35037 # 1504
35037 # 1504
35037 # 1504
35037 # 1504
35037 # 1504
35037 # 1504
35037 # 1504
35037 # 1504
35037 # 1504
35037 # 1504
35037 # 1504
35037 # 1504
35037 # 1504
35037 # 1504
35037 # 1504
35037 # 1504
35037 # 1504
35037 # 1504
35037 # 1504
35037 # 1504
35037 # 1504
35037 # 1504
35037 # 1504
35037 # 1504
35037 # 1504
35037 # 1504
35037 # 1504
35037 # 1504
35037 # 1504
35037 # 1504
