# mahimahi mm-link (Uplink) [traces/1mbps_200ms.trace] > /home/vboxuser/pantheon/results/1mbps_200ms/sprout/sprout_mm_datalink_run1.log
# command line: 'mm-link' 'traces/1mbps_200ms.trace' 'traces/1mbps_200ms.trace' '--uplink-log=/home/vboxuser/pantheon/results/1mbps_200ms/sprout/sprout_mm_datalink_run1.log' '--downlink-log=/home/vboxuser/pantheon/results/1mbps_200ms/sprout/sprout_mm_acklink_run1.log' 'python' '/home/vboxuser/pantheon/src/experiments/tunnel_manager.py'
# queue: infinite
# init timestamp: 1746041141826
# base timestamp: 37
117 + 40
524 + 80
524 + 52
536 + 80
696 + 80
1037 # 1504
1037 - 40 920
1037 - 80 513
1037 - 52 513
1037 - 80 501
1037 - 80 341
1037 # 1504
1037 # 1504
1037 # 1504
1037 # 1504
1037 # 1504
1037 # 1504
1037 # 1504
1037 # 1504
1037 # 1504
1037 # 1504
1037 # 1504
1037 # 1504
1037 # 1504
1037 # 1504
1037 # 1504
1037 # 1504
1037 # 1504
1037 # 1504
1037 # 1504
1037 # 1504
1037 # 1504
1037 # 1504
1037 # 1504
1037 # 1504
1037 # 1504
1037 # 1504
1037 # 1504
1037 # 1504
1037 # 1504
1037 # 1504
1037 # 1504
1037 # 1504
1037 # 1504
1037 # 1504
1037 # 1504
1037 # 1504
1037 # 1504
1037 # 1504
1037 # 1504
1037 # 1504
1037 # 1504
1037 # 1504
1037 # 1504
1037 # 1504
1037 # 1504
1037 # 1504
1037 # 1504
1037 # 1504
1037 # 1504
1037 # 1504
1037 # 1504
1037 # 1504
1037 # 1504
1037 # 1504
1037 # 1504
1037 # 1504
1037 # 1504
1037 # 1504
1037 # 1504
1120 + 40
1548 + 80
2037 # 1504
2037 - 40 917
2037 - 80 489
2037 # 1504
2037 # 1504
2037 # 1504
2037 # 1504
2037 # 1504
2037 # 1504
2037 # 1504
2037 # 1504
2037 # 1504
2037 # 1504
2037 # 1504
2037 # 1504
2037 # 1504
2037 # 1504
2037 # 1504
2037 # 1504
2037 # 1504
2037 # 1504
2037 # 1504
2037 # 1504
2037 # 1504
2037 # 1504
2037 # 1504
2037 # 1504
2037 # 1504
2037 # 1504
2037 # 1504
2037 # 1504
2037 # 1504
2037 # 1504
2037 # 1504
2037 # 1504
2037 # 1504
2037 # 1504
2037 # 1504
2037 # 1504
2037 # 1504
2037 # 1504
2037 # 1504
2037 # 1504
2037 # 1504
2037 # 1504
2037 # 1504
2037 # 1504
2037 # 1504
2037 # 1504
2037 # 1504
2037 # 1504
2037 # 1504
2037 # 1504
2037 # 1504
2037 # 1504
2037 # 1504
2037 # 1504
2037 # 1504
2037 # 1504
2037 # 1504
2037 # 1504
2037 # 1504
3037 # 1504
3037 # 1504
3037 # 1504
3037 # 1504
3037 # 1504
3037 # 1504
3037 # 1504
3037 # 1504
3037 # 1504
3037 # 1504
3037 # 1504
3037 # 1504
3037 # 1504
3037 # 1504
3037 # 1504
3037 # 1504
3037 # 1504
3037 # 1504
3037 # 1504
3037 # 1504
3037 # 1504
3037 # 1504
3037 # 1504
3037 # 1504
3037 # 1504
3037 # 1504
3037 # 1504
3037 # 1504
3037 # 1504
3037 # 1504
3037 # 1504
3037 # 1504
3037 # 1504
3037 # 1504
3037 # 1504
3037 # 1504
3037 # 1504
3037 # 1504
3037 # 1504
3037 # 1504
3037 # 1504
3037 # 1504
3037 # 1504
3037 # 1504
3037 # 1504
3037 # 1504
3037 # 1504
3037 # 1504
3037 # 1504
3037 # 1504
3037 # 1504
3037 # 1504
3037 # 1504
3037 # 1504
3037 # 1504
3037 # 1504
3037 # 1504
3037 # 1504
3037 # 1504
3037 # 1504
4037 # 1504
4037 # 1504
4037 # 1504
4037 # 1504
4037 # 1504
4037 # 1504
4037 # 1504
4037 # 1504
4037 # 1504
4037 # 1504
4037 # 1504
4037 # 1504
4037 # 1504
4037 # 1504
4037 # 1504
4037 # 1504
4037 # 1504
4037 # 1504
4037 # 1504
4037 # 1504
4037 # 1504
4037 # 1504
4037 # 1504
4037 # 1504
4037 # 1504
4037 # 1504
4037 # 1504
4037 # 1504
4037 # 1504
4037 # 1504
4037 # 1504
4037 # 1504
4037 # 1504
4037 # 1504
4037 # 1504
4037 # 1504
4037 # 1504
4037 # 1504
4037 # 1504
4037 # 1504
4037 # 1504
4037 # 1504
4037 # 1504
4037 # 1504
4037 # 1504
4037 # 1504
4037 # 1504
4037 # 1504
4037 # 1504
4037 # 1504
4037 # 1504
4037 # 1504
4037 # 1504
4037 # 1504
4037 # 1504
4037 # 1504
4037 # 1504
4037 # 1504
4037 # 1504
4037 # 1504
4844 + 52
5037 # 1504
5037 - 52 193
5037 # 1504
5037 # 1504
5037 # 1504
5037 # 1504
5037 # 1504
5037 # 1504
5037 # 1504
5037 # 1504
5037 # 1504
5037 # 1504
5037 # 1504
5037 # 1504
5037 # 1504
5037 # 1504
5037 # 1504
5037 # 1504
5037 # 1504
5037 # 1504
5037 # 1504
5037 # 1504
5037 # 1504
5037 # 1504
5037 # 1504
5037 # 1504
5037 # 1504
5037 # 1504
5037 # 1504
5037 # 1504
5037 # 1504
5037 # 1504
5037 # 1504
5037 # 1504
5037 # 1504
5037 # 1504
5037 # 1504
5037 # 1504
5037 # 1504
5037 # 1504
5037 # 1504
5037 # 1504
5037 # 1504
5037 # 1504
5037 # 1504
5037 # 1504
5037 # 1504
5037 # 1504
5037 # 1504
5037 # 1504
5037 # 1504
5037 # 1504
5037 # 1504
5037 # 1504
5037 # 1504
5037 # 1504
5037 # 1504
5037 # 1504
5037 # 1504
5037 # 1504
5037 # 1504
6037 # 1504
6037 # 1504
6037 # 1504
6037 # 1504
6037 # 1504
6037 # 1504
6037 # 1504
6037 # 1504
6037 # 1504
6037 # 1504
6037 # 1504
6037 # 1504
6037 # 1504
6037 # 1504
6037 # 1504
6037 # 1504
6037 # 1504
6037 # 1504
6037 # 1504
6037 # 1504
6037 # 1504
6037 # 1504
6037 # 1504
6037 # 1504
6037 # 1504
6037 # 1504
6037 # 1504
6037 # 1504
6037 # 1504
6037 # 1504
6037 # 1504
6037 # 1504
6037 # 1504
6037 # 1504
6037 # 1504
6037 # 1504
6037 # 1504
6037 # 1504
6037 # 1504
6037 # 1504
6037 # 1504
6037 # 1504
6037 # 1504
6037 # 1504
6037 # 1504
6037 # 1504
6037 # 1504
6037 # 1504
6037 # 1504
6037 # 1504
6037 # 1504
6037 # 1504
6037 # 1504
6037 # 1504
6037 # 1504
6037 # 1504
6037 # 1504
6037 # 1504
6037 # 1504
6037 # 1504
7037 # 1504
7037 # 1504
7037 # 1504
7037 # 1504
7037 # 1504
7037 # 1504
7037 # 1504
7037 # 1504
7037 # 1504
7037 # 1504
7037 # 1504
7037 # 1504
7037 # 1504
7037 # 1504
7037 # 1504
7037 # 1504
7037 # 1504
7037 # 1504
7037 # 1504
7037 # 1504
7037 # 1504
7037 # 1504
7037 # 1504
7037 # 1504
7037 # 1504
7037 # 1504
7037 # 1504
7037 # 1504
7037 # 1504
7037 # 1504
7037 # 1504
7037 # 1504
7037 # 1504
7037 # 1504
7037 # 1504
7037 # 1504
7037 # 1504
7037 # 1504
7037 # 1504
7037 # 1504
7037 # 1504
7037 # 1504
7037 # 1504
7037 # 1504
7037 # 1504
7037 # 1504
7037 # 1504
7037 # 1504
7037 # 1504
7037 # 1504
7037 # 1504
7037 # 1504
7037 # 1504
7037 # 1504
7037 # 1504
7037 # 1504
7037 # 1504
7037 # 1504
7037 # 1504
7037 # 1504
8037 # 1504
8037 # 1504
8037 # 1504
8037 # 1504
8037 # 1504
8037 # 1504
8037 # 1504
8037 # 1504
8037 # 1504
8037 # 1504
8037 # 1504
8037 # 1504
8037 # 1504
8037 # 1504
8037 # 1504
8037 # 1504
8037 # 1504
8037 # 1504
8037 # 1504
8037 # 1504
8037 # 1504
8037 # 1504
8037 # 1504
8037 # 1504
8037 # 1504
8037 # 1504
8037 # 1504
8037 # 1504
8037 # 1504
8037 # 1504
8037 # 1504
8037 # 1504
8037 # 1504
8037 # 1504
8037 # 1504
8037 # 1504
8037 # 1504
8037 # 1504
8037 # 1504
8037 # 1504
8037 # 1504
8037 # 1504
8037 # 1504
8037 # 1504
8037 # 1504
8037 # 1504
8037 # 1504
8037 # 1504
8037 # 1504
8037 # 1504
8037 # 1504
8037 # 1504
8037 # 1504
8037 # 1504
8037 # 1504
8037 # 1504
8037 # 1504
8037 # 1504
8037 # 1504
8037 # 1504
9037 # 1504
9037 # 1504
9037 # 1504
9037 # 1504
9037 # 1504
9037 # 1504
9037 # 1504
9037 # 1504
9037 # 1504
9037 # 1504
9037 # 1504
9037 # 1504
9037 # 1504
9037 # 1504
9037 # 1504
9037 # 1504
9037 # 1504
9037 # 1504
9037 # 1504
9037 # 1504
9037 # 1504
9037 # 1504
9037 # 1504
9037 # 1504
9037 # 1504
9037 # 1504
9037 # 1504
9037 # 1504
9037 # 1504
9037 # 1504
9037 # 1504
9037 # 1504
9037 # 1504
9037 # 1504
9037 # 1504
9037 # 1504
9037 # 1504
9037 # 1504
9037 # 1504
9037 # 1504
9037 # 1504
9037 # 1504
9037 # 1504
9037 # 1504
9037 # 1504
9037 # 1504
9037 # 1504
9037 # 1504
9037 # 1504
9037 # 1504
9037 # 1504
9037 # 1504
9037 # 1504
9037 # 1504
9037 # 1504
9037 # 1504
9037 # 1504
9037 # 1504
9037 # 1504
9037 # 1504
10037 # 1504
10037 # 1504
10037 # 1504
10037 # 1504
10037 # 1504
10037 # 1504
10037 # 1504
10037 # 1504
10037 # 1504
10037 # 1504
10037 # 1504
10037 # 1504
10037 # 1504
10037 # 1504
10037 # 1504
10037 # 1504
10037 # 1504
10037 # 1504
10037 # 1504
10037 # 1504
10037 # 1504
10037 # 1504
10037 # 1504
10037 # 1504
10037 # 1504
10037 # 1504
10037 # 1504
10037 # 1504
10037 # 1504
10037 # 1504
10037 # 1504
10037 # 1504
10037 # 1504
10037 # 1504
10037 # 1504
10037 # 1504
10037 # 1504
10037 # 1504
10037 # 1504
10037 # 1504
10037 # 1504
10037 # 1504
10037 # 1504
10037 # 1504
10037 # 1504
10037 # 1504
10037 # 1504
10037 # 1504
10037 # 1504
10037 # 1504
10037 # 1504
10037 # 1504
10037 # 1504
10037 # 1504
10037 # 1504
10037 # 1504
10037 # 1504
10037 # 1504
10037 # 1504
10037 # 1504
11037 # 1504
11037 # 1504
11037 # 1504
11037 # 1504
11037 # 1504
11037 # 1504
11037 # 1504
11037 # 1504
11037 # 1504
11037 # 1504
11037 # 1504
11037 # 1504
11037 # 1504
11037 # 1504
11037 # 1504
11037 # 1504
11037 # 1504
11037 # 1504
11037 # 1504
11037 # 1504
11037 # 1504
11037 # 1504
11037 # 1504
11037 # 1504
11037 # 1504
11037 # 1504
11037 # 1504
11037 # 1504
11037 # 1504
11037 # 1504
11037 # 1504
11037 # 1504
11037 # 1504
11037 # 1504
11037 # 1504
11037 # 1504
11037 # 1504
11037 # 1504
11037 # 1504
11037 # 1504
11037 # 1504
11037 # 1504
11037 # 1504
11037 # 1504
11037 # 1504
11037 # 1504
11037 # 1504
11037 # 1504
11037 # 1504
11037 # 1504
11037 # 1504
11037 # 1504
11037 # 1504
11037 # 1504
11037 # 1504
11037 # 1504
11037 # 1504
11037 # 1504
11037 # 1504
11037 # 1504
12037 # 1504
12037 # 1504
12037 # 1504
12037 # 1504
12037 # 1504
12037 # 1504
12037 # 1504
12037 # 1504
12037 # 1504
12037 # 1504
12037 # 1504
12037 # 1504
12037 # 1504
12037 # 1504
12037 # 1504
12037 # 1504
12037 # 1504
12037 # 1504
12037 # 1504
12037 # 1504
12037 # 1504
12037 # 1504
12037 # 1504
12037 # 1504
12037 # 1504
12037 # 1504
12037 # 1504
12037 # 1504
12037 # 1504
12037 # 1504
12037 # 1504
12037 # 1504
12037 # 1504
12037 # 1504
12037 # 1504
12037 # 1504
12037 # 1504
12037 # 1504
12037 # 1504
12037 # 1504
12037 # 1504
12037 # 1504
12037 # 1504
12037 # 1504
12037 # 1504
12037 # 1504
12037 # 1504
12037 # 1504
12037 # 1504
12037 # 1504
12037 # 1504
12037 # 1504
12037 # 1504
12037 # 1504
12037 # 1504
12037 # 1504
12037 # 1504
12037 # 1504
12037 # 1504
12037 # 1504
13037 # 1504
13037 # 1504
13037 # 1504
13037 # 1504
13037 # 1504
13037 # 1504
13037 # 1504
13037 # 1504
13037 # 1504
13037 # 1504
13037 # 1504
13037 # 1504
13037 # 1504
13037 # 1504
13037 # 1504
13037 # 1504
13037 # 1504
13037 # 1504
13037 # 1504
13037 # 1504
13037 # 1504
13037 # 1504
13037 # 1504
13037 # 1504
13037 # 1504
13037 # 1504
13037 # 1504
13037 # 1504
13037 # 1504
13037 # 1504
13037 # 1504
13037 # 1504
13037 # 1504
13037 # 1504
13037 # 1504
13037 # 1504
13037 # 1504
13037 # 1504
13037 # 1504
13037 # 1504
13037 # 1504
13037 # 1504
13037 # 1504
13037 # 1504
13037 # 1504
13037 # 1504
13037 # 1504
13037 # 1504
13037 # 1504
13037 # 1504
13037 # 1504
13037 # 1504
13037 # 1504
13037 # 1504
13037 # 1504
13037 # 1504
13037 # 1504
13037 # 1504
13037 # 1504
13037 # 1504
13549 + 52
14037 # 1504
14037 - 52 488
14037 # 1504
14037 # 1504
14037 # 1504
14037 # 1504
14037 # 1504
14037 # 1504
14037 # 1504
14037 # 1504
14037 # 1504
14037 # 1504
14037 # 1504
14037 # 1504
14037 # 1504
14037 # 1504
14037 # 1504
14037 # 1504
14037 # 1504
14037 # 1504
14037 # 1504
14037 # 1504
14037 # 1504
14037 # 1504
14037 # 1504
14037 # 1504
14037 # 1504
14037 # 1504
14037 # 1504
14037 # 1504
14037 # 1504
14037 # 1504
14037 # 1504
14037 # 1504
14037 # 1504
14037 # 1504
14037 # 1504
14037 # 1504
14037 # 1504
14037 # 1504
14037 # 1504
14037 # 1504
14037 # 1504
14037 # 1504
14037 # 1504
14037 # 1504
14037 # 1504
14037 # 1504
14037 # 1504
14037 # 1504
14037 # 1504
14037 # 1504
14037 # 1504
14037 # 1504
14037 # 1504
14037 # 1504
14037 # 1504
14037 # 1504
14037 # 1504
14037 # 1504
14037 # 1504
15037 # 1504
15037 # 1504
15037 # 1504
15037 # 1504
15037 # 1504
15037 # 1504
15037 # 1504
15037 # 1504
15037 # 1504
15037 # 1504
15037 # 1504
15037 # 1504
15037 # 1504
15037 # 1504
15037 # 1504
15037 # 1504
15037 # 1504
15037 # 1504
15037 # 1504
15037 # 1504
15037 # 1504
15037 # 1504
15037 # 1504
15037 # 1504
15037 # 1504
15037 # 1504
15037 # 1504
15037 # 1504
15037 # 1504
15037 # 1504
15037 # 1504
15037 # 1504
15037 # 1504
15037 # 1504
15037 # 1504
15037 # 1504
15037 # 1504
15037 # 1504
15037 # 1504
15037 # 1504
15037 # 1504
15037 # 1504
15037 # 1504
15037 # 1504
15037 # 1504
15037 # 1504
15037 # 1504
15037 # 1504
15037 # 1504
15037 # 1504
15037 # 1504
15037 # 1504
15037 # 1504
15037 # 1504
15037 # 1504
15037 # 1504
15037 # 1504
15037 # 1504
15037 # 1504
15037 # 1504
16037 # 1504
16037 # 1504
16037 # 1504
16037 # 1504
16037 # 1504
16037 # 1504
16037 # 1504
16037 # 1504
16037 # 1504
16037 # 1504
16037 # 1504
16037 # 1504
16037 # 1504
16037 # 1504
16037 # 1504
16037 # 1504
16037 # 1504
16037 # 1504
16037 # 1504
16037 # 1504
16037 # 1504
16037 # 1504
16037 # 1504
16037 # 1504
16037 # 1504
16037 # 1504
16037 # 1504
16037 # 1504
16037 # 1504
16037 # 1504
16037 # 1504
16037 # 1504
16037 # 1504
16037 # 1504
16037 # 1504
16037 # 1504
16037 # 1504
16037 # 1504
16037 # 1504
16037 # 1504
16037 # 1504
16037 # 1504
16037 # 1504
16037 # 1504
16037 # 1504
16037 # 1504
16037 # 1504
16037 # 1504
16037 # 1504
16037 # 1504
16037 # 1504
16037 # 1504
16037 # 1504
16037 # 1504
16037 # 1504
16037 # 1504
16037 # 1504
16037 # 1504
16037 # 1504
16037 # 1504
17037 # 1504
17037 # 1504
17037 # 1504
17037 # 1504
17037 # 1504
17037 # 1504
17037 # 1504
17037 # 1504
17037 # 1504
17037 # 1504
17037 # 1504
17037 # 1504
17037 # 1504
17037 # 1504
17037 # 1504
17037 # 1504
17037 # 1504
17037 # 1504
17037 # 1504
17037 # 1504
17037 # 1504
17037 # 1504
17037 # 1504
17037 # 1504
17037 # 1504
17037 # 1504
17037 # 1504
17037 # 1504
17037 # 1504
17037 # 1504
17037 # 1504
17037 # 1504
17037 # 1504
17037 # 1504
17037 # 1504
17037 # 1504
17037 # 1504
17037 # 1504
17037 # 1504
17037 # 1504
17037 # 1504
17037 # 1504
17037 # 1504
17037 # 1504
17037 # 1504
17037 # 1504
17037 # 1504
17037 # 1504
17037 # 1504
17037 # 1504
17037 # 1504
17037 # 1504
17037 # 1504
17037 # 1504
17037 # 1504
17037 # 1504
17037 # 1504
17037 # 1504
17037 # 1504
17037 # 1504
18037 # 1504
18037 # 1504
18037 # 1504
18037 # 1504
18037 # 1504
18037 # 1504
18037 # 1504
18037 # 1504
18037 # 1504
18037 # 1504
18037 # 1504
18037 # 1504
18037 # 1504
18037 # 1504
18037 # 1504
18037 # 1504
18037 # 1504
18037 # 1504
18037 # 1504
18037 # 1504
18037 # 1504
18037 # 1504
18037 # 1504
18037 # 1504
18037 # 1504
18037 # 1504
18037 # 1504
18037 # 1504
18037 # 1504
18037 # 1504
18037 # 1504
18037 # 1504
18037 # 1504
18037 # 1504
18037 # 1504
18037 # 1504
18037 # 1504
18037 # 1504
18037 # 1504
18037 # 1504
18037 # 1504
18037 # 1504
18037 # 1504
18037 # 1504
18037 # 1504
18037 # 1504
18037 # 1504
18037 # 1504
18037 # 1504
18037 # 1504
18037 # 1504
18037 # 1504
18037 # 1504
18037 # 1504
18037 # 1504
18037 # 1504
18037 # 1504
18037 # 1504
18037 # 1504
18037 # 1504
19037 # 1504
19037 # 1504
19037 # 1504
19037 # 1504
19037 # 1504
19037 # 1504
19037 # 1504
19037 # 1504
19037 # 1504
19037 # 1504
19037 # 1504
19037 # 1504
19037 # 1504
19037 # 1504
19037 # 1504
19037 # 1504
19037 # 1504
19037 # 1504
19037 # 1504
19037 # 1504
19037 # 1504
19037 # 1504
19037 # 1504
19037 # 1504
19037 # 1504
19037 # 1504
19037 # 1504
19037 # 1504
19037 # 1504
19037 # 1504
19037 # 1504
19037 # 1504
19037 # 1504
19037 # 1504
19037 # 1504
19037 # 1504
19037 # 1504
19037 # 1504
19037 # 1504
19037 # 1504
19037 # 1504
19037 # 1504
19037 # 1504
19037 # 1504
19037 # 1504
19037 # 1504
19037 # 1504
19037 # 1504
19037 # 1504
19037 # 1504
19037 # 1504
19037 # 1504
19037 # 1504
19037 # 1504
19037 # 1504
19037 # 1504
19037 # 1504
19037 # 1504
19037 # 1504
19037 # 1504
20037 # 1504
20037 # 1504
20037 # 1504
20037 # 1504
20037 # 1504
20037 # 1504
20037 # 1504
20037 # 1504
20037 # 1504
20037 # 1504
20037 # 1504
20037 # 1504
20037 # 1504
20037 # 1504
20037 # 1504
20037 # 1504
20037 # 1504
20037 # 1504
20037 # 1504
20037 # 1504
20037 # 1504
20037 # 1504
20037 # 1504
20037 # 1504
20037 # 1504
20037 # 1504
20037 # 1504
20037 # 1504
20037 # 1504
20037 # 1504
20037 # 1504
20037 # 1504
20037 # 1504
20037 # 1504
20037 # 1504
20037 # 1504
20037 # 1504
20037 # 1504
20037 # 1504
20037 # 1504
20037 # 1504
20037 # 1504
20037 # 1504
20037 # 1504
20037 # 1504
20037 # 1504
20037 # 1504
20037 # 1504
20037 # 1504
20037 # 1504
20037 # 1504
20037 # 1504
20037 # 1504
20037 # 1504
20037 # 1504
20037 # 1504
20037 # 1504
20037 # 1504
20037 # 1504
20037 # 1504
21037 # 1504
21037 # 1504
21037 # 1504
21037 # 1504
21037 # 1504
21037 # 1504
21037 # 1504
21037 # 1504
21037 # 1504
21037 # 1504
21037 # 1504
21037 # 1504
21037 # 1504
21037 # 1504
21037 # 1504
21037 # 1504
21037 # 1504
21037 # 1504
21037 # 1504
21037 # 1504
21037 # 1504
21037 # 1504
21037 # 1504
21037 # 1504
21037 # 1504
21037 # 1504
21037 # 1504
21037 # 1504
21037 # 1504
21037 # 1504
21037 # 1504
21037 # 1504
21037 # 1504
21037 # 1504
21037 # 1504
21037 # 1504
21037 # 1504
21037 # 1504
21037 # 1504
21037 # 1504
21037 # 1504
21037 # 1504
21037 # 1504
21037 # 1504
21037 # 1504
21037 # 1504
21037 # 1504
21037 # 1504
21037 # 1504
21037 # 1504
21037 # 1504
21037 # 1504
21037 # 1504
21037 # 1504
21037 # 1504
21037 # 1504
21037 # 1504
21037 # 1504
21037 # 1504
21037 # 1504
22037 # 1504
22037 # 1504
22037 # 1504
22037 # 1504
22037 # 1504
22037 # 1504
22037 # 1504
22037 # 1504
22037 # 1504
22037 # 1504
22037 # 1504
22037 # 1504
22037 # 1504
22037 # 1504
22037 # 1504
22037 # 1504
22037 # 1504
22037 # 1504
22037 # 1504
22037 # 1504
22037 # 1504
22037 # 1504
22037 # 1504
22037 # 1504
22037 # 1504
22037 # 1504
22037 # 1504
22037 # 1504
22037 # 1504
22037 # 1504
22037 # 1504
22037 # 1504
22037 # 1504
22037 # 1504
22037 # 1504
22037 # 1504
22037 # 1504
22037 # 1504
22037 # 1504
22037 # 1504
22037 # 1504
22037 # 1504
22037 # 1504
22037 # 1504
22037 # 1504
22037 # 1504
22037 # 1504
22037 # 1504
22037 # 1504
22037 # 1504
22037 # 1504
22037 # 1504
22037 # 1504
22037 # 1504
22037 # 1504
22037 # 1504
22037 # 1504
22037 # 1504
22037 # 1504
22037 # 1504
23037 # 1504
23037 # 1504
23037 # 1504
23037 # 1504
23037 # 1504
23037 # 1504
23037 # 1504
23037 # 1504
23037 # 1504
23037 # 1504
23037 # 1504
23037 # 1504
23037 # 1504
23037 # 1504
23037 # 1504
23037 # 1504
23037 # 1504
23037 # 1504
23037 # 1504
23037 # 1504
23037 # 1504
23037 # 1504
23037 # 1504
23037 # 1504
23037 # 1504
23037 # 1504
23037 # 1504
23037 # 1504
23037 # 1504
23037 # 1504
23037 # 1504
23037 # 1504
23037 # 1504
23037 # 1504
23037 # 1504
23037 # 1504
23037 # 1504
23037 # 1504
23037 # 1504
23037 # 1504
23037 # 1504
23037 # 1504
23037 # 1504
23037 # 1504
23037 # 1504
23037 # 1504
23037 # 1504
23037 # 1504
23037 # 1504
23037 # 1504
23037 # 1504
23037 # 1504
23037 # 1504
23037 # 1504
23037 # 1504
23037 # 1504
23037 # 1504
23037 # 1504
23037 # 1504
23037 # 1504
24037 # 1504
24037 # 1504
24037 # 1504
24037 # 1504
24037 # 1504
24037 # 1504
24037 # 1504
24037 # 1504
24037 # 1504
24037 # 1504
24037 # 1504
24037 # 1504
24037 # 1504
24037 # 1504
24037 # 1504
24037 # 1504
24037 # 1504
24037 # 1504
24037 # 1504
24037 # 1504
24037 # 1504
24037 # 1504
24037 # 1504
24037 # 1504
24037 # 1504
24037 # 1504
24037 # 1504
24037 # 1504
24037 # 1504
24037 # 1504
24037 # 1504
24037 # 1504
24037 # 1504
24037 # 1504
24037 # 1504
24037 # 1504
24037 # 1504
24037 # 1504
24037 # 1504
24037 # 1504
24037 # 1504
24037 # 1504
24037 # 1504
24037 # 1504
24037 # 1504
24037 # 1504
24037 # 1504
24037 # 1504
24037 # 1504
24037 # 1504
24037 # 1504
24037 # 1504
24037 # 1504
24037 # 1504
24037 # 1504
24037 # 1504
24037 # 1504
24037 # 1504
24037 # 1504
24037 # 1504
25037 # 1504
25037 # 1504
25037 # 1504
25037 # 1504
25037 # 1504
25037 # 1504
25037 # 1504
25037 # 1504
25037 # 1504
25037 # 1504
25037 # 1504
25037 # 1504
25037 # 1504
25037 # 1504
25037 # 1504
25037 # 1504
25037 # 1504
25037 # 1504
25037 # 1504
25037 # 1504
25037 # 1504
25037 # 1504
25037 # 1504
25037 # 1504
25037 # 1504
25037 # 1504
25037 # 1504
25037 # 1504
25037 # 1504
25037 # 1504
25037 # 1504
25037 # 1504
25037 # 1504
25037 # 1504
25037 # 1504
25037 # 1504
25037 # 1504
25037 # 1504
25037 # 1504
25037 # 1504
25037 # 1504
25037 # 1504
25037 # 1504
25037 # 1504
25037 # 1504
25037 # 1504
25037 # 1504
25037 # 1504
25037 # 1504
25037 # 1504
25037 # 1504
25037 # 1504
25037 # 1504
25037 # 1504
25037 # 1504
25037 # 1504
25037 # 1504
25037 # 1504
25037 # 1504
25037 # 1504
26037 # 1504
26037 # 1504
26037 # 1504
26037 # 1504
26037 # 1504
26037 # 1504
26037 # 1504
26037 # 1504
26037 # 1504
26037 # 1504
26037 # 1504
26037 # 1504
26037 # 1504
26037 # 1504
26037 # 1504
26037 # 1504
26037 # 1504
26037 # 1504
26037 # 1504
26037 # 1504
26037 # 1504
26037 # 1504
26037 # 1504
26037 # 1504
26037 # 1504
26037 # 1504
26037 # 1504
26037 # 1504
26037 # 1504
26037 # 1504
26037 # 1504
26037 # 1504
26037 # 1504
26037 # 1504
26037 # 1504
26037 # 1504
26037 # 1504
26037 # 1504
26037 # 1504
26037 # 1504
26037 # 1504
26037 # 1504
26037 # 1504
26037 # 1504
26037 # 1504
26037 # 1504
26037 # 1504
26037 # 1504
26037 # 1504
26037 # 1504
26037 # 1504
26037 # 1504
26037 # 1504
26037 # 1504
26037 # 1504
26037 # 1504
26037 # 1504
26037 # 1504
26037 # 1504
26037 # 1504
27037 # 1504
27037 # 1504
27037 # 1504
27037 # 1504
27037 # 1504
27037 # 1504
27037 # 1504
27037 # 1504
27037 # 1504
27037 # 1504
27037 # 1504
27037 # 1504
27037 # 1504
27037 # 1504
27037 # 1504
27037 # 1504
27037 # 1504
27037 # 1504
27037 # 1504
27037 # 1504
27037 # 1504
27037 # 1504
27037 # 1504
27037 # 1504
27037 # 1504
27037 # 1504
27037 # 1504
27037 # 1504
27037 # 1504
27037 # 1504
27037 # 1504
27037 # 1504
27037 # 1504
27037 # 1504
27037 # 1504
27037 # 1504
27037 # 1504
27037 # 1504
27037 # 1504
27037 # 1504
27037 # 1504
27037 # 1504
27037 # 1504
27037 # 1504
27037 # 1504
27037 # 1504
27037 # 1504
27037 # 1504
27037 # 1504
27037 # 1504
27037 # 1504
27037 # 1504
27037 # 1504
27037 # 1504
27037 # 1504
27037 # 1504
27037 # 1504
27037 # 1504
27037 # 1504
27037 # 1504
28037 # 1504
28037 # 1504
28037 # 1504
28037 # 1504
28037 # 1504
28037 # 1504
28037 # 1504
28037 # 1504
28037 # 1504
28037 # 1504
28037 # 1504
28037 # 1504
28037 # 1504
28037 # 1504
28037 # 1504
28037 # 1504
28037 # 1504
28037 # 1504
28037 # 1504
28037 # 1504
28037 # 1504
28037 # 1504
28037 # 1504
28037 # 1504
28037 # 1504
28037 # 1504
28037 # 1504
28037 # 1504
28037 # 1504
28037 # 1504
28037 # 1504
28037 # 1504
28037 # 1504
28037 # 1504
28037 # 1504
28037 # 1504
28037 # 1504
28037 # 1504
28037 # 1504
28037 # 1504
28037 # 1504
28037 # 1504
28037 # 1504
28037 # 1504
28037 # 1504
28037 # 1504
28037 # 1504
28037 # 1504
28037 # 1504
28037 # 1504
28037 # 1504
28037 # 1504
28037 # 1504
28037 # 1504
28037 # 1504
28037 # 1504
28037 # 1504
28037 # 1504
28037 # 1504
28037 # 1504
29037 # 1504
29037 # 1504
29037 # 1504
29037 # 1504
29037 # 1504
29037 # 1504
29037 # 1504
29037 # 1504
29037 # 1504
29037 # 1504
29037 # 1504
29037 # 1504
29037 # 1504
29037 # 1504
29037 # 1504
29037 # 1504
29037 # 1504
29037 # 1504
29037 # 1504
29037 # 1504
29037 # 1504
29037 # 1504
29037 # 1504
29037 # 1504
29037 # 1504
29037 # 1504
29037 # 1504
29037 # 1504
29037 # 1504
29037 # 1504
29037 # 1504
29037 # 1504
29037 # 1504
29037 # 1504
29037 # 1504
29037 # 1504
29037 # 1504
29037 # 1504
29037 # 1504
29037 # 1504
29037 # 1504
29037 # 1504
29037 # 1504
29037 # 1504
29037 # 1504
29037 # 1504
29037 # 1504
29037 # 1504
29037 # 1504
29037 # 1504
29037 # 1504
29037 # 1504
29037 # 1504
29037 # 1504
29037 # 1504
29037 # 1504
29037 # 1504
29037 # 1504
29037 # 1504
29037 # 1504
30037 # 1504
30037 # 1504
30037 # 1504
30037 # 1504
30037 # 1504
30037 # 1504
30037 # 1504
30037 # 1504
30037 # 1504
30037 # 1504
30037 # 1504
30037 # 1504
30037 # 1504
30037 # 1504
30037 # 1504
30037 # 1504
30037 # 1504
30037 # 1504
30037 # 1504
30037 # 1504
30037 # 1504
30037 # 1504
30037 # 1504
30037 # 1504
30037 # 1504
30037 # 1504
30037 # 1504
30037 # 1504
30037 # 1504
30037 # 1504
30037 # 1504
30037 # 1504
30037 # 1504
30037 # 1504
30037 # 1504
30037 # 1504
30037 # 1504
30037 # 1504
30037 # 1504
30037 # 1504
30037 # 1504
30037 # 1504
30037 # 1504
30037 # 1504
30037 # 1504
30037 # 1504
30037 # 1504
30037 # 1504
30037 # 1504
30037 # 1504
30037 # 1504
30037 # 1504
30037 # 1504
30037 # 1504
30037 # 1504
30037 # 1504
30037 # 1504
30037 # 1504
30037 # 1504
30037 # 1504
31037 # 1504
31037 # 1504
31037 # 1504
31037 # 1504
31037 # 1504
31037 # 1504
31037 # 1504
31037 # 1504
31037 # 1504
31037 # 1504
31037 # 1504
31037 # 1504
31037 # 1504
31037 # 1504
31037 # 1504
31037 # 1504
31037 # 1504
31037 # 1504
31037 # 1504
31037 # 1504
31037 # 1504
31037 # 1504
31037 # 1504
31037 # 1504
31037 # 1504
31037 # 1504
31037 # 1504
31037 # 1504
31037 # 1504
31037 # 1504
31037 # 1504
31037 # 1504
31037 # 1504
31037 # 1504
31037 # 1504
31037 # 1504
31037 # 1504
31037 # 1504
31037 # 1504
31037 # 1504
31037 # 1504
31037 # 1504
31037 # 1504
31037 # 1504
31037 # 1504
31037 # 1504
31037 # 1504
31037 # 1504
31037 # 1504
31037 # 1504
31037 # 1504
31037 # 1504
31037 # 1504
31037 # 1504
31037 # 1504
31037 # 1504
31037 # 1504
31037 # 1504
31037 # 1504
31037 # 1504
31723 + 52
32037 # 1504
32037 - 52 314
32037 # 1504
32037 # 1504
32037 # 1504
32037 # 1504
32037 # 1504
32037 # 1504
32037 # 1504
32037 # 1504
32037 # 1504
32037 # 1504
32037 # 1504
32037 # 1504
32037 # 1504
32037 # 1504
32037 # 1504
32037 # 1504
32037 # 1504
32037 # 1504
32037 # 1504
32037 # 1504
32037 # 1504
32037 # 1504
32037 # 1504
32037 # 1504
32037 # 1504
32037 # 1504
32037 # 1504
32037 # 1504
32037 # 1504
32037 # 1504
32037 # 1504
32037 # 1504
32037 # 1504
32037 # 1504
32037 # 1504
32037 # 1504
32037 # 1504
32037 # 1504
32037 # 1504
32037 # 1504
32037 # 1504
32037 # 1504
32037 # 1504
32037 # 1504
32037 # 1504
32037 # 1504
32037 # 1504
32037 # 1504
32037 # 1504
32037 # 1504
32037 # 1504
32037 # 1504
32037 # 1504
32037 # 1504
32037 # 1504
32037 # 1504
32037 # 1504
32037 # 1504
32037 # 1504
33037 # 1504
33037 # 1504
33037 # 1504
33037 # 1504
33037 # 1504
33037 # 1504
33037 # 1504
33037 # 1504
33037 # 1504
33037 # 1504
33037 # 1504
33037 # 1504
33037 # 1504
33037 # 1504
33037 # 1504
33037 # 1504
33037 # 1504
33037 # 1504
33037 # 1504
33037 # 1504
33037 # 1504
33037 # 1504
33037 # 1504
33037 # 1504
33037 # 1504
33037 # 1504
33037 # 1504
33037 # 1504
33037 # 1504
33037 # 1504
33037 # 1504
33037 # 1504
33037 # 1504
33037 # 1504
33037 # 1504
33037 # 1504
33037 # 1504
33037 # 1504
33037 # 1504
33037 # 1504
33037 # 1504
33037 # 1504
33037 # 1504
33037 # 1504
33037 # 1504
33037 # 1504
33037 # 1504
33037 # 1504
33037 # 1504
33037 # 1504
33037 # 1504
33037 # 1504
33037 # 1504
33037 # 1504
33037 # 1504
33037 # 1504
33037 # 1504
33037 # 1504
33037 # 1504
33037 # 1504
34037 # 1504
34037 # 1504
34037 # 1504
34037 # 1504
34037 # 1504
34037 # 1504
34037 # 1504
34037 # 1504
34037 # 1504
34037 # 1504
34037 # 1504
34037 # 1504
34037 # 1504
34037 # 1504
34037 # 1504
34037 # 1504
34037 # 1504
34037 # 1504
34037 # 1504
34037 # 1504
34037 # 1504
34037 # 1504
34037 # 1504
34037 # 1504
34037 # 1504
34037 # 1504
34037 # 1504
34037 # 1504
34037 # 1504
34037 # 1504
34037 # 1504
34037 # 1504
34037 # 1504
34037 # 1504
34037 # 1504
34037 # 1504
34037 # 1504
34037 # 1504
34037 # 1504
34037 # 1504
34037 # 1504
34037 # 1504
34037 # 1504
34037 # 1504
34037 # 1504
34037 # 1504
34037 # 1504
34037 # 1504
34037 # 1504
34037 # 1504
34037 # 1504
34037 # 1504
34037 # 1504
34037 # 1504
34037 # 1504
34037 # 1504
34037 # 1504
34037 # 1504
34037 # 1504
34037 # 1504
35037 # 1504
35037 # 1504
35037 # 1504
35037 # 1504
35037 # 1504
35037 # 1504
35037 # 1504
35037 # 1504
35037 # 1504
35037 # 1504
35037 # 1504
35037 # 1504
35037 # 1504
35037 # 1504
35037 # 1504
35037 # 1504
35037 # 1504
35037 # 1504
35037 # 1504
35037 # 1504
35037 # 1504
35037 # 1504
35037 # 1504
35037 # 1504
35037 # 1504
35037 # 1504
35037 # 1504
35037 # 1504
35037 # 1504
35037 # 1504
35037 # 1504
35037 # 1504
35037 # 1504
35037 # 1504
35037 # 1504
35037 # 1504
35037 # 1504
35037 # 1504
35037 # 1504
35037 # 1504
35037 # 1504
35037 # 1504
35037 # 1504
35037 # 1504
35037 # 1504
35037 # 1504
35037 # 1504
35037 # 1504
35037 # 1504
35037 # 1504
35037 # 1504
35037 # 1504
35037 # 1504
35037 # 1504
35037 # 1504
35037 # 1504
35037 # 1504
35037 # 1504
35037 # 1504
35037 # 1504
