# mahimahi mm-link (Uplink) [traces/50mbps_10ms.trace] > /home/vboxuser/pantheon/results/50mbps_10ms/vegas/vegas_mm_datalink_run1.log
# command line: 'mm-link' 'traces/50mbps_10ms.trace' 'traces/50mbps_10ms.trace' '--uplink-log=/home/vboxuser/pantheon/results/50mbps_10ms/vegas/vegas_mm_datalink_run1.log' '--downlink-log=/home/vboxuser/pantheon/results/50mbps_10ms/vegas/vegas_mm_acklink_run1.log' 'python' '/home/vboxuser/pantheon/src/experiments/tunnel_manager.py'
# queue: infinite
# init timestamp: 1746040379782
# base timestamp: 52
52 + 80
52 + 52
52 + 80
129 + 40
679 + 80
840 + 80
1131 + 40
2132 + 40
3134 + 40
4008 + 52
4135 + 40
5136 + 40
11733 + 52
20133 + 40
21136 + 40
22137 + 40
23140 + 40
24144 + 40
25147 + 40
27047 + 52
40142 + 40
41144 + 40
42145 + 40
43146 + 40
44154 + 40
45156 + 40
50052 # 1504
50052 - 80 50000
50052 - 52 50000
50052 - 80 50000
50052 - 40 49923
50052 - 80 49373
50052 - 80 49212
50052 - 40 48921
50052 - 40 47920
50052 - 40 46918
50052 - 52 46044
50052 - 40 45917
50052 - 40 44916
50052 - 52 38319
50052 - 40 29919
50052 - 40 28916
50052 - 40 27915
50052 - 40 26912
50052 - 40 25908
50052 - 40 24905
50052 - 52 23005
50052 - 40 9910
50052 - 40 8908
50052 - 40 7907
50052 - 40 6906
50052 - 40 5898
50052 - 40 4896
50052 # 1504
50052 # 1504
50052 # 1504
50052 # 1504
50052 # 1504
50052 # 1504
50052 # 1504
50052 # 1504
50052 # 1504
50052 # 1504
50052 # 1504
50052 # 1504
50052 # 1504
50052 # 1504
50052 # 1504
50052 # 1504
50052 # 1504
50052 # 1504
50052 # 1504
50052 # 1504
50052 # 1504
50052 # 1504
50052 # 1504
50052 # 1504
50052 # 1504
50052 # 1504
50052 # 1504
50052 # 1504
50052 # 1504
50052 # 1504
50052 # 1504
50052 # 1504
50052 # 1504
50052 # 1504
50052 # 1504
50052 # 1504
50052 # 1504
50052 # 1504
50052 # 1504
50052 # 1504
50052 # 1504
50052 # 1504
50052 # 1504
50052 # 1504
50052 # 1504
50052 # 1504
50052 # 1504
50052 # 1504
50052 # 1504
50052 # 1504
50052 # 1504
50052 # 1504
50052 # 1504
50052 # 1504
50052 # 1504
50052 # 1504
50052 # 1504
50052 # 1504
50052 # 1504
58536 + 52
