# mahimahi mm-link (Downlink) [traces/50mbps_10ms.trace] > /home/vboxuser/pantheon/results/50mbps_10ms/vegas/vegas_mm_acklink_run1.log
# command line: 'mm-link' 'traces/50mbps_10ms.trace' 'traces/50mbps_10ms.trace' '--uplink-log=/home/vboxuser/pantheon/results/50mbps_10ms/vegas/vegas_mm_datalink_run1.log' '--downlink-log=/home/vboxuser/pantheon/results/50mbps_10ms/vegas/vegas_mm_acklink_run1.log' 'python' '/home/vboxuser/pantheon/src/experiments/tunnel_manager.py'
# queue: infinite
# init timestamp: 1746040379782
# base timestamp: 52
743 + 80
743 + 52
759 + 80
1063 + 80
1480 + 80
4777 + 52
12716 + 52
28586 + 52
50052 # 1504
50052 - 80 49309
50052 - 52 49309
50052 - 80 49293
50052 - 80 48989
50052 - 80 48572
50052 - 52 45275
50052 - 52 37336
50052 - 52 21466
50052 # 1504
50052 # 1504
50052 # 1504
50052 # 1504
50052 # 1504
50052 # 1504
50052 # 1504
50052 # 1504
50052 # 1504
50052 # 1504
50052 # 1504
50052 # 1504
50052 # 1504
50052 # 1504
50052 # 1504
50052 # 1504
50052 # 1504
50052 # 1504
50052 # 1504
50052 # 1504
50052 # 1504
50052 # 1504
50052 # 1504
50052 # 1504
50052 # 1504
50052 # 1504
50052 # 1504
50052 # 1504
50052 # 1504
50052 # 1504
50052 # 1504
50052 # 1504
50052 # 1504
50052 # 1504
50052 # 1504
50052 # 1504
50052 # 1504
50052 # 1504
50052 # 1504
50052 # 1504
50052 # 1504
50052 # 1504
50052 # 1504
50052 # 1504
50052 # 1504
50052 # 1504
50052 # 1504
50052 # 1504
50052 # 1504
50052 # 1504
50052 # 1504
50052 # 1504
50052 # 1504
50052 # 1504
50052 # 1504
50052 # 1504
50052 # 1504
50052 # 1504
50052 # 1504
50059 + 40
50064 + 40
50064 + 40
50064 + 40
50064 + 40
50065 + 40
50065 + 40
50065 + 40
50065 + 40
50065 + 40
50065 + 40
50065 + 40
50065 + 40
50065 + 40
50065 + 40
50065 + 40
50065 + 40
50065 + 40
