# mahimahi mm-link (Uplink) [traces/1mbps_200ms.trace] > /home/vboxuser/pantheon/results/1mbps_200ms/vegas/vegas_mm_datalink_run1.log
# command line: 'mm-link' 'traces/1mbps_200ms.trace' 'traces/1mbps_200ms.trace' '--uplink-log=/home/vboxuser/pantheon/results/1mbps_200ms/vegas/vegas_mm_datalink_run1.log' '--downlink-log=/home/vboxuser/pantheon/results/1mbps_200ms/vegas/vegas_mm_acklink_run1.log' 'python' '/home/vboxuser/pantheon/src/experiments/tunnel_manager.py'
# queue: infinite
# init timestamp: 1746040752718
# base timestamp: 37
119 + 40
864 + 80
864 + 52
876 + 80
921 + 80
1037 # 1504
1037 - 40 918
1037 - 80 173
1037 - 52 173
1037 - 80 161
1037 - 80 116
1037 # 1504
1037 # 1504
1037 # 1504
1037 # 1504
1037 # 1504
1037 # 1504
1037 # 1504
1037 # 1504
1037 # 1504
1037 # 1504
1037 # 1504
1037 # 1504
1037 # 1504
1037 # 1504
1037 # 1504
1037 # 1504
1037 # 1504
1037 # 1504
1037 # 1504
1037 # 1504
1037 # 1504
1037 # 1504
1037 # 1504
1037 # 1504
1037 # 1504
1037 # 1504
1037 # 1504
1037 # 1504
1037 # 1504
1037 # 1504
1037 # 1504
1037 # 1504
1037 # 1504
1037 # 1504
1037 # 1504
1037 # 1504
1037 # 1504
1037 # 1504
1037 # 1504
1037 # 1504
1037 # 1504
1037 # 1504
1037 # 1504
1037 # 1504
1037 # 1504
1037 # 1504
1037 # 1504
1037 # 1504
1037 # 1504
1037 # 1504
1037 # 1504
1037 # 1504
1037 # 1504
1037 # 1504
1037 # 1504
1037 # 1504
1037 # 1504
1037 # 1504
1037 # 1504
1120 + 40
1664 + 80
2037 # 1504
2037 - 40 917
2037 - 80 373
2037 # 1504
2037 # 1504
2037 # 1504
2037 # 1504
2037 # 1504
2037 # 1504
2037 # 1504
2037 # 1504
2037 # 1504
2037 # 1504
2037 # 1504
2037 # 1504
2037 # 1504
2037 # 1504
2037 # 1504
2037 # 1504
2037 # 1504
2037 # 1504
2037 # 1504
2037 # 1504
2037 # 1504
2037 # 1504
2037 # 1504
2037 # 1504
2037 # 1504
2037 # 1504
2037 # 1504
2037 # 1504
2037 # 1504
2037 # 1504
2037 # 1504
2037 # 1504
2037 # 1504
2037 # 1504
2037 # 1504
2037 # 1504
2037 # 1504
2037 # 1504
2037 # 1504
2037 # 1504
2037 # 1504
2037 # 1504
2037 # 1504
2037 # 1504
2037 # 1504
2037 # 1504
2037 # 1504
2037 # 1504
2037 # 1504
2037 # 1504
2037 # 1504
2037 # 1504
2037 # 1504
2037 # 1504
2037 # 1504
2037 # 1504
2037 # 1504
2037 # 1504
2037 # 1504
3037 # 1504
3037 # 1504
3037 # 1504
3037 # 1504
3037 # 1504
3037 # 1504
3037 # 1504
3037 # 1504
3037 # 1504
3037 # 1504
3037 # 1504
3037 # 1504
3037 # 1504
3037 # 1504
3037 # 1504
3037 # 1504
3037 # 1504
3037 # 1504
3037 # 1504
3037 # 1504
3037 # 1504
3037 # 1504
3037 # 1504
3037 # 1504
3037 # 1504
3037 # 1504
3037 # 1504
3037 # 1504
3037 # 1504
3037 # 1504
3037 # 1504
3037 # 1504
3037 # 1504
3037 # 1504
3037 # 1504
3037 # 1504
3037 # 1504
3037 # 1504
3037 # 1504
3037 # 1504
3037 # 1504
3037 # 1504
3037 # 1504
3037 # 1504
3037 # 1504
3037 # 1504
3037 # 1504
3037 # 1504
3037 # 1504
3037 # 1504
3037 # 1504
3037 # 1504
3037 # 1504
3037 # 1504
3037 # 1504
3037 # 1504
3037 # 1504
3037 # 1504
3037 # 1504
3037 # 1504
4037 # 1504
4037 # 1504
4037 # 1504
4037 # 1504
4037 # 1504
4037 # 1504
4037 # 1504
4037 # 1504
4037 # 1504
4037 # 1504
4037 # 1504
4037 # 1504
4037 # 1504
4037 # 1504
4037 # 1504
4037 # 1504
4037 # 1504
4037 # 1504
4037 # 1504
4037 # 1504
4037 # 1504
4037 # 1504
4037 # 1504
4037 # 1504
4037 # 1504
4037 # 1504
4037 # 1504
4037 # 1504
4037 # 1504
4037 # 1504
4037 # 1504
4037 # 1504
4037 # 1504
4037 # 1504
4037 # 1504
4037 # 1504
4037 # 1504
4037 # 1504
4037 # 1504
4037 # 1504
4037 # 1504
4037 # 1504
4037 # 1504
4037 # 1504
4037 # 1504
4037 # 1504
4037 # 1504
4037 # 1504
4037 # 1504
4037 # 1504
4037 # 1504
4037 # 1504
4037 # 1504
4037 # 1504
4037 # 1504
4037 # 1504
4037 # 1504
4037 # 1504
4037 # 1504
4037 # 1504
5037 # 1504
5037 # 1504
5037 # 1504
5037 # 1504
5037 # 1504
5037 # 1504
5037 # 1504
5037 # 1504
5037 # 1504
5037 # 1504
5037 # 1504
5037 # 1504
5037 # 1504
5037 # 1504
5037 # 1504
5037 # 1504
5037 # 1504
5037 # 1504
5037 # 1504
5037 # 1504
5037 # 1504
5037 # 1504
5037 # 1504
5037 # 1504
5037 # 1504
5037 # 1504
5037 # 1504
5037 # 1504
5037 # 1504
5037 # 1504
5037 # 1504
5037 # 1504
5037 # 1504
5037 # 1504
5037 # 1504
5037 # 1504
5037 # 1504
5037 # 1504
5037 # 1504
5037 # 1504
5037 # 1504
5037 # 1504
5037 # 1504
5037 # 1504
5037 # 1504
5037 # 1504
5037 # 1504
5037 # 1504
5037 # 1504
5037 # 1504
5037 # 1504
5037 # 1504
5037 # 1504
5037 # 1504
5037 # 1504
5037 # 1504
5037 # 1504
5037 # 1504
5037 # 1504
5037 # 1504
5066 + 100
5089 + 52
6037 # 1504
6037 - 100 971
6037 - 52 948
6037 # 1504
6037 # 1504
6037 # 1504
6037 # 1504
6037 # 1504
6037 # 1504
6037 # 1504
6037 # 1504
6037 # 1504
6037 # 1504
6037 # 1504
6037 # 1504
6037 # 1504
6037 # 1504
6037 # 1504
6037 # 1504
6037 # 1504
6037 # 1504
6037 # 1504
6037 # 1504
6037 # 1504
6037 # 1504
6037 # 1504
6037 # 1504
6037 # 1504
6037 # 1504
6037 # 1504
6037 # 1504
6037 # 1504
6037 # 1504
6037 # 1504
6037 # 1504
6037 # 1504
6037 # 1504
6037 # 1504
6037 # 1504
6037 # 1504
6037 # 1504
6037 # 1504
6037 # 1504
6037 # 1504
6037 # 1504
6037 # 1504
6037 # 1504
6037 # 1504
6037 # 1504
6037 # 1504
6037 # 1504
6037 # 1504
6037 # 1504
6037 # 1504
6037 # 1504
6037 # 1504
6037 # 1504
6037 # 1504
6037 # 1504
6037 # 1504
6037 # 1504
6037 # 1504
6082 + 100
7037 # 1504
7037 - 100 955
7037 # 1504
7037 # 1504
7037 # 1504
7037 # 1504
7037 # 1504
7037 # 1504
7037 # 1504
7037 # 1504
7037 # 1504
7037 # 1504
7037 # 1504
7037 # 1504
7037 # 1504
7037 # 1504
7037 # 1504
7037 # 1504
7037 # 1504
7037 # 1504
7037 # 1504
7037 # 1504
7037 # 1504
7037 # 1504
7037 # 1504
7037 # 1504
7037 # 1504
7037 # 1504
7037 # 1504
7037 # 1504
7037 # 1504
7037 # 1504
7037 # 1504
7037 # 1504
7037 # 1504
7037 # 1504
7037 # 1504
7037 # 1504
7037 # 1504
7037 # 1504
7037 # 1504
7037 # 1504
7037 # 1504
7037 # 1504
7037 # 1504
7037 # 1504
7037 # 1504
7037 # 1504
7037 # 1504
7037 # 1504
7037 # 1504
7037 # 1504
7037 # 1504
7037 # 1504
7037 # 1504
7037 # 1504
7037 # 1504
7037 # 1504
7037 # 1504
7037 # 1504
7037 # 1504
7041 + 92
7042 + 1504
7042 + 1504
7042 + 1504
7042 + 1504
7042 + 1504
7042 + 1504
7042 + 1504
7042 + 1504
7042 + 1504
7042 + 1504
8037 # 1504
8037 - 92 996
8037 # 1504
8037 - 1504 995
8037 # 1504
8037 - 1504 995
8037 # 1504
8037 - 1504 995
8037 # 1504
8037 - 1504 995
8037 # 1504
8037 - 1504 995
8037 # 1504
8037 - 1504 995
8037 # 1504
8037 - 1504 995
8037 # 1504
8037 - 1504 995
8037 # 1504
8037 - 1504 995
8037 # 1504
8037 - 1504 995
8037 # 1504
8037 # 1504
8037 # 1504
8037 # 1504
8037 # 1504
8037 # 1504
8037 # 1504
8037 # 1504
8037 # 1504
8037 # 1504
8037 # 1504
8037 # 1504
8037 # 1504
8037 # 1504
8037 # 1504
8037 # 1504
8037 # 1504
8037 # 1504
8037 # 1504
8037 # 1504
8037 # 1504
8037 # 1504
8037 # 1504
8037 # 1504
8037 # 1504
8037 # 1504
8037 # 1504
8037 # 1504
8037 # 1504
8037 # 1504
8037 # 1504
8037 # 1504
8037 # 1504
8037 # 1504
8037 # 1504
8037 # 1504
8037 # 1504
8037 # 1504
8037 # 1504
8037 # 1504
8037 # 1504
8037 # 1504
8037 # 1504
8037 # 1504
8037 # 1504
8037 # 1504
8037 # 1504
8037 # 1504
8037 # 1504
8040 + 92
9037 # 1504
9037 - 92 997
9037 # 1504
9037 # 1504
9037 # 1504
9037 # 1504
9037 # 1504
9037 # 1504
9037 # 1504
9037 # 1504
9037 # 1504
9037 # 1504
9037 # 1504
9037 # 1504
9037 # 1504
9037 # 1504
9037 # 1504
9037 # 1504
9037 # 1504
9037 # 1504
9037 # 1504
9037 # 1504
9037 # 1504
9037 # 1504
9037 # 1504
9037 # 1504
9037 # 1504
9037 # 1504
9037 # 1504
9037 # 1504
9037 # 1504
9037 # 1504
9037 # 1504
9037 # 1504
9037 # 1504
9037 # 1504
9037 # 1504
9037 # 1504
9037 # 1504
9037 # 1504
9037 # 1504
9037 # 1504
9037 # 1504
9037 # 1504
9037 # 1504
9037 # 1504
9037 # 1504
9037 # 1504
9037 # 1504
9037 # 1504
9037 # 1504
9037 # 1504
9037 # 1504
9037 # 1504
9037 # 1504
9037 # 1504
9037 # 1504
9037 # 1504
9037 # 1504
9037 # 1504
9037 # 1504
9040 + 1504
9040 + 1504
9041 + 1504
9041 + 1504
9041 + 1504
9041 + 1504
9041 + 1504
9041 + 1504
9041 + 1504
9041 + 1504
9041 + 1504
9041 + 1504
9041 + 1504
9041 + 1504
9041 + 1504
9041 + 1504
9041 + 1504
9041 + 1504
9041 + 1504
9041 + 1504
10037 # 1504
10037 - 1504 997
10037 # 1504
10037 - 1504 997
10037 # 1504
10037 - 1504 996
10037 # 1504
10037 - 1504 996
10037 # 1504
10037 - 1504 996
10037 # 1504
10037 - 1504 996
10037 # 1504
10037 - 1504 996
10037 # 1504
10037 - 1504 996
10037 # 1504
10037 - 1504 996
10037 # 1504
10037 - 1504 996
10037 # 1504
10037 - 1504 996
10037 # 1504
10037 - 1504 996
10037 # 1504
10037 - 1504 996
10037 # 1504
10037 - 1504 996
10037 # 1504
10037 - 1504 996
10037 # 1504
10037 - 1504 996
10037 # 1504
10037 - 1504 996
10037 # 1504
10037 - 1504 996
10037 # 1504
10037 - 1504 996
10037 # 1504
10037 - 1504 996
10037 # 1504
10037 # 1504
10037 # 1504
10037 # 1504
10037 # 1504
10037 # 1504
10037 # 1504
10037 # 1504
10037 # 1504
10037 # 1504
10037 # 1504
10037 # 1504
10037 # 1504
10037 # 1504
10037 # 1504
10037 # 1504
10037 # 1504
10037 # 1504
10037 # 1504
10037 # 1504
10037 # 1504
10037 # 1504
10037 # 1504
10037 # 1504
10037 # 1504
10037 # 1504
10037 # 1504
10037 # 1504
10037 # 1504
10037 # 1504
10037 # 1504
10037 # 1504
10037 # 1504
10037 # 1504
10037 # 1504
10037 # 1504
10037 # 1504
10037 # 1504
10037 # 1504
10037 # 1504
11037 # 1504
11037 # 1504
11037 # 1504
11037 # 1504
11037 # 1504
11037 # 1504
11037 # 1504
11037 # 1504
11037 # 1504
11037 # 1504
11037 # 1504
11037 # 1504
11037 # 1504
11037 # 1504
11037 # 1504
11037 # 1504
11037 # 1504
11037 # 1504
11037 # 1504
11037 # 1504
11037 # 1504
11037 # 1504
11037 # 1504
11037 # 1504
11037 # 1504
11037 # 1504
11037 # 1504
11037 # 1504
11037 # 1504
11037 # 1504
11037 # 1504
11037 # 1504
11037 # 1504
11037 # 1504
11037 # 1504
11037 # 1504
11037 # 1504
11037 # 1504
11037 # 1504
11037 # 1504
11037 # 1504
11037 # 1504
11037 # 1504
11037 # 1504
11037 # 1504
11037 # 1504
11037 # 1504
11037 # 1504
11037 # 1504
11037 # 1504
11037 # 1504
11037 # 1504
11037 # 1504
11037 # 1504
11037 # 1504
11037 # 1504
11037 # 1504
11037 # 1504
11037 # 1504
11037 # 1504
11039 + 1504
11039 + 1504
11039 + 1504
11039 + 1504
11039 + 1504
11039 + 1504
11039 + 1504
11039 + 1504
11039 + 1504
11039 + 1504
11039 + 1504
11039 + 1504
11039 + 1504
11039 + 1504
11039 + 1504
11039 + 1504
11039 + 1504
11039 + 1504
11039 + 1504
11039 + 1504
11039 + 1504
11039 + 1504
11039 + 1504
11039 + 1504
11039 + 1504
11039 + 1504
11039 + 1504
11039 + 1504
11039 + 1504
11039 + 1504
11039 + 1504
11039 + 1504
11039 + 1504
11039 + 1504
11039 + 1504
11039 + 1504
11039 + 1504
11039 + 1504
11039 + 1504
11039 + 1504
12037 # 1504
12037 - 1504 998
12037 # 1504
12037 - 1504 998
12037 # 1504
12037 - 1504 998
12037 # 1504
12037 - 1504 998
12037 # 1504
12037 - 1504 998
12037 # 1504
12037 - 1504 998
12037 # 1504
12037 - 1504 998
12037 # 1504
12037 - 1504 998
12037 # 1504
12037 - 1504 998
12037 # 1504
12037 - 1504 998
12037 # 1504
12037 - 1504 998
12037 # 1504
12037 - 1504 998
12037 # 1504
12037 - 1504 998
12037 # 1504
12037 - 1504 998
12037 # 1504
12037 - 1504 998
12037 # 1504
12037 - 1504 998
12037 # 1504
12037 - 1504 998
12037 # 1504
12037 - 1504 998
12037 # 1504
12037 - 1504 998
12037 # 1504
12037 - 1504 998
12037 # 1504
12037 - 1504 998
12037 # 1504
12037 - 1504 998
12037 # 1504
12037 - 1504 998
12037 # 1504
12037 - 1504 998
12037 # 1504
12037 - 1504 998
12037 # 1504
12037 - 1504 998
12037 # 1504
12037 - 1504 998
12037 # 1504
12037 - 1504 998
12037 # 1504
12037 - 1504 998
12037 # 1504
12037 - 1504 998
12037 # 1504
12037 - 1504 998
12037 # 1504
12037 - 1504 998
12037 # 1504
12037 - 1504 998
12037 # 1504
12037 - 1504 998
12037 # 1504
12037 - 1504 998
12037 # 1504
12037 - 1504 998
12037 # 1504
12037 - 1504 998
12037 # 1504
12037 - 1504 998
12037 # 1504
12037 - 1504 998
12037 # 1504
12037 - 1504 998
12037 # 1504
12037 # 1504
12037 # 1504
12037 # 1504
12037 # 1504
12037 # 1504
12037 # 1504
12037 # 1504
12037 # 1504
12037 # 1504
12037 # 1504
12037 # 1504
12037 # 1504
12037 # 1504
12037 # 1504
12037 # 1504
12037 # 1504
12037 # 1504
12037 # 1504
12037 # 1504
13037 # 1504
13037 # 1504
13037 # 1504
13037 # 1504
13037 # 1504
13037 # 1504
13037 # 1504
13037 # 1504
13037 # 1504
13037 # 1504
13037 # 1504
13037 # 1504
13037 # 1504
13037 # 1504
13037 # 1504
13037 # 1504
13037 # 1504
13037 # 1504
13037 # 1504
13037 # 1504
13037 # 1504
13037 # 1504
13037 # 1504
13037 # 1504
13037 # 1504
13037 # 1504
13037 # 1504
13037 # 1504
13037 # 1504
13037 # 1504
13037 # 1504
13037 # 1504
13037 # 1504
13037 # 1504
13037 # 1504
13037 # 1504
13037 # 1504
13037 # 1504
13037 # 1504
13037 # 1504
13037 # 1504
13037 # 1504
13037 # 1504
13037 # 1504
13037 # 1504
13037 # 1504
13037 # 1504
13037 # 1504
13037 # 1504
13037 # 1504
13037 # 1504
13037 # 1504
13037 # 1504
13037 # 1504
13037 # 1504
13037 # 1504
13037 # 1504
13037 # 1504
13037 # 1504
13037 # 1504
13039 + 1504
13039 + 1504
13039 + 1504
13039 + 1504
13039 + 1504
13039 + 1504
13039 + 1504
13039 + 1504
13039 + 1504
13039 + 1504
13039 + 1504
13039 + 1504
13039 + 1504
13039 + 1504
13039 + 1504
13039 + 1504
13039 + 1504
13039 + 1504
13039 + 1504
13039 + 1504
13039 + 1504
13039 + 1504
13039 + 1504
13039 + 1504
13039 + 1504
13039 + 1504
13039 + 1504
13039 + 1504
13039 + 1504
13039 + 1504
13039 + 1504
13039 + 1504
13039 + 1504
13039 + 1504
13039 + 1504
13039 + 1504
13039 + 1504
13039 + 1504
13039 + 1504
13039 + 1504
13039 + 1504
13039 + 1504
13039 + 1504
13039 + 1504
13039 + 1504
13280 + 52
14037 # 1504
14037 - 1504 998
14037 # 1504
14037 - 1504 998
14037 # 1504
14037 - 1504 998
14037 # 1504
14037 - 1504 998
14037 # 1504
14037 - 1504 998
14037 # 1504
14037 - 1504 998
14037 # 1504
14037 - 1504 998
14037 # 1504
14037 - 1504 998
14037 # 1504
14037 - 1504 998
14037 # 1504
14037 - 1504 998
14037 # 1504
14037 - 1504 998
14037 # 1504
14037 - 1504 998
14037 # 1504
14037 - 1504 998
14037 # 1504
14037 - 1504 998
14037 # 1504
14037 - 1504 998
14037 # 1504
14037 - 1504 998
14037 # 1504
14037 - 1504 998
14037 # 1504
14037 - 1504 998
14037 # 1504
14037 - 1504 998
14037 # 1504
14037 - 1504 998
14037 # 1504
14037 - 1504 998
14037 # 1504
14037 - 1504 998
14037 # 1504
14037 - 1504 998
14037 # 1504
14037 - 1504 998
14037 # 1504
14037 - 1504 998
14037 # 1504
14037 - 1504 998
14037 # 1504
14037 - 1504 998
14037 # 1504
14037 - 1504 998
14037 # 1504
14037 - 1504 998
14037 # 1504
14037 - 1504 998
14037 # 1504
14037 - 1504 998
14037 # 1504
14037 - 1504 998
14037 # 1504
14037 - 1504 998
14037 # 1504
14037 - 1504 998
14037 # 1504
14037 - 1504 998
14037 # 1504
14037 - 1504 998
14037 # 1504
14037 - 1504 998
14037 # 1504
14037 - 1504 998
14037 # 1504
14037 - 1504 998
14037 # 1504
14037 - 1504 998
14037 # 1504
14037 - 1504 998
14037 # 1504
14037 - 1504 998
14037 # 1504
14037 - 1504 998
14037 # 1504
14037 - 1504 998
14037 # 1504
14037 - 1504 998
14037 # 1504
14037 - 52 757
14037 # 1504
14037 # 1504
14037 # 1504
14037 # 1504
14037 # 1504
14037 # 1504
14037 # 1504
14037 # 1504
14037 # 1504
14037 # 1504
14037 # 1504
14037 # 1504
14037 # 1504
14037 # 1504
15037 # 1504
15037 # 1504
15037 # 1504
15037 # 1504
15037 # 1504
15037 # 1504
15037 # 1504
15037 # 1504
15037 # 1504
15037 # 1504
15037 # 1504
15037 # 1504
15037 # 1504
15037 # 1504
15037 # 1504
15037 # 1504
15037 # 1504
15037 # 1504
15037 # 1504
15037 # 1504
15037 # 1504
15037 # 1504
15037 # 1504
15037 # 1504
15037 # 1504
15037 # 1504
15037 # 1504
15037 # 1504
15037 # 1504
15037 # 1504
15037 # 1504
15037 # 1504
15037 # 1504
15037 # 1504
15037 # 1504
15037 # 1504
15037 # 1504
15037 # 1504
15037 # 1504
15037 # 1504
15037 # 1504
15037 # 1504
15037 # 1504
15037 # 1504
15037 # 1504
15037 # 1504
15037 # 1504
15037 # 1504
15037 # 1504
15037 # 1504
15037 # 1504
15037 # 1504
15037 # 1504
15037 # 1504
15037 # 1504
15037 # 1504
15037 # 1504
15037 # 1504
15037 # 1504
15037 # 1504
15040 + 1504
15040 + 1504
15040 + 1504
15040 + 1504
15040 + 1504
15040 + 1504
15040 + 1504
15040 + 1504
15040 + 1504
15040 + 1504
15040 + 1504
15040 + 1504
15040 + 1504
15040 + 1504
15041 + 1504
15041 + 1504
15041 + 1504
15041 + 1504
15041 + 1504
15041 + 1504
15041 + 1504
15042 + 1504
15042 + 1504
15042 + 1504
15042 + 1504
15042 + 1504
15042 + 1504
15042 + 1504
15042 + 1504
15042 + 1504
15042 + 1504
15042 + 1504
15042 + 1504
15042 + 1504
15042 + 1504
15042 + 1504
15042 + 1504
15042 + 1504
15042 + 1504
15042 + 1504
15042 + 1504
15042 + 1504
15042 + 1504
15042 + 1504
15042 + 1504
15042 + 1504
15042 + 1504
15042 + 1504
15042 + 1504
15042 + 1504
15042 + 1504
15042 + 1504
15042 + 1504
15042 + 1504
15042 + 1504
15042 + 1504
15042 + 1504
15042 + 1504
15042 + 1504
15042 + 1504
15042 + 1504
15042 + 1504
15042 + 1504
15042 + 1504
15042 + 1504
15042 + 1504
15042 + 1504
15042 + 1504
15042 + 1504
15042 + 1504
15042 + 1504
15042 + 1504
15042 + 1504
15042 + 1504
15042 + 1504
15042 + 1504
15042 + 1504
15042 + 1504
15042 + 1504
15042 + 1504
15042 + 1504
15042 + 1504
15042 + 1504
15042 + 1504
15042 + 1504
15042 + 1504
15042 + 1504
15042 + 1504
15042 + 1504
15042 + 1504
15042 + 1504
15042 + 1504
15043 + 1504
15043 + 1504
15043 + 1504
15043 + 1504
15043 + 1504
15043 + 1504
15043 + 1504
15043 + 1504
15043 + 1504
15043 + 1504
15043 + 1504
15043 + 1504
15043 + 1504
15043 + 1504
15043 + 1504
15043 + 1504
15043 + 1504
15043 + 1504
15043 + 1504
15043 + 1504
15043 + 1504
15043 + 1504
15043 + 1504
15043 + 1504
15043 + 1504
15043 + 1504
15043 + 1504
15043 + 1504
15043 + 1504
15043 + 1504
15043 + 1504
15043 + 1504
15043 + 1504
16037 # 1504
16037 - 1504 997
16037 # 1504
16037 - 1504 997
16037 # 1504
16037 - 1504 997
16037 # 1504
16037 - 1504 997
16037 # 1504
16037 - 1504 997
16037 # 1504
16037 - 1504 997
16037 # 1504
16037 - 1504 997
16037 # 1504
16037 - 1504 997
16037 # 1504
16037 - 1504 997
16037 # 1504
16037 - 1504 997
16037 # 1504
16037 - 1504 997
16037 # 1504
16037 - 1504 997
16037 # 1504
16037 - 1504 997
16037 # 1504
16037 - 1504 997
16037 # 1504
16037 - 1504 996
16037 # 1504
16037 - 1504 996
16037 # 1504
16037 - 1504 996
16037 # 1504
16037 - 1504 996
16037 # 1504
16037 - 1504 996
16037 # 1504
16037 - 1504 996
16037 # 1504
16037 - 1504 996
16037 # 1504
16037 - 1504 995
16037 # 1504
16037 - 1504 995
16037 # 1504
16037 - 1504 995
16037 # 1504
16037 - 1504 995
16037 # 1504
16037 - 1504 995
16037 # 1504
16037 - 1504 995
16037 # 1504
16037 - 1504 995
16037 # 1504
16037 - 1504 995
16037 # 1504
16037 - 1504 995
16037 # 1504
16037 - 1504 995
16037 # 1504
16037 - 1504 995
16037 # 1504
16037 - 1504 995
16037 # 1504
16037 - 1504 995
16037 # 1504
16037 - 1504 995
16037 # 1504
16037 - 1504 995
16037 # 1504
16037 - 1504 995
16037 # 1504
16037 - 1504 995
16037 # 1504
16037 - 1504 995
16037 # 1504
16037 - 1504 995
16037 # 1504
16037 - 1504 995
16037 # 1504
16037 - 1504 995
16037 # 1504
16037 - 1504 995
16037 # 1504
16037 - 1504 995
16037 # 1504
16037 - 1504 995
16037 # 1504
16037 - 1504 995
16037 # 1504
16037 - 1504 995
16037 # 1504
16037 - 1504 995
16037 # 1504
16037 - 1504 995
16037 # 1504
16037 - 1504 995
16037 # 1504
16037 - 1504 995
16037 # 1504
16037 - 1504 995
16037 # 1504
16037 - 1504 995
16037 # 1504
16037 - 1504 995
16037 # 1504
16037 - 1504 995
16037 # 1504
16037 - 1504 995
16037 # 1504
16037 - 1504 995
16037 # 1504
16037 - 1504 995
16037 # 1504
16037 - 1504 995
16037 # 1504
16037 - 1504 995
17037 # 1504
17037 - 1504 1995
17037 # 1504
17037 - 1504 1995
17037 # 1504
17037 - 1504 1995
17037 # 1504
17037 - 1504 1995
17037 # 1504
17037 - 1504 1995
17037 # 1504
17037 - 1504 1995
17037 # 1504
17037 - 1504 1995
17037 # 1504
17037 - 1504 1995
17037 # 1504
17037 - 1504 1995
17037 # 1504
17037 - 1504 1995
17037 # 1504
17037 - 1504 1995
17037 # 1504
17037 - 1504 1995
17037 # 1504
17037 - 1504 1995
17037 # 1504
17037 - 1504 1995
17037 # 1504
17037 - 1504 1995
17037 # 1504
17037 - 1504 1995
17037 # 1504
17037 - 1504 1995
17037 # 1504
17037 - 1504 1995
17037 # 1504
17037 - 1504 1995
17037 # 1504
17037 - 1504 1995
17037 # 1504
17037 - 1504 1995
17037 # 1504
17037 - 1504 1995
17037 # 1504
17037 - 1504 1995
17037 # 1504
17037 - 1504 1995
17037 # 1504
17037 - 1504 1995
17037 # 1504
17037 - 1504 1995
17037 # 1504
17037 - 1504 1995
17037 # 1504
17037 - 1504 1995
17037 # 1504
17037 - 1504 1995
17037 # 1504
17037 - 1504 1995
17037 # 1504
17037 - 1504 1995
17037 # 1504
17037 - 1504 1995
17037 # 1504
17037 - 1504 1994
17037 # 1504
17037 - 1504 1994
17037 # 1504
17037 - 1504 1994
17037 # 1504
17037 - 1504 1994
17037 # 1504
17037 - 1504 1994
17037 # 1504
17037 - 1504 1994
17037 # 1504
17037 - 1504 1994
17037 # 1504
17037 - 1504 1994
17037 # 1504
17037 - 1504 1994
17037 # 1504
17037 - 1504 1994
17037 # 1504
17037 - 1504 1994
17037 # 1504
17037 - 1504 1994
17037 # 1504
17037 - 1504 1994
17037 # 1504
17037 - 1504 1994
17037 # 1504
17037 - 1504 1994
17037 # 1504
17037 - 1504 1994
17037 # 1504
17037 - 1504 1994
17037 # 1504
17037 - 1504 1994
17037 # 1504
17037 - 1504 1994
17037 # 1504
17037 - 1504 1994
17037 # 1504
17037 - 1504 1994
17037 # 1504
17037 - 1504 1994
17037 # 1504
17037 - 1504 1994
17037 # 1504
17037 - 1504 1994
17037 # 1504
17037 - 1504 1994
17037 # 1504
17037 - 1504 1994
17037 # 1504
17037 - 1504 1994
17037 # 1504
17037 - 1504 1994
17039 + 1504
17039 + 1504
17039 + 1504
17039 + 1504
17039 + 1504
17039 + 1504
17039 + 1504
17039 + 1504
17039 + 1504
17039 + 1504
17039 + 1504
17039 + 1504
17039 + 1504
17039 + 1504
17039 + 1504
17039 + 1504
17039 + 1504
17039 + 1504
17039 + 1504
17039 + 1504
17039 + 1504
17039 + 1504
17039 + 1504
17039 + 1504
17040 + 1504
17040 + 1504
17040 + 1504
17040 + 1504
17040 + 1504
17040 + 1504
17040 + 1504
17040 + 1504
17040 + 1504
17040 + 1504
17040 + 1504
17040 + 1504
17040 + 1504
17040 + 1504
17040 + 1504
17040 + 1504
17040 + 1504
17040 + 1504
17040 + 1504
17040 + 1504
17040 + 1504
17040 + 1504
17040 + 1504
17040 + 1504
17040 + 1504
17040 + 1504
17040 + 1504
17040 + 1504
17040 + 1504
17040 + 1504
17040 + 1504
17040 + 1504
17040 + 1504
17040 + 1504
17040 + 1504
17040 + 1504
17040 + 1504
17040 + 1504
17040 + 1504
17040 + 1504
17040 + 1504
17040 + 1504
17040 + 1504
17040 + 1504
17040 + 1504
17040 + 1504
17040 + 1504
17040 + 1504
17040 + 1504
17040 + 1504
17040 + 1504
17040 + 1504
17040 + 1504
17040 + 1504
17040 + 1504
17040 + 1504
17040 + 1504
17040 + 1504
17040 + 1504
17040 + 1504
17040 + 1504
17040 + 1504
17040 + 1504
17040 + 1504
17040 + 1504
17040 + 1504
17040 + 1504
17040 + 1504
17040 + 1504
17040 + 1504
17040 + 1504
17040 + 1504
17040 + 1504
17040 + 1504
17040 + 1504
17040 + 1504
17040 + 1504
17040 + 1504
17040 + 1504
17040 + 1504
17040 + 1504
17040 + 1504
17040 + 1504
17040 + 1504
17040 + 1504
17040 + 1504
17040 + 1504
17040 + 1504
17040 + 1504
17040 + 1504
17040 + 1504
17040 + 1504
17040 + 1504
17040 + 1504
17040 + 1504
17040 + 1504
18037 # 1504
18037 - 1504 2994
18037 # 1504
18037 - 1504 2994
18037 # 1504
18037 - 1504 2994
18037 # 1504
18037 - 1504 2994
18037 # 1504
18037 - 1504 2994
18037 # 1504
18037 - 1504 998
18037 # 1504
18037 - 1504 998
18037 # 1504
18037 - 1504 998
18037 # 1504
18037 - 1504 998
18037 # 1504
18037 - 1504 998
18037 # 1504
18037 - 1504 998
18037 # 1504
18037 - 1504 998
18037 # 1504
18037 - 1504 998
18037 # 1504
18037 - 1504 998
18037 # 1504
18037 - 1504 998
18037 # 1504
18037 - 1504 998
18037 # 1504
18037 - 1504 998
18037 # 1504
18037 - 1504 998
18037 # 1504
18037 - 1504 998
18037 # 1504
18037 - 1504 998
18037 # 1504
18037 - 1504 998
18037 # 1504
18037 - 1504 998
18037 # 1504
18037 - 1504 998
18037 # 1504
18037 - 1504 998
18037 # 1504
18037 - 1504 998
18037 # 1504
18037 - 1504 998
18037 # 1504
18037 - 1504 998
18037 # 1504
18037 - 1504 998
18037 # 1504
18037 - 1504 998
18037 # 1504
18037 - 1504 997
18037 # 1504
18037 - 1504 997
18037 # 1504
18037 - 1504 997
18037 # 1504
18037 - 1504 997
18037 # 1504
18037 - 1504 997
18037 # 1504
18037 - 1504 997
18037 # 1504
18037 - 1504 997
18037 # 1504
18037 - 1504 997
18037 # 1504
18037 - 1504 997
18037 # 1504
18037 - 1504 997
18037 # 1504
18037 - 1504 997
18037 # 1504
18037 - 1504 997
18037 # 1504
18037 - 1504 997
18037 # 1504
18037 - 1504 997
18037 # 1504
18037 - 1504 997
18037 # 1504
18037 - 1504 997
18037 # 1504
18037 - 1504 997
18037 # 1504
18037 - 1504 997
18037 # 1504
18037 - 1504 997
18037 # 1504
18037 - 1504 997
18037 # 1504
18037 - 1504 997
18037 # 1504
18037 - 1504 997
18037 # 1504
18037 - 1504 997
18037 # 1504
18037 - 1504 997
18037 # 1504
18037 - 1504 997
18037 # 1504
18037 - 1504 997
18037 # 1504
18037 - 1504 997
18037 # 1504
18037 - 1504 997
18037 # 1504
18037 - 1504 997
18037 # 1504
18037 - 1504 997
18037 # 1504
18037 - 1504 997
18042 + 1504
18042 + 1504
18042 + 1504
18042 + 1504
18042 + 1504
18042 + 1504
18042 + 1504
18042 + 1504
18042 + 1504
18042 + 1504
18042 + 1504
18042 + 1504
18042 + 1504
18042 + 1504
18042 + 1504
18043 + 1504
18043 + 1504
18043 + 1504
18043 + 1504
18043 + 1504
18043 + 1504
18043 + 1504
18043 + 1504
18043 + 1504
18043 + 1504
18043 + 1504
18043 + 1504
18043 + 1504
18043 + 1504
18043 + 1504
18043 + 1504
18043 + 1504
18043 + 1504
18043 + 1504
18043 + 1504
18043 + 1504
18043 + 1504
18043 + 1504
18043 + 1504
18043 + 1504
18043 + 1504
18043 + 1504
18044 + 1504
18044 + 1504
18044 + 1504
18044 + 1504
18044 + 1504
18044 + 1504
18044 + 1504
18044 + 1504
18044 + 1504
18044 + 1504
18044 + 1504
18044 + 1504
18044 + 1504
18044 + 1504
18044 + 1504
18044 + 1504
18044 + 1504
18044 + 1504
18044 + 1504
18044 + 1504
18044 + 1504
18044 + 1504
18044 + 1504
18044 + 1504
18044 + 1504
18044 + 1504
18044 + 1504
18044 + 1504
18044 + 1504
18044 + 1504
18044 + 1504
18044 + 1504
18044 + 1504
18044 + 1504
18044 + 1504
18044 + 1504
18044 + 1504
18044 + 1504
18044 + 1504
18044 + 1504
18044 + 1504
18044 + 1504
18044 + 1504
18044 + 1504
18044 + 1504
18044 + 1504
18044 + 1504
18044 + 1504
18044 + 1504
18044 + 1504
18044 + 1504
18044 + 1504
18044 + 1504
18044 + 1504
18044 + 1504
18044 + 1504
18044 + 1504
18044 + 1504
18044 + 1504
18044 + 1504
18044 + 1504
18044 + 1504
18044 + 1504
18044 + 1504
18044 + 1504
18044 + 1504
18044 + 1504
18044 + 1504
18044 + 1504
18044 + 1504
18044 + 1504
18044 + 1504
18044 + 1504
18044 + 1504
18044 + 1504
18044 + 1504
18044 + 1504
19037 # 1504
19037 - 1504 1997
19037 # 1504
19037 - 1504 1997
19037 # 1504
19037 - 1504 1997
19037 # 1504
19037 - 1504 1997
19037 # 1504
19037 - 1504 1997
19037 # 1504
19037 - 1504 1997
19037 # 1504
19037 - 1504 1997
19037 # 1504
19037 - 1504 1997
19037 # 1504
19037 - 1504 1997
19037 # 1504
19037 - 1504 1997
19037 # 1504
19037 - 1504 1997
19037 # 1504
19037 - 1504 1997
19037 # 1504
19037 - 1504 1997
19037 # 1504
19037 - 1504 1997
19037 # 1504
19037 - 1504 1997
19037 # 1504
19037 - 1504 1997
19037 # 1504
19037 - 1504 1997
19037 # 1504
19037 - 1504 1997
19037 # 1504
19037 - 1504 1997
19037 # 1504
19037 - 1504 1997
19037 # 1504
19037 - 1504 1997
19037 # 1504
19037 - 1504 1997
19037 # 1504
19037 - 1504 1997
19037 # 1504
19037 - 1504 1997
19037 # 1504
19037 - 1504 1997
19037 # 1504
19037 - 1504 1997
19037 # 1504
19037 - 1504 1997
19037 # 1504
19037 - 1504 1997
19037 # 1504
19037 - 1504 1997
19037 # 1504
19037 - 1504 1997
19037 # 1504
19037 - 1504 1997
19037 # 1504
19037 - 1504 1997
19037 # 1504
19037 - 1504 1997
19037 # 1504
19037 - 1504 1997
19037 # 1504
19037 - 1504 1997
19037 # 1504
19037 - 1504 1997
19037 # 1504
19037 - 1504 1997
19037 # 1504
19037 - 1504 1997
19037 # 1504
19037 - 1504 1997
19037 # 1504
19037 - 1504 1997
19037 # 1504
19037 - 1504 1997
19037 # 1504
19037 - 1504 1997
19037 # 1504
19037 - 1504 1997
19037 # 1504
19037 - 1504 1997
19037 # 1504
19037 - 1504 1997
19037 # 1504
19037 - 1504 1997
19037 # 1504
19037 - 1504 1997
19037 # 1504
19037 - 1504 1997
19037 # 1504
19037 - 1504 1997
19037 # 1504
19037 - 1504 1997
19037 # 1504
19037 - 1504 1997
19037 # 1504
19037 - 1504 1997
19037 # 1504
19037 - 1504 1997
19037 # 1504
19037 - 1504 1997
19037 # 1504
19037 - 1504 1997
19037 # 1504
19037 - 1504 1997
19037 # 1504
19037 - 1504 1997
19037 # 1504
19037 - 1504 1997
19037 # 1504
19037 - 1504 1997
19037 # 1504
19037 - 1504 1997
19039 + 1504
19039 + 1504
19039 + 1504
19039 + 1504
19039 + 1504
19039 + 1504
19039 + 1504
19039 + 1504
19039 + 1504
19039 + 1504
19039 + 1504
19039 + 1504
19039 + 1504
19039 + 1504
19039 + 1504
19039 + 1504
19039 + 1504
19039 + 1504
19039 + 1504
19039 + 1504
19039 + 1504
19039 + 1504
19039 + 1504
19039 + 1504
19039 + 1504
19039 + 1504
19039 + 1504
19039 + 1504
19039 + 1504
19039 + 1504
19039 + 1504
19039 + 1504
19039 + 1504
19039 + 1504
19039 + 1504
19039 + 1504
19039 + 1504
19039 + 1504
19039 + 1504
19039 + 1504
19039 + 1504
19039 + 1504
19039 + 1504
19039 + 1504
19039 + 1504
19039 + 1504
19039 + 1504
19039 + 1504
19039 + 1504
19039 + 1504
19039 + 1504
19039 + 1504
19039 + 1504
19039 + 1504
19039 + 1504
19039 + 1504
19039 + 1504
19039 + 1504
19039 + 1504
19039 + 1504
19039 + 1504
19039 + 1504
19039 + 1504
19039 + 1504
19039 + 1504
19039 + 1504
19039 + 1504
19039 + 1504
19039 + 1504
19039 + 1504
19039 + 1504
19039 + 1504
19039 + 1504
19039 + 1504
19039 + 1504
19039 + 1504
19039 + 1504
19039 + 1504
19039 + 1504
19039 + 1504
19039 + 1504
19039 + 1504
19039 + 1504
19039 + 1504
19039 + 1504
19039 + 1504
19039 + 1504
19039 + 1504
19039 + 1504
19039 + 1504
19039 + 1504
19039 + 1504
19039 + 1504
19039 + 1504
19039 + 1504
19039 + 1504
19039 + 1504
19039 + 1504
19039 + 1504
19039 + 1504
19039 + 1504
19039 + 1504
19039 + 1504
19039 + 1504
19039 + 1504
19039 + 1504
19039 + 1504
19039 + 1504
19039 + 1504
19039 + 1504
19039 + 1504
19039 + 1504
19039 + 1504
19039 + 1504
19039 + 1504
19039 + 1504
19039 + 1504
19039 + 1504
19039 + 1504
19039 + 1504
20037 # 1504
20037 - 1504 2997
20037 # 1504
20037 - 1504 2997
20037 # 1504
20037 - 1504 2997
20037 # 1504
20037 - 1504 2997
20037 # 1504
20037 - 1504 2997
20037 # 1504
20037 - 1504 1995
20037 # 1504
20037 - 1504 1995
20037 # 1504
20037 - 1504 1995
20037 # 1504
20037 - 1504 1995
20037 # 1504
20037 - 1504 1995
20037 # 1504
20037 - 1504 1995
20037 # 1504
20037 - 1504 1995
20037 # 1504
20037 - 1504 1995
20037 # 1504
20037 - 1504 1995
20037 # 1504
20037 - 1504 1995
20037 # 1504
20037 - 1504 1995
20037 # 1504
20037 - 1504 1995
20037 # 1504
20037 - 1504 1995
20037 # 1504
20037 - 1504 1995
20037 # 1504
20037 - 1504 1995
20037 # 1504
20037 - 1504 1994
20037 # 1504
20037 - 1504 1994
20037 # 1504
20037 - 1504 1994
20037 # 1504
20037 - 1504 1994
20037 # 1504
20037 - 1504 1994
20037 # 1504
20037 - 1504 1994
20037 # 1504
20037 - 1504 1994
20037 # 1504
20037 - 1504 1994
20037 # 1504
20037 - 1504 1994
20037 # 1504
20037 - 1504 1994
20037 # 1504
20037 - 1504 1994
20037 # 1504
20037 - 1504 1994
20037 # 1504
20037 - 1504 1994
20037 # 1504
20037 - 1504 1994
20037 # 1504
20037 - 1504 1994
20037 # 1504
20037 - 1504 1994
20037 # 1504
20037 - 1504 1994
20037 # 1504
20037 - 1504 1994
20037 # 1504
20037 - 1504 1994
20037 # 1504
20037 - 1504 1994
20037 # 1504
20037 - 1504 1994
20037 # 1504
20037 - 1504 1994
20037 # 1504
20037 - 1504 1994
20037 # 1504
20037 - 1504 1994
20037 # 1504
20037 - 1504 1994
20037 # 1504
20037 - 1504 1994
20037 # 1504
20037 - 1504 1994
20037 # 1504
20037 - 1504 1993
20037 # 1504
20037 - 1504 1993
20037 # 1504
20037 - 1504 1993
20037 # 1504
20037 - 1504 1993
20037 # 1504
20037 - 1504 1993
20037 # 1504
20037 - 1504 1993
20037 # 1504
20037 - 1504 1993
20037 # 1504
20037 - 1504 1993
20037 # 1504
20037 - 1504 1993
20037 # 1504
20037 - 1504 1993
20037 # 1504
20037 - 1504 1993
20037 # 1504
20037 - 1504 1993
20037 # 1504
20037 - 1504 1993
20040 + 1504
20040 + 1504
20040 + 1504
20040 + 1504
20040 + 1504
20040 + 1504
20040 + 1504
20040 + 1504
20040 + 1504
20040 + 1504
20040 + 1504
20040 + 1504
20040 + 1504
20040 + 1504
20040 + 1504
20040 + 1504
20040 + 1504
20040 + 1504
20040 + 1504
20040 + 1504
20040 + 1504
20040 + 1504
20040 + 1504
20040 + 1504
20040 + 1504
20040 + 1504
20040 + 1504
20040 + 1504
20040 + 1504
20040 + 1504
20040 + 1504
20040 + 1504
20040 + 1504
20040 + 1504
20040 + 1504
20040 + 1504
20040 + 1504
20040 + 1504
20040 + 1504
20040 + 1504
20040 + 1504
20040 + 1504
20040 + 1504
20040 + 1504
20040 + 1504
20040 + 1504
20040 + 1504
20040 + 1504
20040 + 1504
20041 + 1504
20041 + 1504
20041 + 1504
20041 + 1504
20041 + 1504
20041 + 1504
20041 + 1504
20041 + 1504
20041 + 1504
20041 + 1504
20041 + 1504
20041 + 1504
20041 + 1504
20041 + 1504
20041 + 1504
20041 + 1504
20041 + 1504
20041 + 1504
20041 + 1504
20041 + 1504
20041 + 1504
20041 + 1504
20041 + 1504
20041 + 1504
20041 + 1504
20041 + 1504
20041 + 1504
20041 + 1504
20041 + 1504
20041 + 1504
20041 + 1504
20041 + 1504
20041 + 1504
20041 + 1504
20041 + 1504
20041 + 1504
20041 + 1504
20041 + 1504
20041 + 1504
20041 + 1504
20041 + 1504
20041 + 1504
20041 + 1504
20041 + 1504
20041 + 1504
20041 + 1504
20041 + 1504
20041 + 1504
20041 + 1504
20041 + 1504
20041 + 1504
20041 + 1504
20041 + 1504
20041 + 1504
20041 + 1504
20041 + 1504
20041 + 1504
20041 + 1504
20041 + 1504
20041 + 1504
20041 + 1504
20041 + 1504
20041 + 1504
20041 + 1504
20041 + 1504
20041 + 1504
20041 + 1504
20041 + 1504
20041 + 1504
20041 + 1504
20041 + 1504
21037 # 1504
21037 - 1504 2993
21037 # 1504
21037 - 1504 2993
21037 # 1504
21037 - 1504 2993
21037 # 1504
21037 - 1504 2993
21037 # 1504
21037 - 1504 2993
21037 # 1504
21037 - 1504 2993
21037 # 1504
21037 - 1504 2993
21037 # 1504
21037 - 1504 2993
21037 # 1504
21037 - 1504 2993
21037 # 1504
21037 - 1504 2993
21037 # 1504
21037 - 1504 2993
21037 # 1504
21037 - 1504 2993
21037 # 1504
21037 - 1504 2993
21037 # 1504
21037 - 1504 2993
21037 # 1504
21037 - 1504 2993
21037 # 1504
21037 - 1504 2993
21037 # 1504
21037 - 1504 2993
21037 # 1504
21037 - 1504 2993
21037 # 1504
21037 - 1504 2993
21037 # 1504
21037 - 1504 2993
21037 # 1504
21037 - 1504 2993
21037 # 1504
21037 - 1504 2993
21037 # 1504
21037 - 1504 2993
21037 # 1504
21037 - 1504 2993
21037 # 1504
21037 - 1504 2993
21037 # 1504
21037 - 1504 2993
21037 # 1504
21037 - 1504 2993
21037 # 1504
21037 - 1504 2993
21037 # 1504
21037 - 1504 2993
21037 # 1504
21037 - 1504 2993
21037 # 1504
21037 - 1504 2993
21037 # 1504
21037 - 1504 2993
21037 # 1504
21037 - 1504 2993
21037 # 1504
21037 - 1504 2993
21037 # 1504
21037 - 1504 2993
21037 # 1504
21037 - 1504 2993
21037 # 1504
21037 - 1504 2993
21037 # 1504
21037 - 1504 2993
21037 # 1504
21037 - 1504 2993
21037 # 1504
21037 - 1504 2993
21037 # 1504
21037 - 1504 2993
21037 # 1504
21037 - 1504 2993
21037 # 1504
21037 - 1504 2993
21037 # 1504
21037 - 1504 2993
21037 # 1504
21037 - 1504 2993
21037 # 1504
21037 - 1504 2993
21037 # 1504
21037 - 1504 2993
21037 # 1504
21037 - 1504 2993
21037 # 1504
21037 - 1504 2993
21037 # 1504
21037 - 1504 2993
21037 # 1504
21037 - 1504 2993
21037 # 1504
21037 - 1504 2993
21037 # 1504
21037 - 1504 2993
21037 # 1504
21037 - 1504 2993
21037 # 1504
21037 - 1504 2993
21037 # 1504
21037 - 1504 2993
21037 # 1504
21037 - 1504 2993
21037 # 1504
21037 - 1504 2993
21037 # 1504
21037 - 1504 2993
21037 # 1504
21037 - 1504 2993
21044 + 1504
21044 + 1504
21044 + 1504
21044 + 1504
21044 + 1504
21044 + 1504
21044 + 1504
21044 + 1504
21045 + 1504
21045 + 1504
21045 + 1504
21045 + 1504
21045 + 1504
21045 + 1504
21046 + 1504
21046 + 1504
21046 + 1504
21046 + 1504
21046 + 1504
21046 + 1504
21046 + 1504
21046 + 1504
21046 + 1504
21046 + 1504
21046 + 1504
21046 + 1504
21046 + 1504
21046 + 1504
21046 + 1504
21046 + 1504
21046 + 1504
21046 + 1504
21046 + 1504
21046 + 1504
21046 + 1504
21046 + 1504
21046 + 1504
21047 + 1504
21047 + 1504
21047 + 1504
21047 + 1504
21047 + 1504
21047 + 1504
21047 + 1504
21047 + 1504
21047 + 1504
21047 + 1504
21047 + 1504
21047 + 1504
21047 + 1504
21047 + 1504
21047 + 1504
21047 + 1504
21047 + 1504
21047 + 1504
21047 + 1504
21047 + 1504
21047 + 1504
21047 + 1504
21047 + 1504
21047 + 1504
21047 + 1504
21047 + 1504
21047 + 1504
21047 + 1504
21047 + 1504
21047 + 1504
21047 + 1504
21047 + 1504
21047 + 1504
21047 + 1504
21047 + 1504
21047 + 1504
21047 + 1504
21047 + 1504
21047 + 1504
21047 + 1504
21047 + 1504
21048 + 1504
21048 + 1504
21048 + 1504
21048 + 1504
21048 + 1504
21048 + 1504
21048 + 1504
21048 + 1504
21048 + 1504
21048 + 1504
21048 + 1504
21048 + 1504
21048 + 1504
21048 + 1504
21048 + 1504
21048 + 1504
21048 + 1504
21048 + 1504
21048 + 1504
21048 + 1504
21048 + 1504
21048 + 1504
21048 + 1504
21048 + 1504
21048 + 1504
21048 + 1504
21048 + 1504
21048 + 1504
21048 + 1504
21048 + 1504
21048 + 1504
21048 + 1504
21048 + 1504
21048 + 1504
21048 + 1504
21048 + 1504
21048 + 1504
21048 + 1504
21048 + 1504
21048 + 1504
21048 + 1504
21048 + 1504
22037 # 1504
22037 - 1504 3993
22037 # 1504
22037 - 1504 3993
22037 # 1504
22037 - 1504 3993
22037 # 1504
22037 - 1504 3993
22037 # 1504
22037 - 1504 2998
22037 # 1504
22037 - 1504 2998
22037 # 1504
22037 - 1504 2998
22037 # 1504
22037 - 1504 2998
22037 # 1504
22037 - 1504 2998
22037 # 1504
22037 - 1504 2998
22037 # 1504
22037 - 1504 2998
22037 # 1504
22037 - 1504 2998
22037 # 1504
22037 - 1504 2998
22037 # 1504
22037 - 1504 2998
22037 # 1504
22037 - 1504 2998
22037 # 1504
22037 - 1504 2998
22037 # 1504
22037 - 1504 2998
22037 # 1504
22037 - 1504 2998
22037 # 1504
22037 - 1504 2998
22037 # 1504
22037 - 1504 2998
22037 # 1504
22037 - 1504 2998
22037 # 1504
22037 - 1504 2998
22037 # 1504
22037 - 1504 2998
22037 # 1504
22037 - 1504 2998
22037 # 1504
22037 - 1504 2998
22037 # 1504
22037 - 1504 2998
22037 # 1504
22037 - 1504 2998
22037 # 1504
22037 - 1504 2998
22037 # 1504
22037 - 1504 2998
22037 # 1504
22037 - 1504 2998
22037 # 1504
22037 - 1504 2998
22037 # 1504
22037 - 1504 2998
22037 # 1504
22037 - 1504 2998
22037 # 1504
22037 - 1504 2998
22037 # 1504
22037 - 1504 2998
22037 # 1504
22037 - 1504 2998
22037 # 1504
22037 - 1504 2998
22037 # 1504
22037 - 1504 2998
22037 # 1504
22037 - 1504 2998
22037 # 1504
22037 - 1504 2998
22037 # 1504
22037 - 1504 2998
22037 # 1504
22037 - 1504 2998
22037 # 1504
22037 - 1504 2998
22037 # 1504
22037 - 1504 2998
22037 # 1504
22037 - 1504 2998
22037 # 1504
22037 - 1504 2998
22037 # 1504
22037 - 1504 2998
22037 # 1504
22037 - 1504 2998
22037 # 1504
22037 - 1504 2998
22037 # 1504
22037 - 1504 2998
22037 # 1504
22037 - 1504 2998
22037 # 1504
22037 - 1504 2998
22037 # 1504
22037 - 1504 2998
22037 # 1504
22037 - 1504 2998
22037 # 1504
22037 - 1504 2998
22037 # 1504
22037 - 1504 2998
22037 # 1504
22037 - 1504 2998
22037 # 1504
22037 - 1504 2998
22037 # 1504
22037 - 1504 2998
22037 # 1504
22037 - 1504 2998
22040 + 1504
22040 + 1504
22040 + 1504
22040 + 1504
22040 + 1504
22040 + 1504
22040 + 1504
22040 + 1504
22040 + 1504
22040 + 1504
22040 + 1504
22040 + 1504
22040 + 1504
22040 + 1504
22040 + 1504
22040 + 1504
22040 + 1504
22040 + 1504
22040 + 1504
22040 + 1504
22040 + 1504
22040 + 1504
22040 + 1504
22040 + 1504
22040 + 1504
22040 + 1504
22040 + 1504
22041 + 1504
22041 + 1504
22041 + 1504
22041 + 1504
22041 + 1504
22041 + 1504
22041 + 1504
22041 + 1504
22041 + 1504
22041 + 1504
22041 + 1504
22041 + 1504
22041 + 1504
22041 + 1504
22041 + 1504
22041 + 1504
22041 + 1504
22041 + 1504
22041 + 1504
22041 + 1504
22041 + 1504
22041 + 1504
22041 + 1504
22041 + 1504
22041 + 1504
22041 + 1504
22041 + 1504
22041 + 1504
22041 + 1504
22041 + 1504
22041 + 1504
22041 + 1504
22041 + 1504
22041 + 1504
22041 + 1504
22041 + 1504
22041 + 1504
22041 + 1504
22041 + 1504
22041 + 1504
22041 + 1504
22041 + 1504
22041 + 1504
22041 + 1504
22041 + 1504
22041 + 1504
22041 + 1504
22041 + 1504
22041 + 1504
22041 + 1504
22041 + 1504
22041 + 1504
22041 + 1504
22041 + 1504
22041 + 1504
22041 + 1504
22041 + 1504
22041 + 1504
22041 + 1504
22041 + 1504
22041 + 1504
22041 + 1504
22041 + 1504
22041 + 1504
22041 + 1504
22041 + 1504
22041 + 1504
22041 + 1504
22041 + 1504
22041 + 1504
22041 + 1504
22041 + 1504
22041 + 1504
22041 + 1504
22041 + 1504
22041 + 1504
22041 + 1504
22041 + 1504
22041 + 1504
22041 + 1504
22041 + 1504
22042 + 1504
22042 + 1504
22042 + 1504
22042 + 1504
22042 + 1504
22042 + 1504
22042 + 1504
22042 + 1504
22042 + 1504
22042 + 1504
22042 + 1504
22042 + 1504
23037 # 1504
23037 - 1504 3998
23037 # 1504
23037 - 1504 3998
23037 # 1504
23037 - 1504 3998
23037 # 1504
23037 - 1504 3998
23037 # 1504
23037 - 1504 3998
23037 # 1504
23037 - 1504 3998
23037 # 1504
23037 - 1504 3998
23037 # 1504
23037 - 1504 3998
23037 # 1504
23037 - 1504 3998
23037 # 1504
23037 - 1504 3998
23037 # 1504
23037 - 1504 3998
23037 # 1504
23037 - 1504 3998
23037 # 1504
23037 - 1504 3998
23037 # 1504
23037 - 1504 3998
23037 # 1504
23037 - 1504 3998
23037 # 1504
23037 - 1504 3998
23037 # 1504
23037 - 1504 3998
23037 # 1504
23037 - 1504 3998
23037 # 1504
23037 - 1504 3998
23037 # 1504
23037 - 1504 3998
23037 # 1504
23037 - 1504 3998
23037 # 1504
23037 - 1504 3998
23037 # 1504
23037 - 1504 3998
23037 # 1504
23037 - 1504 3998
23037 # 1504
23037 - 1504 3998
23037 # 1504
23037 - 1504 3998
23037 # 1504
23037 - 1504 3998
23037 # 1504
23037 - 1504 3998
23037 # 1504
23037 - 1504 3998
23037 # 1504
23037 - 1504 3998
23037 # 1504
23037 - 1504 3998
23037 # 1504
23037 - 1504 3998
23037 # 1504
23037 - 1504 3998
23037 # 1504
23037 - 1504 3998
23037 # 1504
23037 - 1504 3998
23037 # 1504
23037 - 1504 3998
23037 # 1504
23037 - 1504 3998
23037 # 1504
23037 - 1504 3998
23037 # 1504
23037 - 1504 3998
23037 # 1504
23037 - 1504 3998
23037 # 1504
23037 - 1504 3998
23037 # 1504
23037 - 1504 3998
23037 # 1504
23037 - 1504 3998
23037 # 1504
23037 - 1504 3998
23037 # 1504
23037 - 1504 3998
23037 # 1504
23037 - 1504 3998
23037 # 1504
23037 - 1504 3998
23037 # 1504
23037 - 1504 3998
23037 # 1504
23037 - 1504 3998
23037 # 1504
23037 - 1504 3998
23037 # 1504
23037 - 1504 3998
23037 # 1504
23037 - 1504 3998
23037 # 1504
23037 - 1504 3998
23037 # 1504
23037 - 1504 3998
23037 # 1504
23037 - 1504 3998
23037 # 1504
23037 - 1504 3998
23037 # 1504
23037 - 1504 3998
23037 # 1504
23037 - 1504 3998
23037 # 1504
23037 - 1504 3998
23037 # 1504
23037 - 1504 3998
23040 + 1504
23040 + 1504
23041 + 1504
23041 + 1504
23041 + 1504
23041 + 1504
23041 + 1504
23041 + 1504
23041 + 1504
23041 + 1504
23041 + 1504
23041 + 1504
23041 + 1504
23041 + 1504
23041 + 1504
23041 + 1504
23041 + 1504
23041 + 1504
23041 + 1504
23041 + 1504
23041 + 1504
23041 + 1504
23041 + 1504
23041 + 1504
23042 + 1504
23042 + 1504
23042 + 1504
23042 + 1504
23042 + 1504
23042 + 1504
23042 + 1504
23042 + 1504
23042 + 1504
23042 + 1504
23042 + 1504
23042 + 1504
23042 + 1504
23042 + 1504
23042 + 1504
23042 + 1504
23042 + 1504
23042 + 1504
23043 + 1504
23043 + 1504
23043 + 1504
23043 + 1504
23043 + 1504
23043 + 1504
23043 + 1504
23043 + 1504
23043 + 1504
23043 + 1504
23043 + 1504
23043 + 1504
23043 + 1504
23043 + 1504
23043 + 1504
23043 + 1504
23043 + 1504
23043 + 1504
23043 + 1504
23043 + 1504
23043 + 1504
23043 + 1504
23043 + 1504
23043 + 1504
23043 + 1504
23043 + 1504
23043 + 1504
23043 + 1504
23043 + 1504
23043 + 1504
23043 + 1504
23043 + 1504
23043 + 1504
23043 + 1504
23043 + 1504
23043 + 1504
23043 + 1504
23043 + 1504
23043 + 1504
23043 + 1504
23043 + 1504
23043 + 1504
23043 + 1504
23043 + 1504
23043 + 1504
23043 + 1504
23043 + 1504
23043 + 1504
23043 + 1504
23043 + 1504
23043 + 1504
23043 + 1504
23043 + 1504
23043 + 1504
23043 + 1504
23043 + 1504
23043 + 1504
23043 + 1504
23043 + 1504
23043 + 1504
23043 + 1504
23043 + 1504
23043 + 1504
23043 + 1504
23044 + 1504
23044 + 1504
23044 + 1504
23044 + 1504
23044 + 1504
23044 + 1504
23044 + 1504
23044 + 1504
23044 + 1504
23044 + 1504
23044 + 1504
23044 + 1504
23044 + 1504
23044 + 1504
24037 # 1504
24037 - 1504 4998
24037 # 1504
24037 - 1504 4998
24037 # 1504
24037 - 1504 4998
24037 # 1504
24037 - 1504 4998
24037 # 1504
24037 - 1504 3997
24037 # 1504
24037 - 1504 3997
24037 # 1504
24037 - 1504 3997
24037 # 1504
24037 - 1504 3997
24037 # 1504
24037 - 1504 3997
24037 # 1504
24037 - 1504 3997
24037 # 1504
24037 - 1504 3997
24037 # 1504
24037 - 1504 3997
24037 # 1504
24037 - 1504 3997
24037 # 1504
24037 - 1504 3997
24037 # 1504
24037 - 1504 3997
24037 # 1504
24037 - 1504 3997
24037 # 1504
24037 - 1504 3997
24037 # 1504
24037 - 1504 3997
24037 # 1504
24037 - 1504 3997
24037 # 1504
24037 - 1504 3997
24037 # 1504
24037 - 1504 3997
24037 # 1504
24037 - 1504 3997
24037 # 1504
24037 - 1504 3997
24037 # 1504
24037 - 1504 3997
24037 # 1504
24037 - 1504 3997
24037 # 1504
24037 - 1504 3997
24037 # 1504
24037 - 1504 3997
24037 # 1504
24037 - 1504 3997
24037 # 1504
24037 - 1504 3997
24037 # 1504
24037 - 1504 3997
24037 # 1504
24037 - 1504 3997
24037 # 1504
24037 - 1504 3997
24037 # 1504
24037 - 1504 3997
24037 # 1504
24037 - 1504 3997
24037 # 1504
24037 - 1504 3997
24037 # 1504
24037 - 1504 3997
24037 # 1504
24037 - 1504 3997
24037 # 1504
24037 - 1504 3997
24037 # 1504
24037 - 1504 3997
24037 # 1504
24037 - 1504 3997
24037 # 1504
24037 - 1504 3997
24037 # 1504
24037 - 1504 3997
24037 # 1504
24037 - 1504 3997
24037 # 1504
24037 - 1504 3997
24037 # 1504
24037 - 1504 3997
24037 # 1504
24037 - 1504 3997
24037 # 1504
24037 - 1504 3997
24037 # 1504
24037 - 1504 3997
24037 # 1504
24037 - 1504 3997
24037 # 1504
24037 - 1504 3997
24037 # 1504
24037 - 1504 3997
24037 # 1504
24037 - 1504 3997
24037 # 1504
24037 - 1504 3997
24037 # 1504
24037 - 1504 3996
24037 # 1504
24037 - 1504 3996
24037 # 1504
24037 - 1504 3996
24037 # 1504
24037 - 1504 3996
24037 # 1504
24037 - 1504 3996
24037 # 1504
24037 - 1504 3996
24037 # 1504
24037 - 1504 3996
24041 + 1504
24041 + 1504
24041 + 1504
24041 + 1504
24041 + 1504
24041 + 1504
24041 + 1504
24041 + 1504
24041 + 1504
24041 + 1504
24041 + 1504
24041 + 1504
24041 + 1504
24042 + 1504
24042 + 1504
24042 + 1504
24042 + 1504
24042 + 1504
24042 + 1504
24042 + 1504
24042 + 1504
24042 + 1504
24042 + 1504
24042 + 1504
24042 + 1504
24042 + 1504
24042 + 1504
24042 + 1504
24042 + 1504
24042 + 1504
24042 + 1504
24042 + 1504
24042 + 1504
24043 + 1504
24043 + 1504
24043 + 1504
24043 + 1504
24043 + 1504
24043 + 1504
24043 + 1504
24043 + 1504
24043 + 1504
24043 + 1504
24043 + 1504
24043 + 1504
24043 + 1504
24043 + 1504
24043 + 1504
24043 + 1504
24043 + 1504
24043 + 1504
24044 + 1504
24044 + 1504
24044 + 1504
24044 + 1504
24044 + 1504
24044 + 1504
24044 + 1504
24044 + 1504
24044 + 1504
24044 + 1504
24044 + 1504
24044 + 1504
24044 + 1504
24044 + 1504
24044 + 1504
24044 + 1504
24044 + 1504
24044 + 1504
24044 + 1504
24044 + 1504
24044 + 1504
24044 + 1504
24044 + 1504
24044 + 1504
24044 + 1504
24044 + 1504
24044 + 1504
24044 + 1504
24044 + 1504
24044 + 1504
24044 + 1504
24044 + 1504
24044 + 1504
24044 + 1504
24044 + 1504
24044 + 1504
24045 + 1504
24045 + 1504
24045 + 1504
24045 + 1504
24045 + 1504
24045 + 1504
24045 + 1504
24045 + 1504
24045 + 1504
24045 + 1504
24045 + 1504
24045 + 1504
24045 + 1504
24045 + 1504
24045 + 1504
24045 + 1504
24045 + 1504
24045 + 1504
24045 + 1504
24045 + 1504
24045 + 1504
24045 + 1504
24045 + 1504
24045 + 1504
24045 + 1504
24045 + 1504
24045 + 1504
24045 + 1504
24045 + 1504
24045 + 1504
24045 + 1504
24045 + 1504
24046 + 1504
25037 # 1504
25037 - 1504 4996
25037 # 1504
25037 - 1504 4996
25037 # 1504
25037 - 1504 4996
25037 # 1504
25037 - 1504 4996
25037 # 1504
25037 - 1504 4996
25037 # 1504
25037 - 1504 4996
25037 # 1504
25037 - 1504 4996
25037 # 1504
25037 - 1504 4996
25037 # 1504
25037 - 1504 4996
25037 # 1504
25037 - 1504 4996
25037 # 1504
25037 - 1504 4996
25037 # 1504
25037 - 1504 4996
25037 # 1504
25037 - 1504 4996
25037 # 1504
25037 - 1504 4996
25037 # 1504
25037 - 1504 4996
25037 # 1504
25037 - 1504 4996
25037 # 1504
25037 - 1504 4996
25037 # 1504
25037 - 1504 4996
25037 # 1504
25037 - 1504 4996
25037 # 1504
25037 - 1504 4996
25037 # 1504
25037 - 1504 4996
25037 # 1504
25037 - 1504 4996
25037 # 1504
25037 - 1504 4996
25037 # 1504
25037 - 1504 4996
25037 # 1504
25037 - 1504 4996
25037 # 1504
25037 - 1504 4996
25037 # 1504
25037 - 1504 4996
25037 # 1504
25037 - 1504 4996
25037 # 1504
25037 - 1504 4996
25037 # 1504
25037 - 1504 4996
25037 # 1504
25037 - 1504 4996
25037 # 1504
25037 - 1504 4996
25037 # 1504
25037 - 1504 4996
25037 # 1504
25037 - 1504 4996
25037 # 1504
25037 - 1504 4996
25037 # 1504
25037 - 1504 4996
25037 # 1504
25037 - 1504 4996
25037 # 1504
25037 - 1504 4996
25037 # 1504
25037 - 1504 4996
25037 # 1504
25037 - 1504 4996
25037 # 1504
25037 - 1504 4996
25037 # 1504
25037 - 1504 4996
25037 # 1504
25037 - 1504 4996
25037 # 1504
25037 - 1504 4996
25037 # 1504
25037 - 1504 4996
25037 # 1504
25037 - 1504 4996
25037 # 1504
25037 - 1504 4996
25037 # 1504
25037 - 1504 4996
25037 # 1504
25037 - 1504 4996
25037 # 1504
25037 - 1504 4996
25037 # 1504
25037 - 1504 4996
25037 # 1504
25037 - 1504 4996
25037 # 1504
25037 - 1504 4996
25037 # 1504
25037 - 1504 4996
25037 # 1504
25037 - 1504 4996
25037 # 1504
25037 - 1504 4996
25037 # 1504
25037 - 1504 4996
25037 # 1504
25037 - 1504 4996
25037 # 1504
25037 - 1504 4996
25037 # 1504
25037 - 1504 4996
25041 + 1504
25041 + 1504
25041 + 1504
25042 + 1504
25042 + 1504
25042 + 1504
25042 + 1504
25042 + 1504
25042 + 1504
25042 + 1504
25042 + 1504
25042 + 1504
25042 + 1504
25042 + 1504
25042 + 1504
25042 + 1504
25042 + 1504
25042 + 1504
25042 + 1504
25042 + 1504
25042 + 1504
25042 + 1504
25042 + 1504
25042 + 1504
25042 + 1504
25042 + 1504
25042 + 1504
25042 + 1504
25042 + 1504
25042 + 1504
25042 + 1504
25042 + 1504
25042 + 1504
25042 + 1504
25042 + 1504
25042 + 1504
25042 + 1504
25042 + 1504
25042 + 1504
25043 + 1504
25043 + 1504
25043 + 1504
25043 + 1504
25043 + 1504
25043 + 1504
25044 + 1504
25044 + 1504
25044 + 1504
25044 + 1504
25044 + 1504
25044 + 1504
25044 + 1504
25044 + 1504
25044 + 1504
25044 + 1504
25044 + 1504
25044 + 1504
25044 + 1504
25044 + 1504
25044 + 1504
25044 + 1504
25044 + 1504
25044 + 1504
25044 + 1504
25044 + 1504
25044 + 1504
25044 + 1504
25044 + 1504
25044 + 1504
25044 + 1504
25044 + 1504
25044 + 1504
25044 + 1504
25044 + 1504
25044 + 1504
25044 + 1504
25044 + 1504
25044 + 1504
25044 + 1504
25044 + 1504
25044 + 1504
25044 + 1504
25044 + 1504
25044 + 1504
25044 + 1504
25044 + 1504
25044 + 1504
25044 + 1504
25044 + 1504
25044 + 1504
25044 + 1504
25044 + 1504
25044 + 1504
25045 + 1504
25045 + 1504
25045 + 1504
25045 + 1504
25045 + 1504
25045 + 1504
25045 + 1504
25045 + 1504
25045 + 1504
25045 + 1504
25045 + 1504
25045 + 1504
25045 + 1504
25045 + 1504
25045 + 1504
25045 + 1504
25045 + 1504
25045 + 1504
25045 + 1504
25045 + 1504
25045 + 1504
25045 + 1504
25045 + 1504
25045 + 1504
25045 + 1504
25045 + 1504
25045 + 1504
26037 # 1504
26037 - 1504 5996
26037 # 1504
26037 - 1504 5996
26037 # 1504
26037 - 1504 5996
26037 # 1504
26037 - 1504 5996
26037 # 1504
26037 - 1504 4993
26037 # 1504
26037 - 1504 4993
26037 # 1504
26037 - 1504 4993
26037 # 1504
26037 - 1504 4993
26037 # 1504
26037 - 1504 4993
26037 # 1504
26037 - 1504 4993
26037 # 1504
26037 - 1504 4993
26037 # 1504
26037 - 1504 4993
26037 # 1504
26037 - 1504 4992
26037 # 1504
26037 - 1504 4992
26037 # 1504
26037 - 1504 4992
26037 # 1504
26037 - 1504 4992
26037 # 1504
26037 - 1504 4992
26037 # 1504
26037 - 1504 4992
26037 # 1504
26037 - 1504 4991
26037 # 1504
26037 - 1504 4991
26037 # 1504
26037 - 1504 4991
26037 # 1504
26037 - 1504 4991
26037 # 1504
26037 - 1504 4991
26037 # 1504
26037 - 1504 4991
26037 # 1504
26037 - 1504 4991
26037 # 1504
26037 - 1504 4991
26037 # 1504
26037 - 1504 4991
26037 # 1504
26037 - 1504 4991
26037 # 1504
26037 - 1504 4991
26037 # 1504
26037 - 1504 4991
26037 # 1504
26037 - 1504 4991
26037 # 1504
26037 - 1504 4991
26037 # 1504
26037 - 1504 4991
26037 # 1504
26037 - 1504 4991
26037 # 1504
26037 - 1504 4991
26037 # 1504
26037 - 1504 4991
26037 # 1504
26037 - 1504 4991
26037 # 1504
26037 - 1504 4991
26037 # 1504
26037 - 1504 4991
26037 # 1504
26037 - 1504 4991
26037 # 1504
26037 - 1504 4991
26037 # 1504
26037 - 1504 4990
26037 # 1504
26037 - 1504 4990
26037 # 1504
26037 - 1504 4990
26037 # 1504
26037 - 1504 4990
26037 # 1504
26037 - 1504 4990
26037 # 1504
26037 - 1504 4990
26037 # 1504
26037 - 1504 4990
26037 # 1504
26037 - 1504 4990
26037 # 1504
26037 - 1504 4990
26037 # 1504
26037 - 1504 4990
26037 # 1504
26037 - 1504 4990
26037 # 1504
26037 - 1504 4990
26037 # 1504
26037 - 1504 4990
26037 # 1504
26037 - 1504 4990
26037 # 1504
26037 - 1504 4990
26037 # 1504
26037 - 1504 4990
26037 # 1504
26037 - 1504 4990
26037 # 1504
26037 - 1504 4990
26037 # 1504
26037 - 1504 4990
26042 + 1504
26043 + 1504
26043 + 1504
26043 + 1504
26043 + 1504
26043 + 1504
26043 + 1504
26043 + 1504
26043 + 1504
26043 + 1504
26043 + 1504
26043 + 1504
26043 + 1504
26043 + 1504
26043 + 1504
26043 + 1504
26043 + 1504
26043 + 1504
26043 + 1504
26043 + 1504
26043 + 1504
26043 + 1504
26043 + 1504
26043 + 1504
26043 + 1504
26043 + 1504
26043 + 1504
26043 + 1504
26043 + 1504
26043 + 1504
26043 + 1504
26043 + 1504
26043 + 1504
26043 + 1504
26043 + 1504
26043 + 1504
26043 + 1504
26043 + 1504
26043 + 1504
26043 + 1504
26043 + 1504
26043 + 1504
26043 + 1504
26043 + 1504
26043 + 1504
26043 + 1504
26043 + 1504
26043 + 1504
26043 + 1504
26043 + 1504
26043 + 1504
26043 + 1504
26043 + 1504
26043 + 1504
26043 + 1504
26043 + 1504
26043 + 1504
26043 + 1504
26043 + 1504
26043 + 1504
26043 + 1504
26043 + 1504
26043 + 1504
26043 + 1504
26043 + 1504
26043 + 1504
26043 + 1504
26043 + 1504
26043 + 1504
26043 + 1504
26043 + 1504
26043 + 1504
26043 + 1504
26043 + 1504
26043 + 1504
26043 + 1504
26043 + 1504
26043 + 1504
26043 + 1504
26043 + 1504
26043 + 1504
26043 + 1504
26044 + 1504
26044 + 1504
26044 + 1504
26044 + 1504
26044 + 1504
26044 + 1504
26044 + 1504
26044 + 1504
26044 + 1504
26044 + 1504
26044 + 1504
26044 + 1504
26044 + 1504
26044 + 1504
26044 + 1504
26044 + 1504
26044 + 1504
26044 + 1504
26044 + 1504
26044 + 1504
26044 + 1504
26044 + 1504
26044 + 1504
26044 + 1504
26044 + 1504
26044 + 1504
26044 + 1504
26044 + 1504
26044 + 1504
26044 + 1504
26044 + 1504
26044 + 1504
26044 + 1504
26044 + 1504
26044 + 1504
26044 + 1504
26044 + 1504
26044 + 1504
27037 # 1504
27037 - 1504 5990
27037 # 1504
27037 - 1504 5990
27037 # 1504
27037 - 1504 5990
27037 # 1504
27037 - 1504 5990
27037 # 1504
27037 - 1504 5990
27037 # 1504
27037 - 1504 5990
27037 # 1504
27037 - 1504 5990
27037 # 1504
27037 - 1504 5990
27037 # 1504
27037 - 1504 5990
27037 # 1504
27037 - 1504 5990
27037 # 1504
27037 - 1504 5990
27037 # 1504
27037 - 1504 5990
27037 # 1504
27037 - 1504 5990
27037 # 1504
27037 - 1504 5990
27037 # 1504
27037 - 1504 5990
27037 # 1504
27037 - 1504 5990
27037 # 1504
27037 - 1504 5990
27037 # 1504
27037 - 1504 5990
27037 # 1504
27037 - 1504 5990
27037 # 1504
27037 - 1504 5990
27037 # 1504
27037 - 1504 5990
27037 # 1504
27037 - 1504 5990
27037 # 1504
27037 - 1504 5989
27037 # 1504
27037 - 1504 5989
27037 # 1504
27037 - 1504 5989
27037 # 1504
27037 - 1504 5989
27037 # 1504
27037 - 1504 5989
27037 # 1504
27037 - 1504 5989
27037 # 1504
27037 - 1504 5989
27037 # 1504
27037 - 1504 5989
27037 # 1504
27037 - 1504 5989
27037 # 1504
27037 - 1504 5989
27037 # 1504
27037 - 1504 5989
27037 # 1504
27037 - 1504 5989
27037 # 1504
27037 - 1504 5989
27037 # 1504
27037 - 1504 5989
27037 # 1504
27037 - 1504 5989
27037 # 1504
27037 - 1504 5989
27037 # 1504
27037 - 1504 5989
27037 # 1504
27037 - 1504 5989
27037 # 1504
27037 - 1504 5989
27037 # 1504
27037 - 1504 5989
27037 # 1504
27037 - 1504 5989
27037 # 1504
27037 - 1504 5989
27037 # 1504
27037 - 1504 5989
27037 # 1504
27037 - 1504 5989
27037 # 1504
27037 - 1504 5989
27037 # 1504
27037 - 1504 5989
27037 # 1504
27037 - 1504 5989
27037 # 1504
27037 - 1504 5989
27037 # 1504
27037 - 1504 5989
27037 # 1504
27037 - 1504 5989
27037 # 1504
27037 - 1504 5989
27037 # 1504
27037 - 1504 5989
27037 # 1504
27037 - 1504 5989
27037 # 1504
27037 - 1504 5989
27037 # 1504
27037 - 1504 5989
27037 # 1504
27037 - 1504 5989
27037 # 1504
27037 - 1504 5989
27037 # 1504
27037 - 1504 5989
27041 + 1504
27041 + 1504
27041 + 1504
27041 + 1504
27041 + 1504
27041 + 1504
27041 + 1504
27041 + 1504
27042 + 1504
27042 + 1504
27042 + 1504
27042 + 1504
27042 + 1504
27042 + 1504
27042 + 1504
27042 + 1504
27042 + 1504
27042 + 1504
27042 + 1504
27042 + 1504
27042 + 1504
27042 + 1504
27042 + 1504
27042 + 1504
27042 + 1504
27042 + 1504
27043 + 1504
27043 + 1504
27043 + 1504
27043 + 1504
27043 + 1504
27043 + 1504
27043 + 1504
27043 + 1504
27043 + 1504
27043 + 1504
27043 + 1504
27043 + 1504
27043 + 1504
27043 + 1504
27043 + 1504
27044 + 1504
27044 + 1504
27044 + 1504
27044 + 1504
27044 + 1504
27044 + 1504
27044 + 1504
27044 + 1504
27044 + 1504
27044 + 1504
27044 + 1504
27044 + 1504
27044 + 1504
27044 + 1504
27044 + 1504
27044 + 1504
27044 + 1504
27044 + 1504
27045 + 1504
27045 + 1504
27045 + 1504
27045 + 1504
27045 + 1504
27045 + 1504
27045 + 1504
27045 + 1504
27045 + 1504
27045 + 1504
27045 + 1504
27045 + 1504
27045 + 1504
27045 + 1504
27045 + 1504
27045 + 1504
27045 + 1504
27045 + 1504
27045 + 1504
27045 + 1504
27045 + 1504
27045 + 1504
27045 + 1504
27045 + 1504
27045 + 1504
27045 + 1504
27045 + 1504
27045 + 1504
27045 + 1504
27045 + 1504
27045 + 1504
27045 + 1504
27045 + 1504
27045 + 1504
27045 + 1504
27045 + 1504
27045 + 1504
27045 + 1504
27045 + 1504
27045 + 1504
27045 + 1504
27045 + 1504
27045 + 1504
27045 + 1504
27045 + 1504
27045 + 1504
27045 + 1504
27045 + 1504
27045 + 1504
27045 + 1504
27045 + 1504
27045 + 1504
27045 + 1504
27045 + 1504
27045 + 1504
27045 + 1504
27045 + 1504
27045 + 1504
27045 + 1504
27045 + 1504
27045 + 1504
28037 # 1504
28037 - 1504 6989
28037 # 1504
28037 - 1504 6989
28037 # 1504
28037 - 1504 6989
28037 # 1504
28037 - 1504 6989
28037 # 1504
28037 - 1504 5997
28037 # 1504
28037 - 1504 5997
28037 # 1504
28037 - 1504 5997
28037 # 1504
28037 - 1504 5997
28037 # 1504
28037 - 1504 5997
28037 # 1504
28037 - 1504 5997
28037 # 1504
28037 - 1504 5997
28037 # 1504
28037 - 1504 5997
28037 # 1504
28037 - 1504 5997
28037 # 1504
28037 - 1504 5997
28037 # 1504
28037 - 1504 5997
28037 # 1504
28037 - 1504 5997
28037 # 1504
28037 - 1504 5997
28037 # 1504
28037 - 1504 5997
28037 # 1504
28037 - 1504 5997
28037 # 1504
28037 - 1504 5997
28037 # 1504
28037 - 1504 5997
28037 # 1504
28037 - 1504 5997
28037 # 1504
28037 - 1504 5997
28037 # 1504
28037 - 1504 5997
28037 # 1504
28037 - 1504 5997
28037 # 1504
28037 - 1504 5997
28037 # 1504
28037 - 1504 5997
28037 # 1504
28037 - 1504 5997
28037 # 1504
28037 - 1504 5997
28037 # 1504
28037 - 1504 5997
28037 # 1504
28037 - 1504 5997
28037 # 1504
28037 - 1504 5996
28037 # 1504
28037 - 1504 5996
28037 # 1504
28037 - 1504 5996
28037 # 1504
28037 - 1504 5996
28037 # 1504
28037 - 1504 5996
28037 # 1504
28037 - 1504 5996
28037 # 1504
28037 - 1504 5996
28037 # 1504
28037 - 1504 5996
28037 # 1504
28037 - 1504 5996
28037 # 1504
28037 - 1504 5996
28037 # 1504
28037 - 1504 5996
28037 # 1504
28037 - 1504 5996
28037 # 1504
28037 - 1504 5996
28037 # 1504
28037 - 1504 5996
28037 # 1504
28037 - 1504 5996
28037 # 1504
28037 - 1504 5996
28037 # 1504
28037 - 1504 5996
28037 # 1504
28037 - 1504 5996
28037 # 1504
28037 - 1504 5996
28037 # 1504
28037 - 1504 5996
28037 # 1504
28037 - 1504 5996
28037 # 1504
28037 - 1504 5996
28037 # 1504
28037 - 1504 5996
28037 # 1504
28037 - 1504 5996
28037 # 1504
28037 - 1504 5996
28037 # 1504
28037 - 1504 5996
28037 # 1504
28037 - 1504 5996
28037 # 1504
28037 - 1504 5996
28037 # 1504
28037 - 1504 5996
28040 + 1504
28040 + 1504
28040 + 1504
28040 + 1504
28040 + 1504
28040 + 1504
28040 + 1504
28041 + 1504
28041 + 1504
28041 + 1504
28041 + 1504
28041 + 1504
28041 + 1504
28041 + 1504
28041 + 1504
28041 + 1504
28041 + 1504
28041 + 1504
28041 + 1504
28041 + 1504
28041 + 1504
28041 + 1504
28041 + 1504
28041 + 1504
28041 + 1504
28041 + 1504
28041 + 1504
28042 + 1504
28042 + 1504
28042 + 1504
28042 + 1504
28042 + 1504
28042 + 1504
28042 + 1504
28042 + 1504
28042 + 1504
28042 + 1504
28042 + 1504
28042 + 1504
28042 + 1504
28042 + 1504
28042 + 1504
28042 + 1504
28042 + 1504
28042 + 1504
28042 + 1504
28042 + 1504
28042 + 1504
28042 + 1504
28042 + 1504
28042 + 1504
28042 + 1504
28042 + 1504
28042 + 1504
28042 + 1504
28042 + 1504
28042 + 1504
28042 + 1504
28042 + 1504
28042 + 1504
28042 + 1504
28042 + 1504
28042 + 1504
28042 + 1504
28042 + 1504
28042 + 1504
28042 + 1504
28043 + 1504
28043 + 1504
28043 + 1504
28043 + 1504
28043 + 1504
28043 + 1504
28043 + 1504
28043 + 1504
28043 + 1504
28043 + 1504
28043 + 1504
28043 + 1504
28043 + 1504
28043 + 1504
28043 + 1504
28043 + 1504
28043 + 1504
28043 + 1504
28043 + 1504
28043 + 1504
28043 + 1504
28043 + 1504
28043 + 1504
28043 + 1504
28043 + 1504
28043 + 1504
28043 + 1504
28043 + 1504
28043 + 1504
28043 + 1504
28043 + 1504
28043 + 1504
28043 + 1504
28043 + 1504
28043 + 1504
28043 + 1504
28043 + 1504
28043 + 1504
28043 + 1504
28043 + 1504
28043 + 1504
28043 + 1504
28043 + 1504
28043 + 1504
28043 + 1504
28043 + 1504
28043 + 1504
28043 + 1504
28043 + 1504
28043 + 1504
28043 + 1504
28043 + 1504
28043 + 1504
29037 # 1504
29037 - 1504 6996
29037 # 1504
29037 - 1504 6996
29037 # 1504
29037 - 1504 6996
29037 # 1504
29037 - 1504 6996
29037 # 1504
29037 - 1504 6996
29037 # 1504
29037 - 1504 6996
29037 # 1504
29037 - 1504 6996
29037 # 1504
29037 - 1504 6996
29037 # 1504
29037 - 1504 6996
29037 # 1504
29037 - 1504 6996
29037 # 1504
29037 - 1504 6996
29037 # 1504
29037 - 1504 6996
29037 # 1504
29037 - 1504 6996
29037 # 1504
29037 - 1504 6996
29037 # 1504
29037 - 1504 6996
29037 # 1504
29037 - 1504 6996
29037 # 1504
29037 - 1504 6996
29037 # 1504
29037 - 1504 6996
29037 # 1504
29037 - 1504 6996
29037 # 1504
29037 - 1504 6996
29037 # 1504
29037 - 1504 6996
29037 # 1504
29037 - 1504 6996
29037 # 1504
29037 - 1504 6996
29037 # 1504
29037 - 1504 6996
29037 # 1504
29037 - 1504 6996
29037 # 1504
29037 - 1504 6996
29037 # 1504
29037 - 1504 6996
29037 # 1504
29037 - 1504 6996
29037 # 1504
29037 - 1504 6996
29037 # 1504
29037 - 1504 6996
29037 # 1504
29037 - 1504 6996
29037 # 1504
29037 - 1504 6996
29037 # 1504
29037 - 1504 6996
29037 # 1504
29037 - 1504 6996
29037 # 1504
29037 - 1504 6996
29037 # 1504
29037 - 1504 6996
29037 # 1504
29037 - 1504 6996
29037 # 1504
29037 - 1504 6996
29037 # 1504
29037 - 1504 6996
29037 # 1504
29037 - 1504 6996
29037 # 1504
29037 - 1504 6996
29037 # 1504
29037 - 1504 6996
29037 # 1504
29037 - 1504 6996
29037 # 1504
29037 - 1504 6996
29037 # 1504
29037 - 1504 6996
29037 # 1504
29037 - 1504 6996
29037 # 1504
29037 - 1504 6996
29037 # 1504
29037 - 1504 6996
29037 # 1504
29037 - 1504 6996
29037 # 1504
29037 - 1504 6996
29037 # 1504
29037 - 1504 6996
29037 # 1504
29037 - 1504 6996
29037 # 1504
29037 - 1504 6995
29037 # 1504
29037 - 1504 6995
29037 # 1504
29037 - 1504 6995
29037 # 1504
29037 - 1504 6995
29037 # 1504
29037 - 1504 6995
29037 # 1504
29037 - 1504 6995
29037 # 1504
29037 - 1504 6995
29037 # 1504
29037 - 1504 6995
29041 + 1504
29042 + 1504
29042 + 1504
29042 + 1504
29042 + 1504
29042 + 1504
29042 + 1504
29042 + 1504
29042 + 1504
29042 + 1504
29042 + 1504
29042 + 1504
29042 + 1504
29042 + 1504
29042 + 1504
29042 + 1504
29042 + 1504
29042 + 1504
29042 + 1504
29043 + 1504
29043 + 1504
29043 + 1504
29043 + 1504
29043 + 1504
29043 + 1504
29043 + 1504
29043 + 1504
29043 + 1504
29043 + 1504
29043 + 1504
29043 + 1504
29043 + 1504
29043 + 1504
29043 + 1504
29043 + 1504
29043 + 1504
29043 + 1504
29043 + 1504
29043 + 1504
29043 + 1504
29043 + 1504
29043 + 1504
29043 + 1504
29043 + 1504
29043 + 1504
29043 + 1504
29043 + 1504
29043 + 1504
29043 + 1504
29043 + 1504
29043 + 1504
29043 + 1504
29043 + 1504
29043 + 1504
29043 + 1504
29044 + 1504
29044 + 1504
29044 + 1504
29044 + 1504
29044 + 1504
29044 + 1504
29044 + 1504
29044 + 1504
29044 + 1504
29044 + 1504
29044 + 1504
29044 + 1504
29044 + 1504
29044 + 1504
29044 + 1504
29044 + 1504
29044 + 1504
29044 + 1504
29044 + 1504
29044 + 1504
29044 + 1504
29044 + 1504
29044 + 1504
29044 + 1504
29044 + 1504
29044 + 1504
29044 + 1504
29044 + 1504
29044 + 1504
29044 + 1504
29044 + 1504
29044 + 1504
29044 + 1504
29044 + 1504
29044 + 1504
29044 + 1504
29044 + 1504
29044 + 1504
29044 + 1504
29044 + 1504
29044 + 1504
29044 + 1504
29044 + 1504
29044 + 1504
29044 + 1504
29044 + 1504
29044 + 1504
29044 + 1504
29044 + 1504
29044 + 1504
29044 + 1504
29044 + 1504
29044 + 1504
29044 + 1504
29044 + 1504
29044 + 1504
29044 + 1504
29044 + 1504
29044 + 1504
29044 + 1504
29045 + 1504
29045 + 1504
29045 + 1504
29045 + 1504
29045 + 1504
29154 + 52
30037 # 1504
30037 - 1504 7995
30037 # 1504
30037 - 1504 7995
30037 # 1504
30037 - 1504 7995
30037 # 1504
30037 - 1504 7995
30037 # 1504
30037 - 1504 6997
30037 # 1504
30037 - 1504 6997
30037 # 1504
30037 - 1504 6996
30037 # 1504
30037 - 1504 6996
30037 # 1504
30037 - 1504 6996
30037 # 1504
30037 - 1504 6996
30037 # 1504
30037 - 1504 6996
30037 # 1504
30037 - 1504 6996
30037 # 1504
30037 - 1504 6996
30037 # 1504
30037 - 1504 6996
30037 # 1504
30037 - 1504 6996
30037 # 1504
30037 - 1504 6996
30037 # 1504
30037 - 1504 6996
30037 # 1504
30037 - 1504 6996
30037 # 1504
30037 - 1504 6996
30037 # 1504
30037 - 1504 6996
30037 # 1504
30037 - 1504 6996
30037 # 1504
30037 - 1504 6996
30037 # 1504
30037 - 1504 6996
30037 # 1504
30037 - 1504 6996
30037 # 1504
30037 - 1504 6996
30037 # 1504
30037 - 1504 6996
30037 # 1504
30037 - 1504 6996
30037 # 1504
30037 - 1504 6996
30037 # 1504
30037 - 1504 6995
30037 # 1504
30037 - 1504 6995
30037 # 1504
30037 - 1504 6995
30037 # 1504
30037 - 1504 6995
30037 # 1504
30037 - 1504 6995
30037 # 1504
30037 - 1504 6995
30037 # 1504
30037 - 1504 6995
30037 # 1504
30037 - 1504 6995
30037 # 1504
30037 - 1504 6995
30037 # 1504
30037 - 1504 6995
30037 # 1504
30037 - 1504 6995
30037 # 1504
30037 - 1504 6995
30037 # 1504
30037 - 1504 6995
30037 # 1504
30037 - 1504 6995
30037 # 1504
30037 - 1504 6995
30037 # 1504
30037 - 1504 6995
30037 # 1504
30037 - 1504 6995
30037 # 1504
30037 - 1504 6995
30037 # 1504
30037 - 1504 6994
30037 # 1504
30037 - 1504 6994
30037 # 1504
30037 - 1504 6994
30037 # 1504
30037 - 1504 6994
30037 # 1504
30037 - 1504 6994
30037 # 1504
30037 - 1504 6994
30037 # 1504
30037 - 1504 6994
30037 # 1504
30037 - 1504 6994
30037 # 1504
30037 - 1504 6994
30037 # 1504
30037 - 1504 6994
30037 # 1504
30037 - 1504 6994
30037 # 1504
30037 - 1504 6994
30037 # 1504
30037 - 1504 6994
30037 # 1504
30037 - 1504 6994
30044 + 1504
30045 + 1504
30045 + 1504
30045 + 1504
30045 + 1504
30045 + 1504
30045 + 1504
30045 + 1504
30045 + 1504
30045 + 1504
30045 + 1504
30045 + 1504
30045 + 1504
30045 + 1504
30045 + 1504
30045 + 1504
30045 + 1504
30045 + 1504
30045 + 1504
30045 + 1504
30045 + 1504
30045 + 1504
30046 + 1504
30046 + 1504
30046 + 1504
30046 + 1504
30046 + 1504
30046 + 1504
30046 + 1504
30046 + 1504
30046 + 1504
30046 + 1504
30046 + 1504
30046 + 1504
30046 + 1504
30046 + 1504
30046 + 1504
30046 + 1504
30046 + 1504
30046 + 1504
30046 + 1504
30046 + 1504
30046 + 1504
30046 + 1504
30046 + 1504
30046 + 1504
30046 + 1504
30046 + 1504
30046 + 1504
30046 + 1504
30046 + 1504
30046 + 1504
30046 + 1504
30046 + 1504
30046 + 1504
30046 + 1504
30046 + 1504
30046 + 1504
30046 + 1504
30046 + 1504
30046 + 1504
30046 + 1504
30046 + 1504
30046 + 1504
30046 + 1504
30046 + 1504
30046 + 1504
30046 + 1504
30046 + 1504
30046 + 1504
30046 + 1504
30046 + 1504
30046 + 1504
30046 + 1504
30046 + 1504
30047 + 1504
30047 + 1504
30047 + 1504
30047 + 1504
30047 + 1504
30047 + 1504
30047 + 1504
30047 + 1504
30047 + 1504
30047 + 1504
30047 + 1504
30047 + 1504
30047 + 1504
30047 + 1504
30047 + 1504
30047 + 1504
30047 + 1504
30047 + 1504
30047 + 1504
30047 + 1504
30047 + 1504
30047 + 1504
30047 + 1504
30047 + 1504
30047 + 1504
30047 + 1504
30047 + 1504
30047 + 1504
30047 + 1504
30048 + 1504
30048 + 1504
30048 + 1504
30048 + 1504
30048 + 1504
30048 + 1504
30048 + 1504
30048 + 1504
30048 + 1504
30048 + 1504
30048 + 1504
30048 + 1504
30048 + 1504
30048 + 1504
30048 + 1504
30048 + 1504
31037 # 1504
31037 - 1504 7994
31037 # 1504
31037 - 1504 7994
31037 # 1504
31037 - 1504 7994
31037 # 1504
31037 - 1504 7994
31037 # 1504
31037 - 1504 7994
31037 # 1504
31037 - 1504 7994
31037 # 1504
31037 - 1504 7994
31037 # 1504
31037 - 1504 7994
31037 # 1504
31037 - 1504 7994
31037 # 1504
31037 - 1504 7994
31037 # 1504
31037 - 1504 7994
31037 # 1504
31037 - 1504 7994
31037 # 1504
31037 - 1504 7994
31037 # 1504
31037 - 1504 7994
31037 # 1504
31037 - 1504 7994
31037 # 1504
31037 - 1504 7994
31037 # 1504
31037 - 1504 7994
31037 # 1504
31037 - 1504 7994
31037 # 1504
31037 - 1504 7994
31037 # 1504
31037 - 1504 7994
31037 # 1504
31037 - 1504 7994
31037 # 1504
31037 - 1504 7994
31037 # 1504
31037 - 1504 7994
31037 # 1504
31037 - 1504 7994
31037 # 1504
31037 - 1504 7994
31037 # 1504
31037 - 1504 7994
31037 # 1504
31037 - 1504 7994
31037 # 1504
31037 - 1504 7994
31037 # 1504
31037 - 1504 7994
31037 # 1504
31037 - 1504 7994
31037 # 1504
31037 - 1504 7994
31037 # 1504
31037 - 1504 7994
31037 # 1504
31037 - 1504 7994
31037 # 1504
31037 - 1504 7994
31037 # 1504
31037 - 1504 7994
31037 # 1504
31037 - 1504 7994
31037 # 1504
31037 - 1504 7994
31037 # 1504
31037 - 1504 7994
31037 # 1504
31037 - 1504 7994
31037 # 1504
31037 - 1504 7994
31037 # 1504
31037 - 1504 7994
31037 # 1504
31037 - 1504 7994
31037 # 1504
31037 - 1504 7994
31037 # 1504
31037 - 1504 7994
31037 # 1504
31037 - 1504 7994
31037 # 1504
31037 - 1504 7994
31037 # 1504
31037 - 1504 7994
31037 # 1504
31037 - 1504 7994
31037 # 1504
31037 - 1504 7994
31037 # 1504
31037 - 1504 7994
31037 # 1504
31037 - 1504 7993
31037 # 1504
31037 - 1504 7993
31037 # 1504
31037 - 1504 7993
31037 # 1504
31037 - 1504 7993
31037 # 1504
31037 - 1504 7993
31037 # 1504
31037 - 1504 7993
31037 # 1504
31037 - 1504 7993
31037 # 1504
31037 - 1504 7993
31037 # 1504
31037 - 1504 7993
31037 # 1504
31037 - 1504 7993
31043 + 1504
31043 + 1504
31043 + 1504
31043 + 1504
31043 + 1504
31043 + 1504
31043 + 1504
31043 + 1504
31043 + 1504
31043 + 1504
31043 + 1504
31043 + 1504
31043 + 1504
31043 + 1504
31043 + 1504
31043 + 1504
31043 + 1504
31043 + 1504
31043 + 1504
31043 + 1504
31044 + 1504
31044 + 1504
31044 + 1504
31044 + 1504
31044 + 1504
31044 + 1504
31044 + 1504
31044 + 1504
31044 + 1504
31044 + 1504
31044 + 1504
31044 + 1504
31044 + 1504
31044 + 1504
31044 + 1504
31044 + 1504
31045 + 1504
31045 + 1504
31045 + 1504
31045 + 1504
31045 + 1504
31045 + 1504
31045 + 1504
31045 + 1504
31045 + 1504
31045 + 1504
31045 + 1504
31045 + 1504
31045 + 1504
31045 + 1504
31045 + 1504
31045 + 1504
31045 + 1504
31045 + 1504
31045 + 1504
31045 + 1504
31045 + 1504
31045 + 1504
31045 + 1504
31045 + 1504
31045 + 1504
31045 + 1504
31045 + 1504
31045 + 1504
31045 + 1504
31045 + 1504
31045 + 1504
31045 + 1504
32037 # 1504
32037 - 1504 8993
32037 # 1504
32037 - 1504 8993
32037 # 1504
32037 - 1504 8993
32037 # 1504
32037 - 1504 8993
32037 # 1504
32037 - 1504 7996
32037 # 1504
32037 - 1504 7996
32037 # 1504
32037 - 1504 7996
32037 # 1504
32037 - 1504 7996
32037 # 1504
32037 - 1504 7996
32037 # 1504
32037 - 1504 7996
32037 # 1504
32037 - 1504 7996
32037 # 1504
32037 - 1504 7996
32037 # 1504
32037 - 1504 7996
32037 # 1504
32037 - 1504 7996
32037 # 1504
32037 - 1504 7996
32037 # 1504
32037 - 1504 7996
32037 # 1504
32037 - 1504 7996
32037 # 1504
32037 - 1504 7995
32037 # 1504
32037 - 1504 7995
32037 # 1504
32037 - 1504 7995
32037 # 1504
32037 - 1504 7995
32037 # 1504
32037 - 1504 7995
32037 # 1504
32037 - 1504 7995
32037 # 1504
32037 - 1504 7995
32037 # 1504
32037 - 1504 7995
32037 # 1504
32037 - 1504 7995
32037 # 1504
32037 - 1504 7995
32037 # 1504
32037 - 1504 7995
32037 # 1504
32037 - 1504 7995
32037 # 1504
32037 - 1504 7995
32037 # 1504
32037 - 1504 7995
32037 # 1504
32037 - 1504 7995
32037 # 1504
32037 - 1504 7995
32037 # 1504
32037 - 1504 7995
32037 # 1504
32037 - 1504 7995
32037 # 1504
32037 - 1504 7995
32037 # 1504
32037 - 1504 7995
32037 # 1504
32037 - 1504 7994
32037 # 1504
32037 - 1504 7994
32037 # 1504
32037 - 1504 7994
32037 # 1504
32037 - 1504 7994
32037 # 1504
32037 - 1504 7994
32037 # 1504
32037 - 1504 7994
32037 # 1504
32037 - 1504 7994
32037 # 1504
32037 - 1504 7994
32037 # 1504
32037 - 1504 7994
32037 # 1504
32037 - 1504 7994
32037 # 1504
32037 - 1504 7994
32037 # 1504
32037 - 1504 7994
32037 # 1504
32037 - 1504 7994
32037 # 1504
32037 - 1504 7994
32037 # 1504
32037 - 1504 7994
32037 # 1504
32037 - 1504 7994
32037 # 1504
32037 - 1504 7994
32037 # 1504
32037 - 1504 7994
32037 # 1504
32037 - 1504 7993
32037 # 1504
32037 - 1504 7993
32037 # 1504
32037 - 1504 7993
32037 # 1504
32037 - 1504 7993
32037 # 1504
32037 - 1504 7993
33037 # 1504
33037 - 1504 8993
33037 # 1504
33037 - 1504 8993
33037 # 1504
33037 - 1504 8993
33037 # 1504
33037 - 1504 8993
33037 # 1504
33037 - 1504 8993
33037 # 1504
33037 - 1504 8993
33037 # 1504
33037 - 1504 8993
33037 # 1504
33037 - 1504 8993
33037 # 1504
33037 - 1504 8993
33037 # 1504
33037 - 1504 8993
33037 # 1504
33037 - 1504 8993
33037 # 1504
33037 - 1504 8993
33037 # 1504
33037 - 1504 8993
33037 # 1504
33037 - 1504 8993
33037 # 1504
33037 - 1504 8993
33037 # 1504
33037 - 1504 8993
33037 # 1504
33037 - 1504 8993
33037 # 1504
33037 - 1504 8993
33037 # 1504
33037 - 1504 8993
33037 # 1504
33037 - 1504 8993
33037 # 1504
33037 - 1504 8993
33037 # 1504
33037 - 1504 8993
33037 # 1504
33037 - 1504 8993
33037 # 1504
33037 - 1504 8993
33037 # 1504
33037 - 1504 8993
33037 # 1504
33037 - 1504 8993
33037 # 1504
33037 - 1504 8993
33037 # 1504
33037 - 1504 8993
33037 # 1504
33037 - 1504 8993
33037 # 1504
33037 - 1504 8993
33037 # 1504
33037 - 1504 8993
33037 # 1504
33037 - 1504 8992
33037 # 1504
33037 - 1504 8992
33037 # 1504
33037 - 1504 8992
33037 # 1504
33037 - 1504 8992
33037 # 1504
33037 - 1504 8992
33037 # 1504
33037 - 1504 8992
33037 # 1504
33037 - 1504 8992
33037 # 1504
33037 - 1504 8992
33037 # 1504
33037 - 1504 8992
33037 # 1504
33037 - 1504 8992
33037 # 1504
33037 - 1504 8992
33037 # 1504
33037 - 1504 8992
33037 # 1504
33037 - 1504 8992
33037 # 1504
33037 - 1504 8992
33037 # 1504
33037 - 1504 8992
33037 # 1504
33037 - 1504 8992
33037 # 1504
33037 - 1504 8992
33037 # 1504
33037 - 1504 8992
33037 # 1504
33037 - 1504 8992
33037 # 1504
33037 - 1504 8992
33037 # 1504
33037 - 1504 8992
33037 # 1504
33037 - 1504 8992
33037 # 1504
33037 - 1504 8992
33037 # 1504
33037 - 1504 8992
33037 # 1504
33037 - 1504 8992
33037 # 1504
33037 - 1504 8992
33037 # 1504
33037 - 1504 8992
33037 # 1504
33037 - 1504 8992
33037 # 1504
33037 - 1504 8992
34037 # 1504
34037 - 1504 9992
34037 # 1504
34037 - 1504 9992
34037 # 1504
34037 - 1504 9992
34037 # 1504
34037 - 1504 9991
34037 # 1504
34037 - 1504 8996
34037 # 1504
34037 - 1504 8996
34037 # 1504
34037 - 1504 8996
34037 # 1504
34037 - 1504 8995
34037 # 1504
34037 - 1504 8995
34037 # 1504
34037 - 1504 8995
34037 # 1504
34037 - 1504 8995
34037 # 1504
34037 - 1504 8995
34037 # 1504
34037 - 1504 8995
34037 # 1504
34037 - 1504 8995
34037 # 1504
34037 - 1504 8995
34037 # 1504
34037 - 1504 8995
34037 # 1504
34037 - 1504 8995
34037 # 1504
34037 - 1504 8995
34037 # 1504
34037 - 1504 8995
34037 # 1504
34037 - 1504 8995
34037 # 1504
34037 - 1504 8995
34037 # 1504
34037 - 1504 8995
34037 # 1504
34037 - 1504 8995
34037 # 1504
34037 - 1504 8995
34037 # 1504
34037 - 1504 8995
34037 # 1504
34037 - 1504 8995
34037 # 1504
34037 - 1504 8995
34037 # 1504
34037 - 1504 8995
34037 # 1504
34037 - 1504 8995
34037 # 1504
34037 - 1504 8995
34037 # 1504
34037 - 1504 8995
34037 # 1504
34037 - 1504 8995
34037 # 1504
34037 - 1504 8995
34037 # 1504
34037 - 1504 8995
34037 # 1504
34037 - 1504 8995
34037 # 1504
34037 - 1504 8995
34037 # 1504
34037 - 1504 8995
34037 # 1504
34037 - 1504 8995
34037 # 1504
34037 - 1504 8995
34037 # 1504
34037 - 1504 8995
34037 # 1504
34037 - 1504 8995
34037 # 1504
34037 - 1504 8995
34037 # 1504
34037 - 1504 8995
34037 # 1504
34037 - 1504 8994
34037 # 1504
34037 - 1504 8994
34037 # 1504
34037 - 1504 8994
34037 # 1504
34037 - 1504 8994
34037 # 1504
34037 - 1504 8994
34037 # 1504
34037 - 1504 8994
34037 # 1504
34037 - 1504 8993
34037 # 1504
34037 - 1504 8993
34037 # 1504
34037 - 1504 8993
34037 # 1504
34037 - 1504 8993
34037 # 1504
34037 - 1504 8993
34037 # 1504
34037 - 1504 8993
34037 # 1504
34037 - 1504 8993
34037 # 1504
34037 - 1504 8993
34037 # 1504
34037 - 1504 8993
34037 # 1504
34037 - 1504 8993
34037 # 1504
34037 - 1504 8993
35037 # 1504
35037 - 1504 9993
35037 # 1504
35037 - 1504 9993
35037 # 1504
35037 - 1504 9993
35037 # 1504
35037 - 1504 9993
35037 # 1504
35037 - 1504 9993
35037 # 1504
35037 - 1504 9993
35037 # 1504
35037 - 1504 9993
35037 # 1504
35037 - 1504 9993
35037 # 1504
35037 - 1504 9993
35037 # 1504
35037 - 1504 9993
35037 # 1504
35037 - 1504 9993
35037 # 1504
35037 - 1504 9993
35037 # 1504
35037 - 1504 9993
35037 # 1504
35037 - 1504 9993
35037 # 1504
35037 - 1504 9993
35037 # 1504
35037 - 1504 9993
35037 # 1504
35037 - 1504 9993
35037 # 1504
35037 - 1504 9993
35037 # 1504
35037 - 1504 9993
35037 # 1504
35037 - 1504 9993
35037 # 1504
35037 - 1504 9993
35037 # 1504
35037 - 1504 9993
35037 # 1504
35037 - 1504 9993
35037 # 1504
35037 - 1504 9993
35037 # 1504
35037 - 1504 9993
35037 # 1504
35037 - 1504 9993
35037 # 1504
35037 - 1504 9993
35037 # 1504
35037 - 1504 9993
35037 # 1504
35037 - 1504 9993
35037 # 1504
35037 - 1504 9993
35037 # 1504
35037 - 1504 9993
35037 # 1504
35037 - 1504 9993
35037 # 1504
35037 - 1504 9993
35037 # 1504
35037 - 1504 9993
35037 # 1504
35037 - 1504 9993
35037 # 1504
35037 - 1504 9993
35037 # 1504
35037 - 1504 9993
35037 # 1504
35037 - 1504 9992
35037 # 1504
35037 - 1504 9992
35037 # 1504
35037 - 1504 9992
35037 # 1504
35037 - 1504 9992
35037 # 1504
35037 - 1504 9992
35037 # 1504
35037 - 1504 9992
35037 # 1504
35037 - 1504 9992
35037 # 1504
35037 - 1504 9992
35037 # 1504
35037 - 1504 9992
35037 # 1504
35037 - 1504 9992
35037 # 1504
35037 - 1504 9992
35037 # 1504
35037 - 1504 9992
35037 # 1504
35037 - 1504 9992
35037 # 1504
35037 - 1504 9992
35037 # 1504
35037 - 1504 9992
35037 # 1504
35037 - 1504 9992
35037 # 1504
35037 - 1504 9992
35037 # 1504
35037 - 1504 9992
35037 # 1504
35037 - 1504 9992
35037 # 1504
35037 - 1504 9992
35037 # 1504
35037 - 1504 9992
35037 # 1504
35037 - 1504 9992
35037 # 1504
35037 - 1504 9992
