# mahimahi mm-link (Downlink) [traces/1mbps_200ms.trace] > /home/vboxuser/pantheon/results/1mbps_200ms/vegas/vegas_mm_acklink_run1.log
# command line: 'mm-link' 'traces/1mbps_200ms.trace' 'traces/1mbps_200ms.trace' '--uplink-log=/home/vboxuser/pantheon/results/1mbps_200ms/vegas/vegas_mm_datalink_run1.log' '--downlink-log=/home/vboxuser/pantheon/results/1mbps_200ms/vegas/vegas_mm_acklink_run1.log' 'python' '/home/vboxuser/pantheon/src/experiments/tunnel_manager.py'
# queue: infinite
# init timestamp: 1746040752718
# base timestamp: 37
38 + 80
38 + 52
38 + 80
151 + 80
640 + 80
1037 # 1504
1037 - 80 999
1037 - 52 999
1037 - 80 999
1037 - 80 886
1037 - 80 397
1037 # 1504
1037 # 1504
1037 # 1504
1037 # 1504
1037 # 1504
1037 # 1504
1037 # 1504
1037 # 1504
1037 # 1504
1037 # 1504
1037 # 1504
1037 # 1504
1037 # 1504
1037 # 1504
1037 # 1504
1037 # 1504
1037 # 1504
1037 # 1504
1037 # 1504
1037 # 1504
1037 # 1504
1037 # 1504
1037 # 1504
1037 # 1504
1037 # 1504
1037 # 1504
1037 # 1504
1037 # 1504
1037 # 1504
1037 # 1504
1037 # 1504
1037 # 1504
1037 # 1504
1037 # 1504
1037 # 1504
1037 # 1504
1037 # 1504
1037 # 1504
1037 # 1504
1037 # 1504
1037 # 1504
1037 # 1504
1037 # 1504
1037 # 1504
1037 # 1504
1037 # 1504
1037 # 1504
1037 # 1504
1037 # 1504
1037 # 1504
1037 # 1504
1037 # 1504
1037 # 1504
1037 # 1504
1037 # 1504
1037 # 1504
1037 # 1504
1037 # 1504
1037 # 1504
1044 + 40
2037 # 1504
2037 - 40 993
2037 # 1504
2037 # 1504
2037 # 1504
2037 # 1504
2037 # 1504
2037 # 1504
2037 # 1504
2037 # 1504
2037 # 1504
2037 # 1504
2037 # 1504
2037 # 1504
2037 # 1504
2037 # 1504
2037 # 1504
2037 # 1504
2037 # 1504
2037 # 1504
2037 # 1504
2037 # 1504
2037 # 1504
2037 # 1504
2037 # 1504
2037 # 1504
2037 # 1504
2037 # 1504
2037 # 1504
2037 # 1504
2037 # 1504
2037 # 1504
2037 # 1504
2037 # 1504
2037 # 1504
2037 # 1504
2037 # 1504
2037 # 1504
2037 # 1504
2037 # 1504
2037 # 1504
2037 # 1504
2037 # 1504
2037 # 1504
2037 # 1504
2037 # 1504
2037 # 1504
2037 # 1504
2037 # 1504
2037 # 1504
2037 # 1504
2037 # 1504
2037 # 1504
2037 # 1504
2037 # 1504
2037 # 1504
2037 # 1504
2037 # 1504
2037 # 1504
2037 # 1504
2037 # 1504
2040 + 40
3037 # 1504
3037 - 40 997
3037 # 1504
3037 # 1504
3037 # 1504
3037 # 1504
3037 # 1504
3037 # 1504
3037 # 1504
3037 # 1504
3037 # 1504
3037 # 1504
3037 # 1504
3037 # 1504
3037 # 1504
3037 # 1504
3037 # 1504
3037 # 1504
3037 # 1504
3037 # 1504
3037 # 1504
3037 # 1504
3037 # 1504
3037 # 1504
3037 # 1504
3037 # 1504
3037 # 1504
3037 # 1504
3037 # 1504
3037 # 1504
3037 # 1504
3037 # 1504
3037 # 1504
3037 # 1504
3037 # 1504
3037 # 1504
3037 # 1504
3037 # 1504
3037 # 1504
3037 # 1504
3037 # 1504
3037 # 1504
3037 # 1504
3037 # 1504
3037 # 1504
3037 # 1504
3037 # 1504
3037 # 1504
3037 # 1504
3037 # 1504
3037 # 1504
3037 # 1504
3037 # 1504
3037 # 1504
3037 # 1504
3037 # 1504
3037 # 1504
3037 # 1504
3037 # 1504
3037 # 1504
3037 # 1504
4037 # 1504
4037 # 1504
4037 # 1504
4037 # 1504
4037 # 1504
4037 # 1504
4037 # 1504
4037 # 1504
4037 # 1504
4037 # 1504
4037 # 1504
4037 # 1504
4037 # 1504
4037 # 1504
4037 # 1504
4037 # 1504
4037 # 1504
4037 # 1504
4037 # 1504
4037 # 1504
4037 # 1504
4037 # 1504
4037 # 1504
4037 # 1504
4037 # 1504
4037 # 1504
4037 # 1504
4037 # 1504
4037 # 1504
4037 # 1504
4037 # 1504
4037 # 1504
4037 # 1504
4037 # 1504
4037 # 1504
4037 # 1504
4037 # 1504
4037 # 1504
4037 # 1504
4037 # 1504
4037 # 1504
4037 # 1504
4037 # 1504
4037 # 1504
4037 # 1504
4037 # 1504
4037 # 1504
4037 # 1504
4037 # 1504
4037 # 1504
4037 # 1504
4037 # 1504
4037 # 1504
4037 # 1504
4037 # 1504
4037 # 1504
4037 # 1504
4037 # 1504
4037 # 1504
4037 # 1504
4325 + 52
5037 # 1504
5037 - 52 712
5037 # 1504
5037 # 1504
5037 # 1504
5037 # 1504
5037 # 1504
5037 # 1504
5037 # 1504
5037 # 1504
5037 # 1504
5037 # 1504
5037 # 1504
5037 # 1504
5037 # 1504
5037 # 1504
5037 # 1504
5037 # 1504
5037 # 1504
5037 # 1504
5037 # 1504
5037 # 1504
5037 # 1504
5037 # 1504
5037 # 1504
5037 # 1504
5037 # 1504
5037 # 1504
5037 # 1504
5037 # 1504
5037 # 1504
5037 # 1504
5037 # 1504
5037 # 1504
5037 # 1504
5037 # 1504
5037 # 1504
5037 # 1504
5037 # 1504
5037 # 1504
5037 # 1504
5037 # 1504
5037 # 1504
5037 # 1504
5037 # 1504
5037 # 1504
5037 # 1504
5037 # 1504
5037 # 1504
5037 # 1504
5037 # 1504
5037 # 1504
5037 # 1504
5037 # 1504
5037 # 1504
5037 # 1504
5037 # 1504
5037 # 1504
5037 # 1504
5037 # 1504
5037 # 1504
6037 # 1504
6037 # 1504
6037 # 1504
6037 # 1504
6037 # 1504
6037 # 1504
6037 # 1504
6037 # 1504
6037 # 1504
6037 # 1504
6037 # 1504
6037 # 1504
6037 # 1504
6037 # 1504
6037 # 1504
6037 # 1504
6037 # 1504
6037 # 1504
6037 # 1504
6037 # 1504
6037 # 1504
6037 # 1504
6037 # 1504
6037 # 1504
6037 # 1504
6037 # 1504
6037 # 1504
6037 # 1504
6037 # 1504
6037 # 1504
6037 # 1504
6037 # 1504
6037 # 1504
6037 # 1504
6037 # 1504
6037 # 1504
6037 # 1504
6037 # 1504
6037 # 1504
6037 # 1504
6037 # 1504
6037 # 1504
6037 # 1504
6037 # 1504
6037 # 1504
6037 # 1504
6037 # 1504
6037 # 1504
6037 # 1504
6037 # 1504
6037 # 1504
6037 # 1504
6037 # 1504
6037 # 1504
6037 # 1504
6037 # 1504
6037 # 1504
6037 # 1504
6037 # 1504
6037 # 1504
6040 + 100
7037 # 1504
7037 - 100 997
7037 # 1504
7037 # 1504
7037 # 1504
7037 # 1504
7037 # 1504
7037 # 1504
7037 # 1504
7037 # 1504
7037 # 1504
7037 # 1504
7037 # 1504
7037 # 1504
7037 # 1504
7037 # 1504
7037 # 1504
7037 # 1504
7037 # 1504
7037 # 1504
7037 # 1504
7037 # 1504
7037 # 1504
7037 # 1504
7037 # 1504
7037 # 1504
7037 # 1504
7037 # 1504
7037 # 1504
7037 # 1504
7037 # 1504
7037 # 1504
7037 # 1504
7037 # 1504
7037 # 1504
7037 # 1504
7037 # 1504
7037 # 1504
7037 # 1504
7037 # 1504
7037 # 1504
7037 # 1504
7037 # 1504
7037 # 1504
7037 # 1504
7037 # 1504
7037 # 1504
7037 # 1504
7037 # 1504
7037 # 1504
7037 # 1504
7037 # 1504
7037 # 1504
7037 # 1504
7037 # 1504
7037 # 1504
7037 # 1504
7037 # 1504
7037 # 1504
7037 # 1504
7037 # 1504
7040 + 100
7040 + 100
8037 # 1504
8037 - 100 997
8037 - 100 997
8037 # 1504
8037 # 1504
8037 # 1504
8037 # 1504
8037 # 1504
8037 # 1504
8037 # 1504
8037 # 1504
8037 # 1504
8037 # 1504
8037 # 1504
8037 # 1504
8037 # 1504
8037 # 1504
8037 # 1504
8037 # 1504
8037 # 1504
8037 # 1504
8037 # 1504
8037 # 1504
8037 # 1504
8037 # 1504
8037 # 1504
8037 # 1504
8037 # 1504
8037 # 1504
8037 # 1504
8037 # 1504
8037 # 1504
8037 # 1504
8037 # 1504
8037 # 1504
8037 # 1504
8037 # 1504
8037 # 1504
8037 # 1504
8037 # 1504
8037 # 1504
8037 # 1504
8037 # 1504
8037 # 1504
8037 # 1504
8037 # 1504
8037 # 1504
8037 # 1504
8037 # 1504
8037 # 1504
8037 # 1504
8037 # 1504
8037 # 1504
8037 # 1504
8037 # 1504
8037 # 1504
8037 # 1504
8037 # 1504
8037 # 1504
8037 # 1504
8037 # 1504
8037 # 1504
8039 + 92
8039 + 92
8039 + 92
8039 + 92
8039 + 92
8039 + 92
8039 + 92
8040 + 92
8040 + 92
8040 + 92
9037 # 1504
9037 - 92 998
9037 - 92 998
9037 - 92 998
9037 - 92 998
9037 - 92 998
9037 - 92 998
9037 - 92 998
9037 - 92 997
9037 - 92 997
9037 - 92 997
9037 # 1504
9037 # 1504
9037 # 1504
9037 # 1504
9037 # 1504
9037 # 1504
9037 # 1504
9037 # 1504
9037 # 1504
9037 # 1504
9037 # 1504
9037 # 1504
9037 # 1504
9037 # 1504
9037 # 1504
9037 # 1504
9037 # 1504
9037 # 1504
9037 # 1504
9037 # 1504
9037 # 1504
9037 # 1504
9037 # 1504
9037 # 1504
9037 # 1504
9037 # 1504
9037 # 1504
9037 # 1504
9037 # 1504
9037 # 1504
9037 # 1504
9037 # 1504
9037 # 1504
9037 # 1504
9037 # 1504
9037 # 1504
9037 # 1504
9037 # 1504
9037 # 1504
9037 # 1504
9037 # 1504
9037 # 1504
9037 # 1504
9037 # 1504
9037 # 1504
9037 # 1504
9037 # 1504
9037 # 1504
9037 # 1504
9037 # 1504
9037 # 1504
9037 # 1504
9037 # 1504
9037 # 1504
9037 # 1504
9037 # 1504
9037 # 1504
9037 # 1504
9037 # 1504
10037 # 1504
10037 # 1504
10037 # 1504
10037 # 1504
10037 # 1504
10037 # 1504
10037 # 1504
10037 # 1504
10037 # 1504
10037 # 1504
10037 # 1504
10037 # 1504
10037 # 1504
10037 # 1504
10037 # 1504
10037 # 1504
10037 # 1504
10037 # 1504
10037 # 1504
10037 # 1504
10037 # 1504
10037 # 1504
10037 # 1504
10037 # 1504
10037 # 1504
10037 # 1504
10037 # 1504
10037 # 1504
10037 # 1504
10037 # 1504
10037 # 1504
10037 # 1504
10037 # 1504
10037 # 1504
10037 # 1504
10037 # 1504
10037 # 1504
10037 # 1504
10037 # 1504
10037 # 1504
10037 # 1504
10037 # 1504
10037 # 1504
10037 # 1504
10037 # 1504
10037 # 1504
10037 # 1504
10037 # 1504
10037 # 1504
10037 # 1504
10037 # 1504
10037 # 1504
10037 # 1504
10037 # 1504
10037 # 1504
10037 # 1504
10037 # 1504
10037 # 1504
10037 # 1504
10037 # 1504
10041 + 92
10041 + 92
10041 + 92
10041 + 92
10041 + 92
10041 + 92
10041 + 92
10041 + 92
11037 # 1504
11037 - 92 996
11037 - 92 996
11037 - 92 996
11037 - 92 996
11037 - 92 996
11037 - 92 996
11037 - 92 996
11037 - 92 996
11037 # 1504
11037 # 1504
11037 # 1504
11037 # 1504
11037 # 1504
11037 # 1504
11037 # 1504
11037 # 1504
11037 # 1504
11037 # 1504
11037 # 1504
11037 # 1504
11037 # 1504
11037 # 1504
11037 # 1504
11037 # 1504
11037 # 1504
11037 # 1504
11037 # 1504
11037 # 1504
11037 # 1504
11037 # 1504
11037 # 1504
11037 # 1504
11037 # 1504
11037 # 1504
11037 # 1504
11037 # 1504
11037 # 1504
11037 # 1504
11037 # 1504
11037 # 1504
11037 # 1504
11037 # 1504
11037 # 1504
11037 # 1504
11037 # 1504
11037 # 1504
11037 # 1504
11037 # 1504
11037 # 1504
11037 # 1504
11037 # 1504
11037 # 1504
11037 # 1504
11037 # 1504
11037 # 1504
11037 # 1504
11037 # 1504
11037 # 1504
11037 # 1504
11037 # 1504
11037 # 1504
11037 # 1504
11037 # 1504
11037 # 1504
11037 # 1504
11037 # 1504
11037 # 1504
12037 # 1504
12037 # 1504
12037 # 1504
12037 # 1504
12037 # 1504
12037 # 1504
12037 # 1504
12037 # 1504
12037 # 1504
12037 # 1504
12037 # 1504
12037 # 1504
12037 # 1504
12037 # 1504
12037 # 1504
12037 # 1504
12037 # 1504
12037 # 1504
12037 # 1504
12037 # 1504
12037 # 1504
12037 # 1504
12037 # 1504
12037 # 1504
12037 # 1504
12037 # 1504
12037 # 1504
12037 # 1504
12037 # 1504
12037 # 1504
12037 # 1504
12037 # 1504
12037 # 1504
12037 # 1504
12037 # 1504
12037 # 1504
12037 # 1504
12037 # 1504
12037 # 1504
12037 # 1504
12037 # 1504
12037 # 1504
12037 # 1504
12037 # 1504
12037 # 1504
12037 # 1504
12037 # 1504
12037 # 1504
12037 # 1504
12037 # 1504
12037 # 1504
12037 # 1504
12037 # 1504
12037 # 1504
12037 # 1504
12037 # 1504
12037 # 1504
12037 # 1504
12037 # 1504
12037 # 1504
12039 + 92
13024 + 52
13037 # 1504
13037 - 92 998
13037 - 52 13
13037 # 1504
13037 # 1504
13037 # 1504
13037 # 1504
13037 # 1504
13037 # 1504
13037 # 1504
13037 # 1504
13037 # 1504
13037 # 1504
13037 # 1504
13037 # 1504
13037 # 1504
13037 # 1504
13037 # 1504
13037 # 1504
13037 # 1504
13037 # 1504
13037 # 1504
13037 # 1504
13037 # 1504
13037 # 1504
13037 # 1504
13037 # 1504
13037 # 1504
13037 # 1504
13037 # 1504
13037 # 1504
13037 # 1504
13037 # 1504
13037 # 1504
13037 # 1504
13037 # 1504
13037 # 1504
13037 # 1504
13037 # 1504
13037 # 1504
13037 # 1504
13037 # 1504
13037 # 1504
13037 # 1504
13037 # 1504
13037 # 1504
13037 # 1504
13037 # 1504
13037 # 1504
13037 # 1504
13037 # 1504
13037 # 1504
13037 # 1504
13037 # 1504
13037 # 1504
13037 # 1504
13037 # 1504
13037 # 1504
13037 # 1504
13037 # 1504
13037 # 1504
13037 # 1504
14037 # 1504
14037 # 1504
14037 # 1504
14037 # 1504
14037 # 1504
14037 # 1504
14037 # 1504
14037 # 1504
14037 # 1504
14037 # 1504
14037 # 1504
14037 # 1504
14037 # 1504
14037 # 1504
14037 # 1504
14037 # 1504
14037 # 1504
14037 # 1504
14037 # 1504
14037 # 1504
14037 # 1504
14037 # 1504
14037 # 1504
14037 # 1504
14037 # 1504
14037 # 1504
14037 # 1504
14037 # 1504
14037 # 1504
14037 # 1504
14037 # 1504
14037 # 1504
14037 # 1504
14037 # 1504
14037 # 1504
14037 # 1504
14037 # 1504
14037 # 1504
14037 # 1504
14037 # 1504
14037 # 1504
14037 # 1504
14037 # 1504
14037 # 1504
14037 # 1504
14037 # 1504
14037 # 1504
14037 # 1504
14037 # 1504
14037 # 1504
14037 # 1504
14037 # 1504
14037 # 1504
14037 # 1504
14037 # 1504
14037 # 1504
14037 # 1504
14037 # 1504
14037 # 1504
14037 # 1504
14039 + 92
14039 + 92
14039 + 92
14039 + 92
14040 + 92
14040 + 92
14040 + 92
14040 + 92
14040 + 92
14040 + 92
14040 + 92
14040 + 92
14040 + 92
14040 + 92
14040 + 92
14040 + 92
14040 + 92
14040 + 92
14040 + 92
14040 + 92
14040 + 92
14040 + 92
14040 + 92
14040 + 92
14040 + 92
14040 + 92
14040 + 92
14040 + 92
14040 + 92
14040 + 92
14040 + 92
14040 + 92
14040 + 92
14040 + 92
14040 + 92
14040 + 92
14040 + 92
14040 + 92
14040 + 92
14040 + 92
14040 + 92
14040 + 92
14040 + 92
15037 # 1504
15037 - 92 998
15037 - 92 998
15037 - 92 998
15037 - 92 998
15037 - 92 997
15037 - 92 997
15037 - 92 997
15037 - 92 997
15037 - 92 997
15037 - 92 997
15037 - 92 997
15037 - 92 997
15037 - 92 997
15037 - 92 997
15037 - 92 997
15037 - 92 997
15037 # 1504
15037 - 92 997
15037 - 92 997
15037 - 92 997
15037 - 92 997
15037 - 92 997
15037 - 92 997
15037 - 92 997
15037 - 92 997
15037 - 92 997
15037 - 92 997
15037 - 92 997
15037 - 92 997
15037 - 92 997
15037 - 92 997
15037 - 92 997
15037 - 92 997
15037 # 1504
15037 - 92 997
15037 - 92 997
15037 - 92 997
15037 - 92 997
15037 - 92 997
15037 - 92 997
15037 - 92 997
15037 - 92 997
15037 - 92 997
15037 - 92 997
15037 - 92 997
15037 # 1504
15037 # 1504
15037 # 1504
15037 # 1504
15037 # 1504
15037 # 1504
15037 # 1504
15037 # 1504
15037 # 1504
15037 # 1504
15037 # 1504
15037 # 1504
15037 # 1504
15037 # 1504
15037 # 1504
15037 # 1504
15037 # 1504
15037 # 1504
15037 # 1504
15037 # 1504
15037 # 1504
15037 # 1504
15037 # 1504
15037 # 1504
15037 # 1504
15037 # 1504
15037 # 1504
15037 # 1504
15037 # 1504
15037 # 1504
15037 # 1504
15037 # 1504
15037 # 1504
15037 # 1504
15037 # 1504
15037 # 1504
15037 # 1504
15037 # 1504
15037 # 1504
15037 # 1504
15037 # 1504
15037 # 1504
15037 # 1504
15037 # 1504
15037 # 1504
15037 # 1504
15037 # 1504
15037 # 1504
15037 # 1504
15037 # 1504
15037 # 1504
15037 # 1504
15037 # 1504
15037 # 1504
15037 # 1504
15037 # 1504
15037 # 1504
16037 # 1504
16037 # 1504
16037 # 1504
16037 # 1504
16037 # 1504
16037 # 1504
16037 # 1504
16037 # 1504
16037 # 1504
16037 # 1504
16037 # 1504
16037 # 1504
16037 # 1504
16037 # 1504
16037 # 1504
16037 # 1504
16037 # 1504
16037 # 1504
16037 # 1504
16037 # 1504
16037 # 1504
16037 # 1504
16037 # 1504
16037 # 1504
16037 # 1504
16037 # 1504
16037 # 1504
16037 # 1504
16037 # 1504
16037 # 1504
16037 # 1504
16037 # 1504
16037 # 1504
16037 # 1504
16037 # 1504
16037 # 1504
16037 # 1504
16037 # 1504
16037 # 1504
16037 # 1504
16037 # 1504
16037 # 1504
16037 # 1504
16037 # 1504
16037 # 1504
16037 # 1504
16037 # 1504
16037 # 1504
16037 # 1504
16037 # 1504
16037 # 1504
16037 # 1504
16037 # 1504
16037 # 1504
16037 # 1504
16037 # 1504
16037 # 1504
16037 # 1504
16037 # 1504
16037 # 1504
16039 + 92
16039 + 92
16040 + 92
16040 + 92
16040 + 92
16040 + 92
16040 + 92
16040 + 92
16040 + 92
16040 + 92
16040 + 92
16040 + 92
16040 + 92
16040 + 92
16040 + 92
16040 + 92
16040 + 92
16040 + 92
16040 + 92
16040 + 92
16040 + 92
16040 + 92
16040 + 92
16040 + 92
16040 + 92
16040 + 92
16040 + 92
16040 + 92
16040 + 92
16040 + 92
16040 + 92
16040 + 92
16040 + 92
16040 + 92
16040 + 92
16040 + 92
16040 + 92
16040 + 92
16040 + 92
16040 + 92
16040 + 92
16040 + 92
16040 + 92
16040 + 92
16040 + 92
16040 + 92
16040 + 92
16040 + 92
16040 + 92
16040 + 92
16040 + 92
16040 + 92
16040 + 92
16040 + 92
16040 + 92
16040 + 92
16040 + 92
16040 + 92
16040 + 92
16040 + 92
17037 # 1504
17037 - 92 998
17037 - 92 998
17037 - 92 997
17037 - 92 997
17037 - 92 997
17037 - 92 997
17037 - 92 997
17037 - 92 997
17037 - 92 997
17037 - 92 997
17037 - 92 997
17037 - 92 997
17037 - 92 997
17037 - 92 997
17037 - 92 997
17037 - 92 997
17037 # 1504
17037 - 92 997
17037 - 92 997
17037 - 92 997
17037 - 92 997
17037 - 92 997
17037 - 92 997
17037 - 92 997
17037 - 92 997
17037 - 92 997
17037 - 92 997
17037 - 92 997
17037 - 92 997
17037 - 92 997
17037 - 92 997
17037 - 92 997
17037 - 92 997
17037 # 1504
17037 - 92 997
17037 - 92 997
17037 - 92 997
17037 - 92 997
17037 - 92 997
17037 - 92 997
17037 - 92 997
17037 - 92 997
17037 - 92 997
17037 - 92 997
17037 - 92 997
17037 - 92 997
17037 - 92 997
17037 - 92 997
17037 - 92 997
17037 - 92 997
17037 - 92 997
17037 # 1504
17037 - 92 997
17037 - 92 997
17037 - 92 997
17037 - 92 997
17037 - 92 997
17037 - 92 997
17037 - 92 997
17037 - 92 997
17037 - 92 997
17037 - 92 997
17037 - 92 997
17037 # 1504
17037 # 1504
17037 # 1504
17037 # 1504
17037 # 1504
17037 # 1504
17037 # 1504
17037 # 1504
17037 # 1504
17037 # 1504
17037 # 1504
17037 # 1504
17037 # 1504
17037 # 1504
17037 # 1504
17037 # 1504
17037 # 1504
17037 # 1504
17037 # 1504
17037 # 1504
17037 # 1504
17037 # 1504
17037 # 1504
17037 # 1504
17037 # 1504
17037 # 1504
17037 # 1504
17037 # 1504
17037 # 1504
17037 # 1504
17037 # 1504
17037 # 1504
17037 # 1504
17037 # 1504
17037 # 1504
17037 # 1504
17037 # 1504
17037 # 1504
17037 # 1504
17037 # 1504
17037 # 1504
17037 # 1504
17037 # 1504
17037 # 1504
17037 # 1504
17037 # 1504
17037 # 1504
17037 # 1504
17037 # 1504
17037 # 1504
17037 # 1504
17037 # 1504
17037 # 1504
17037 # 1504
17037 # 1504
17037 # 1504
17038 + 92
17038 + 92
17038 + 92
17038 + 92
17038 + 92
17038 + 92
17038 + 92
17038 + 92
17038 + 92
17038 + 92
17038 + 92
17038 + 92
17038 + 92
17038 + 92
17038 + 92
17038 + 92
17038 + 92
17038 + 92
17038 + 92
17038 + 92
17038 + 92
17038 + 92
17038 + 92
17038 + 92
17038 + 92
17038 + 92
17038 + 92
17038 + 92
17038 + 92
17038 + 92
17038 + 92
17038 + 92
17038 + 92
17038 + 92
17038 + 92
17038 + 92
17038 + 92
17038 + 92
17038 + 92
17038 + 92
17038 + 92
17038 + 92
17038 + 92
17038 + 92
17038 + 92
17038 + 92
17038 + 92
17038 + 92
17038 + 92
17038 + 92
17038 + 92
17038 + 92
17038 + 92
17038 + 92
17038 + 92
17038 + 92
17038 + 92
17038 + 92
17038 + 92
17038 + 92
18037 # 1504
18037 - 92 999
18037 - 92 999
18037 - 92 999
18037 - 92 999
18037 - 92 999
18037 - 92 999
18037 - 92 999
18037 - 92 999
18037 - 92 999
18037 - 92 999
18037 - 92 999
18037 - 92 999
18037 - 92 999
18037 - 92 999
18037 - 92 999
18037 - 92 999
18037 # 1504
18037 - 92 999
18037 - 92 999
18037 - 92 999
18037 - 92 999
18037 - 92 999
18037 - 92 999
18037 - 92 999
18037 - 92 999
18037 - 92 999
18037 - 92 999
18037 - 92 999
18037 - 92 999
18037 - 92 999
18037 - 92 999
18037 - 92 999
18037 - 92 999
18037 # 1504
18037 - 92 999
18037 - 92 999
18037 - 92 999
18037 - 92 999
18037 - 92 999
18037 - 92 999
18037 - 92 999
18037 - 92 999
18037 - 92 999
18037 - 92 999
18037 - 92 999
18037 - 92 999
18037 - 92 999
18037 - 92 999
18037 - 92 999
18037 - 92 999
18037 - 92 999
18037 # 1504
18037 - 92 999
18037 - 92 999
18037 - 92 999
18037 - 92 999
18037 - 92 999
18037 - 92 999
18037 - 92 999
18037 - 92 999
18037 - 92 999
18037 - 92 999
18037 - 92 999
18037 # 1504
18037 # 1504
18037 # 1504
18037 # 1504
18037 # 1504
18037 # 1504
18037 # 1504
18037 # 1504
18037 # 1504
18037 # 1504
18037 # 1504
18037 # 1504
18037 # 1504
18037 # 1504
18037 # 1504
18037 # 1504
18037 # 1504
18037 # 1504
18037 # 1504
18037 # 1504
18037 # 1504
18037 # 1504
18037 # 1504
18037 # 1504
18037 # 1504
18037 # 1504
18037 # 1504
18037 # 1504
18037 # 1504
18037 # 1504
18037 # 1504
18037 # 1504
18037 # 1504
18037 # 1504
18037 # 1504
18037 # 1504
18037 # 1504
18037 # 1504
18037 # 1504
18037 # 1504
18037 # 1504
18037 # 1504
18037 # 1504
18037 # 1504
18037 # 1504
18037 # 1504
18037 # 1504
18037 # 1504
18037 # 1504
18037 # 1504
18037 # 1504
18037 # 1504
18037 # 1504
18037 # 1504
18037 # 1504
18037 # 1504
18041 + 92
18041 + 92
18041 + 92
18041 + 92
18041 + 92
18041 + 92
18041 + 92
18041 + 92
18041 + 92
18041 + 92
18042 + 92
18042 + 92
18042 + 92
18042 + 92
18042 + 92
18042 + 92
18042 + 92
18042 + 92
18042 + 92
18042 + 92
18042 + 92
18042 + 92
18042 + 92
18042 + 92
18042 + 92
18042 + 92
18042 + 92
18042 + 92
18042 + 92
18042 + 92
18042 + 92
18042 + 92
18042 + 92
18042 + 92
18042 + 92
18042 + 92
18042 + 92
18042 + 92
18042 + 92
18042 + 92
18042 + 92
18042 + 92
18042 + 92
18043 + 92
18043 + 92
18043 + 92
18043 + 92
18043 + 92
18043 + 92
18043 + 92
18043 + 92
18043 + 92
18043 + 92
18043 + 92
18043 + 92
18043 + 92
18043 + 92
18043 + 92
18043 + 92
18043 + 92
19037 # 1504
19037 - 92 996
19037 - 92 996
19037 - 92 996
19037 - 92 996
19037 - 92 996
19037 - 92 996
19037 - 92 996
19037 - 92 996
19037 - 92 996
19037 - 92 996
19037 - 92 995
19037 - 92 995
19037 - 92 995
19037 - 92 995
19037 - 92 995
19037 - 92 995
19037 # 1504
19037 - 92 995
19037 - 92 995
19037 - 92 995
19037 - 92 995
19037 - 92 995
19037 - 92 995
19037 - 92 995
19037 - 92 995
19037 - 92 995
19037 - 92 995
19037 - 92 995
19037 - 92 995
19037 - 92 995
19037 - 92 995
19037 - 92 995
19037 - 92 995
19037 # 1504
19037 - 92 995
19037 - 92 995
19037 - 92 995
19037 - 92 995
19037 - 92 995
19037 - 92 995
19037 - 92 995
19037 - 92 995
19037 - 92 995
19037 - 92 995
19037 - 92 995
19037 - 92 994
19037 - 92 994
19037 - 92 994
19037 - 92 994
19037 - 92 994
19037 - 92 994
19037 # 1504
19037 - 92 994
19037 - 92 994
19037 - 92 994
19037 - 92 994
19037 - 92 994
19037 - 92 994
19037 - 92 994
19037 - 92 994
19037 - 92 994
19037 - 92 994
19037 - 92 994
19037 # 1504
19037 # 1504
19037 # 1504
19037 # 1504
19037 # 1504
19037 # 1504
19037 # 1504
19037 # 1504
19037 # 1504
19037 # 1504
19037 # 1504
19037 # 1504
19037 # 1504
19037 # 1504
19037 # 1504
19037 # 1504
19037 # 1504
19037 # 1504
19037 # 1504
19037 # 1504
19037 # 1504
19037 # 1504
19037 # 1504
19037 # 1504
19037 # 1504
19037 # 1504
19037 # 1504
19037 # 1504
19037 # 1504
19037 # 1504
19037 # 1504
19037 # 1504
19037 # 1504
19037 # 1504
19037 # 1504
19037 # 1504
19037 # 1504
19037 # 1504
19037 # 1504
19037 # 1504
19037 # 1504
19037 # 1504
19037 # 1504
19037 # 1504
19037 # 1504
19037 # 1504
19037 # 1504
19037 # 1504
19037 # 1504
19037 # 1504
19037 # 1504
19037 # 1504
19037 # 1504
19037 # 1504
19037 # 1504
19037 # 1504
19039 + 92
19039 + 92
19039 + 92
19039 + 92
19039 + 92
19039 + 92
19039 + 92
19039 + 92
19039 + 92
19039 + 92
19039 + 92
19039 + 92
19039 + 92
19039 + 92
19039 + 92
19039 + 92
19039 + 92
19039 + 92
19039 + 92
19039 + 92
19039 + 92
19039 + 92
19039 + 92
19039 + 92
19039 + 92
19039 + 92
19039 + 92
19039 + 92
19039 + 92
19039 + 92
19039 + 92
19039 + 92
19039 + 92
19039 + 92
19039 + 92
19039 + 92
19039 + 92
19039 + 92
19039 + 92
19039 + 92
19039 + 92
19039 + 92
19039 + 92
19039 + 92
19039 + 92
19039 + 92
19039 + 92
19039 + 92
19039 + 92
19039 + 92
19039 + 92
19039 + 92
19039 + 92
19039 + 92
19039 + 92
19039 + 92
19039 + 92
19039 + 92
19039 + 92
19039 + 92
20037 # 1504
20037 - 92 998
20037 - 92 998
20037 - 92 998
20037 - 92 998
20037 - 92 998
20037 - 92 998
20037 - 92 998
20037 - 92 998
20037 - 92 998
20037 - 92 998
20037 - 92 998
20037 - 92 998
20037 - 92 998
20037 - 92 998
20037 - 92 998
20037 - 92 998
20037 # 1504
20037 - 92 998
20037 - 92 998
20037 - 92 998
20037 - 92 998
20037 - 92 998
20037 - 92 998
20037 - 92 998
20037 - 92 998
20037 - 92 998
20037 - 92 998
20037 - 92 998
20037 - 92 998
20037 - 92 998
20037 - 92 998
20037 - 92 998
20037 - 92 998
20037 # 1504
20037 - 92 998
20037 - 92 998
20037 - 92 998
20037 - 92 998
20037 - 92 998
20037 - 92 998
20037 - 92 998
20037 - 92 998
20037 - 92 998
20037 - 92 998
20037 - 92 998
20037 - 92 998
20037 - 92 998
20037 - 92 998
20037 - 92 998
20037 - 92 998
20037 - 92 998
20037 # 1504
20037 - 92 998
20037 - 92 998
20037 - 92 998
20037 - 92 998
20037 - 92 998
20037 - 92 998
20037 - 92 998
20037 - 92 998
20037 - 92 998
20037 - 92 998
20037 - 92 998
20037 # 1504
20037 # 1504
20037 # 1504
20037 # 1504
20037 # 1504
20037 # 1504
20037 # 1504
20037 # 1504
20037 # 1504
20037 # 1504
20037 # 1504
20037 # 1504
20037 # 1504
20037 # 1504
20037 # 1504
20037 # 1504
20037 # 1504
20037 # 1504
20037 # 1504
20037 # 1504
20037 # 1504
20037 # 1504
20037 # 1504
20037 # 1504
20037 # 1504
20037 # 1504
20037 # 1504
20037 # 1504
20037 # 1504
20037 # 1504
20037 # 1504
20037 # 1504
20037 # 1504
20037 # 1504
20037 # 1504
20037 # 1504
20037 # 1504
20037 # 1504
20037 # 1504
20037 # 1504
20037 # 1504
20037 # 1504
20037 # 1504
20037 # 1504
20037 # 1504
20037 # 1504
20037 # 1504
20037 # 1504
20037 # 1504
20037 # 1504
20037 # 1504
20037 # 1504
20037 # 1504
20037 # 1504
20037 # 1504
20037 # 1504
20040 + 92
20040 + 92
20040 + 92
20040 + 92
20040 + 92
20040 + 92
20040 + 92
20040 + 92
20040 + 92
20040 + 92
20040 + 92
20040 + 92
20040 + 92
20040 + 92
20040 + 92
20040 + 92
20040 + 92
20040 + 92
20040 + 92
20040 + 92
20040 + 92
20040 + 92
20040 + 92
20040 + 92
20040 + 92
20040 + 92
20040 + 92
20040 + 92
20040 + 92
20040 + 92
20040 + 92
20040 + 92
20040 + 92
20040 + 92
20040 + 92
20040 + 92
20040 + 92
20040 + 92
20040 + 92
20040 + 92
20040 + 92
20040 + 92
20040 + 92
20040 + 92
20040 + 92
20040 + 92
20041 + 92
20041 + 92
20041 + 92
20041 + 92
20041 + 92
20041 + 92
20041 + 92
20041 + 92
20041 + 92
20041 + 92
20041 + 92
20041 + 92
20041 + 92
20041 + 92
21037 # 1504
21037 - 92 997
21037 - 92 997
21037 - 92 997
21037 - 92 997
21037 - 92 997
21037 - 92 997
21037 - 92 997
21037 - 92 997
21037 - 92 997
21037 - 92 997
21037 - 92 997
21037 - 92 997
21037 - 92 997
21037 - 92 997
21037 - 92 997
21037 - 92 997
21037 # 1504
21037 - 92 997
21037 - 92 997
21037 - 92 997
21037 - 92 997
21037 - 92 997
21037 - 92 997
21037 - 92 997
21037 - 92 997
21037 - 92 997
21037 - 92 997
21037 - 92 997
21037 - 92 997
21037 - 92 997
21037 - 92 997
21037 - 92 997
21037 - 92 997
21037 # 1504
21037 - 92 997
21037 - 92 997
21037 - 92 997
21037 - 92 997
21037 - 92 997
21037 - 92 997
21037 - 92 997
21037 - 92 997
21037 - 92 997
21037 - 92 997
21037 - 92 997
21037 - 92 997
21037 - 92 997
21037 - 92 997
21037 - 92 996
21037 - 92 996
21037 - 92 996
21037 # 1504
21037 - 92 996
21037 - 92 996
21037 - 92 996
21037 - 92 996
21037 - 92 996
21037 - 92 996
21037 - 92 996
21037 - 92 996
21037 - 92 996
21037 - 92 996
21037 - 92 996
21037 # 1504
21037 # 1504
21037 # 1504
21037 # 1504
21037 # 1504
21037 # 1504
21037 # 1504
21037 # 1504
21037 # 1504
21037 # 1504
21037 # 1504
21037 # 1504
21037 # 1504
21037 # 1504
21037 # 1504
21037 # 1504
21037 # 1504
21037 # 1504
21037 # 1504
21037 # 1504
21037 # 1504
21037 # 1504
21037 # 1504
21037 # 1504
21037 # 1504
21037 # 1504
21037 # 1504
21037 # 1504
21037 # 1504
21037 # 1504
21037 # 1504
21037 # 1504
21037 # 1504
21037 # 1504
21037 # 1504
21037 # 1504
21037 # 1504
21037 # 1504
21037 # 1504
21037 # 1504
21037 # 1504
21037 # 1504
21037 # 1504
21037 # 1504
21037 # 1504
21037 # 1504
21037 # 1504
21037 # 1504
21037 # 1504
21037 # 1504
21037 # 1504
21037 # 1504
21037 # 1504
21037 # 1504
21037 # 1504
21037 # 1504
21042 + 92
21042 + 92
21042 + 92
21042 + 92
21042 + 92
21042 + 92
21042 + 92
21043 + 92
21043 + 92
21043 + 92
21044 + 92
21044 + 92
21044 + 92
21044 + 92
21044 + 92
21044 + 92
21044 + 92
21044 + 92
21044 + 92
21044 + 92
21044 + 92
21045 + 92
21045 + 92
21045 + 92
21045 + 92
21045 + 92
21045 + 92
21045 + 92
21045 + 92
21045 + 92
21045 + 92
21045 + 92
21045 + 92
21045 + 92
21045 + 92
21045 + 92
21045 + 92
21045 + 92
21045 + 92
21045 + 92
21046 + 92
21046 + 92
21046 + 92
21046 + 92
21046 + 92
21046 + 92
21046 + 92
21046 + 92
21046 + 92
21046 + 92
21046 + 92
21046 + 92
21046 + 92
21046 + 92
21046 + 92
21046 + 92
21046 + 92
21046 + 92
21046 + 92
21046 + 92
22037 # 1504
22037 - 92 995
22037 - 92 995
22037 - 92 995
22037 - 92 995
22037 - 92 995
22037 - 92 995
22037 - 92 995
22037 - 92 994
22037 - 92 994
22037 - 92 994
22037 - 92 993
22037 - 92 993
22037 - 92 993
22037 - 92 993
22037 - 92 993
22037 - 92 993
22037 # 1504
22037 - 92 993
22037 - 92 993
22037 - 92 993
22037 - 92 993
22037 - 92 993
22037 - 92 992
22037 - 92 992
22037 - 92 992
22037 - 92 992
22037 - 92 992
22037 - 92 992
22037 - 92 992
22037 - 92 992
22037 - 92 992
22037 - 92 992
22037 - 92 992
22037 # 1504
22037 - 92 992
22037 - 92 992
22037 - 92 992
22037 - 92 992
22037 - 92 992
22037 - 92 992
22037 - 92 992
22037 - 92 992
22037 - 92 991
22037 - 92 991
22037 - 92 991
22037 - 92 991
22037 - 92 991
22037 - 92 991
22037 - 92 991
22037 - 92 991
22037 - 92 991
22037 # 1504
22037 - 92 991
22037 - 92 991
22037 - 92 991
22037 - 92 991
22037 - 92 991
22037 - 92 991
22037 - 92 991
22037 - 92 991
22037 - 92 991
22037 - 92 991
22037 - 92 991
22037 # 1504
22037 # 1504
22037 # 1504
22037 # 1504
22037 # 1504
22037 # 1504
22037 # 1504
22037 # 1504
22037 # 1504
22037 # 1504
22037 # 1504
22037 # 1504
22037 # 1504
22037 # 1504
22037 # 1504
22037 # 1504
22037 # 1504
22037 # 1504
22037 # 1504
22037 # 1504
22037 # 1504
22037 # 1504
22037 # 1504
22037 # 1504
22037 # 1504
22037 # 1504
22037 # 1504
22037 # 1504
22037 # 1504
22037 # 1504
22037 # 1504
22037 # 1504
22037 # 1504
22037 # 1504
22037 # 1504
22037 # 1504
22037 # 1504
22037 # 1504
22037 # 1504
22037 # 1504
22037 # 1504
22037 # 1504
22037 # 1504
22037 # 1504
22037 # 1504
22037 # 1504
22037 # 1504
22037 # 1504
22037 # 1504
22037 # 1504
22037 # 1504
22037 # 1504
22037 # 1504
22037 # 1504
22037 # 1504
22037 # 1504
22039 + 92
22039 + 92
22039 + 92
22039 + 92
22039 + 92
22039 + 92
22039 + 92
22039 + 92
22039 + 92
22039 + 92
22039 + 92
22039 + 92
22039 + 92
22039 + 92
22039 + 92
22039 + 92
22039 + 92
22039 + 92
22039 + 92
22039 + 92
22039 + 92
22039 + 92
22040 + 92
22040 + 92
22040 + 92
22040 + 92
22040 + 92
22040 + 92
22040 + 92
22040 + 92
22040 + 92
22040 + 92
22040 + 92
22040 + 92
22040 + 92
22041 + 92
22041 + 92
22041 + 92
22041 + 92
22041 + 92
22041 + 92
22041 + 92
22041 + 92
22041 + 92
22041 + 92
22041 + 92
22041 + 92
22041 + 92
22041 + 92
22041 + 92
22041 + 92
22041 + 92
22041 + 92
22041 + 92
22041 + 92
22041 + 92
22041 + 92
22041 + 92
22041 + 92
22041 + 92
23037 # 1504
23037 - 92 998
23037 - 92 998
23037 - 92 998
23037 - 92 998
23037 - 92 998
23037 - 92 998
23037 - 92 998
23037 - 92 998
23037 - 92 998
23037 - 92 998
23037 - 92 998
23037 - 92 998
23037 - 92 998
23037 - 92 998
23037 - 92 998
23037 - 92 998
23037 # 1504
23037 - 92 998
23037 - 92 998
23037 - 92 998
23037 - 92 998
23037 - 92 998
23037 - 92 998
23037 - 92 997
23037 - 92 997
23037 - 92 997
23037 - 92 997
23037 - 92 997
23037 - 92 997
23037 - 92 997
23037 - 92 997
23037 - 92 997
23037 - 92 997
23037 # 1504
23037 - 92 997
23037 - 92 997
23037 - 92 997
23037 - 92 996
23037 - 92 996
23037 - 92 996
23037 - 92 996
23037 - 92 996
23037 - 92 996
23037 - 92 996
23037 - 92 996
23037 - 92 996
23037 - 92 996
23037 - 92 996
23037 - 92 996
23037 - 92 996
23037 - 92 996
23037 # 1504
23037 - 92 996
23037 - 92 996
23037 - 92 996
23037 - 92 996
23037 - 92 996
23037 - 92 996
23037 - 92 996
23037 - 92 996
23037 - 92 996
23037 - 92 996
23037 - 92 996
23037 # 1504
23037 # 1504
23037 # 1504
23037 # 1504
23037 # 1504
23037 # 1504
23037 # 1504
23037 # 1504
23037 # 1504
23037 # 1504
23037 # 1504
23037 # 1504
23037 # 1504
23037 # 1504
23037 # 1504
23037 # 1504
23037 # 1504
23037 # 1504
23037 # 1504
23037 # 1504
23037 # 1504
23037 # 1504
23037 # 1504
23037 # 1504
23037 # 1504
23037 # 1504
23037 # 1504
23037 # 1504
23037 # 1504
23037 # 1504
23037 # 1504
23037 # 1504
23037 # 1504
23037 # 1504
23037 # 1504
23037 # 1504
23037 # 1504
23037 # 1504
23037 # 1504
23037 # 1504
23037 # 1504
23037 # 1504
23037 # 1504
23037 # 1504
23037 # 1504
23037 # 1504
23037 # 1504
23037 # 1504
23037 # 1504
23037 # 1504
23037 # 1504
23037 # 1504
23037 # 1504
23037 # 1504
23037 # 1504
23037 # 1504
23042 + 92
23043 + 92
23044 + 92
23044 + 92
23044 + 92
23044 + 92
23044 + 92
23044 + 92
23044 + 92
23044 + 92
23044 + 92
23044 + 92
23044 + 92
23044 + 92
23044 + 92
23044 + 92
23044 + 92
23044 + 92
23044 + 92
23044 + 92
23044 + 92
23044 + 92
23044 + 92
23044 + 92
23044 + 92
23044 + 92
23044 + 92
23044 + 92
23044 + 92
23044 + 92
23044 + 92
23044 + 92
23044 + 92
23044 + 92
23044 + 92
23044 + 92
23044 + 92
23044 + 92
23044 + 92
23044 + 92
23044 + 92
23044 + 92
23044 + 92
23044 + 92
23044 + 92
23044 + 92
23044 + 92
23044 + 92
23044 + 92
23044 + 92
23044 + 92
23044 + 92
23044 + 92
23044 + 92
23044 + 92
23044 + 92
23044 + 92
23044 + 92
23044 + 92
23044 + 92
24037 # 1504
24037 - 92 995
24037 - 92 994
24037 - 92 993
24037 - 92 993
24037 - 92 993
24037 - 92 993
24037 - 92 993
24037 - 92 993
24037 - 92 993
24037 - 92 993
24037 - 92 993
24037 - 92 993
24037 - 92 993
24037 - 92 993
24037 - 92 993
24037 - 92 993
24037 # 1504
24037 - 92 993
24037 - 92 993
24037 - 92 993
24037 - 92 993
24037 - 92 993
24037 - 92 993
24037 - 92 993
24037 - 92 993
24037 - 92 993
24037 - 92 993
24037 - 92 993
24037 - 92 993
24037 - 92 993
24037 - 92 993
24037 - 92 993
24037 - 92 993
24037 # 1504
24037 - 92 993
24037 - 92 993
24037 - 92 993
24037 - 92 993
24037 - 92 993
24037 - 92 993
24037 - 92 993
24037 - 92 993
24037 - 92 993
24037 - 92 993
24037 - 92 993
24037 - 92 993
24037 - 92 993
24037 - 92 993
24037 - 92 993
24037 - 92 993
24037 - 92 993
24037 # 1504
24037 - 92 993
24037 - 92 993
24037 - 92 993
24037 - 92 993
24037 - 92 993
24037 - 92 993
24037 - 92 993
24037 - 92 993
24037 - 92 993
24037 - 92 993
24037 - 92 993
24037 # 1504
24037 # 1504
24037 # 1504
24037 # 1504
24037 # 1504
24037 # 1504
24037 # 1504
24037 # 1504
24037 # 1504
24037 # 1504
24037 # 1504
24037 # 1504
24037 # 1504
24037 # 1504
24037 # 1504
24037 # 1504
24037 # 1504
24037 # 1504
24037 # 1504
24037 # 1504
24037 # 1504
24037 # 1504
24037 # 1504
24037 # 1504
24037 # 1504
24037 # 1504
24037 # 1504
24037 # 1504
24037 # 1504
24037 # 1504
24037 # 1504
24037 # 1504
24037 # 1504
24037 # 1504
24037 # 1504
24037 # 1504
24037 # 1504
24037 # 1504
24037 # 1504
24037 # 1504
24037 # 1504
24037 # 1504
24037 # 1504
24037 # 1504
24037 # 1504
24037 # 1504
24037 # 1504
24037 # 1504
24037 # 1504
24037 # 1504
24037 # 1504
24037 # 1504
24037 # 1504
24037 # 1504
24037 # 1504
24037 # 1504
24040 + 92
24040 + 92
24041 + 92
24041 + 92
24041 + 92
24041 + 92
24041 + 92
24041 + 92
24041 + 92
24041 + 92
24041 + 92
24042 + 92
24042 + 92
24042 + 92
24042 + 92
24042 + 92
24042 + 92
24042 + 92
24042 + 92
24042 + 92
24042 + 92
24042 + 92
24042 + 92
24042 + 92
24043 + 92
24043 + 92
24043 + 92
24043 + 92
24043 + 92
24043 + 92
24043 + 92
24043 + 92
24043 + 92
24044 + 92
24044 + 92
24044 + 92
24044 + 92
24044 + 92
24044 + 92
24044 + 92
24044 + 92
24044 + 92
24044 + 92
24044 + 92
24044 + 92
24044 + 92
24044 + 92
24044 + 92
24045 + 92
24045 + 92
24045 + 92
24045 + 92
24045 + 92
24045 + 92
24045 + 92
24045 + 92
24045 + 92
24045 + 92
24045 + 92
24045 + 92
25037 # 1504
25037 - 92 997
25037 - 92 997
25037 - 92 996
25037 - 92 996
25037 - 92 996
25037 - 92 996
25037 - 92 996
25037 - 92 996
25037 - 92 996
25037 - 92 996
25037 - 92 996
25037 - 92 995
25037 - 92 995
25037 - 92 995
25037 - 92 995
25037 - 92 995
25037 # 1504
25037 - 92 995
25037 - 92 995
25037 - 92 995
25037 - 92 995
25037 - 92 995
25037 - 92 995
25037 - 92 995
25037 - 92 995
25037 - 92 994
25037 - 92 994
25037 - 92 994
25037 - 92 994
25037 - 92 994
25037 - 92 994
25037 - 92 994
25037 - 92 994
25037 # 1504
25037 - 92 994
25037 - 92 993
25037 - 92 993
25037 - 92 993
25037 - 92 993
25037 - 92 993
25037 - 92 993
25037 - 92 993
25037 - 92 993
25037 - 92 993
25037 - 92 993
25037 - 92 993
25037 - 92 993
25037 - 92 993
25037 - 92 993
25037 - 92 993
25037 - 92 992
25037 # 1504
25037 - 92 992
25037 - 92 992
25037 - 92 992
25037 - 92 992
25037 - 92 992
25037 - 92 992
25037 - 92 992
25037 - 92 992
25037 - 92 992
25037 - 92 992
25037 - 92 992
25037 # 1504
25037 # 1504
25037 # 1504
25037 # 1504
25037 # 1504
25037 # 1504
25037 # 1504
25037 # 1504
25037 # 1504
25037 # 1504
25037 # 1504
25037 # 1504
25037 # 1504
25037 # 1504
25037 # 1504
25037 # 1504
25037 # 1504
25037 # 1504
25037 # 1504
25037 # 1504
25037 # 1504
25037 # 1504
25037 # 1504
25037 # 1504
25037 # 1504
25037 # 1504
25037 # 1504
25037 # 1504
25037 # 1504
25037 # 1504
25037 # 1504
25037 # 1504
25037 # 1504
25037 # 1504
25037 # 1504
25037 # 1504
25037 # 1504
25037 # 1504
25037 # 1504
25037 # 1504
25037 # 1504
25037 # 1504
25037 # 1504
25037 # 1504
25037 # 1504
25037 # 1504
25037 # 1504
25037 # 1504
25037 # 1504
25037 # 1504
25037 # 1504
25037 # 1504
25037 # 1504
25037 # 1504
25037 # 1504
25037 # 1504
25040 + 92
25041 + 92
25042 + 92
25042 + 92
25042 + 92
25042 + 92
25042 + 92
25042 + 92
25042 + 92
25042 + 92
25042 + 92
25042 + 92
25042 + 92
25042 + 92
25042 + 92
25042 + 92
25042 + 92
25042 + 92
25042 + 92
25042 + 92
25042 + 92
25042 + 92
25042 + 92
25042 + 92
25042 + 92
25042 + 92
25043 + 92
25043 + 92
25043 + 92
25044 + 92
25044 + 92
25044 + 92
25045 + 92
25045 + 92
25045 + 92
25045 + 92
25045 + 92
25045 + 92
25045 + 92
25045 + 92
25045 + 92
25045 + 92
25045 + 92
25045 + 92
25045 + 92
25045 + 92
25045 + 92
25045 + 92
25045 + 92
25045 + 92
25045 + 92
25045 + 92
25045 + 92
25045 + 92
25045 + 92
25045 + 92
25045 + 92
25045 + 92
25045 + 92
25045 + 92
26037 # 1504
26037 - 92 997
26037 - 92 996
26037 - 92 995
26037 - 92 995
26037 - 92 995
26037 - 92 995
26037 - 92 995
26037 - 92 995
26037 - 92 995
26037 - 92 995
26037 - 92 995
26037 - 92 995
26037 - 92 995
26037 - 92 995
26037 - 92 995
26037 - 92 995
26037 # 1504
26037 - 92 995
26037 - 92 995
26037 - 92 995
26037 - 92 995
26037 - 92 995
26037 - 92 995
26037 - 92 995
26037 - 92 995
26037 - 92 995
26037 - 92 995
26037 - 92 994
26037 - 92 994
26037 - 92 994
26037 - 92 993
26037 - 92 993
26037 - 92 993
26037 # 1504
26037 - 92 992
26037 - 92 992
26037 - 92 992
26037 - 92 992
26037 - 92 992
26037 - 92 992
26037 - 92 992
26037 - 92 992
26037 - 92 992
26037 - 92 992
26037 - 92 992
26037 - 92 992
26037 - 92 992
26037 - 92 992
26037 - 92 992
26037 - 92 992
26037 - 92 992
26037 # 1504
26037 - 92 992
26037 - 92 992
26037 - 92 992
26037 - 92 992
26037 - 92 992
26037 - 92 992
26037 - 92 992
26037 - 92 992
26037 - 92 992
26037 - 92 992
26037 - 92 992
26037 # 1504
26037 # 1504
26037 # 1504
26037 # 1504
26037 # 1504
26037 # 1504
26037 # 1504
26037 # 1504
26037 # 1504
26037 # 1504
26037 # 1504
26037 # 1504
26037 # 1504
26037 # 1504
26037 # 1504
26037 # 1504
26037 # 1504
26037 # 1504
26037 # 1504
26037 # 1504
26037 # 1504
26037 # 1504
26037 # 1504
26037 # 1504
26037 # 1504
26037 # 1504
26037 # 1504
26037 # 1504
26037 # 1504
26037 # 1504
26037 # 1504
26037 # 1504
26037 # 1504
26037 # 1504
26037 # 1504
26037 # 1504
26037 # 1504
26037 # 1504
26037 # 1504
26037 # 1504
26037 # 1504
26037 # 1504
26037 # 1504
26037 # 1504
26037 # 1504
26037 # 1504
26037 # 1504
26037 # 1504
26037 # 1504
26037 # 1504
26037 # 1504
26037 # 1504
26037 # 1504
26037 # 1504
26037 # 1504
26037 # 1504
26044 + 92
26044 + 92
26044 + 92
26044 + 92
26044 + 92
26044 + 92
26044 + 92
26044 + 92
26044 + 92
26044 + 92
26044 + 92
26044 + 92
26044 + 92
26044 + 92
26044 + 92
26044 + 92
26044 + 92
26044 + 92
26044 + 92
26044 + 92
26044 + 92
26044 + 92
26044 + 92
26044 + 92
26044 + 92
26044 + 92
26044 + 92
26045 + 92
26045 + 92
26045 + 92
26045 + 92
26045 + 92
26045 + 92
26045 + 92
26045 + 92
26045 + 92
26045 + 92
26045 + 92
26045 + 92
26045 + 92
26045 + 92
26045 + 92
26045 + 92
26045 + 92
26045 + 92
26045 + 92
26046 + 92
27037 # 1504
27037 - 92 993
27037 - 92 993
27037 - 92 993
27037 - 92 993
27037 - 92 993
27037 - 92 993
27037 - 92 993
27037 - 92 993
27037 - 92 993
27037 - 92 993
27037 - 92 993
27037 - 92 993
27037 - 92 993
27037 - 92 993
27037 - 92 993
27037 - 92 993
27037 # 1504
27037 - 92 993
27037 - 92 993
27037 - 92 993
27037 - 92 993
27037 - 92 993
27037 - 92 993
27037 - 92 993
27037 - 92 993
27037 - 92 993
27037 - 92 993
27037 - 92 993
27037 - 92 992
27037 - 92 992
27037 - 92 992
27037 - 92 992
27037 - 92 992
27037 # 1504
27037 - 92 992
27037 - 92 992
27037 - 92 992
27037 - 92 992
27037 - 92 992
27037 - 92 992
27037 - 92 992
27037 - 92 992
27037 - 92 992
27037 - 92 992
27037 - 92 992
27037 - 92 992
27037 - 92 992
27037 - 92 992
27037 - 92 991
27037 # 1504
27037 # 1504
27037 # 1504
27037 # 1504
27037 # 1504
27037 # 1504
27037 # 1504
27037 # 1504
27037 # 1504
27037 # 1504
27037 # 1504
27037 # 1504
27037 # 1504
27037 # 1504
27037 # 1504
27037 # 1504
27037 # 1504
27037 # 1504
27037 # 1504
27037 # 1504
27037 # 1504
27037 # 1504
27037 # 1504
27037 # 1504
27037 # 1504
27037 # 1504
27037 # 1504
27037 # 1504
27037 # 1504
27037 # 1504
27037 # 1504
27037 # 1504
27037 # 1504
27037 # 1504
27037 # 1504
27037 # 1504
27037 # 1504
27037 # 1504
27037 # 1504
27037 # 1504
27037 # 1504
27037 # 1504
27037 # 1504
27037 # 1504
27037 # 1504
27037 # 1504
27037 # 1504
27037 # 1504
27037 # 1504
27037 # 1504
27037 # 1504
27037 # 1504
27037 # 1504
27037 # 1504
27037 # 1504
27037 # 1504
27037 # 1504
27041 + 92
27041 + 92
27041 + 92
27041 + 92
27041 + 92
27041 + 92
27042 + 92
27042 + 92
27042 + 92
27042 + 92
27042 + 92
27042 + 92
27042 + 92
27042 + 92
27042 + 92
27042 + 92
27042 + 92
27042 + 92
27042 + 92
27042 + 92
27042 + 92
27042 + 92
27042 + 92
27042 + 92
27042 + 92
27042 + 92
27042 + 92
27042 + 92
27042 + 92
27042 + 92
28037 # 1504
28037 - 92 996
28037 - 92 996
28037 - 92 996
28037 - 92 996
28037 - 92 996
28037 - 92 996
28037 - 92 995
28037 - 92 995
28037 - 92 995
28037 - 92 995
28037 - 92 995
28037 - 92 995
28037 - 92 995
28037 - 92 995
28037 - 92 995
28037 - 92 995
28037 # 1504
28037 - 92 995
28037 - 92 995
28037 - 92 995
28037 - 92 995
28037 - 92 995
28037 - 92 995
28037 - 92 995
28037 - 92 995
28037 - 92 995
28037 - 92 995
28037 - 92 995
28037 - 92 995
28037 - 92 995
28037 - 92 995
28037 # 1504
28037 # 1504
28037 # 1504
28037 # 1504
28037 # 1504
28037 # 1504
28037 # 1504
28037 # 1504
28037 # 1504
28037 # 1504
28037 # 1504
28037 # 1504
28037 # 1504
28037 # 1504
28037 # 1504
28037 # 1504
28037 # 1504
28037 # 1504
28037 # 1504
28037 # 1504
28037 # 1504
28037 # 1504
28037 # 1504
28037 # 1504
28037 # 1504
28037 # 1504
28037 # 1504
28037 # 1504
28037 # 1504
28037 # 1504
28037 # 1504
28037 # 1504
28037 # 1504
28037 # 1504
28037 # 1504
28037 # 1504
28037 # 1504
28037 # 1504
28037 # 1504
28037 # 1504
28037 # 1504
28037 # 1504
28037 # 1504
28037 # 1504
28037 # 1504
28037 # 1504
28037 # 1504
28037 # 1504
28037 # 1504
28037 # 1504
28037 # 1504
28037 # 1504
28037 # 1504
28037 # 1504
28037 # 1504
28037 # 1504
28037 # 1504
28037 # 1504
28042 + 92
28042 + 92
28042 + 92
28042 + 92
28042 + 92
28042 + 92
28042 + 92
28042 + 92
28042 + 92
28042 + 92
28042 + 92
28042 + 92
28042 + 92
28042 + 92
28042 + 92
28042 + 92
28042 + 92
28042 + 92
28042 + 92
28042 + 92
28042 + 92
28042 + 92
28042 + 92
28042 + 92
28042 + 92
28042 + 92
28042 + 92
28042 + 92
28042 + 92
28042 + 92
29037 # 1504
29037 - 92 995
29037 - 92 995
29037 - 92 995
29037 - 92 995
29037 - 92 995
29037 - 92 995
29037 - 92 995
29037 - 92 995
29037 - 92 995
29037 - 92 995
29037 - 92 995
29037 - 92 995
29037 - 92 995
29037 - 92 995
29037 - 92 995
29037 - 92 995
29037 # 1504
29037 - 92 995
29037 - 92 995
29037 - 92 995
29037 - 92 995
29037 - 92 995
29037 - 92 995
29037 - 92 995
29037 - 92 995
29037 - 92 995
29037 - 92 995
29037 - 92 995
29037 - 92 995
29037 - 92 995
29037 - 92 995
29037 # 1504
29037 # 1504
29037 # 1504
29037 # 1504
29037 # 1504
29037 # 1504
29037 # 1504
29037 # 1504
29037 # 1504
29037 # 1504
29037 # 1504
29037 # 1504
29037 # 1504
29037 # 1504
29037 # 1504
29037 # 1504
29037 # 1504
29037 # 1504
29037 # 1504
29037 # 1504
29037 # 1504
29037 # 1504
29037 # 1504
29037 # 1504
29037 # 1504
29037 # 1504
29037 # 1504
29037 # 1504
29037 # 1504
29037 # 1504
29037 # 1504
29037 # 1504
29037 # 1504
29037 # 1504
29037 # 1504
29037 # 1504
29037 # 1504
29037 # 1504
29037 # 1504
29037 # 1504
29037 # 1504
29037 # 1504
29037 # 1504
29037 # 1504
29037 # 1504
29037 # 1504
29037 # 1504
29037 # 1504
29037 # 1504
29037 # 1504
29037 # 1504
29037 # 1504
29037 # 1504
29037 # 1504
29037 # 1504
29037 # 1504
29037 # 1504
29037 # 1504
29041 + 92
29041 + 92
29041 + 92
29041 + 92
30037 # 1504
30037 - 92 996
30037 - 92 996
30037 - 92 996
30037 - 92 996
30037 # 1504
30037 # 1504
30037 # 1504
30037 # 1504
30037 # 1504
30037 # 1504
30037 # 1504
30037 # 1504
30037 # 1504
30037 # 1504
30037 # 1504
30037 # 1504
30037 # 1504
30037 # 1504
30037 # 1504
30037 # 1504
30037 # 1504
30037 # 1504
30037 # 1504
30037 # 1504
30037 # 1504
30037 # 1504
30037 # 1504
30037 # 1504
30037 # 1504
30037 # 1504
30037 # 1504
30037 # 1504
30037 # 1504
30037 # 1504
30037 # 1504
30037 # 1504
30037 # 1504
30037 # 1504
30037 # 1504
30037 # 1504
30037 # 1504
30037 # 1504
30037 # 1504
30037 # 1504
30037 # 1504
30037 # 1504
30037 # 1504
30037 # 1504
30037 # 1504
30037 # 1504
30037 # 1504
30037 # 1504
30037 # 1504
30037 # 1504
30037 # 1504
30037 # 1504
30037 # 1504
30037 # 1504
30037 # 1504
30037 # 1504
30037 # 1504
30037 # 1504
30037 # 1504
30043 + 92
30044 + 92
30044 + 92
30044 + 92
30044 + 92
30044 + 92
30044 + 92
30044 + 92
30044 + 92
30044 + 92
30044 + 92
30044 + 92
30044 + 92
30044 + 92
30044 + 92
30044 + 92
30044 + 92
30044 + 92
30044 + 92
30044 + 92
30044 + 92
30044 + 92
30044 + 92
30044 + 92
30044 + 92
30044 + 92
30044 + 92
30044 + 92
30044 + 92
30044 + 92
31037 # 1504
31037 - 92 994
31037 - 92 993
31037 - 92 993
31037 - 92 993
31037 - 92 993
31037 - 92 993
31037 - 92 993
31037 - 92 993
31037 - 92 993
31037 - 92 993
31037 - 92 993
31037 - 92 993
31037 - 92 993
31037 - 92 993
31037 - 92 993
31037 - 92 993
31037 # 1504
31037 - 92 993
31037 - 92 993
31037 - 92 993
31037 - 92 993
31037 - 92 993
31037 - 92 993
31037 - 92 993
31037 - 92 993
31037 - 92 993
31037 - 92 993
31037 - 92 993
31037 - 92 993
31037 - 92 993
31037 - 92 993
31037 # 1504
31037 # 1504
31037 # 1504
31037 # 1504
31037 # 1504
31037 # 1504
31037 # 1504
31037 # 1504
31037 # 1504
31037 # 1504
31037 # 1504
31037 # 1504
31037 # 1504
31037 # 1504
31037 # 1504
31037 # 1504
31037 # 1504
31037 # 1504
31037 # 1504
31037 # 1504
31037 # 1504
31037 # 1504
31037 # 1504
31037 # 1504
31037 # 1504
31037 # 1504
31037 # 1504
31037 # 1504
31037 # 1504
31037 # 1504
31037 # 1504
31037 # 1504
31037 # 1504
31037 # 1504
31037 # 1504
31037 # 1504
31037 # 1504
31037 # 1504
31037 # 1504
31037 # 1504
31037 # 1504
31037 # 1504
31037 # 1504
31037 # 1504
31037 # 1504
31037 # 1504
31037 # 1504
31037 # 1504
31037 # 1504
31037 # 1504
31037 # 1504
31037 # 1504
31037 # 1504
31037 # 1504
31037 # 1504
31037 # 1504
31037 # 1504
31037 # 1504
31045 + 92
31045 + 92
31045 + 92
31045 + 92
31045 + 92
31045 + 92
31045 + 92
31045 + 92
31045 + 92
31045 + 92
31045 + 92
31045 + 92
31045 + 92
31045 + 92
31045 + 92
31045 + 92
31045 + 92
31045 + 92
31045 + 92
31045 + 92
31045 + 92
31045 + 92
31045 + 92
31045 + 92
31045 + 92
31045 + 92
31045 + 92
31045 + 92
31046 + 92
31046 + 92
31712 + 52
32037 # 1504
32037 - 92 992
32037 - 92 992
32037 - 92 992
32037 - 92 992
32037 - 92 992
32037 - 92 992
32037 - 92 992
32037 - 92 992
32037 - 92 992
32037 - 92 992
32037 - 92 992
32037 - 92 992
32037 - 92 992
32037 - 92 992
32037 - 92 992
32037 - 92 992
32037 # 1504
32037 - 92 992
32037 - 92 992
32037 - 92 992
32037 - 92 992
32037 - 92 992
32037 - 92 992
32037 - 92 992
32037 - 92 992
32037 - 92 992
32037 - 92 992
32037 - 92 992
32037 - 92 992
32037 - 92 991
32037 - 92 991
32037 - 52 325
32037 # 1504
32037 # 1504
32037 # 1504
32037 # 1504
32037 # 1504
32037 # 1504
32037 # 1504
32037 # 1504
32037 # 1504
32037 # 1504
32037 # 1504
32037 # 1504
32037 # 1504
32037 # 1504
32037 # 1504
32037 # 1504
32037 # 1504
32037 # 1504
32037 # 1504
32037 # 1504
32037 # 1504
32037 # 1504
32037 # 1504
32037 # 1504
32037 # 1504
32037 # 1504
32037 # 1504
32037 # 1504
32037 # 1504
32037 # 1504
32037 # 1504
32037 # 1504
32037 # 1504
32037 # 1504
32037 # 1504
32037 # 1504
32037 # 1504
32037 # 1504
32037 # 1504
32037 # 1504
32037 # 1504
32037 # 1504
32037 # 1504
32037 # 1504
32037 # 1504
32037 # 1504
32037 # 1504
32037 # 1504
32037 # 1504
32037 # 1504
32037 # 1504
32037 # 1504
32037 # 1504
32037 # 1504
32037 # 1504
32037 # 1504
32037 # 1504
32037 # 1504
32041 + 92
32041 + 92
32041 + 92
32041 + 92
32041 + 92
32041 + 92
32041 + 92
32041 + 92
32041 + 92
32042 + 92
32042 + 92
32042 + 92
32042 + 92
32042 + 92
32042 + 92
32042 + 92
32042 + 92
32042 + 92
32042 + 92
32042 + 92
32042 + 92
32042 + 92
32042 + 92
32042 + 92
32042 + 92
32042 + 92
32042 + 92
32042 + 92
32042 + 92
32042 + 92
32042 + 92
32043 + 92
32043 + 92
32043 + 92
32043 + 92
32043 + 92
32043 + 92
32043 + 92
32043 + 92
32043 + 92
32043 + 92
32043 + 92
32043 + 92
32043 + 92
32043 + 92
32043 + 92
32043 + 92
32043 + 92
32043 + 92
32043 + 92
32043 + 92
32043 + 92
32043 + 92
32043 + 92
32043 + 92
32043 + 92
32043 + 92
32043 + 92
32043 + 92
33037 # 1504
33037 - 92 996
33037 - 92 996
33037 - 92 996
33037 - 92 996
33037 - 92 996
33037 - 92 996
33037 - 92 996
33037 - 92 996
33037 - 92 996
33037 - 92 995
33037 - 92 995
33037 - 92 995
33037 - 92 995
33037 - 92 995
33037 - 92 995
33037 - 92 995
33037 # 1504
33037 - 92 995
33037 - 92 995
33037 - 92 995
33037 - 92 995
33037 - 92 995
33037 - 92 995
33037 - 92 995
33037 - 92 995
33037 - 92 995
33037 - 92 995
33037 - 92 995
33037 - 92 995
33037 - 92 995
33037 - 92 995
33037 - 92 995
33037 - 92 994
33037 # 1504
33037 - 92 994
33037 - 92 994
33037 - 92 994
33037 - 92 994
33037 - 92 994
33037 - 92 994
33037 - 92 994
33037 - 92 994
33037 - 92 994
33037 - 92 994
33037 - 92 994
33037 - 92 994
33037 - 92 994
33037 - 92 994
33037 - 92 994
33037 - 92 994
33037 - 92 994
33037 # 1504
33037 - 92 994
33037 - 92 994
33037 - 92 994
33037 - 92 994
33037 - 92 994
33037 - 92 994
33037 - 92 994
33037 - 92 994
33037 - 92 994
33037 - 92 994
33037 # 1504
33037 # 1504
33037 # 1504
33037 # 1504
33037 # 1504
33037 # 1504
33037 # 1504
33037 # 1504
33037 # 1504
33037 # 1504
33037 # 1504
33037 # 1504
33037 # 1504
33037 # 1504
33037 # 1504
33037 # 1504
33037 # 1504
33037 # 1504
33037 # 1504
33037 # 1504
33037 # 1504
33037 # 1504
33037 # 1504
33037 # 1504
33037 # 1504
33037 # 1504
33037 # 1504
33037 # 1504
33037 # 1504
33037 # 1504
33037 # 1504
33037 # 1504
33037 # 1504
33037 # 1504
33037 # 1504
33037 # 1504
33037 # 1504
33037 # 1504
33037 # 1504
33037 # 1504
33037 # 1504
33037 # 1504
33037 # 1504
33037 # 1504
33037 # 1504
33037 # 1504
33037 # 1504
33037 # 1504
33037 # 1504
33037 # 1504
33037 # 1504
33037 # 1504
33037 # 1504
33037 # 1504
33037 # 1504
33037 # 1504
33039 + 92
33040 + 92
33040 + 92
33040 + 92
33040 + 92
33040 + 92
33040 + 92
33040 + 92
33040 + 92
33040 + 92
33040 + 92
33040 + 92
33040 + 92
33040 + 92
33040 + 92
33040 + 92
33040 + 92
33040 + 92
33042 + 92
33042 + 92
33042 + 92
33042 + 92
33042 + 92
33042 + 92
33042 + 92
33042 + 92
33042 + 92
33042 + 92
33042 + 92
33042 + 92
33042 + 92
33042 + 92
33042 + 92
33042 + 92
33042 + 92
33042 + 92
33042 + 92
33042 + 92
33042 + 92
33042 + 92
33042 + 92
33042 + 92
33042 + 92
33042 + 92
33042 + 92
33042 + 92
33042 + 92
33042 + 92
33042 + 92
33042 + 92
33042 + 92
33042 + 92
33042 + 92
33042 + 92
33042 + 92
33042 + 92
33042 + 92
33042 + 92
33042 + 92
33042 + 92
34037 # 1504
34037 - 92 998
34037 - 92 997
34037 - 92 997
34037 - 92 997
34037 - 92 997
34037 - 92 997
34037 - 92 997
34037 - 92 997
34037 - 92 997
34037 - 92 997
34037 - 92 997
34037 - 92 997
34037 - 92 997
34037 - 92 997
34037 - 92 997
34037 - 92 997
34037 # 1504
34037 - 92 997
34037 - 92 997
34037 - 92 995
34037 - 92 995
34037 - 92 995
34037 - 92 995
34037 - 92 995
34037 - 92 995
34037 - 92 995
34037 - 92 995
34037 - 92 995
34037 - 92 995
34037 - 92 995
34037 - 92 995
34037 - 92 995
34037 - 92 995
34037 # 1504
34037 - 92 995
34037 - 92 995
34037 - 92 995
34037 - 92 995
34037 - 92 995
34037 - 92 995
34037 - 92 995
34037 - 92 995
34037 - 92 995
34037 - 92 995
34037 - 92 995
34037 - 92 995
34037 - 92 995
34037 - 92 995
34037 - 92 995
34037 - 92 995
34037 - 92 995
34037 # 1504
34037 - 92 995
34037 - 92 995
34037 - 92 995
34037 - 92 995
34037 - 92 995
34037 - 92 995
34037 - 92 995
34037 - 92 995
34037 - 92 995
34037 - 92 995
34037 - 92 995
34037 # 1504
34037 # 1504
34037 # 1504
34037 # 1504
34037 # 1504
34037 # 1504
34037 # 1504
34037 # 1504
34037 # 1504
34037 # 1504
34037 # 1504
34037 # 1504
34037 # 1504
34037 # 1504
34037 # 1504
34037 # 1504
34037 # 1504
34037 # 1504
34037 # 1504
34037 # 1504
34037 # 1504
34037 # 1504
34037 # 1504
34037 # 1504
34037 # 1504
34037 # 1504
34037 # 1504
34037 # 1504
34037 # 1504
34037 # 1504
34037 # 1504
34037 # 1504
34037 # 1504
34037 # 1504
34037 # 1504
34037 # 1504
34037 # 1504
34037 # 1504
34037 # 1504
34037 # 1504
34037 # 1504
34037 # 1504
34037 # 1504
34037 # 1504
34037 # 1504
34037 # 1504
34037 # 1504
34037 # 1504
34037 # 1504
34037 # 1504
34037 # 1504
34037 # 1504
34037 # 1504
34037 # 1504
34037 # 1504
34037 # 1504
34040 + 92
34040 + 92
34040 + 92
34040 + 92
34040 + 92
34040 + 92
34040 + 92
34041 + 92
34041 + 92
34041 + 92
34041 + 92
34041 + 92
34041 + 92
34041 + 92
34041 + 92
34041 + 92
34041 + 92
34041 + 92
34041 + 92
34041 + 92
34041 + 92
34041 + 92
34041 + 92
34042 + 92
34042 + 92
34042 + 92
34042 + 92
34042 + 92
34042 + 92
34042 + 92
34042 + 92
34042 + 92
34042 + 92
34042 + 92
34042 + 92
34042 + 92
34042 + 92
34042 + 92
34042 + 92
34042 + 92
34042 + 92
34042 + 92
34043 + 92
34043 + 92
34043 + 92
34043 + 92
34043 + 92
34043 + 92
34043 + 92
34043 + 92
34043 + 92
34043 + 92
34043 + 92
34043 + 92
34043 + 92
34043 + 92
34043 + 92
34043 + 92
34043 + 92
34043 + 92
35037 # 1504
35037 - 92 997
35037 - 92 997
35037 - 92 997
35037 - 92 997
35037 - 92 997
35037 - 92 997
35037 - 92 997
35037 - 92 996
35037 - 92 996
35037 - 92 996
35037 - 92 996
35037 - 92 996
35037 - 92 996
35037 - 92 996
35037 - 92 996
35037 - 92 996
35037 # 1504
35037 - 92 996
35037 - 92 996
35037 - 92 996
35037 - 92 996
35037 - 92 996
35037 - 92 996
35037 - 92 996
35037 - 92 995
35037 - 92 995
35037 - 92 995
35037 - 92 995
35037 - 92 995
35037 - 92 995
35037 - 92 995
35037 - 92 995
35037 - 92 995
35037 # 1504
35037 - 92 995
35037 - 92 995
35037 - 92 995
35037 - 92 995
35037 - 92 995
35037 - 92 995
35037 - 92 995
35037 - 92 995
35037 - 92 995
35037 - 92 995
35037 - 92 994
35037 - 92 994
35037 - 92 994
35037 - 92 994
35037 - 92 994
35037 - 92 994
35037 - 92 994
35037 # 1504
35037 - 92 994
35037 - 92 994
35037 - 92 994
35037 - 92 994
35037 - 92 994
35037 - 92 994
35037 - 92 994
35037 - 92 994
35037 - 92 994
35037 - 92 994
35037 - 92 994
35037 # 1504
35037 # 1504
35037 # 1504
35037 # 1504
35037 # 1504
35037 # 1504
35037 # 1504
35037 # 1504
35037 # 1504
35037 # 1504
35037 # 1504
35037 # 1504
35037 # 1504
35037 # 1504
35037 # 1504
35037 # 1504
35037 # 1504
35037 # 1504
35037 # 1504
35037 # 1504
35037 # 1504
35037 # 1504
35037 # 1504
35037 # 1504
35037 # 1504
35037 # 1504
35037 # 1504
35037 # 1504
35037 # 1504
35037 # 1504
35037 # 1504
35037 # 1504
35037 # 1504
35037 # 1504
35037 # 1504
35037 # 1504
35037 # 1504
35037 # 1504
35037 # 1504
35037 # 1504
35037 # 1504
35037 # 1504
35037 # 1504
35037 # 1504
35037 # 1504
35037 # 1504
35037 # 1504
35037 # 1504
35037 # 1504
35037 # 1504
35037 # 1504
35037 # 1504
35037 # 1504
35037 # 1504
35037 # 1504
35037 # 1504
35040 + 92
35041 + 92
35041 + 92
35041 + 92
35041 + 92
35041 + 92
35041 + 92
35041 + 92
35041 + 92
35041 + 92
35041 + 92
35042 + 92
35042 + 92
35042 + 92
35042 + 92
35042 + 92
35042 + 92
35042 + 92
35042 + 92
35042 + 92
35042 + 92
35042 + 92
35042 + 92
35042 + 92
35042 + 92
35042 + 92
35042 + 92
35042 + 92
35042 + 92
35042 + 92
35042 + 92
35042 + 92
35042 + 92
35042 + 92
35042 + 92
35042 + 92
35042 + 92
35042 + 92
35042 + 92
35042 + 92
35042 + 92
35042 + 92
35042 + 92
35042 + 92
35042 + 92
35042 + 92
35042 + 92
35042 + 92
35042 + 92
35042 + 92
35042 + 92
35042 + 92
35042 + 92
35042 + 92
35042 + 92
35042 + 92
35042 + 92
35042 + 92
35042 + 92
35042 + 92
