# init timestamp: 1746040752718.000
1037.000 # 1500
1037.000 # 1500
1037.000 # 1500
1037.000 # 1500
1037.000 # 1500
1037.000 # 1500
1037.000 # 1500
1037.000 # 1500
1037.000 # 1500
1037.000 # 1500
1037.000 # 1500
1037.000 # 1500
1037.000 # 1500
1037.000 # 1500
1037.000 # 1500
1037.000 # 1500
1037.000 # 1500
1037.000 # 1500
1037.000 # 1500
1037.000 # 1500
1037.000 # 1500
1037.000 # 1500
1037.000 # 1500
1037.000 # 1500
1037.000 # 1500
1037.000 # 1500
1037.000 # 1500
1037.000 # 1500
1037.000 # 1500
1037.000 # 1500
1037.000 # 1500
1037.000 # 1500
1037.000 # 1500
1037.000 # 1500
1037.000 # 1500
1037.000 # 1500
1037.000 # 1500
1037.000 # 1500
1037.000 # 1500
1037.000 # 1500
1037.000 # 1500
1037.000 # 1500
1037.000 # 1500
1037.000 # 1500
1037.000 # 1500
1037.000 # 1500
1037.000 # 1500
1037.000 # 1500
1037.000 # 1500
1037.000 # 1500
1037.000 # 1500
1037.000 # 1500
1037.000 # 1500
1037.000 # 1500
1037.000 # 1500
1037.000 # 1500
1037.000 # 1500
1037.000 # 1500
1037.000 # 1500
1037.000 # 1500
2037.000 # 1500
2037.000 # 1500
2037.000 # 1500
2037.000 # 1500
2037.000 # 1500
2037.000 # 1500
2037.000 # 1500
2037.000 # 1500
2037.000 # 1500
2037.000 # 1500
2037.000 # 1500
2037.000 # 1500
2037.000 # 1500
2037.000 # 1500
2037.000 # 1500
2037.000 # 1500
2037.000 # 1500
2037.000 # 1500
2037.000 # 1500
2037.000 # 1500
2037.000 # 1500
2037.000 # 1500
2037.000 # 1500
2037.000 # 1500
2037.000 # 1500
2037.000 # 1500
2037.000 # 1500
2037.000 # 1500
2037.000 # 1500
2037.000 # 1500
2037.000 # 1500
2037.000 # 1500
2037.000 # 1500
2037.000 # 1500
2037.000 # 1500
2037.000 # 1500
2037.000 # 1500
2037.000 # 1500
2037.000 # 1500
2037.000 # 1500
2037.000 # 1500
2037.000 # 1500
2037.000 # 1500
2037.000 # 1500
2037.000 # 1500
2037.000 # 1500
2037.000 # 1500
2037.000 # 1500
2037.000 # 1500
2037.000 # 1500
2037.000 # 1500
2037.000 # 1500
2037.000 # 1500
2037.000 # 1500
2037.000 # 1500
2037.000 # 1500
2037.000 # 1500
2037.000 # 1500
2037.000 # 1500
2037.000 # 1500
3037.000 # 1500
3037.000 # 1500
3037.000 # 1500
3037.000 # 1500
3037.000 # 1500
3037.000 # 1500
3037.000 # 1500
3037.000 # 1500
3037.000 # 1500
3037.000 # 1500
3037.000 # 1500
3037.000 # 1500
3037.000 # 1500
3037.000 # 1500
3037.000 # 1500
3037.000 # 1500
3037.000 # 1500
3037.000 # 1500
3037.000 # 1500
3037.000 # 1500
3037.000 # 1500
3037.000 # 1500
3037.000 # 1500
3037.000 # 1500
3037.000 # 1500
3037.000 # 1500
3037.000 # 1500
3037.000 # 1500
3037.000 # 1500
3037.000 # 1500
3037.000 # 1500
3037.000 # 1500
3037.000 # 1500
3037.000 # 1500
3037.000 # 1500
3037.000 # 1500
3037.000 # 1500
3037.000 # 1500
3037.000 # 1500
3037.000 # 1500
3037.000 # 1500
3037.000 # 1500
3037.000 # 1500
3037.000 # 1500
3037.000 # 1500
3037.000 # 1500
3037.000 # 1500
3037.000 # 1500
3037.000 # 1500
3037.000 # 1500
3037.000 # 1500
3037.000 # 1500
3037.000 # 1500
3037.000 # 1500
3037.000 # 1500
3037.000 # 1500
3037.000 # 1500
3037.000 # 1500
3037.000 # 1500
3037.000 # 1500
4037.000 # 1500
4037.000 # 1500
4037.000 # 1500
4037.000 # 1500
4037.000 # 1500
4037.000 # 1500
4037.000 # 1500
4037.000 # 1500
4037.000 # 1500
4037.000 # 1500
4037.000 # 1500
4037.000 # 1500
4037.000 # 1500
4037.000 # 1500
4037.000 # 1500
4037.000 # 1500
4037.000 # 1500
4037.000 # 1500
4037.000 # 1500
4037.000 # 1500
4037.000 # 1500
4037.000 # 1500
4037.000 # 1500
4037.000 # 1500
4037.000 # 1500
4037.000 # 1500
4037.000 # 1500
4037.000 # 1500
4037.000 # 1500
4037.000 # 1500
4037.000 # 1500
4037.000 # 1500
4037.000 # 1500
4037.000 # 1500
4037.000 # 1500
4037.000 # 1500
4037.000 # 1500
4037.000 # 1500
4037.000 # 1500
4037.000 # 1500
4037.000 # 1500
4037.000 # 1500
4037.000 # 1500
4037.000 # 1500
4037.000 # 1500
4037.000 # 1500
4037.000 # 1500
4037.000 # 1500
4037.000 # 1500
4037.000 # 1500
4037.000 # 1500
4037.000 # 1500
4037.000 # 1500
4037.000 # 1500
4037.000 # 1500
4037.000 # 1500
4037.000 # 1500
4037.000 # 1500
4037.000 # 1500
4037.000 # 1500
5037.000 # 1500
5037.000 # 1500
5037.000 # 1500
5037.000 # 1500
5037.000 # 1500
5037.000 # 1500
5037.000 # 1500
5037.000 # 1500
5037.000 # 1500
5037.000 # 1500
5037.000 # 1500
5037.000 # 1500
5037.000 # 1500
5037.000 # 1500
5037.000 # 1500
5037.000 # 1500
5037.000 # 1500
5037.000 # 1500
5037.000 # 1500
5037.000 # 1500
5037.000 # 1500
5037.000 # 1500
5037.000 # 1500
5037.000 # 1500
5037.000 # 1500
5037.000 # 1500
5037.000 # 1500
5037.000 # 1500
5037.000 # 1500
5037.000 # 1500
5037.000 # 1500
5037.000 # 1500
5037.000 # 1500
5037.000 # 1500
5037.000 # 1500
5037.000 # 1500
5037.000 # 1500
5037.000 # 1500
5037.000 # 1500
5037.000 # 1500
5037.000 # 1500
5037.000 # 1500
5037.000 # 1500
5037.000 # 1500
5037.000 # 1500
5037.000 # 1500
5037.000 # 1500
5037.000 # 1500
5037.000 # 1500
5037.000 # 1500
5037.000 # 1500
5037.000 # 1500
5037.000 # 1500
5037.000 # 1500
5037.000 # 1500
5037.000 # 1500
5037.000 # 1500
5037.000 # 1500
5037.000 # 1500
5037.000 # 1500
6037.000 # 1500
6037.000 # 1500
6037.000 # 1500
6037.000 # 1500
6037.000 # 1500
6037.000 # 1500
6037.000 # 1500
6037.000 # 1500
6037.000 # 1500
6037.000 # 1500
6037.000 # 1500
6037.000 # 1500
6037.000 # 1500
6037.000 # 1500
6037.000 # 1500
6037.000 # 1500
6037.000 # 1500
6037.000 # 1500
6037.000 # 1500
6037.000 # 1500
6037.000 # 1500
6037.000 # 1500
6037.000 # 1500
6037.000 # 1500
6037.000 # 1500
6037.000 # 1500
6037.000 # 1500
6037.000 # 1500
6037.000 # 1500
6037.000 # 1500
6037.000 # 1500
6037.000 # 1500
6037.000 # 1500
6037.000 # 1500
6037.000 # 1500
6037.000 # 1500
6037.000 # 1500
6037.000 # 1500
6037.000 # 1500
6037.000 # 1500
6037.000 # 1500
6037.000 # 1500
6037.000 # 1500
6037.000 # 1500
6037.000 # 1500
6037.000 # 1500
6037.000 # 1500
6037.000 # 1500
6037.000 # 1500
6037.000 # 1500
6037.000 # 1500
6037.000 # 1500
6037.000 # 1500
6037.000 # 1500
6037.000 # 1500
6037.000 # 1500
6037.000 # 1500
6037.000 # 1500
6037.000 # 1500
6037.000 # 1500
6039.522 + 96 1
7037.000 # 1500
7037.000 # 1500
7037.000 # 1500
7037.000 # 1500
7037.000 # 1500
7037.000 # 1500
7037.000 # 1500
7037.000 # 1500
7037.000 # 1500
7037.000 # 1500
7037.000 # 1500
7037.000 # 1500
7037.000 # 1500
7037.000 # 1500
7037.000 # 1500
7037.000 # 1500
7037.000 # 1500
7037.000 # 1500
7037.000 # 1500
7037.000 # 1500
7037.000 # 1500
7037.000 # 1500
7037.000 # 1500
7037.000 # 1500
7037.000 # 1500
7037.000 # 1500
7037.000 # 1500
7037.000 # 1500
7037.000 # 1500
7037.000 # 1500
7037.000 # 1500
7037.000 # 1500
7037.000 # 1500
7037.000 # 1500
7037.000 # 1500
7037.000 # 1500
7037.000 # 1500
7037.000 # 1500
7037.000 # 1500
7037.000 # 1500
7037.000 # 1500
7037.000 # 1500
7037.000 # 1500
7037.000 # 1500
7037.000 # 1500
7037.000 # 1500
7037.000 # 1500
7037.000 # 1500
7037.000 # 1500
7037.000 # 1500
7037.000 # 1500
7037.000 # 1500
7037.000 # 1500
7037.000 # 1500
7037.000 # 1500
7037.000 # 1500
7037.000 # 1500
7037.000 # 1500
7037.000 # 1500
7037.000 # 1500
7040.219 + 96 1
7040.332 + 96 1
7040.412 - 96 1000.890 1
8037.000 # 1500
8037.000 # 1500
8037.000 # 1500
8037.000 # 1500
8037.000 # 1500
8037.000 # 1500
8037.000 # 1500
8037.000 # 1500
8037.000 # 1500
8037.000 # 1500
8037.000 # 1500
8037.000 # 1500
8037.000 # 1500
8037.000 # 1500
8037.000 # 1500
8037.000 # 1500
8037.000 # 1500
8037.000 # 1500
8037.000 # 1500
8037.000 # 1500
8037.000 # 1500
8037.000 # 1500
8037.000 # 1500
8037.000 # 1500
8037.000 # 1500
8037.000 # 1500
8037.000 # 1500
8037.000 # 1500
8037.000 # 1500
8037.000 # 1500
8037.000 # 1500
8037.000 # 1500
8037.000 # 1500
8037.000 # 1500
8037.000 # 1500
8037.000 # 1500
8037.000 # 1500
8037.000 # 1500
8037.000 # 1500
8037.000 # 1500
8037.000 # 1500
8037.000 # 1500
8037.000 # 1500
8037.000 # 1500
8037.000 # 1500
8037.000 # 1500
8037.000 # 1500
8037.000 # 1500
8037.000 # 1500
8037.000 # 1500
8037.000 # 1500
8037.000 # 1500
8037.000 # 1500
8037.000 # 1500
8037.000 # 1500
8037.000 # 1500
8037.000 # 1500
8037.000 # 1500
8037.000 # 1500
8037.000 # 1500
8039.357 - 96 999.138 1
8039.401 + 88 1
8039.422 - 96 999.090 1
8039.533 + 88 1
8039.551 + 88 1
8039.565 + 88 1
8039.780 + 88 1
8039.810 + 88 1
8039.827 + 88 1
8039.842 + 88 1
8039.965 + 88 1
8040.211 + 88 1
9037.000 # 1500
9037.000 # 1500
9037.000 # 1500
9037.000 # 1500
9037.000 # 1500
9037.000 # 1500
9037.000 # 1500
9037.000 # 1500
9037.000 # 1500
9037.000 # 1500
9037.000 # 1500
9037.000 # 1500
9037.000 # 1500
9037.000 # 1500
9037.000 # 1500
9037.000 # 1500
9037.000 # 1500
9037.000 # 1500
9037.000 # 1500
9037.000 # 1500
9037.000 # 1500
9037.000 # 1500
9037.000 # 1500
9037.000 # 1500
9037.000 # 1500
9037.000 # 1500
9037.000 # 1500
9037.000 # 1500
9037.000 # 1500
9037.000 # 1500
9037.000 # 1500
9037.000 # 1500
9037.000 # 1500
9037.000 # 1500
9037.000 # 1500
9037.000 # 1500
9037.000 # 1500
9037.000 # 1500
9037.000 # 1500
9037.000 # 1500
9037.000 # 1500
9037.000 # 1500
9037.000 # 1500
9037.000 # 1500
9037.000 # 1500
9037.000 # 1500
9037.000 # 1500
9037.000 # 1500
9037.000 # 1500
9037.000 # 1500
9037.000 # 1500
9037.000 # 1500
9037.000 # 1500
9037.000 # 1500
9037.000 # 1500
9037.000 # 1500
9037.000 # 1500
9037.000 # 1500
9037.000 # 1500
9037.000 # 1500
9040.546 - 88 1001.145 1
9040.686 - 88 1001.153 1
9040.720 - 88 1001.169 1
9040.904 - 88 1001.339 1
9040.962 - 88 1001.182 1
9040.991 - 88 1001.181 1
9041.019 - 88 1001.192 1
9041.046 - 88 1001.204 1
9041.071 - 88 1001.106 1
9041.100 - 88 1000.889 1
10037.000 # 1500
10037.000 # 1500
10037.000 # 1500
10037.000 # 1500
10037.000 # 1500
10037.000 # 1500
10037.000 # 1500
10037.000 # 1500
10037.000 # 1500
10037.000 # 1500
10037.000 # 1500
10037.000 # 1500
10037.000 # 1500
10037.000 # 1500
10037.000 # 1500
10037.000 # 1500
10037.000 # 1500
10037.000 # 1500
10037.000 # 1500
10037.000 # 1500
10037.000 # 1500
10037.000 # 1500
10037.000 # 1500
10037.000 # 1500
10037.000 # 1500
10037.000 # 1500
10037.000 # 1500
10037.000 # 1500
10037.000 # 1500
10037.000 # 1500
10037.000 # 1500
10037.000 # 1500
10037.000 # 1500
10037.000 # 1500
10037.000 # 1500
10037.000 # 1500
10037.000 # 1500
10037.000 # 1500
10037.000 # 1500
10037.000 # 1500
10037.000 # 1500
10037.000 # 1500
10037.000 # 1500
10037.000 # 1500
10037.000 # 1500
10037.000 # 1500
10037.000 # 1500
10037.000 # 1500
10037.000 # 1500
10037.000 # 1500
10037.000 # 1500
10037.000 # 1500
10037.000 # 1500
10037.000 # 1500
10037.000 # 1500
10037.000 # 1500
10037.000 # 1500
10037.000 # 1500
10037.000 # 1500
10037.000 # 1500
10040.200 + 88 1
10040.522 + 88 1
10040.577 + 88 1
10040.603 + 88 1
10040.627 + 88 1
10040.650 + 88 1
10041.502 + 88 1
10041.545 + 88 1
11037.000 # 1500
11037.000 # 1500
11037.000 # 1500
11037.000 # 1500
11037.000 # 1500
11037.000 # 1500
11037.000 # 1500
11037.000 # 1500
11037.000 # 1500
11037.000 # 1500
11037.000 # 1500
11037.000 # 1500
11037.000 # 1500
11037.000 # 1500
11037.000 # 1500
11037.000 # 1500
11037.000 # 1500
11037.000 # 1500
11037.000 # 1500
11037.000 # 1500
11037.000 # 1500
11037.000 # 1500
11037.000 # 1500
11037.000 # 1500
11037.000 # 1500
11037.000 # 1500
11037.000 # 1500
11037.000 # 1500
11037.000 # 1500
11037.000 # 1500
11037.000 # 1500
11037.000 # 1500
11037.000 # 1500
11037.000 # 1500
11037.000 # 1500
11037.000 # 1500
11037.000 # 1500
11037.000 # 1500
11037.000 # 1500
11037.000 # 1500
11037.000 # 1500
11037.000 # 1500
11037.000 # 1500
11037.000 # 1500
11037.000 # 1500
11037.000 # 1500
11037.000 # 1500
11037.000 # 1500
11037.000 # 1500
11037.000 # 1500
11037.000 # 1500
11037.000 # 1500
11037.000 # 1500
11037.000 # 1500
11037.000 # 1500
11037.000 # 1500
11037.000 # 1500
11037.000 # 1500
11037.000 # 1500
11037.000 # 1500
11039.134 - 88 998.934 1
11039.219 - 88 998.697 1
11039.238 - 88 998.661 1
11039.255 - 88 998.652 1
11039.271 - 88 998.644 1
11039.286 - 88 998.636 1
11039.301 - 88 997.799 1
11039.345 - 88 997.800 1
12037.000 # 1500
12037.000 # 1500
12037.000 # 1500
12037.000 # 1500
12037.000 # 1500
12037.000 # 1500
12037.000 # 1500
12037.000 # 1500
12037.000 # 1500
12037.000 # 1500
12037.000 # 1500
12037.000 # 1500
12037.000 # 1500
12037.000 # 1500
12037.000 # 1500
12037.000 # 1500
12037.000 # 1500
12037.000 # 1500
12037.000 # 1500
12037.000 # 1500
12037.000 # 1500
12037.000 # 1500
12037.000 # 1500
12037.000 # 1500
12037.000 # 1500
12037.000 # 1500
12037.000 # 1500
12037.000 # 1500
12037.000 # 1500
12037.000 # 1500
12037.000 # 1500
12037.000 # 1500
12037.000 # 1500
12037.000 # 1500
12037.000 # 1500
12037.000 # 1500
12037.000 # 1500
12037.000 # 1500
12037.000 # 1500
12037.000 # 1500
12037.000 # 1500
12037.000 # 1500
12037.000 # 1500
12037.000 # 1500
12037.000 # 1500
12037.000 # 1500
12037.000 # 1500
12037.000 # 1500
12037.000 # 1500
12037.000 # 1500
12037.000 # 1500
12037.000 # 1500
12037.000 # 1500
12037.000 # 1500
12037.000 # 1500
12037.000 # 1500
12037.000 # 1500
12037.000 # 1500
12037.000 # 1500
12037.000 # 1500
12039.649 + 88 1
13037.000 # 1500
13037.000 # 1500
13037.000 # 1500
13037.000 # 1500
13037.000 # 1500
13037.000 # 1500
13037.000 # 1500
13037.000 # 1500
13037.000 # 1500
13037.000 # 1500
13037.000 # 1500
13037.000 # 1500
13037.000 # 1500
13037.000 # 1500
13037.000 # 1500
13037.000 # 1500
13037.000 # 1500
13037.000 # 1500
13037.000 # 1500
13037.000 # 1500
13037.000 # 1500
13037.000 # 1500
13037.000 # 1500
13037.000 # 1500
13037.000 # 1500
13037.000 # 1500
13037.000 # 1500
13037.000 # 1500
13037.000 # 1500
13037.000 # 1500
13037.000 # 1500
13037.000 # 1500
13037.000 # 1500
13037.000 # 1500
13037.000 # 1500
13037.000 # 1500
13037.000 # 1500
13037.000 # 1500
13037.000 # 1500
13037.000 # 1500
13037.000 # 1500
13037.000 # 1500
13037.000 # 1500
13037.000 # 1500
13037.000 # 1500
13037.000 # 1500
13037.000 # 1500
13037.000 # 1500
13037.000 # 1500
13037.000 # 1500
13037.000 # 1500
13037.000 # 1500
13037.000 # 1500
13037.000 # 1500
13037.000 # 1500
13037.000 # 1500
13037.000 # 1500
13037.000 # 1500
13037.000 # 1500
13037.000 # 1500
13039.077 - 88 999.428 1
14037.000 # 1500
14037.000 # 1500
14037.000 # 1500
14037.000 # 1500
14037.000 # 1500
14037.000 # 1500
14037.000 # 1500
14037.000 # 1500
14037.000 # 1500
14037.000 # 1500
14037.000 # 1500
14037.000 # 1500
14037.000 # 1500
14037.000 # 1500
14037.000 # 1500
14037.000 # 1500
14037.000 # 1500
14037.000 # 1500
14037.000 # 1500
14037.000 # 1500
14037.000 # 1500
14037.000 # 1500
14037.000 # 1500
14037.000 # 1500
14037.000 # 1500
14037.000 # 1500
14037.000 # 1500
14037.000 # 1500
14037.000 # 1500
14037.000 # 1500
14037.000 # 1500
14037.000 # 1500
14037.000 # 1500
14037.000 # 1500
14037.000 # 1500
14037.000 # 1500
14037.000 # 1500
14037.000 # 1500
14037.000 # 1500
14037.000 # 1500
14037.000 # 1500
14037.000 # 1500
14037.000 # 1500
14037.000 # 1500
14037.000 # 1500
14037.000 # 1500
14037.000 # 1500
14037.000 # 1500
14037.000 # 1500
14037.000 # 1500
14037.000 # 1500
14037.000 # 1500
14037.000 # 1500
14037.000 # 1500
14037.000 # 1500
14037.000 # 1500
14037.000 # 1500
14037.000 # 1500
14037.000 # 1500
14037.000 # 1500
14039.670 + 88 1
14039.790 + 88 1
14039.802 + 88 1
14039.811 + 88 1
14039.820 + 88 1
14039.829 + 88 1
14039.837 + 88 1
14039.845 + 88 1
14039.858 + 88 1
14039.866 + 88 1
14039.873 + 88 1
14039.880 + 88 1
14039.929 + 88 1
14039.946 + 88 1
14039.955 + 88 1
14039.963 + 88 1
14039.971 + 88 1
14039.978 + 88 1
14039.985 + 88 1
14040.029 + 88 1
14040.045 + 88 1
14040.053 + 88 1
14040.060 + 88 1
14040.068 + 88 1
14040.075 + 88 1
14040.082 + 88 1
14040.089 + 88 1
14040.096 + 88 1
14040.102 + 88 1
14040.109 + 88 1
14040.117 + 88 1
14040.123 + 88 1
14040.130 + 88 1
14040.137 + 88 1
14040.144 + 88 1
14040.151 + 88 1
14040.159 + 88 1
14040.166 + 88 1
14040.180 + 88 1
14040.223 + 88 1
14040.239 + 88 1
14040.243 + 88 1
14040.247 + 88 1
15037.000 # 1500
15037.000 # 1500
15037.000 # 1500
15037.000 # 1500
15037.000 # 1500
15037.000 # 1500
15037.000 # 1500
15037.000 # 1500
15037.000 # 1500
15037.000 # 1500
15037.000 # 1500
15037.000 # 1500
15037.000 # 1500
15037.000 # 1500
15037.000 # 1500
15037.000 # 1500
15037.000 # 1500
15037.000 # 1500
15037.000 # 1500
15037.000 # 1500
15037.000 # 1500
15037.000 # 1500
15037.000 # 1500
15037.000 # 1500
15037.000 # 1500
15037.000 # 1500
15037.000 # 1500
15037.000 # 1500
15037.000 # 1500
15037.000 # 1500
15037.000 # 1500
15037.000 # 1500
15037.000 # 1500
15037.000 # 1500
15037.000 # 1500
15037.000 # 1500
15037.000 # 1500
15037.000 # 1500
15037.000 # 1500
15037.000 # 1500
15037.000 # 1500
15037.000 # 1500
15037.000 # 1500
15037.000 # 1500
15037.000 # 1500
15037.000 # 1500
15037.000 # 1500
15037.000 # 1500
15037.000 # 1500
15037.000 # 1500
15037.000 # 1500
15037.000 # 1500
15037.000 # 1500
15037.000 # 1500
15037.000 # 1500
15037.000 # 1500
15037.000 # 1500
15037.000 # 1500
15037.000 # 1500
15037.000 # 1500
15040.158 - 88 1000.488 1
15040.425 - 88 1000.635 1
15040.488 - 88 1000.686 1
15040.519 - 88 1000.708 1
15040.545 - 88 1000.725 1
15040.574 - 88 1000.745 1
15040.600 - 88 1000.763 1
15040.634 - 88 1000.789 1
15040.661 - 88 1000.803 1
15040.687 - 88 1000.821 1
15040.717 - 88 1000.844 1
15040.746 - 88 1000.866 1
15040.774 - 88 1000.845 1
15040.798 - 88 1000.852 1
15040.831 - 88 1000.876 1
15040.965 - 88 1001.002 1
15041.032 - 88 1001.061 1
15041.079 - 88 1001.101 1
15041.110 - 88 1001.125 1
15041.144 - 88 1001.115 1
15041.343 - 88 1001.298 1
15041.416 - 88 1001.363 1
15041.815 - 88 1001.755 1
15041.888 - 88 1001.820 1
15041.932 - 88 1001.857 1
15041.949 - 88 1001.867 1
15041.970 - 88 1001.881 1
15041.987 - 88 1001.891 1
15042.010 - 88 1001.908 1
15042.026 - 88 1001.917 1
15042.046 - 88 1001.929 1
15042.064 - 88 1001.941 1
15042.082 - 88 1001.952 1
15042.176 - 88 1002.039 1
15042.223 - 88 1002.079 1
15042.260 - 88 1002.109 1
15042.290 - 88 1002.131 1
15042.507 - 88 1002.341 1
15042.551 - 88 1002.371 1
15042.573 - 88 1002.350 1
15042.592 - 88 1002.353 1
15042.609 - 88 1002.366 1
15042.625 - 88 1002.378 1
16037.000 # 1500
16037.000 # 1500
16037.000 # 1500
16037.000 # 1500
16037.000 # 1500
16037.000 # 1500
16037.000 # 1500
16037.000 # 1500
16037.000 # 1500
16037.000 # 1500
16037.000 # 1500
16037.000 # 1500
16037.000 # 1500
16037.000 # 1500
16037.000 # 1500
16037.000 # 1500
16037.000 # 1500
16037.000 # 1500
16037.000 # 1500
16037.000 # 1500
16037.000 # 1500
16037.000 # 1500
16037.000 # 1500
16037.000 # 1500
16037.000 # 1500
16037.000 # 1500
16037.000 # 1500
16037.000 # 1500
16037.000 # 1500
16037.000 # 1500
16037.000 # 1500
16037.000 # 1500
16037.000 # 1500
16037.000 # 1500
16037.000 # 1500
16037.000 # 1500
16037.000 # 1500
16037.000 # 1500
16037.000 # 1500
16037.000 # 1500
16037.000 # 1500
16037.000 # 1500
16037.000 # 1500
16037.000 # 1500
16037.000 # 1500
16037.000 # 1500
16037.000 # 1500
16037.000 # 1500
16037.000 # 1500
16037.000 # 1500
16037.000 # 1500
16037.000 # 1500
16037.000 # 1500
16037.000 # 1500
16037.000 # 1500
16037.000 # 1500
16037.000 # 1500
16037.000 # 1500
16037.000 # 1500
16037.000 # 1500
16039.613 + 88 1
16039.649 + 88 1
16039.660 + 88 1
16039.670 + 88 1
16039.680 + 88 1
16039.690 + 88 1
16039.700 + 88 1
16039.710 + 88 1
16039.721 + 88 1
16039.731 + 88 1
16039.741 + 88 1
16039.751 + 88 1
16039.761 + 88 1
16039.771 + 88 1
16039.781 + 88 1
16039.790 + 88 1
16039.979 + 88 1
16039.991 + 88 1
16040.001 + 88 1
16040.012 + 88 1
16040.023 + 88 1
16040.034 + 88 1
16040.044 + 88 1
16040.055 + 88 1
16040.065 + 88 1
16040.146 + 88 1
16040.161 + 88 1
16040.173 + 88 1
16040.185 + 88 1
16040.195 + 88 1
16040.205 + 88 1
16040.215 + 88 1
16040.226 + 88 1
16040.236 + 88 1
16040.246 + 88 1
16040.257 + 88 1
16040.337 + 88 1
16040.352 + 88 1
16040.363 + 88 1
16040.374 + 88 1
16040.385 + 88 1
16040.395 + 88 1
16040.405 + 88 1
16040.416 + 88 1
16040.426 + 88 1
16040.436 + 88 1
16040.446 + 88 1
16040.456 + 88 1
16040.466 + 88 1
16040.476 + 88 1
16040.485 + 88 1
16040.496 + 88 1
16040.506 + 88 1
16040.528 + 88 1
16040.539 + 88 1
16040.548 + 88 1
16040.559 + 88 1
16040.569 + 88 1
16040.579 + 88 1
16040.590 + 88 1
17037.000 # 1500
17037.000 # 1500
17037.000 # 1500
17037.000 # 1500
17037.000 # 1500
17037.000 # 1500
17037.000 # 1500
17037.000 # 1500
17037.000 # 1500
17037.000 # 1500
17037.000 # 1500
17037.000 # 1500
17037.000 # 1500
17037.000 # 1500
17037.000 # 1500
17037.000 # 1500
17037.000 # 1500
17037.000 # 1500
17037.000 # 1500
17037.000 # 1500
17037.000 # 1500
17037.000 # 1500
17037.000 # 1500
17037.000 # 1500
17037.000 # 1500
17037.000 # 1500
17037.000 # 1500
17037.000 # 1500
17037.000 # 1500
17037.000 # 1500
17037.000 # 1500
17037.000 # 1500
17037.000 # 1500
17037.000 # 1500
17037.000 # 1500
17037.000 # 1500
17037.000 # 1500
17037.000 # 1500
17037.000 # 1500
17037.000 # 1500
17037.000 # 1500
17037.000 # 1500
17037.000 # 1500
17037.000 # 1500
17037.000 # 1500
17037.000 # 1500
17037.000 # 1500
17037.000 # 1500
17037.000 # 1500
17037.000 # 1500
17037.000 # 1500
17037.000 # 1500
17037.000 # 1500
17037.000 # 1500
17037.000 # 1500
17037.000 # 1500
17037.000 # 1500
17037.000 # 1500
17037.000 # 1500
17037.000 # 1500
17038.004 + 88 1
17038.035 + 88 1
17038.043 + 88 1
17038.051 + 88 1
17038.059 + 88 1
17038.067 + 88 1
17038.074 + 88 1
17038.083 + 88 1
17038.091 + 88 1
17038.101 + 88 1
17038.109 + 88 1
17038.117 + 88 1
17038.126 + 88 1
17038.134 + 88 1
17038.141 + 88 1
17038.149 + 88 1
17038.157 + 88 1
17038.165 + 88 1
17038.173 + 88 1
17038.181 + 88 1
17038.188 + 88 1
17038.197 + 88 1
17038.205 + 88 1
17038.213 + 88 1
17038.220 + 88 1
17038.228 + 88 1
17038.237 + 88 1
17038.245 + 88 1
17038.253 + 88 1
17038.260 + 88 1
17038.268 + 88 1
17038.276 + 88 1
17038.302 + 88 1
17038.310 + 88 1
17038.319 + 88 1
17038.330 + 88 1
17038.338 + 88 1
17038.347 + 88 1
17038.355 + 88 1
17038.363 + 88 1
17038.370 + 88 1
17038.378 + 88 1
17038.386 + 88 1
17038.394 + 88 1
17038.401 + 88 1
17038.409 + 88 1
17038.417 + 88 1
17038.425 + 88 1
17038.433 + 88 1
17038.440 + 88 1
17038.449 + 88 1
17038.459 + 88 1
17038.466 + 88 1
17038.474 + 88 1
17038.493 + 88 1
17038.497 + 88 1
17038.500 + 88 1
17038.503 + 88 1
17038.506 + 88 1
17038.510 + 88 1
17038.778 - 88 999.165 1
17038.825 - 88 999.176 1
17038.837 - 88 999.177 1
17038.846 - 88 999.176 1
17038.872 - 88 999.192 1
17038.881 - 88 999.191 1
17038.890 - 88 999.190 1
17038.900 - 88 999.190 1
17038.910 - 88 999.189 1
17038.919 - 88 999.188 1
17038.928 - 88 999.187 1
17038.938 - 88 999.187 1
17038.947 - 88 999.186 1
17038.957 - 88 999.186 1
17038.966 - 88 999.185 1
17038.998 - 88 999.208 1
17039.017 - 88 999.038 1
17039.029 - 88 999.038 1
17039.038 - 88 999.037 1
17039.046 - 88 999.034 1
17039.055 - 88 999.032 1
17039.165 - 88 999.131 1
17039.189 - 88 999.145 1
17039.200 - 88 999.145 1
17039.339 - 88 999.274 1
17039.914 - 88 999.768 1
17039.936 - 88 999.775 1
17040.025 - 88 999.852 1
17040.061 - 88 999.876 1
17040.073 - 88 999.878 1
17040.083 - 88 999.878 1
17040.094 - 88 999.879 1
17040.103 - 88 999.877 1
17040.113 - 88 999.877 1
17040.123 - 88 999.877 1
17040.133 - 88 999.876 1
17040.142 - 88 999.805 1
17040.152 - 88 999.800 1
17040.161 - 88 999.798 1
17040.172 - 88 999.798 1
17040.181 - 88 999.796 1
17040.191 - 88 999.796 1
17040.199 - 88 999.794 1
17040.209 - 88 999.793 1
17040.218 - 88 999.792 1
17040.232 - 88 999.796 1
17040.247 - 88 999.801 1
17040.258 - 88 999.802 1
17040.268 - 88 999.802 1
17040.282 - 88 999.806 1
17040.292 - 88 999.807 1
17040.301 - 88 999.805 1
17040.311 - 88 999.805 1
17040.321 - 88 999.793 1
17040.330 - 88 999.791 1
17040.340 - 88 999.792 1
17040.349 - 88 999.790 1
17040.358 - 88 999.789 1
17040.367 - 88 999.788 1
17040.376 - 88 999.786 1
18037.000 # 1500
18037.000 # 1500
18037.000 # 1500
18037.000 # 1500
18037.000 # 1500
18037.000 # 1500
18037.000 # 1500
18037.000 # 1500
18037.000 # 1500
18037.000 # 1500
18037.000 # 1500
18037.000 # 1500
18037.000 # 1500
18037.000 # 1500
18037.000 # 1500
18037.000 # 1500
18037.000 # 1500
18037.000 # 1500
18037.000 # 1500
18037.000 # 1500
18037.000 # 1500
18037.000 # 1500
18037.000 # 1500
18037.000 # 1500
18037.000 # 1500
18037.000 # 1500
18037.000 # 1500
18037.000 # 1500
18037.000 # 1500
18037.000 # 1500
18037.000 # 1500
18037.000 # 1500
18037.000 # 1500
18037.000 # 1500
18037.000 # 1500
18037.000 # 1500
18037.000 # 1500
18037.000 # 1500
18037.000 # 1500
18037.000 # 1500
18037.000 # 1500
18037.000 # 1500
18037.000 # 1500
18037.000 # 1500
18037.000 # 1500
18037.000 # 1500
18037.000 # 1500
18037.000 # 1500
18037.000 # 1500
18037.000 # 1500
18037.000 # 1500
18037.000 # 1500
18037.000 # 1500
18037.000 # 1500
18037.000 # 1500
18037.000 # 1500
18037.000 # 1500
18037.000 # 1500
18037.000 # 1500
18037.000 # 1500
18041.205 + 88 1
18041.271 + 88 1
18041.294 + 88 1
18041.338 + 88 1
18041.360 + 88 1
18041.382 + 88 1
18041.404 + 88 1
18041.425 + 88 1
18041.447 + 88 1
18041.468 + 88 1
18041.489 + 88 1
18041.510 + 88 1
18041.589 + 88 1
18041.633 + 88 1
18041.663 + 88 1
18041.689 + 88 1
18041.714 + 88 1
18041.745 + 88 1
18041.770 + 88 1
18041.794 + 88 1
18041.819 + 88 1
18041.843 + 88 1
18041.868 + 88 1
18041.894 + 88 1
18041.918 + 88 1
18041.942 + 88 1
18041.966 + 88 1
18041.990 + 88 1
18042.000 - 88 1003.996 1
18042.014 + 88 1
18042.050 + 88 1
18042.088 + 88 1
18042.118 + 88 1
18042.152 - 88 1004.117 1
18042.152 + 88 1
18042.188 + 88 1
18042.194 - 88 1004.151 1
18042.220 + 88 1
18042.236 - 88 1004.185 1
18042.251 + 88 1
18042.280 + 88 1
18042.287 - 88 1004.228 1
18042.310 + 88 1
18042.326 - 88 1004.259 1
18042.339 + 88 1
18042.359 - 88 1004.285 1
18042.367 + 88 1
18042.384 - 88 1004.301 1
18042.396 + 88 1
18042.407 - 88 1004.316 1
18042.426 + 88 1
18042.431 - 88 1004.330 1
18042.455 - 88 1004.346 1
18042.485 - 88 1004.368 1
18042.568 - 88 1004.442 1
18042.587 + 88 1
18042.589 - 88 1004.455 1
18042.605 - 88 1004.464 1
18042.661 - 88 1004.512 1
18042.692 - 88 1004.535 1
18042.715 - 88 1004.550 1
18042.722 + 88 1
18042.732 - 88 1004.559 1
18042.748 - 88 1004.567 1
18042.758 + 88 1
18042.763 - 88 1004.575 1
18042.773 + 88 1
18042.782 - 88 1004.585 1
18042.787 + 88 1
18042.797 - 88 1004.592 1
18042.800 + 88 1
18042.812 - 88 1004.599 1
18042.812 + 88 1
18042.825 + 88 1
18042.828 - 88 1004.608 1
18042.838 + 88 1
18042.843 - 88 1004.615 1
18042.850 + 88 1
18042.858 - 88 1004.621 1
18042.863 + 88 1
18042.869 + 88 1
18042.873 - 88 1004.628 1
18042.875 + 88 1
18042.880 + 88 1
18042.886 - 88 1004.633 1
18042.886 + 88 1
18042.892 + 88 1
18042.897 + 88 1
18042.901 - 88 1004.641 1
18042.903 + 88 1
18042.916 - 88 1004.648 1
18042.932 - 88 1004.656 1
18042.947 - 88 1004.645 1
18042.963 - 88 1004.653 1
18042.980 - 88 1004.661 1
18042.997 - 88 1004.667 1
18043.013 - 88 1004.675 1
18043.028 - 88 1004.681 1
18043.043 - 88 1004.688 1
18043.060 - 88 1004.697 1
18043.075 - 88 1004.705 1
18043.091 - 88 1004.713 1
18043.105 - 88 1004.719 1
18043.129 - 88 1004.735 1
18043.146 - 88 1004.745 1
18043.162 - 88 1004.753 1
18043.180 - 88 1004.763 1
18043.195 - 88 1004.770 1
18043.246 - 88 1004.813 1
18043.268 - 88 1004.828 1
18043.288 - 88 1004.839 1
18043.302 - 88 1004.843 1
18043.316 - 88 1004.850 1
18043.332 - 88 1004.858 1
18043.346 - 88 1004.853 1
18043.361 - 88 1004.864 1
18043.377 - 88 1004.877 1
18043.392 - 88 1004.889 1
18043.407 - 88 1004.901 1
18043.429 - 88 1004.919 1
19037.000 # 1500
19037.000 # 1500
19037.000 # 1500
19037.000 # 1500
19037.000 # 1500
19037.000 # 1500
19037.000 # 1500
19037.000 # 1500
19037.000 # 1500
19037.000 # 1500
19037.000 # 1500
19037.000 # 1500
19037.000 # 1500
19037.000 # 1500
19037.000 # 1500
19037.000 # 1500
19037.000 # 1500
19037.000 # 1500
19037.000 # 1500
19037.000 # 1500
19037.000 # 1500
19037.000 # 1500
19037.000 # 1500
19037.000 # 1500
19037.000 # 1500
19037.000 # 1500
19037.000 # 1500
19037.000 # 1500
19037.000 # 1500
19037.000 # 1500
19037.000 # 1500
19037.000 # 1500
19037.000 # 1500
19037.000 # 1500
19037.000 # 1500
19037.000 # 1500
19037.000 # 1500
19037.000 # 1500
19037.000 # 1500
19037.000 # 1500
19037.000 # 1500
19037.000 # 1500
19037.000 # 1500
19037.000 # 1500
19037.000 # 1500
19037.000 # 1500
19037.000 # 1500
19037.000 # 1500
19037.000 # 1500
19037.000 # 1500
19037.000 # 1500
19037.000 # 1500
19037.000 # 1500
19037.000 # 1500
19037.000 # 1500
19037.000 # 1500
19037.000 # 1500
19037.000 # 1500
19037.000 # 1500
19037.000 # 1500
19038.655 - 88 997.450 1
19038.713 - 88 997.442 1
19038.725 - 88 997.431 1
19038.735 - 88 997.397 1
19038.745 - 88 997.385 1
19038.756 - 88 997.374 1
19038.765 - 88 997.361 1
19038.774 - 88 997.349 1
19038.797 - 88 997.350 1
19038.801 + 88 1
19038.807 - 88 997.339 1
19038.816 - 88 997.327 1
19038.826 - 88 997.316 1
19038.827 + 88 1
19038.835 - 88 997.246 1
19038.836 + 88 1
19038.844 + 88 1
19038.845 - 88 997.212 1
19038.851 + 88 1
19038.859 + 88 1
19038.867 + 88 1
19038.875 + 88 1
19038.882 + 88 1
19038.890 + 88 1
19038.898 + 88 1
19038.905 + 88 1
19038.913 + 88 1
19038.920 + 88 1
19038.928 + 88 1
19038.935 + 88 1
19038.943 + 88 1
19038.952 + 88 1
19038.960 + 88 1
19038.967 + 88 1
19038.972 - 88 997.309 1
19038.975 + 88 1
19038.982 + 88 1
19038.983 - 88 997.294 1
19038.990 + 88 1
19038.994 - 88 997.280 1
19038.998 + 88 1
19039.003 - 88 997.258 1
19039.006 + 88 1
19039.013 - 88 997.243 1
19039.015 + 88 1
19039.022 - 88 997.228 1
19039.023 + 88 1
19039.030 + 88 1
19039.032 - 88 997.213 1
19039.038 + 88 1
19039.045 + 88 1
19039.051 - 88 997.208 1
19039.052 + 88 1
19039.060 + 88 1
19039.066 - 88 997.198 1
19039.068 + 88 1
19039.076 + 88 1
19039.080 - 88 997.186 1
19039.083 + 88 1
19039.091 + 88 1
19039.095 - 88 997.177 1
19039.110 - 88 997.168 1
19039.127 - 88 997.161 1
19039.135 + 88 1
19039.142 + 88 1
19039.144 - 88 997.154 1
19039.150 + 88 1
19039.157 + 88 1
19039.160 - 88 997.146 1
19039.164 + 88 1
19039.176 - 88 997.126 1
19039.179 + 88 1
19039.187 + 88 1
19039.191 - 88 997.103 1
19039.194 + 88 1
19039.201 + 88 1
19039.207 + 88 1
19039.210 - 88 997.092 1
19039.214 + 88 1
19039.221 + 88 1
19039.228 + 88 1
19039.229 - 88 997.077 1
19039.236 + 88 1
19039.248 - 88 997.060 1
19039.264 - 88 997.044 1
19039.279 - 88 997.028 1
19039.291 - 88 997.011 1
19039.301 - 88 996.991 1
19039.312 - 88 996.973 1
19039.321 - 88 996.954 1
19039.331 - 88 996.935 1
19039.340 - 88 996.914 1
19039.349 - 88 996.762 1
19039.359 - 88 996.637 1
19039.376 - 88 996.618 1
19039.388 - 88 996.615 1
19039.397 - 88 996.610 1
19039.406 - 88 996.606 1
19039.415 - 88 996.603 1
19039.426 - 88 996.601 1
19039.435 - 88 996.597 1
19039.444 - 88 996.594 1
19039.454 - 88 996.591 1
19039.463 - 88 996.594 1
19039.476 - 88 996.601 1
19039.485 - 88 996.605 1
19039.494 - 88 996.608 1
19039.503 - 88 996.611 1
19039.512 - 88 996.615 1
19039.523 - 88 996.620 1
19039.661 + 88 1
19039.680 + 88 1
19039.684 + 88 1
19039.689 + 88 1
19039.693 + 88 1
19039.697 + 88 1
19039.701 + 88 1
19039.705 + 88 1
19039.709 + 88 1
19039.713 + 88 1
20037.000 # 1500
20037.000 # 1500
20037.000 # 1500
20037.000 # 1500
20037.000 # 1500
20037.000 # 1500
20037.000 # 1500
20037.000 # 1500
20037.000 # 1500
20037.000 # 1500
20037.000 # 1500
20037.000 # 1500
20037.000 # 1500
20037.000 # 1500
20037.000 # 1500
20037.000 # 1500
20037.000 # 1500
20037.000 # 1500
20037.000 # 1500
20037.000 # 1500
20037.000 # 1500
20037.000 # 1500
20037.000 # 1500
20037.000 # 1500
20037.000 # 1500
20037.000 # 1500
20037.000 # 1500
20037.000 # 1500
20037.000 # 1500
20037.000 # 1500
20037.000 # 1500
20037.000 # 1500
20037.000 # 1500
20037.000 # 1500
20037.000 # 1500
20037.000 # 1500
20037.000 # 1500
20037.000 # 1500
20037.000 # 1500
20037.000 # 1500
20037.000 # 1500
20037.000 # 1500
20037.000 # 1500
20037.000 # 1500
20037.000 # 1500
20037.000 # 1500
20037.000 # 1500
20037.000 # 1500
20037.000 # 1500
20037.000 # 1500
20037.000 # 1500
20037.000 # 1500
20037.000 # 1500
20037.000 # 1500
20037.000 # 1500
20037.000 # 1500
20037.000 # 1500
20037.000 # 1500
20037.000 # 1500
20037.000 # 1500
20039.916 - 88 1001.115 1
20039.983 + 88 1
20040.061 - 88 1001.234 1
20040.079 - 88 1001.243 1
20040.091 - 88 1001.247 1
20040.101 - 88 1001.250 1
20040.112 - 88 1001.253 1
20040.113 + 88 1
20040.123 - 88 1001.256 1
20040.135 - 88 1001.260 1
20040.145 - 88 1001.263 1
20040.156 - 88 1001.266 1
20040.166 - 88 1001.268 1
20040.177 - 88 1001.272 1
20040.185 + 88 1
20040.186 - 88 1001.273 1
20040.197 - 88 1001.277 1
20040.200 + 88 1
20040.208 - 88 1001.280 1
20040.215 + 88 1
20040.218 - 88 1001.283 1
20040.228 - 88 1001.285 1
20040.229 + 88 1
20040.238 - 88 1001.286 1
20040.240 + 88 1
20040.254 - 88 1001.294 1
20040.256 + 88 1
20040.265 - 88 1001.298 1
20040.267 + 88 1
20040.275 - 88 1001.300 1
20040.279 + 88 1
20040.286 - 88 1001.304 1
20040.291 + 88 1
20040.298 - 88 1001.308 1
20040.303 + 88 1
20040.308 - 88 1001.310 1
20040.317 + 88 1
20040.322 - 88 1001.316 1
20040.330 + 88 1
20040.333 - 88 1001.318 1
20040.343 - 88 1001.320 1
20040.353 - 88 1001.323 1
20040.363 - 88 1001.325 1
20040.375 - 88 1001.330 1
20040.387 - 88 1001.335 1
20040.398 - 88 1001.338 1
20040.410 - 88 1001.342 1
20040.419 + 88 1
20040.422 - 88 1001.346 1
20040.433 - 88 1001.350 1
20040.442 + 88 1
20040.444 - 88 1001.353 1
20040.452 + 88 1
20040.455 - 88 1001.320 1
20040.460 + 88 1
20040.464 - 88 1001.322 1
20040.468 + 88 1
20040.476 - 88 1001.326 1
20040.478 + 88 1
20040.486 + 88 1
20040.487 - 88 1001.330 1
20040.496 + 88 1
20040.499 - 88 1001.335 1
20040.504 + 88 1
20040.509 - 88 1001.330 1
20040.512 + 88 1
20040.520 - 88 1001.333 1
20040.521 + 88 1
20040.530 + 88 1
20040.531 - 88 1001.337 1
20040.539 + 88 1
20040.542 - 88 1001.341 1
20040.547 + 88 1
20040.552 - 88 1001.345 1
20040.558 + 88 1
20040.563 - 88 1001.349 1
20040.571 + 88 1
20040.575 - 88 1001.354 1
20040.583 + 88 1
20040.585 - 88 1001.357 1
20040.596 - 88 1001.360 1
20040.596 + 88 1
20040.608 - 88 1000.947 1
20040.608 + 88 1
20040.619 - 88 1000.939 1
20040.619 + 88 1
20040.629 - 88 1000.945 1
20040.630 + 88 1
20040.639 - 88 1000.950 1
20040.642 + 88 1
20040.654 - 88 1000.961 1
20040.655 + 88 1
20040.665 - 88 1000.968 1
20040.665 + 88 1
20040.675 - 88 1000.974 1
20040.677 + 88 1
20040.684 - 88 1000.979 1
20040.694 + 88 1
20040.697 - 88 1000.988 1
20040.711 - 88 1000.998 1
20040.865 + 88 1
20040.894 + 88 1
20040.910 + 88 1
20040.924 + 88 1
20040.937 + 88 1
20040.950 + 88 1
20040.963 + 88 1
20041.040 + 88 1
20041.063 + 88 1
20041.076 + 88 1
20041.089 + 88 1
20041.102 + 88 1
20041.115 + 88 1
20041.128 + 88 1
20041.208 + 88 1
20041.232 + 88 1
20041.247 + 88 1
20041.316 + 88 1
20041.340 + 88 1
20041.354 + 88 1
21037.000 # 1500
21037.000 # 1500
21037.000 # 1500
21037.000 # 1500
21037.000 # 1500
21037.000 # 1500
21037.000 # 1500
21037.000 # 1500
21037.000 # 1500
21037.000 # 1500
21037.000 # 1500
21037.000 # 1500
21037.000 # 1500
21037.000 # 1500
21037.000 # 1500
21037.000 # 1500
21037.000 # 1500
21037.000 # 1500
21037.000 # 1500
21037.000 # 1500
21037.000 # 1500
21037.000 # 1500
21037.000 # 1500
21037.000 # 1500
21037.000 # 1500
21037.000 # 1500
21037.000 # 1500
21037.000 # 1500
21037.000 # 1500
21037.000 # 1500
21037.000 # 1500
21037.000 # 1500
21037.000 # 1500
21037.000 # 1500
21037.000 # 1500
21037.000 # 1500
21037.000 # 1500
21037.000 # 1500
21037.000 # 1500
21037.000 # 1500
21037.000 # 1500
21037.000 # 1500
21037.000 # 1500
21037.000 # 1500
21037.000 # 1500
21037.000 # 1500
21037.000 # 1500
21037.000 # 1500
21037.000 # 1500
21037.000 # 1500
21037.000 # 1500
21037.000 # 1500
21037.000 # 1500
21037.000 # 1500
21037.000 # 1500
21037.000 # 1500
21037.000 # 1500
21037.000 # 1500
21037.000 # 1500
21037.000 # 1500
21042.255 + 88 1
21042.337 + 88 1
21042.361 + 88 1
21042.382 + 88 1
21042.403 + 88 1
21042.424 + 88 1
21042.443 + 88 1
21042.725 + 88 1
21042.764 - 88 1002.781 1
21042.902 + 88 1
21042.932 + 88 1
21043.332 + 88 1
21043.402 - 88 1003.289 1
21043.466 - 88 1003.281 1
21043.496 - 88 1003.296 1
21043.522 - 88 1003.307 1
21043.552 - 88 1003.323 1
21043.647 - 88 1003.407 1
21043.676 - 88 1003.420 1
21044.324 + 88 1
21044.391 + 88 1
21044.587 + 88 1
21044.650 - 88 1004.383 1
21044.777 + 88 1
21044.804 + 88 1
21044.822 + 88 1
21044.836 + 88 1
21044.863 + 88 1
21044.885 + 88 1
21044.907 + 88 1
21044.929 + 88 1
21044.961 - 88 1004.682 1
21044.985 - 88 1004.694 1
21045.066 + 88 1
21045.095 + 88 1
21045.116 + 88 1
21045.137 + 88 1
21045.158 + 88 1
21045.187 + 88 1
21045.315 + 88 1
21045.346 + 88 1
21045.369 + 88 1
21045.391 + 88 1
21045.472 - 88 1005.169 1
21045.515 + 88 1
21045.521 - 88 1005.204 1
21045.551 - 88 1005.221 1
21045.666 + 88 1
21045.694 + 88 1
21045.718 + 88 1
21045.743 + 88 1
21045.761 + 88 1
21045.778 + 88 1
21045.797 + 88 1
21045.806 - 88 1005.387 1
21045.914 + 88 1
21045.942 + 88 1
21045.956 + 88 1
21045.969 + 88 1
21045.982 + 88 1
21045.995 + 88 1
21046.008 + 88 1
21046.021 + 88 1
21046.035 + 88 1
21046.048 + 88 1
21046.061 + 88 1
21046.078 + 88 1
21046.096 - 88 1005.654 1
21046.180 + 88 1
21046.199 + 88 1
21046.213 + 88 1
21046.227 + 88 1
21046.240 + 88 1
21046.253 + 88 1
21046.259 + 88 1
21046.265 + 88 1
21046.421 - 88 1005.969 1
21046.461 - 88 1006.001 1
21046.491 - 88 1006.023 1
21046.524 - 88 1006.046 1
21046.549 - 88 1006.063 1
21046.581 - 88 1006.085 1
21046.607 - 88 1006.103 1
21046.630 - 88 1006.118 1
21046.656 - 88 1006.135 1
21046.682 - 88 1006.152 1
21046.712 - 88 1006.173 1
21046.741 - 88 1006.194 1
21046.778 - 88 1006.220 1
21046.802 - 88 1006.231 1
21046.824 - 88 1006.241 1
21046.850 - 88 1006.254 1
21046.871 - 88 1006.263 1
21046.898 - 88 1006.279 1
21046.920 - 88 1006.290 1
21046.939 - 88 1006.297 1
21046.963 - 88 1006.308 1
21046.984 - 88 1006.319 1
21047.005 - 88 1006.328 1
21047.029 - 88 1006.335 1
21047.235 - 88 1006.370 1
21047.274 - 88 1006.380 1
21047.302 - 88 1006.392 1
21047.325 - 88 1006.401 1
21047.351 - 88 1006.414 1
21047.373 - 88 1006.423 1
21047.400 - 88 1006.437 1
21047.425 - 88 1006.385 1
21047.453 - 88 1006.390 1
21047.477 - 88 1006.401 1
21047.498 - 88 1006.409 1
21047.520 - 88 1006.418 1
21047.544 - 88 1006.429 1
21047.567 - 88 1006.439 1
21047.796 - 88 1006.588 1
21047.823 - 88 1006.591 1
21047.838 - 88 1006.591 1
21047.856 - 88 1006.540 1
21047.869 - 88 1006.529 1
21047.883 - 88 1006.529 1
22037.000 # 1500
22037.000 # 1500
22037.000 # 1500
22037.000 # 1500
22037.000 # 1500
22037.000 # 1500
22037.000 # 1500
22037.000 # 1500
22037.000 # 1500
22037.000 # 1500
22037.000 # 1500
22037.000 # 1500
22037.000 # 1500
22037.000 # 1500
22037.000 # 1500
22037.000 # 1500
22037.000 # 1500
22037.000 # 1500
22037.000 # 1500
22037.000 # 1500
22037.000 # 1500
22037.000 # 1500
22037.000 # 1500
22037.000 # 1500
22037.000 # 1500
22037.000 # 1500
22037.000 # 1500
22037.000 # 1500
22037.000 # 1500
22037.000 # 1500
22037.000 # 1500
22037.000 # 1500
22037.000 # 1500
22037.000 # 1500
22037.000 # 1500
22037.000 # 1500
22037.000 # 1500
22037.000 # 1500
22037.000 # 1500
22037.000 # 1500
22037.000 # 1500
22037.000 # 1500
22037.000 # 1500
22037.000 # 1500
22037.000 # 1500
22037.000 # 1500
22037.000 # 1500
22037.000 # 1500
22037.000 # 1500
22037.000 # 1500
22037.000 # 1500
22037.000 # 1500
22037.000 # 1500
22037.000 # 1500
22037.000 # 1500
22037.000 # 1500
22037.000 # 1500
22037.000 # 1500
22037.000 # 1500
22037.000 # 1500
22038.987 + 88 1
22039.051 + 88 1
22039.074 + 88 1
22039.096 + 88 1
22039.118 + 88 1
22039.139 + 88 1
22039.163 + 88 1
22039.185 + 88 1
22039.207 + 88 1
22039.228 + 88 1
22039.249 + 88 1
22039.270 + 88 1
22039.291 + 88 1
22039.311 + 88 1
22039.331 + 88 1
22039.364 + 88 1
22039.384 + 88 1
22039.405 + 88 1
22039.426 + 88 1
22039.446 + 88 1
22039.467 + 88 1
22039.488 + 88 1
22039.509 + 88 1
22039.531 + 88 1
22039.555 + 88 1
22039.576 + 88 1
22039.974 + 88 1
22040.020 - 88 997.765 1
22040.215 + 88 1
22040.405 + 88 1
22040.438 + 88 1
22040.455 - 88 998.118 1
22040.473 + 88 1
22040.495 - 88 998.134 1
22040.497 + 88 1
22040.516 - 88 998.134 1
22040.518 + 88 1
22040.532 + 88 1
22040.533 - 88 998.130 1
22040.545 + 88 1
22040.549 - 88 998.125 1
22040.559 + 88 1
22040.566 - 88 998.123 1
22040.582 - 88 997.857 1
22040.599 - 88 997.697 1
22040.615 - 88 997.683 1
22040.630 - 88 997.298 1
22040.646 - 88 996.322 1
22040.661 - 88 996.270 1
22040.667 + 88 1
22040.677 - 88 996.090 1
22040.687 + 88 1
22040.693 - 88 995.916 1
22040.708 + 88 1
22040.709 - 88 995.905 1
22040.730 + 88 1
22040.741 - 88 995.919 1
22040.751 + 88 1
22040.766 + 88 1
22040.767 - 88 995.931 1
22040.779 + 88 1
22040.793 + 88 1
22040.794 - 88 995.931 1
22040.806 + 88 1
22040.815 - 88 995.930 1
22040.819 + 88 1
22040.832 - 88 995.925 1
22040.833 + 88 1
22040.847 - 88 995.918 1
22040.847 + 88 1
22040.861 + 88 1
22040.864 - 88 995.798 1
22040.880 - 88 995.785 1
22040.883 + 88 1
22040.896 - 88 995.780 1
22040.897 + 88 1
22040.911 + 88 1
22040.913 - 88 995.776 1
22040.925 + 88 1
22040.937 - 88 995.779 1
22040.939 + 88 1
22040.953 - 88 995.766 1
22040.953 + 88 1
22040.966 + 88 1
22040.979 + 88 1
22040.992 + 88 1
22041.005 + 88 1
22041.019 + 88 1
22041.068 - 88 995.753 1
22041.109 - 88 995.763 1
22041.127 - 88 995.758 1
22041.145 - 88 995.754 1
22041.162 - 88 995.647 1
22041.179 - 88 995.513 1
22041.197 - 88 995.503 1
22041.213 - 88 995.495 1
22041.233 - 88 995.490 1
22041.250 - 88 995.489 1
22041.266 - 88 995.488 1
22041.282 - 88 995.485 1
22041.305 - 88 995.391 1
22041.322 - 88 995.380 1
22041.339 - 88 995.383 1
22041.357 - 88 995.388 1
22041.373 - 88 995.391 1
22041.393 - 88 995.398 1
22041.418 - 88 995.410 1
22041.450 - 88 995.429 1
22041.483 - 88 995.448 1
22041.502 - 88 995.454 1
22041.521 - 88 995.460 1
22041.538 - 88 995.460 1
22041.554 - 88 995.374 1
22041.570 - 88 995.371 1
22041.586 - 88 995.373 1
22041.605 - 88 995.378 1
22041.622 - 88 995.382 1
22041.639 - 88 995.386 1
22041.654 - 88 995.395 1
22041.670 - 88 995.405 1
23037.000 # 1500
23037.000 # 1500
23037.000 # 1500
23037.000 # 1500
23037.000 # 1500
23037.000 # 1500
23037.000 # 1500
23037.000 # 1500
23037.000 # 1500
23037.000 # 1500
23037.000 # 1500
23037.000 # 1500
23037.000 # 1500
23037.000 # 1500
23037.000 # 1500
23037.000 # 1500
23037.000 # 1500
23037.000 # 1500
23037.000 # 1500
23037.000 # 1500
23037.000 # 1500
23037.000 # 1500
23037.000 # 1500
23037.000 # 1500
23037.000 # 1500
23037.000 # 1500
23037.000 # 1500
23037.000 # 1500
23037.000 # 1500
23037.000 # 1500
23037.000 # 1500
23037.000 # 1500
23037.000 # 1500
23037.000 # 1500
23037.000 # 1500
23037.000 # 1500
23037.000 # 1500
23037.000 # 1500
23037.000 # 1500
23037.000 # 1500
23037.000 # 1500
23037.000 # 1500
23037.000 # 1500
23037.000 # 1500
23037.000 # 1500
23037.000 # 1500
23037.000 # 1500
23037.000 # 1500
23037.000 # 1500
23037.000 # 1500
23037.000 # 1500
23037.000 # 1500
23037.000 # 1500
23037.000 # 1500
23037.000 # 1500
23037.000 # 1500
23037.000 # 1500
23037.000 # 1500
23037.000 # 1500
23037.000 # 1500
23040.055 - 88 1001.068 1
23040.211 - 88 1001.160 1
23040.246 - 88 1001.172 1
23040.275 - 88 1001.179 1
23040.305 - 88 1001.187 1
23040.334 - 88 1001.195 1
23040.825 - 88 1001.662 1
23040.892 - 88 1001.707 1
23040.925 - 88 1001.718 1
23040.957 - 88 1001.729 1
23040.989 - 88 1001.740 1
23041.019 - 88 1001.749 1
23041.047 - 88 1001.756 1
23041.081 - 88 1001.770 1
23041.111 - 88 1001.780 1
23041.139 - 88 1001.775 1
23041.176 - 88 1001.792 1
23041.205 - 88 1001.800 1
23041.235 - 88 1001.809 1
23041.266 - 88 1001.820 1
23041.295 - 88 1001.828 1
23041.325 - 88 1001.837 1
23041.356 - 88 1001.847 1
23041.386 - 88 1001.855 1
23041.417 - 88 1001.862 1
23041.640 - 88 1002.064 1
23041.706 - 88 1001.732 1
23041.736 - 88 1001.521 1
23041.766 - 88 1001.361 1
23041.801 - 88 1001.363 1
23041.845 - 88 1001.372 1
23041.892 - 88 1001.395 1
23041.940 - 88 1001.422 1
23041.998 - 88 1001.466 1
23042.052 - 88 1001.507 1
23042.099 - 88 1001.540 1
23042.161 - 88 1001.494 1
23042.209 + 88 1
23042.384 - 88 1001.697 1
23042.478 - 88 1001.770 1
23042.540 - 88 1001.810 1
23042.593 - 88 1001.842 1
23042.652 - 88 1001.886 1
23042.707 - 88 1001.928 1
23042.902 - 88 1002.109 1
23042.970 - 88 1002.164 1
23043.002 - 88 1002.183 1
23043.032 - 88 1002.199 1
23043.062 - 88 1002.215 1
23043.092 - 88 1002.231 1
23043.122 - 88 1002.239 1
23043.131 - 88 1002.234 1
23043.142 - 88 1002.231 1
23043.151 - 88 1002.226 1
23043.162 - 88 1002.223 1
23043.173 - 88 1002.220 1
23043.183 - 88 1002.217 1
23043.210 - 88 1002.231 1
23043.228 + 88 1
23043.308 - 88 1002.316 1
23043.333 - 88 1002.328 1
23043.343 - 88 1002.324 1
23043.919 + 88 1
23043.997 + 88 1
23044.011 + 88 1
23044.023 + 88 1
23044.034 + 88 1
23044.045 + 88 1
23044.062 + 88 1
23044.073 + 88 1
23044.084 + 88 1
23044.096 + 88 1
23044.107 + 88 1
23044.119 + 88 1
23044.131 + 88 1
23044.142 + 88 1
23044.153 + 88 1
23044.164 + 88 1
23044.174 + 88 1
23044.185 + 88 1
23044.196 + 88 1
23044.208 + 88 1
23044.219 + 88 1
23044.230 + 88 1
23044.241 + 88 1
23044.252 + 88 1
23044.269 + 88 1
23044.279 + 88 1
23044.289 + 88 1
23044.299 + 88 1
23044.310 + 88 1
23044.321 + 88 1
23044.330 + 88 1
23044.340 + 88 1
23044.350 + 88 1
23044.360 + 88 1
23044.371 + 88 1
23044.381 + 88 1
23044.391 + 88 1
23044.402 + 88 1
23044.412 + 88 1
23044.422 + 88 1
23044.431 + 88 1
23044.441 + 88 1
23044.452 + 88 1
23044.462 + 88 1
23044.472 + 88 1
23044.482 + 88 1
23044.492 + 88 1
23044.502 + 88 1
23044.512 + 88 1
23044.522 + 88 1
23044.532 + 88 1
23044.543 + 88 1
23044.552 + 88 1
23044.562 + 88 1
23044.572 + 88 1
23044.583 + 88 1
23044.593 + 88 1
23044.603 + 88 1
24037.000 # 1500
24037.000 # 1500
24037.000 # 1500
24037.000 # 1500
24037.000 # 1500
24037.000 # 1500
24037.000 # 1500
24037.000 # 1500
24037.000 # 1500
24037.000 # 1500
24037.000 # 1500
24037.000 # 1500
24037.000 # 1500
24037.000 # 1500
24037.000 # 1500
24037.000 # 1500
24037.000 # 1500
24037.000 # 1500
24037.000 # 1500
24037.000 # 1500
24037.000 # 1500
24037.000 # 1500
24037.000 # 1500
24037.000 # 1500
24037.000 # 1500
24037.000 # 1500
24037.000 # 1500
24037.000 # 1500
24037.000 # 1500
24037.000 # 1500
24037.000 # 1500
24037.000 # 1500
24037.000 # 1500
24037.000 # 1500
24037.000 # 1500
24037.000 # 1500
24037.000 # 1500
24037.000 # 1500
24037.000 # 1500
24037.000 # 1500
24037.000 # 1500
24037.000 # 1500
24037.000 # 1500
24037.000 # 1500
24037.000 # 1500
24037.000 # 1500
24037.000 # 1500
24037.000 # 1500
24037.000 # 1500
24037.000 # 1500
24037.000 # 1500
24037.000 # 1500
24037.000 # 1500
24037.000 # 1500
24037.000 # 1500
24037.000 # 1500
24037.000 # 1500
24037.000 # 1500
24037.000 # 1500
24037.000 # 1500
24040.891 + 88 1
24040.951 + 88 1
24040.984 + 88 1
24041.008 - 88 998.799 1
24041.130 - 88 997.902 1
24041.134 + 88 1
24041.175 - 88 997.256 1
24041.184 + 88 1
24041.215 - 88 997.218 1
24041.233 + 88 1
24041.256 - 88 997.245 1
24041.297 - 88 997.274 1
24041.339 - 88 997.305 1
24041.380 - 88 997.335 1
24041.425 - 88 997.363 1
24041.582 + 88 1
24041.710 + 88 1
24041.732 - 88 997.659 1
24041.785 + 88 1
24041.799 - 88 997.715 1
24041.848 - 88 997.752 1
24041.848 + 88 1
24041.908 - 88 997.801 1
24041.933 + 88 1
24041.962 - 88 997.843 1
24042.008 + 88 1
24042.016 - 88 997.885 1
24042.069 - 88 997.927 1
24042.091 + 88 1
24042.122 - 88 997.969 1
24042.166 + 88 1
24042.175 - 88 998.011 1
24042.228 - 88 998.054 1
24042.255 + 88 1
24042.281 - 88 998.096 1
24042.334 - 88 998.138 1
24042.336 + 88 1
24042.388 - 88 998.180 1
24042.417 + 88 1
24042.443 - 88 998.224 1
24042.499 + 88 1
24042.501 - 88 998.271 1
24042.556 - 88 998.315 1
24042.576 + 88 1
24042.608 - 88 998.356 1
24042.659 - 88 998.390 1
24042.661 + 88 1
24042.710 - 88 998.431 1
24042.730 + 88 1
24042.762 - 88 998.473 1
24042.809 - 88 998.510 1
24042.809 + 88 1
24042.858 - 88 998.548 1
24042.885 + 88 1
24042.905 - 88 998.584 1
24042.953 - 88 998.623 1
24042.955 + 88 1
24042.999 - 88 998.659 1
24043.037 + 88 1
24043.046 - 88 998.696 1
24043.094 - 88 998.734 1
24043.140 - 88 998.769 1
24043.173 + 88 1
24043.201 - 88 998.820 1
24043.252 - 88 998.861 1
24043.259 + 88 1
24043.308 - 88 998.906 1
24043.339 + 88 1
24043.355 - 88 998.943 1
24043.403 - 88 998.981 1
24043.419 + 88 1
24043.451 - 88 999.020 1
24043.496 + 88 1
24043.552 - 88 999.111 1
24043.567 + 88 1
24043.622 - 88 999.170 1
24043.672 - 88 999.210 1
24043.721 - 88 999.249 1
24043.770 - 88 999.288 1
24043.809 + 88 1
24043.819 - 88 999.327 1
24043.866 - 88 999.364 1
24043.903 - 88 999.391 1
24043.903 + 88 1
24043.938 - 88 999.416 1
24043.986 + 88 1
24044.036 + 88 1
24044.046 - 88 999.514 1
24044.089 - 88 999.546 1
24044.111 + 88 1
24044.124 - 88 999.572 1
24044.149 + 88 1
24044.198 + 88 1
24044.201 - 88 999.639 1
24044.253 - 88 999.681 1
24044.291 - 88 999.708 1
24044.311 + 88 1
24044.326 - 88 999.733 1
24044.361 - 88 999.758 1
24044.375 + 88 1
24044.409 + 88 1
24044.528 + 88 1
24044.594 + 88 1
24044.630 + 88 1
24044.749 + 88 1
24044.813 + 88 1
24044.848 + 88 1
24044.892 + 88 1
24045.026 + 88 1
24045.117 + 88 1
24045.254 + 88 1
24045.316 + 88 1
24045.349 + 88 1
24045.382 + 88 1
24045.413 + 88 1
24045.444 + 88 1
24045.478 + 88 1
24045.595 + 88 1
24045.642 + 88 1
24045.664 + 88 1
25037.000 # 1500
25037.000 # 1500
25037.000 # 1500
25037.000 # 1500
25037.000 # 1500
25037.000 # 1500
25037.000 # 1500
25037.000 # 1500
25037.000 # 1500
25037.000 # 1500
25037.000 # 1500
25037.000 # 1500
25037.000 # 1500
25037.000 # 1500
25037.000 # 1500
25037.000 # 1500
25037.000 # 1500
25037.000 # 1500
25037.000 # 1500
25037.000 # 1500
25037.000 # 1500
25037.000 # 1500
25037.000 # 1500
25037.000 # 1500
25037.000 # 1500
25037.000 # 1500
25037.000 # 1500
25037.000 # 1500
25037.000 # 1500
25037.000 # 1500
25037.000 # 1500
25037.000 # 1500
25037.000 # 1500
25037.000 # 1500
25037.000 # 1500
25037.000 # 1500
25037.000 # 1500
25037.000 # 1500
25037.000 # 1500
25037.000 # 1500
25037.000 # 1500
25037.000 # 1500
25037.000 # 1500
25037.000 # 1500
25037.000 # 1500
25037.000 # 1500
25037.000 # 1500
25037.000 # 1500
25037.000 # 1500
25037.000 # 1500
25037.000 # 1500
25037.000 # 1500
25037.000 # 1500
25037.000 # 1500
25037.000 # 1500
25037.000 # 1500
25037.000 # 1500
25037.000 # 1500
25037.000 # 1500
25037.000 # 1500
25040.640 + 88 1
25040.779 + 88 1
25040.816 - 88 999.925 1
25040.939 - 88 999.988 1
25040.992 - 88 1000.008 1
25041.360 - 88 1000.226 1
25041.610 - 88 1000.426 1
25041.703 - 88 1000.470 1
25041.757 - 88 1000.175 1
25041.816 - 88 1000.106 1
25041.870 - 88 1000.085 1
25041.920 - 88 1000.072 1
25041.954 - 88 1000.021 1
25041.957 + 88 1
25041.984 - 88 999.976 1
25042.014 - 88 999.923 1
25042.043 - 88 999.877 1
25042.071 - 88 999.816 1
25042.100 - 88 999.764 1
25042.129 - 88 999.712 1
25042.158 - 88 999.659 1
25042.189 - 88 999.613 1
25042.218 - 88 999.557 1
25042.247 - 88 999.517 1
25042.277 - 88 999.468 1
25042.304 - 88 999.419 1
25042.310 + 88 1
25042.334 - 88 999.379 1
25042.362 - 88 999.325 1
25042.365 + 88 1
25042.391 + 88 1
25042.392 - 88 999.219 1
25042.416 + 88 1
25042.441 - 88 999.182 1
25042.442 + 88 1
25042.467 + 88 1
25042.472 - 88 999.133 1
25042.492 + 88 1
25042.501 - 88 999.082 1
25042.518 + 88 1
25042.529 - 88 999.033 1
25042.542 + 88 1
25042.560 - 88 998.993 1
25042.575 + 88 1
25042.597 - 88 998.788 1
25042.600 + 88 1
25042.628 + 88 1
25042.631 - 88 998.728 1
25042.653 + 88 1
25042.662 - 88 998.676 1
25042.678 + 88 1
25042.692 - 88 998.656 1
25042.703 + 88 1
25042.722 - 88 998.611 1
25042.775 + 88 1
25042.803 + 88 1
25042.825 - 88 998.676 1
25042.826 + 88 1
25042.851 + 88 1
25042.876 + 88 1
25042.880 - 88 998.682 1
25042.906 + 88 1
25042.921 - 88 998.610 1
25042.931 + 88 1
25042.953 - 88 998.578 1
25042.966 + 88 1
25042.988 - 88 998.579 1
25043.031 - 88 998.503 1
25043.040 + 88 1
25043.067 - 88 998.473 1
25043.096 - 88 998.466 1
25043.109 + 88 1
25043.133 - 88 998.384 1
25043.152 + 88 1
25043.162 - 88 998.349 1
25043.535 - 88 998.687 1
25043.597 - 88 998.705 1
25043.630 - 88 998.604 1
25044.155 - 88 999.038 1
25044.196 - 88 998.942 1
25044.229 - 88 998.913 1
25044.259 - 88 998.910 1
25044.288 - 88 998.906 1
25044.316 - 88 998.903 1
25044.344 - 88 998.900 1
25044.365 - 88 998.887 1
25044.383 - 88 998.788 1
25044.401 - 88 998.759 1
25044.415 + 88 1
25044.419 - 88 998.755 1
25044.456 + 88 1
25044.474 + 88 1
25044.568 + 88 1
25044.630 + 88 1
25044.647 + 88 1
25044.661 + 88 1
25044.676 + 88 1
25044.691 + 88 1
25044.706 + 88 1
25044.721 + 88 1
25044.735 + 88 1
25044.750 + 88 1
25044.765 + 88 1
25044.780 + 88 1
25044.794 + 88 1
25044.818 + 88 1
25044.834 + 88 1
25044.849 + 88 1
25044.864 + 88 1
25044.880 + 88 1
25044.895 + 88 1
25044.909 + 88 1
25044.924 + 88 1
25044.939 + 88 1
25044.996 + 88 1
25045.016 + 88 1
25045.031 + 88 1
25045.048 + 88 1
25045.056 + 88 1
25045.063 + 88 1
26037.000 # 1500
26037.000 # 1500
26037.000 # 1500
26037.000 # 1500
26037.000 # 1500
26037.000 # 1500
26037.000 # 1500
26037.000 # 1500
26037.000 # 1500
26037.000 # 1500
26037.000 # 1500
26037.000 # 1500
26037.000 # 1500
26037.000 # 1500
26037.000 # 1500
26037.000 # 1500
26037.000 # 1500
26037.000 # 1500
26037.000 # 1500
26037.000 # 1500
26037.000 # 1500
26037.000 # 1500
26037.000 # 1500
26037.000 # 1500
26037.000 # 1500
26037.000 # 1500
26037.000 # 1500
26037.000 # 1500
26037.000 # 1500
26037.000 # 1500
26037.000 # 1500
26037.000 # 1500
26037.000 # 1500
26037.000 # 1500
26037.000 # 1500
26037.000 # 1500
26037.000 # 1500
26037.000 # 1500
26037.000 # 1500
26037.000 # 1500
26037.000 # 1500
26037.000 # 1500
26037.000 # 1500
26037.000 # 1500
26037.000 # 1500
26037.000 # 1500
26037.000 # 1500
26037.000 # 1500
26037.000 # 1500
26037.000 # 1500
26037.000 # 1500
26037.000 # 1500
26037.000 # 1500
26037.000 # 1500
26037.000 # 1500
26037.000 # 1500
26037.000 # 1500
26037.000 # 1500
26037.000 # 1500
26037.000 # 1500
26039.813 - 88 999.173 1
26039.942 - 88 999.163 1
26039.977 - 88 998.020 1
26040.006 - 88 997.696 1
26040.023 + 88 1
26040.037 - 88 997.672 1
26040.067 - 88 997.676 1
26040.084 + 88 1
26040.097 - 88 997.681 1
26040.122 + 88 1
26040.126 - 88 997.684 1
26040.155 - 88 997.688 1
26040.158 + 88 1
26040.185 - 88 997.693 1
26040.193 + 88 1
26040.214 - 88 997.696 1
26040.228 + 88 1
26040.267 + 88 1
26040.298 + 88 1
26040.321 - 88 997.779 1
26040.330 + 88 1
26040.372 + 88 1
26041.103 - 88 998.528 1
26041.169 - 88 998.569 1
26041.205 - 88 998.577 1
26041.233 - 88 998.580 1
26041.262 - 88 998.584 1
26041.289 - 88 998.586 1
26041.324 - 88 998.549 1
26041.352 - 88 998.549 1
26041.381 - 88 998.555 1
26041.405 + 88 1
26041.409 - 88 998.558 1
26041.437 - 88 998.561 1
26041.465 - 88 998.559 1
26041.492 - 88 998.561 1
26041.494 + 88 1
26041.520 - 88 998.554 1
26041.532 + 88 1
26041.547 - 88 998.507 1
26041.567 + 88 1
26041.573 - 88 998.464 1
26041.601 - 88 998.449 1
26041.601 + 88 1
26041.628 - 88 997.213 1
26041.634 + 88 1
26041.656 - 88 997.200 1
26041.669 + 88 1
26041.682 - 88 997.208 1
26041.702 + 88 1
26041.710 - 88 997.142 1
26041.737 - 88 997.107 1
26041.737 + 88 1
26041.770 - 88 997.123 1
26041.771 + 88 1
26041.796 - 88 997.135 1
26041.803 + 88 1
26041.824 - 88 997.148 1
26041.836 + 88 1
26041.851 - 88 997.160 1
26041.869 + 88 1
26041.878 - 88 997.172 1
26041.903 + 88 1
26041.905 - 88 997.184 1
26041.932 - 88 997.197 1
26041.936 + 88 1
26041.958 - 88 997.208 1
26041.970 + 88 1
26041.985 - 88 997.220 1
26042.002 + 88 1
26042.012 - 88 997.232 1
26042.036 + 88 1
26042.039 - 88 997.245 1
26042.065 - 88 997.247 1
26042.075 + 88 1
26042.093 - 88 997.259 1
26042.107 + 88 1
26042.122 - 88 997.273 1
26042.141 + 88 1
26042.149 - 88 997.285 1
26042.174 + 88 1
26042.180 - 88 997.300 1
26042.208 - 88 997.313 1
26042.208 + 88 1
26042.237 - 88 997.328 1
26042.241 + 88 1
26042.264 - 88 997.340 1
26042.274 + 88 1
26042.307 + 88 1
26042.341 + 88 1
26042.356 - 88 997.417 1
26042.374 + 88 1
26042.387 - 88 997.391 1
26042.418 - 88 997.402 1
26042.446 - 88 997.415 1
26042.473 - 88 997.425 1
26042.479 + 88 1
26042.505 - 88 997.449 1
26042.532 - 88 997.469 1
26042.551 + 88 1
26042.609 + 88 1
26042.670 + 88 1
26042.742 + 88 1
26042.801 + 88 1
26043.437 + 88 1
26045.327 + 88 1
26046.226 + 88 1
27037.000 # 1500
27037.000 # 1500
27037.000 # 1500
27037.000 # 1500
27037.000 # 1500
27037.000 # 1500
27037.000 # 1500
27037.000 # 1500
27037.000 # 1500
27037.000 # 1500
27037.000 # 1500
27037.000 # 1500
27037.000 # 1500
27037.000 # 1500
27037.000 # 1500
27037.000 # 1500
27037.000 # 1500
27037.000 # 1500
27037.000 # 1500
27037.000 # 1500
27037.000 # 1500
27037.000 # 1500
27037.000 # 1500
27037.000 # 1500
27037.000 # 1500
27037.000 # 1500
27037.000 # 1500
27037.000 # 1500
27037.000 # 1500
27037.000 # 1500
27037.000 # 1500
27037.000 # 1500
27037.000 # 1500
27037.000 # 1500
27037.000 # 1500
27037.000 # 1500
27037.000 # 1500
27037.000 # 1500
27037.000 # 1500
27037.000 # 1500
27037.000 # 1500
27037.000 # 1500
27037.000 # 1500
27037.000 # 1500
27037.000 # 1500
27037.000 # 1500
27037.000 # 1500
27037.000 # 1500
27037.000 # 1500
27037.000 # 1500
27037.000 # 1500
27037.000 # 1500
27037.000 # 1500
27037.000 # 1500
27037.000 # 1500
27037.000 # 1500
27037.000 # 1500
27037.000 # 1500
27037.000 # 1500
27037.000 # 1500
27040.845 + 88 1
27040.919 + 88 1
27040.977 + 88 1
27041.034 + 88 1
27041.090 + 88 1
27041.236 + 88 1
27041.298 + 88 1
27041.314 - 88 1001.291 1
27041.363 + 88 1
27041.421 + 88 1
27041.467 - 88 1001.383 1
27041.479 + 88 1
27041.529 - 88 1001.407 1
27041.536 + 88 1
27041.581 - 88 1001.423 1
27041.594 + 88 1
27041.632 - 88 1001.439 1
27041.651 + 88 1
27041.694 - 88 1001.466 1
27041.709 + 88 1
27041.774 - 88 1001.507 1
27041.807 + 88 1
27041.893 + 88 1
27041.918 - 88 1001.620 1
27041.976 - 88 1001.646 1
27041.983 + 88 1
27042.028 - 88 1001.656 1
27042.044 + 88 1
27042.080 - 88 1000.675 1
27042.101 + 88 1
27042.131 - 88 1000.637 1
27042.159 + 88 1
27042.183 - 88 1000.651 1
27042.217 + 88 1
27042.233 - 88 1000.666 1
27042.275 + 88 1
27042.284 - 88 1000.683 1
27042.335 - 88 1000.701 1
27042.336 + 88 1
27042.386 - 88 1000.717 1
27042.395 + 88 1
27042.436 - 88 1000.734 1
27042.451 + 88 1
27042.488 - 88 1000.751 1
27042.508 + 88 1
27042.540 - 88 1000.769 1
27042.566 + 88 1
27042.590 - 88 1000.787 1
27042.628 + 88 1
27042.647 - 88 1000.811 1
27042.699 - 88 1000.830 1
27042.702 + 88 1
27042.748 - 88 1000.845 1
27042.761 + 88 1
27042.877 - 88 1000.941 1
27042.939 - 88 1000.969 1
27042.995 - 88 1000.993 1
27043.048 - 88 1001.012 1
27043.105 - 88 1001.030 1
27043.158 - 88 1001.051 1
27043.212 - 88 1001.071 1
27043.266 - 88 1001.092 1
27043.320 - 88 1001.112 1
27043.371 - 88 1001.130 1
27043.424 - 88 1001.150 1
27043.476 - 88 1001.169 1
27043.526 - 88 1001.185 1
27043.578 - 88 1001.204 1
27043.634 - 88 1001.155 1
27043.695 - 88 1001.144 1
27043.878 - 88 1001.269 1
27043.960 - 88 1001.290 1
27044.022 - 88 1001.280 1
27044.080 - 88 1001.279 1
27044.137 - 88 1000.700 1
27044.200 - 88 998.873 1
27044.620 - 88 998.394 1
28037.000 # 1500
28037.000 # 1500
28037.000 # 1500
28037.000 # 1500
28037.000 # 1500
28037.000 # 1500
28037.000 # 1500
28037.000 # 1500
28037.000 # 1500
28037.000 # 1500
28037.000 # 1500
28037.000 # 1500
28037.000 # 1500
28037.000 # 1500
28037.000 # 1500
28037.000 # 1500
28037.000 # 1500
28037.000 # 1500
28037.000 # 1500
28037.000 # 1500
28037.000 # 1500
28037.000 # 1500
28037.000 # 1500
28037.000 # 1500
28037.000 # 1500
28037.000 # 1500
28037.000 # 1500
28037.000 # 1500
28037.000 # 1500
28037.000 # 1500
28037.000 # 1500
28037.000 # 1500
28037.000 # 1500
28037.000 # 1500
28037.000 # 1500
28037.000 # 1500
28037.000 # 1500
28037.000 # 1500
28037.000 # 1500
28037.000 # 1500
28037.000 # 1500
28037.000 # 1500
28037.000 # 1500
28037.000 # 1500
28037.000 # 1500
28037.000 # 1500
28037.000 # 1500
28037.000 # 1500
28037.000 # 1500
28037.000 # 1500
28037.000 # 1500
28037.000 # 1500
28037.000 # 1500
28037.000 # 1500
28037.000 # 1500
28037.000 # 1500
28037.000 # 1500
28037.000 # 1500
28037.000 # 1500
28037.000 # 1500
28040.376 - 88 999.531 1
28040.440 + 88 1
28040.507 + 88 1
28040.553 + 88 1
28040.596 - 88 999.677 1
28040.600 + 88 1
28040.663 - 88 999.686 1
28040.710 - 88 999.676 1
28040.716 + 88 1
28040.758 - 88 999.668 1
28040.769 + 88 1
28040.808 - 88 999.572 1
28040.817 + 88 1
28040.864 + 88 1
28040.873 - 88 999.575 1
28040.921 + 88 1
28040.937 - 88 999.574 1
28040.998 + 88 1
28041.030 - 88 999.609 1
28041.066 + 88 1
28041.095 - 88 999.616 1
28041.132 + 88 1
28041.143 - 88 999.607 1
28041.188 - 88 999.594 1
28041.193 + 88 1
28041.233 - 88 999.582 1
28041.240 + 88 1
28041.277 - 88 999.568 1
28041.286 + 88 1
28041.323 - 88 999.516 1
28041.335 + 88 1
28041.368 - 88 999.475 1
28041.381 + 88 1
28041.419 - 88 999.436 1
28041.427 + 88 1
28041.464 - 88 999.420 1
28041.473 + 88 1
28041.509 - 88 999.408 1
28041.520 + 88 1
28041.556 - 88 999.397 1
28041.570 + 88 1
28041.606 - 88 999.389 1
28041.617 + 88 1
28041.650 - 88 999.375 1
28041.675 + 88 1
28041.694 - 88 999.358 1
28041.721 + 88 1
28041.738 - 88 999.343 1
28041.769 + 88 1
28041.792 - 88 999.341 1
28041.814 + 88 1
28041.859 - 88 999.351 1
28041.860 + 88 1
28041.905 + 88 1
28041.920 - 88 999.354 1
28041.952 + 88 1
28041.974 - 88 999.346 1
28042.001 + 88 1
28042.020 - 88 999.318 1
28042.065 - 88 999.304 1
29037.000 # 1500
29037.000 # 1500
29037.000 # 1500
29037.000 # 1500
29037.000 # 1500
29037.000 # 1500
29037.000 # 1500
29037.000 # 1500
29037.000 # 1500
29037.000 # 1500
29037.000 # 1500
29037.000 # 1500
29037.000 # 1500
29037.000 # 1500
29037.000 # 1500
29037.000 # 1500
29037.000 # 1500
29037.000 # 1500
29037.000 # 1500
29037.000 # 1500
29037.000 # 1500
29037.000 # 1500
29037.000 # 1500
29037.000 # 1500
29037.000 # 1500
29037.000 # 1500
29037.000 # 1500
29037.000 # 1500
29037.000 # 1500
29037.000 # 1500
29037.000 # 1500
29037.000 # 1500
29037.000 # 1500
29037.000 # 1500
29037.000 # 1500
29037.000 # 1500
29037.000 # 1500
29037.000 # 1500
29037.000 # 1500
29037.000 # 1500
29037.000 # 1500
29037.000 # 1500
29037.000 # 1500
29037.000 # 1500
29037.000 # 1500
29037.000 # 1500
29037.000 # 1500
29037.000 # 1500
29037.000 # 1500
29037.000 # 1500
29037.000 # 1500
29037.000 # 1500
29037.000 # 1500
29037.000 # 1500
29037.000 # 1500
29037.000 # 1500
29037.000 # 1500
29037.000 # 1500
29037.000 # 1500
29037.000 # 1500
29041.448 + 88 1
29041.510 + 88 1
29041.806 + 88 1
29041.817 + 88 1
29041.866 - 88 1001.426 1
29042.016 - 88 1001.509 1
29042.140 - 88 1001.587 1
29042.199 - 88 1001.599 1
29042.250 - 88 1001.534 1
29042.298 - 88 1001.529 1
29042.348 - 88 1001.531 1
29042.397 - 88 1001.533 1
29042.446 - 88 1001.525 1
29042.495 - 88 1001.497 1
29042.547 - 88 1001.481 1
29042.595 - 88 1001.463 1
29042.645 - 88 1001.452 1
29042.692 - 88 1001.452 1
29042.739 - 88 1001.453 1
29042.787 - 88 1001.452 1
29042.835 - 88 1001.454 1
29042.881 - 88 1001.454 1
29042.927 - 88 1001.454 1
29042.974 - 88 1001.454 1
29043.059 - 88 1001.489 1
29043.132 - 88 1001.515 1
29043.187 - 88 1001.512 1
29043.234 - 88 1001.513 1
29043.282 - 88 1001.513 1
29043.329 - 88 1001.515 1
29043.386 - 88 1001.526 1
29043.432 - 88 1001.527 1
29043.478 - 88 1001.526 1
29043.537 - 88 1001.536 1
30037.000 # 1500
30037.000 # 1500
30037.000 # 1500
30037.000 # 1500
30037.000 # 1500
30037.000 # 1500
30037.000 # 1500
30037.000 # 1500
30037.000 # 1500
30037.000 # 1500
30037.000 # 1500
30037.000 # 1500
30037.000 # 1500
30037.000 # 1500
30037.000 # 1500
30037.000 # 1500
30037.000 # 1500
30037.000 # 1500
30037.000 # 1500
30037.000 # 1500
30037.000 # 1500
30037.000 # 1500
30037.000 # 1500
30037.000 # 1500
30037.000 # 1500
30037.000 # 1500
30037.000 # 1500
30037.000 # 1500
30037.000 # 1500
30037.000 # 1500
30037.000 # 1500
30037.000 # 1500
30037.000 # 1500
30037.000 # 1500
30037.000 # 1500
30037.000 # 1500
30037.000 # 1500
30037.000 # 1500
30037.000 # 1500
30037.000 # 1500
30037.000 # 1500
30037.000 # 1500
30037.000 # 1500
30037.000 # 1500
30037.000 # 1500
30037.000 # 1500
30037.000 # 1500
30037.000 # 1500
30037.000 # 1500
30037.000 # 1500
30037.000 # 1500
30037.000 # 1500
30037.000 # 1500
30037.000 # 1500
30037.000 # 1500
30037.000 # 1500
30037.000 # 1500
30037.000 # 1500
30037.000 # 1500
30037.000 # 1500
30041.819 + 88 1
30041.950 + 88 1
30042.009 + 88 1
30042.065 + 88 1
30042.121 + 88 1
30042.176 + 88 1
30042.232 + 88 1
30042.355 + 88 1
30042.432 + 88 1
30042.494 + 88 1
30042.552 + 88 1
30042.611 + 88 1
30042.668 + 88 1
30042.724 + 88 1
30042.781 + 88 1
30042.838 + 88 1
30042.895 + 88 1
30042.954 + 88 1
30043.010 + 88 1
30043.069 + 88 1
30043.125 + 88 1
30043.183 + 88 1
30043.240 + 88 1
30043.435 + 88 1
30043.500 + 88 1
30043.560 + 88 1
30043.616 + 88 1
30043.673 + 88 1
30043.736 + 88 1
30043.793 + 88 1
30044.736 - 88 1003.288 1
30045.014 - 88 1003.504 1
30045.080 - 88 1003.274 1
30045.183 - 88 1003.366 1
31037.000 # 1500
31037.000 # 1500
31037.000 # 1500
31037.000 # 1500
31037.000 # 1500
31037.000 # 1500
31037.000 # 1500
31037.000 # 1500
31037.000 # 1500
31037.000 # 1500
31037.000 # 1500
31037.000 # 1500
31037.000 # 1500
31037.000 # 1500
31037.000 # 1500
31037.000 # 1500
31037.000 # 1500
31037.000 # 1500
31037.000 # 1500
31037.000 # 1500
31037.000 # 1500
31037.000 # 1500
31037.000 # 1500
31037.000 # 1500
31037.000 # 1500
31037.000 # 1500
31037.000 # 1500
31037.000 # 1500
31037.000 # 1500
31037.000 # 1500
31037.000 # 1500
31037.000 # 1500
31037.000 # 1500
31037.000 # 1500
31037.000 # 1500
31037.000 # 1500
31037.000 # 1500
31037.000 # 1500
31037.000 # 1500
31037.000 # 1500
31037.000 # 1500
31037.000 # 1500
31037.000 # 1500
31037.000 # 1500
31037.000 # 1500
31037.000 # 1500
31037.000 # 1500
31037.000 # 1500
31037.000 # 1500
31037.000 # 1500
31037.000 # 1500
31037.000 # 1500
31037.000 # 1500
31037.000 # 1500
31037.000 # 1500
31037.000 # 1500
31037.000 # 1500
31037.000 # 1500
31037.000 # 1500
31037.000 # 1500
31040.435 - 88 998.616 1
31042.806 + 88 1
31042.908 + 88 1
31042.967 + 88 1
31043.031 + 88 1
31043.055 - 88 1001.105 1
31043.085 + 88 1
31043.121 - 88 1001.112 1
31043.138 + 88 1
31043.174 - 88 1001.109 1
31043.191 + 88 1
31043.224 - 88 1001.103 1
31043.243 + 88 1
31043.274 - 88 1001.098 1
31043.296 + 88 1
31043.326 - 88 1001.094 1
31043.351 + 88 1
31043.390 - 88 1001.035 1
31043.405 + 88 1
31043.458 + 88 1
31043.466 - 88 1001.034 1
31043.512 + 88 1
31043.520 - 88 1001.026 1
31043.565 + 88 1
31043.577 - 88 1001.025 1
31043.618 + 88 1
31043.630 - 88 1001.019 1
31043.670 + 88 1
31043.686 - 88 1001.018 1
31043.717 + 88 1
31043.726 - 88 1001.002 1
31043.760 + 88 1
31043.769 - 88 1000.988 1
31043.802 + 88 1
31043.812 - 88 1000.974 1
31043.845 + 88 1
31043.857 - 88 1000.962 1
31043.896 + 88 1
31043.899 - 88 1000.945 1
31043.932 - 88 1000.922 1
31043.964 - 88 1000.895 1
31043.996 - 88 1000.871 1
31044.028 - 88 1000.845 1
31044.060 - 88 1000.820 1
31044.092 - 88 1000.657 1
31044.124 - 88 1000.624 1
31044.155 - 88 1000.595 1
31044.188 - 88 1000.572 1
31044.280 - 88 1000.607 1
31044.318 - 88 1000.582 1
31044.352 - 88 1000.559 1
31045.675 + 88 1
31045.729 + 88 1
31045.766 + 88 1
31045.803 + 88 1
31045.836 + 88 1
31045.868 + 88 1
31045.902 + 88 1
31045.935 + 88 1
31045.967 + 88 1
32037.000 # 1500
32037.000 # 1500
32037.000 # 1500
32037.000 # 1500
32037.000 # 1500
32037.000 # 1500
32037.000 # 1500
32037.000 # 1500
32037.000 # 1500
32037.000 # 1500
32037.000 # 1500
32037.000 # 1500
32037.000 # 1500
32037.000 # 1500
32037.000 # 1500
32037.000 # 1500
32037.000 # 1500
32037.000 # 1500
32037.000 # 1500
32037.000 # 1500
32037.000 # 1500
32037.000 # 1500
32037.000 # 1500
32037.000 # 1500
32037.000 # 1500
32037.000 # 1500
32037.000 # 1500
32037.000 # 1500
32037.000 # 1500
32037.000 # 1500
32037.000 # 1500
32037.000 # 1500
32037.000 # 1500
32037.000 # 1500
32037.000 # 1500
32037.000 # 1500
32037.000 # 1500
32037.000 # 1500
32037.000 # 1500
32037.000 # 1500
32037.000 # 1500
32037.000 # 1500
32037.000 # 1500
32037.000 # 1500
32037.000 # 1500
32037.000 # 1500
32037.000 # 1500
32037.000 # 1500
32037.000 # 1500
32037.000 # 1500
32037.000 # 1500
32037.000 # 1500
32037.000 # 1500
32037.000 # 1500
32037.000 # 1500
32037.000 # 1500
32037.000 # 1500
32037.000 # 1500
32037.000 # 1500
32037.000 # 1500
32039.744 - 88 996.938 1
32039.813 - 88 996.905 1
32039.828 - 88 996.861 1
32039.839 - 88 996.808 1
32039.853 - 88 996.768 1
32039.866 - 88 996.728 1
32039.881 - 88 996.690 1
32039.893 - 88 996.650 1
32039.959 - 88 996.663 1
32039.985 - 88 996.634 1
32040.000 - 88 996.595 1
32040.060 - 88 996.602 1
32040.090 - 88 996.578 1
32040.104 - 88 996.539 1
32040.120 - 88 996.502 1
32040.133 - 88 996.463 1
32040.145 - 88 996.428 1
32040.158 - 88 996.398 1
32040.171 - 88 996.369 1
32040.183 - 88 996.338 1
32040.194 - 88 996.298 1
32040.956 - 88 995.281 1
32040.981 - 88 995.252 1
32040.999 - 88 995.233 1
32041.012 - 88 995.209 1
32041.025 - 88 995.189 1
32041.038 - 88 995.170 1
32041.052 - 88 995.150 1
32041.066 - 88 995.131 1
32041.079 - 88 995.112 1
32041.402 + 88 1
32041.515 + 88 1
32041.588 + 88 1
32041.658 + 88 1
32041.717 + 88 1
32041.773 + 88 1
32041.842 + 88 1
32041.898 + 88 1
32041.950 + 88 1
32042.025 + 88 1
32042.078 + 88 1
32042.127 + 88 1
32042.175 + 88 1
32042.223 + 88 1
32042.273 + 88 1
32042.322 + 88 1
32042.371 + 88 1
32042.419 + 88 1
32042.469 + 88 1
32042.514 + 88 1
32042.609 + 88 1
32042.647 + 88 1
32042.684 + 88 1
32042.719 + 88 1
32042.754 + 88 1
32042.789 + 88 1
32042.824 + 88 1
32042.858 + 88 1
32042.893 + 88 1
32042.928 + 88 1
32042.973 + 88 1
32043.012 + 88 1
32043.048 + 88 1
32043.084 + 88 1
32043.099 + 88 1
32043.114 + 88 1
32043.130 + 88 1
32043.144 + 88 1
32043.159 + 88 1
32043.174 + 88 1
32043.189 + 88 1
32043.204 + 88 1
32043.219 + 88 1
32043.234 + 88 1
32043.249 + 88 1
32043.264 + 88 1
32043.278 + 88 1
32043.293 + 88 1
32043.308 + 88 1
32043.324 + 88 1
32043.339 + 88 1
32043.355 + 88 1
32043.370 + 88 1
32043.385 + 88 1
32043.400 + 88 1
32043.416 + 88 1
32043.430 + 88 1
32043.445 + 88 1
32043.460 + 88 1
33037.000 # 1500
33037.000 # 1500
33037.000 # 1500
33037.000 # 1500
33037.000 # 1500
33037.000 # 1500
33037.000 # 1500
33037.000 # 1500
33037.000 # 1500
33037.000 # 1500
33037.000 # 1500
33037.000 # 1500
33037.000 # 1500
33037.000 # 1500
33037.000 # 1500
33037.000 # 1500
33037.000 # 1500
33037.000 # 1500
33037.000 # 1500
33037.000 # 1500
33037.000 # 1500
33037.000 # 1500
33037.000 # 1500
33037.000 # 1500
33037.000 # 1500
33037.000 # 1500
33037.000 # 1500
33037.000 # 1500
33037.000 # 1500
33037.000 # 1500
33037.000 # 1500
33037.000 # 1500
33037.000 # 1500
33037.000 # 1500
33037.000 # 1500
33037.000 # 1500
33037.000 # 1500
33037.000 # 1500
33037.000 # 1500
33037.000 # 1500
33037.000 # 1500
33037.000 # 1500
33037.000 # 1500
33037.000 # 1500
33037.000 # 1500
33037.000 # 1500
33037.000 # 1500
33037.000 # 1500
33037.000 # 1500
33037.000 # 1500
33037.000 # 1500
33037.000 # 1500
33037.000 # 1500
33037.000 # 1500
33037.000 # 1500
33037.000 # 1500
33037.000 # 1500
33037.000 # 1500
33037.000 # 1500
33037.000 # 1500
33038.757 - 88 997.355 1
33038.818 - 88 997.303 1
33038.824 + 88 1
33038.833 - 88 997.245 1
33038.847 - 88 997.189 1
33038.860 - 88 997.143 1
33038.872 - 88 997.099 1
33038.885 - 88 997.043 1
33038.899 - 88 997.001 1
33039.307 - 88 997.357 1
33039.335 - 88 997.310 1
33039.352 + 88 1
33039.398 + 88 1
33039.406 - 88 997.328 1
33039.432 + 88 1
33039.436 - 88 997.309 1
33039.458 - 88 997.283 1
33039.475 - 88 997.252 1
33039.486 + 88 1
33039.487 - 88 997.214 1
33039.502 - 88 997.180 1
33039.514 - 88 997.143 1
33039.527 - 88 997.108 1
33039.538 - 88 997.069 1
33039.545 + 88 1
33039.550 - 88 997.036 1
33039.561 - 88 996.952 1
33039.573 - 88 996.926 1
33039.585 - 88 996.901 1
33039.595 + 88 1
33039.597 - 88 996.878 1
33039.609 - 88 996.855 1
33039.621 - 88 996.832 1
33039.633 - 88 996.809 1
33039.645 - 88 996.787 1
33039.647 + 88 1
33039.656 - 88 996.763 1
33039.668 - 88 996.740 1
33039.679 - 88 996.706 1
33039.692 - 88 996.680 1
33039.699 + 88 1
33039.703 - 88 996.655 1
33039.715 - 88 996.631 1
33039.726 - 88 996.627 1
33039.738 - 88 996.624 1
33039.750 - 88 996.620 1
33039.754 + 88 1
33039.765 - 88 996.621 1
33039.778 - 88 996.619 1
33039.792 - 88 996.618 1
33039.805 - 88 996.616 1
33039.805 + 88 1
33039.818 - 88 996.614 1
33039.831 - 88 996.612 1
33039.843 - 88 996.609 1
33039.855 - 88 996.606 1
33039.857 + 88 1
33039.868 - 88 996.604 1
33039.880 - 88 996.602 1
33039.893 - 88 996.600 1
33039.893 + 88 1
33039.905 - 88 996.597 1
33039.918 - 88 996.594 1
33039.930 + 88 1
33039.931 - 88 996.592 1
33039.944 - 88 996.589 1
33039.957 - 88 996.587 1
33039.966 + 88 1
33039.970 - 88 996.585 1
33039.983 - 88 996.583 1
33039.996 - 88 996.580 1
33040.008 - 88 996.578 1
33040.012 + 88 1
33040.020 - 88 996.575 1
33040.033 - 88 996.573 1
33040.111 + 88 1
33040.189 + 88 1
33040.254 + 88 1
33040.309 + 88 1
33040.345 + 88 1
33040.380 + 88 1
33040.991 + 88 1
33041.034 + 88 1
33041.073 + 88 1
33041.111 + 88 1
33041.147 + 88 1
33041.183 + 88 1
33041.219 + 88 1
33041.258 + 88 1
33041.294 + 88 1
33041.330 + 88 1
33041.366 + 88 1
33041.403 + 88 1
33041.439 + 88 1
33041.476 + 88 1
33041.512 + 88 1
33041.548 + 88 1
33041.583 + 88 1
33041.620 + 88 1
33041.655 + 88 1
33041.691 + 88 1
33041.727 + 88 1
33041.764 + 88 1
33041.801 + 88 1
33041.838 + 88 1
33041.875 + 88 1
33041.911 + 88 1
33041.948 + 88 1
33041.990 + 88 1
33042.000 + 88 1
33042.010 + 88 1
33042.020 + 88 1
33042.031 + 88 1
33042.041 + 88 1
33042.051 + 88 1
33042.076 + 88 1
33042.092 + 88 1
33042.104 + 88 1
33042.114 + 88 1
34037.000 # 1500
34037.000 # 1500
34037.000 # 1500
34037.000 # 1500
34037.000 # 1500
34037.000 # 1500
34037.000 # 1500
34037.000 # 1500
34037.000 # 1500
34037.000 # 1500
34037.000 # 1500
34037.000 # 1500
34037.000 # 1500
34037.000 # 1500
34037.000 # 1500
34037.000 # 1500
34037.000 # 1500
34037.000 # 1500
34037.000 # 1500
34037.000 # 1500
34037.000 # 1500
34037.000 # 1500
34037.000 # 1500
34037.000 # 1500
34037.000 # 1500
34037.000 # 1500
34037.000 # 1500
34037.000 # 1500
34037.000 # 1500
34037.000 # 1500
34037.000 # 1500
34037.000 # 1500
34037.000 # 1500
34037.000 # 1500
34037.000 # 1500
34037.000 # 1500
34037.000 # 1500
34037.000 # 1500
34037.000 # 1500
34037.000 # 1500
34037.000 # 1500
34037.000 # 1500
34037.000 # 1500
34037.000 # 1500
34037.000 # 1500
34037.000 # 1500
34037.000 # 1500
34037.000 # 1500
34037.000 # 1500
34037.000 # 1500
34037.000 # 1500
34037.000 # 1500
34037.000 # 1500
34037.000 # 1500
34037.000 # 1500
34037.000 # 1500
34037.000 # 1500
34037.000 # 1500
34037.000 # 1500
34037.000 # 1500
34040.590 + 88 1
34040.665 + 88 1
34040.729 + 88 1
34040.778 + 88 1
34040.829 + 88 1
34040.878 + 88 1
34040.926 + 88 1
34040.979 + 88 1
34041.015 - 88 1002.191 1
34041.070 - 88 1001.718 1
34041.085 - 88 1001.687 1
34041.094 + 88 1
34041.100 - 88 1001.668 1
34041.113 - 88 1001.627 1
34041.125 - 88 1001.580 1
34041.137 - 88 1001.542 1
34041.148 - 88 1001.501 1
34041.151 + 88 1
34041.160 - 88 1001.461 1
34041.172 - 88 1001.418 1
34041.184 - 88 1001.379 1
34041.195 - 88 1001.338 1
34041.203 + 88 1
34041.208 - 88 1001.315 1
34041.220 - 88 1001.290 1
34041.232 - 88 1001.266 1
34041.243 - 88 1001.231 1
34041.255 - 88 1001.144 1
34041.255 + 88 1
34041.267 - 88 1001.078 1
34041.279 - 88 1001.025 1
34041.291 - 88 1000.982 1
34041.303 - 88 1000.958 1
34041.306 + 88 1
34041.314 - 88 1000.934 1
34041.326 - 88 1000.335 1
34041.338 - 88 1000.304 1
34041.349 - 88 1000.276 1
34041.361 - 88 1000.250 1
34041.374 - 88 1000.227 1
34041.376 + 88 1
34041.385 - 88 1000.202 1
34041.397 - 88 1000.178 1
34041.409 - 88 1000.151 1
34041.421 - 88 1000.127 1
34041.425 + 88 1
34041.432 - 88 1000.102 1
34041.444 - 88 1000.078 1
34041.455 - 88 1000.052 1
34041.468 - 88 1000.029 1
34041.479 - 88 1000.003 1
34041.488 + 88 1
34041.491 - 88 999.979 1
34041.503 - 88 999.955 1
34041.514 - 88 999.931 1
34041.526 - 88 999.906 1
34041.538 - 88 999.883 1
34041.540 + 88 1
34041.549 - 88 999.858 1
34041.561 - 88 999.834 1
34041.573 - 88 999.809 1
34041.585 - 88 999.784 1
34041.591 + 88 1
34041.596 - 88 999.758 1
34041.607 - 88 999.732 1
34041.619 - 88 999.708 1
34041.631 - 88 999.683 1
34041.641 + 88 1
34041.643 - 88 999.653 1
34041.655 - 88 999.655 1
34041.666 - 88 999.656 1
34041.678 - 88 999.658 1
34041.689 - 88 999.658 1
34041.700 - 88 999.659 1
34041.711 - 88 999.660 1
34041.722 - 88 999.646 1
34041.734 - 88 999.642 1
34041.745 - 88 999.641 1
34041.757 - 88 999.643 1
34041.764 + 88 1
34041.841 + 88 1
34041.904 + 88 1
34041.960 + 88 1
34042.015 + 88 1
34042.069 + 88 1
34042.124 + 88 1
34042.181 + 88 1
34042.235 + 88 1
34042.289 + 88 1
34042.344 + 88 1
34042.398 + 88 1
34042.462 + 88 1
34042.518 + 88 1
34042.572 + 88 1
34042.625 + 88 1
34042.676 + 88 1
34042.725 + 88 1
34042.774 + 88 1
34042.823 + 88 1
34042.872 + 88 1
34042.921 + 88 1
34042.970 + 88 1
34043.018 + 88 1
34043.068 + 88 1
34043.117 + 88 1
34043.165 + 88 1
34043.215 + 88 1
34043.263 + 88 1
34043.313 + 88 1
34043.361 + 88 1
34043.411 + 88 1
34043.460 + 88 1
34043.509 + 88 1
34043.557 + 88 1
34043.606 + 88 1
34043.655 + 88 1
34043.748 + 88 1
34043.827 + 88 1
34043.880 + 88 1
34043.931 + 88 1
35037.000 # 1500
35037.000 # 1500
35037.000 # 1500
35037.000 # 1500
35037.000 # 1500
35037.000 # 1500
35037.000 # 1500
35037.000 # 1500
35037.000 # 1500
35037.000 # 1500
35037.000 # 1500
35037.000 # 1500
35037.000 # 1500
35037.000 # 1500
35037.000 # 1500
35037.000 # 1500
35037.000 # 1500
35037.000 # 1500
35037.000 # 1500
35037.000 # 1500
35037.000 # 1500
35037.000 # 1500
35037.000 # 1500
35037.000 # 1500
35037.000 # 1500
35037.000 # 1500
35037.000 # 1500
35037.000 # 1500
35037.000 # 1500
35037.000 # 1500
35037.000 # 1500
35037.000 # 1500
35037.000 # 1500
35037.000 # 1500
35037.000 # 1500
35037.000 # 1500
35037.000 # 1500
35037.000 # 1500
35037.000 # 1500
35037.000 # 1500
35037.000 # 1500
35037.000 # 1500
35037.000 # 1500
35037.000 # 1500
35037.000 # 1500
35037.000 # 1500
35037.000 # 1500
35037.000 # 1500
35037.000 # 1500
35037.000 # 1500
35037.000 # 1500
35037.000 # 1500
35037.000 # 1500
35037.000 # 1500
35037.000 # 1500
35037.000 # 1500
35037.000 # 1500
35037.000 # 1500
35037.000 # 1500
35037.000 # 1500
35039.840 + 88 1
35039.941 + 88 1
35039.982 + 88 1
35040.024 + 88 1
35040.063 + 88 1
35040.103 + 88 1
35040.142 + 88 1
35040.584 + 88 1
35041.057 + 88 1
35041.090 + 88 1
35041.116 + 88 1
35041.141 + 88 1
35041.174 - 88 1000.584 1
35041.174 + 88 1
35041.198 + 88 1
35041.224 + 88 1
35041.233 - 88 1000.568 1
35041.249 + 88 1
35041.250 - 88 1000.521 1
35041.263 - 88 1000.485 1
35041.274 + 88 1
35041.277 - 88 1000.448 1
35041.290 - 88 1000.412 1
35041.299 + 88 1
35041.303 - 88 1000.377 1
35041.316 - 88 1000.337 1
35041.323 + 88 1
35041.329 - 88 1000.235 1
35041.342 - 88 1000.191 1
35041.348 + 88 1
35041.354 - 88 1000.151 1
35041.372 + 88 1
35041.383 - 88 1000.128 1
35041.397 + 88 1
35041.399 - 88 1000.093 1
35041.411 - 88 1000.035 1
35041.421 + 88 1
35041.423 - 88 999.998 1
35041.436 - 88 999.948 1
35041.449 + 88 1
35041.450 - 88 999.910 1
35041.462 - 88 999.871 1
35041.474 + 88 1
35041.475 - 88 999.834 1
35041.487 - 88 999.723 1
35041.498 + 88 1
35041.499 - 88 999.658 1
35041.512 - 88 999.608 1
35041.523 + 88 1
35041.524 - 88 999.564 1
35041.537 - 88 999.522 1
35041.547 + 88 1
35041.549 - 88 999.480 1
35041.562 - 88 999.438 1
35041.572 + 88 1
35041.574 - 88 999.393 1
35041.586 - 88 999.351 1
35041.597 + 88 1
35041.599 - 88 999.310 1
35041.610 - 88 999.266 1
35041.622 + 88 1
35041.623 - 88 999.225 1
35041.635 - 88 999.173 1
35041.647 - 88 999.129 1
35041.647 + 88 1
35041.660 - 88 999.088 1
35041.671 + 88 1
35041.672 - 88 999.047 1
35041.685 - 88 999.009 1
35041.695 + 88 1
35041.698 - 88 998.973 1
35041.710 - 88 998.936 1
35041.719 + 88 1
35041.722 - 88 998.899 1
35041.734 - 88 998.862 1
35041.743 + 88 1
35041.747 - 88 998.826 1
35041.759 - 88 998.789 1
35041.767 + 88 1
35041.772 - 88 998.754 1
35041.784 - 88 998.716 1
35041.793 + 88 1
35041.796 - 88 998.679 1
35041.817 + 88 1
35041.842 + 88 1
35041.866 + 88 1
35041.890 + 88 1
35041.897 - 88 998.732 1
35041.913 + 88 1
35041.922 - 88 998.707 1
35041.936 - 88 998.673 1
35041.937 + 88 1
35041.949 - 88 998.636 1
35041.962 - 88 998.601 1
35041.962 + 88 1
35041.974 - 88 998.563 1
35041.986 + 88 1
35041.987 - 88 998.527 1
35041.999 - 88 998.490 1
35042.011 - 88 998.454 1
35042.011 + 88 1
35042.023 - 88 998.417 1
35042.036 - 88 998.381 1
35042.036 + 88 1
35042.049 - 88 998.301 1
35042.059 + 88 1
35042.061 - 88 998.234 1
35042.073 - 88 998.193 1
35042.084 + 88 1
35042.087 - 88 998.156 1
35042.109 + 88 1
35042.188 + 88 1
35042.283 + 88 1
35042.318 + 88 1
35042.350 + 88 1
35042.365 + 88 1
35042.378 + 88 1
35042.390 + 88 1
35042.402 + 88 1
35042.414 + 88 1
