# init timestamp: 1746041007796.000
1046.000 # 1500
1046.000 # 1500
1046.000 # 1500
1046.000 # 1500
1046.000 # 1500
1046.000 # 1500
1046.000 # 1500
1046.000 # 1500
1046.000 # 1500
1046.000 # 1500
1046.000 # 1500
1046.000 # 1500
1046.000 # 1500
1046.000 # 1500
1046.000 # 1500
1046.000 # 1500
1046.000 # 1500
1046.000 # 1500
1046.000 # 1500
1046.000 # 1500
1046.000 # 1500
1046.000 # 1500
1046.000 # 1500
1046.000 # 1500
1046.000 # 1500
1046.000 # 1500
1046.000 # 1500
1046.000 # 1500
1046.000 # 1500
1046.000 # 1500
1046.000 # 1500
1046.000 # 1500
1046.000 # 1500
1046.000 # 1500
1046.000 # 1500
1046.000 # 1500
1046.000 # 1500
1046.000 # 1500
1046.000 # 1500
1046.000 # 1500
1046.000 # 1500
1046.000 # 1500
1046.000 # 1500
1046.000 # 1500
1046.000 # 1500
1046.000 # 1500
1046.000 # 1500
1046.000 # 1500
1046.000 # 1500
1046.000 # 1500
1046.000 # 1500
1046.000 # 1500
1046.000 # 1500
1046.000 # 1500
1046.000 # 1500
1046.000 # 1500
1046.000 # 1500
1046.000 # 1500
1046.000 # 1500
1046.000 # 1500
2046.000 # 1500
2046.000 # 1500
2046.000 # 1500
2046.000 # 1500
2046.000 # 1500
2046.000 # 1500
2046.000 # 1500
2046.000 # 1500
2046.000 # 1500
2046.000 # 1500
2046.000 # 1500
2046.000 # 1500
2046.000 # 1500
2046.000 # 1500
2046.000 # 1500
2046.000 # 1500
2046.000 # 1500
2046.000 # 1500
2046.000 # 1500
2046.000 # 1500
2046.000 # 1500
2046.000 # 1500
2046.000 # 1500
2046.000 # 1500
2046.000 # 1500
2046.000 # 1500
2046.000 # 1500
2046.000 # 1500
2046.000 # 1500
2046.000 # 1500
2046.000 # 1500
2046.000 # 1500
2046.000 # 1500
2046.000 # 1500
2046.000 # 1500
2046.000 # 1500
2046.000 # 1500
2046.000 # 1500
2046.000 # 1500
2046.000 # 1500
2046.000 # 1500
2046.000 # 1500
2046.000 # 1500
2046.000 # 1500
2046.000 # 1500
2046.000 # 1500
2046.000 # 1500
2046.000 # 1500
2046.000 # 1500
2046.000 # 1500
2046.000 # 1500
2046.000 # 1500
2046.000 # 1500
2046.000 # 1500
2046.000 # 1500
2046.000 # 1500
2046.000 # 1500
2046.000 # 1500
2046.000 # 1500
2046.000 # 1500
3046.000 # 1500
3046.000 # 1500
3046.000 # 1500
3046.000 # 1500
3046.000 # 1500
3046.000 # 1500
3046.000 # 1500
3046.000 # 1500
3046.000 # 1500
3046.000 # 1500
3046.000 # 1500
3046.000 # 1500
3046.000 # 1500
3046.000 # 1500
3046.000 # 1500
3046.000 # 1500
3046.000 # 1500
3046.000 # 1500
3046.000 # 1500
3046.000 # 1500
3046.000 # 1500
3046.000 # 1500
3046.000 # 1500
3046.000 # 1500
3046.000 # 1500
3046.000 # 1500
3046.000 # 1500
3046.000 # 1500
3046.000 # 1500
3046.000 # 1500
3046.000 # 1500
3046.000 # 1500
3046.000 # 1500
3046.000 # 1500
3046.000 # 1500
3046.000 # 1500
3046.000 # 1500
3046.000 # 1500
3046.000 # 1500
3046.000 # 1500
3046.000 # 1500
3046.000 # 1500
3046.000 # 1500
3046.000 # 1500
3046.000 # 1500
3046.000 # 1500
3046.000 # 1500
3046.000 # 1500
3046.000 # 1500
3046.000 # 1500
3046.000 # 1500
3046.000 # 1500
3046.000 # 1500
3046.000 # 1500
3046.000 # 1500
3046.000 # 1500
3046.000 # 1500
3046.000 # 1500
3046.000 # 1500
3046.000 # 1500
4046.000 # 1500
4046.000 # 1500
4046.000 # 1500
4046.000 # 1500
4046.000 # 1500
4046.000 # 1500
4046.000 # 1500
4046.000 # 1500
4046.000 # 1500
4046.000 # 1500
4046.000 # 1500
4046.000 # 1500
4046.000 # 1500
4046.000 # 1500
4046.000 # 1500
4046.000 # 1500
4046.000 # 1500
4046.000 # 1500
4046.000 # 1500
4046.000 # 1500
4046.000 # 1500
4046.000 # 1500
4046.000 # 1500
4046.000 # 1500
4046.000 # 1500
4046.000 # 1500
4046.000 # 1500
4046.000 # 1500
4046.000 # 1500
4046.000 # 1500
4046.000 # 1500
4046.000 # 1500
4046.000 # 1500
4046.000 # 1500
4046.000 # 1500
4046.000 # 1500
4046.000 # 1500
4046.000 # 1500
4046.000 # 1500
4046.000 # 1500
4046.000 # 1500
4046.000 # 1500
4046.000 # 1500
4046.000 # 1500
4046.000 # 1500
4046.000 # 1500
4046.000 # 1500
4046.000 # 1500
4046.000 # 1500
4046.000 # 1500
4046.000 # 1500
4046.000 # 1500
4046.000 # 1500
4046.000 # 1500
4046.000 # 1500
4046.000 # 1500
4046.000 # 1500
4046.000 # 1500
4046.000 # 1500
4046.000 # 1500
5045.630 + 96 1
5046.000 # 1500
5046.000 # 1500
5046.000 # 1500
5046.000 # 1500
5046.000 # 1500
5046.000 # 1500
5046.000 # 1500
5046.000 # 1500
5046.000 # 1500
5046.000 # 1500
5046.000 # 1500
5046.000 # 1500
5046.000 # 1500
5046.000 # 1500
5046.000 # 1500
5046.000 # 1500
5046.000 # 1500
5046.000 # 1500
5046.000 # 1500
5046.000 # 1500
5046.000 # 1500
5046.000 # 1500
5046.000 # 1500
5046.000 # 1500
5046.000 # 1500
5046.000 # 1500
5046.000 # 1500
5046.000 # 1500
5046.000 # 1500
5046.000 # 1500
5046.000 # 1500
5046.000 # 1500
5046.000 # 1500
5046.000 # 1500
5046.000 # 1500
5046.000 # 1500
5046.000 # 1500
5046.000 # 1500
5046.000 # 1500
5046.000 # 1500
5046.000 # 1500
5046.000 # 1500
5046.000 # 1500
5046.000 # 1500
5046.000 # 1500
5046.000 # 1500
5046.000 # 1500
5046.000 # 1500
5046.000 # 1500
5046.000 # 1500
5046.000 # 1500
5046.000 # 1500
5046.000 # 1500
5046.000 # 1500
5046.000 # 1500
5046.000 # 1500
5046.000 # 1500
5046.000 # 1500
5046.000 # 1500
5046.000 # 1500
5047.472 - 96 1.842 1
6045.412 + 88 1
6045.565 + 88 1
6045.590 + 88 1
6045.614 + 88 1
6045.634 + 88 1
6046.000 # 1500
6046.000 # 1500
6046.000 # 1500
6046.000 # 1500
6046.000 # 1500
6046.000 # 1500
6046.000 # 1500
6046.000 # 1500
6046.000 # 1500
6046.000 # 1500
6046.000 # 1500
6046.000 # 1500
6046.000 # 1500
6046.000 # 1500
6046.000 # 1500
6046.000 # 1500
6046.000 # 1500
6046.000 # 1500
6046.000 # 1500
6046.000 # 1500
6046.000 # 1500
6046.000 # 1500
6046.000 # 1500
6046.000 # 1500
6046.000 # 1500
6046.000 # 1500
6046.000 # 1500
6046.000 # 1500
6046.000 # 1500
6046.000 # 1500
6046.000 # 1500
6046.000 # 1500
6046.000 # 1500
6046.000 # 1500
6046.000 # 1500
6046.000 # 1500
6046.000 # 1500
6046.000 # 1500
6046.000 # 1500
6046.000 # 1500
6046.000 # 1500
6046.000 # 1500
6046.000 # 1500
6046.000 # 1500
6046.000 # 1500
6046.000 # 1500
6046.000 # 1500
6046.000 # 1500
6046.000 # 1500
6046.000 # 1500
6046.000 # 1500
6046.000 # 1500
6046.000 # 1500
6046.000 # 1500
6046.000 # 1500
6046.000 # 1500
6046.000 # 1500
6046.000 # 1500
6046.000 # 1500
6046.000 # 1500
6046.170 + 88 1
6046.299 + 88 1
6046.322 + 88 1
6046.339 + 88 1
6046.357 + 88 1
6047.025 - 88 1.613 1
6047.211 - 88 1.646 1
6047.237 - 88 1.647 1
6047.246 - 88 1.632 1
6047.255 - 88 1.621 1
7046.000 # 1500
7046.000 # 1500
7046.000 # 1500
7046.000 # 1500
7046.000 # 1500
7046.000 # 1500
7046.000 # 1500
7046.000 # 1500
7046.000 # 1500
7046.000 # 1500
7046.000 # 1500
7046.000 # 1500
7046.000 # 1500
7046.000 # 1500
7046.000 # 1500
7046.000 # 1500
7046.000 # 1500
7046.000 # 1500
7046.000 # 1500
7046.000 # 1500
7046.000 # 1500
7046.000 # 1500
7046.000 # 1500
7046.000 # 1500
7046.000 # 1500
7046.000 # 1500
7046.000 # 1500
7046.000 # 1500
7046.000 # 1500
7046.000 # 1500
7046.000 # 1500
7046.000 # 1500
7046.000 # 1500
7046.000 # 1500
7046.000 # 1500
7046.000 # 1500
7046.000 # 1500
7046.000 # 1500
7046.000 # 1500
7046.000 # 1500
7046.000 # 1500
7046.000 # 1500
7046.000 # 1500
7046.000 # 1500
7046.000 # 1500
7046.000 # 1500
7046.000 # 1500
7046.000 # 1500
7046.000 # 1500
7046.000 # 1500
7046.000 # 1500
7046.000 # 1500
7046.000 # 1500
7046.000 # 1500
7046.000 # 1500
7046.000 # 1500
7046.000 # 1500
7046.000 # 1500
7046.000 # 1500
7046.000 # 1500
7046.182 + 88 1
7046.415 + 88 1
7046.434 + 88 1
7046.442 + 88 1
7046.451 + 88 1
7046.459 + 88 1
7046.518 + 88 1
7046.560 - 88 1000.390 1
7046.659 - 88 1000.360 1
7046.673 - 88 1000.351 1
7046.678 - 88 1000.339 1
7046.683 - 88 1000.326 1
7047.130 + 88 1
8046.000 # 1500
8046.000 # 1500
8046.000 # 1500
8046.000 # 1500
8046.000 # 1500
8046.000 # 1500
8046.000 # 1500
8046.000 # 1500
8046.000 # 1500
8046.000 # 1500
8046.000 # 1500
8046.000 # 1500
8046.000 # 1500
8046.000 # 1500
8046.000 # 1500
8046.000 # 1500
8046.000 # 1500
8046.000 # 1500
8046.000 # 1500
8046.000 # 1500
8046.000 # 1500
8046.000 # 1500
8046.000 # 1500
8046.000 # 1500
8046.000 # 1500
8046.000 # 1500
8046.000 # 1500
8046.000 # 1500
8046.000 # 1500
8046.000 # 1500
8046.000 # 1500
8046.000 # 1500
8046.000 # 1500
8046.000 # 1500
8046.000 # 1500
8046.000 # 1500
8046.000 # 1500
8046.000 # 1500
8046.000 # 1500
8046.000 # 1500
8046.000 # 1500
8046.000 # 1500
8046.000 # 1500
8046.000 # 1500
8046.000 # 1500
8046.000 # 1500
8046.000 # 1500
8046.000 # 1500
8046.000 # 1500
8046.000 # 1500
8046.000 # 1500
8046.000 # 1500
8046.000 # 1500
8046.000 # 1500
8046.000 # 1500
8046.000 # 1500
8046.000 # 1500
8046.000 # 1500
8046.000 # 1500
8046.000 # 1500
8046.714 + 88 1
8047.761 - 88 1001.579 1
8048.018 - 88 1001.603 1
8048.060 - 88 1001.626 1
8048.073 - 88 1001.631 1
8048.091 - 88 1001.640 1
8048.096 - 88 1001.637 1
8048.102 - 88 1001.584 1
8048.108 - 88 1000.978 1
9046.000 # 1500
9046.000 # 1500
9046.000 # 1500
9046.000 # 1500
9046.000 # 1500
9046.000 # 1500
9046.000 # 1500
9046.000 # 1500
9046.000 # 1500
9046.000 # 1500
9046.000 # 1500
9046.000 # 1500
9046.000 # 1500
9046.000 # 1500
9046.000 # 1500
9046.000 # 1500
9046.000 # 1500
9046.000 # 1500
9046.000 # 1500
9046.000 # 1500
9046.000 # 1500
9046.000 # 1500
9046.000 # 1500
9046.000 # 1500
9046.000 # 1500
9046.000 # 1500
9046.000 # 1500
9046.000 # 1500
9046.000 # 1500
9046.000 # 1500
9046.000 # 1500
9046.000 # 1500
9046.000 # 1500
9046.000 # 1500
9046.000 # 1500
9046.000 # 1500
9046.000 # 1500
9046.000 # 1500
9046.000 # 1500
9046.000 # 1500
9046.000 # 1500
9046.000 # 1500
9046.000 # 1500
9046.000 # 1500
9046.000 # 1500
9046.000 # 1500
9046.000 # 1500
9046.000 # 1500
9046.000 # 1500
9046.000 # 1500
9046.000 # 1500
9046.000 # 1500
9046.000 # 1500
9046.000 # 1500
9046.000 # 1500
9046.000 # 1500
9046.000 # 1500
9046.000 # 1500
9046.000 # 1500
9046.000 # 1500
9046.672 + 88 1
9046.855 + 88 1
9046.888 + 88 1
9046.904 + 88 1
9046.920 + 88 1
9046.935 + 88 1
9046.951 + 88 1
9046.966 + 88 1
9046.981 + 88 1
9046.996 + 88 1
9047.011 + 88 1
9047.019 + 88 1
9047.026 + 88 1
9047.033 + 88 1
9047.608 - 88 1000.894 1
10045.820 + 88 1
10045.971 + 88 1
10046.000 # 1500
10046.000 # 1500
10046.000 # 1500
10046.000 # 1500
10046.000 # 1500
10046.000 # 1500
10046.000 # 1500
10046.000 # 1500
10046.000 # 1500
10046.000 # 1500
10046.000 # 1500
10046.000 # 1500
10046.000 # 1500
10046.000 # 1500
10046.000 # 1500
10046.000 # 1500
10046.000 # 1500
10046.000 # 1500
10046.000 # 1500
10046.000 # 1500
10046.000 # 1500
10046.000 # 1500
10046.000 # 1500
10046.000 # 1500
10046.000 # 1500
10046.000 # 1500
10046.000 # 1500
10046.000 # 1500
10046.000 # 1500
10046.000 # 1500
10046.000 # 1500
10046.000 # 1500
10046.000 # 1500
10046.000 # 1500
10046.000 # 1500
10046.000 # 1500
10046.000 # 1500
10046.000 # 1500
10046.000 # 1500
10046.000 # 1500
10046.000 # 1500
10046.000 # 1500
10046.000 # 1500
10046.000 # 1500
10046.000 # 1500
10046.000 # 1500
10046.000 # 1500
10046.000 # 1500
10046.000 # 1500
10046.000 # 1500
10046.000 # 1500
10046.000 # 1500
10046.000 # 1500
10046.000 # 1500
10046.000 # 1500
10046.000 # 1500
10046.000 # 1500
10046.000 # 1500
10046.000 # 1500
10046.000 # 1500
10046.004 + 88 1
10046.031 + 88 1
10046.054 + 88 1
10046.083 + 88 1
10046.107 + 88 1
10046.133 + 88 1
10046.161 + 88 1
10046.183 + 88 1
10046.205 + 88 1
10046.233 + 88 1
10046.256 + 88 1
10046.283 + 88 1
10046.309 + 88 1
10046.332 + 88 1
10046.660 - 88 999.988 1
10046.778 - 88 999.923 1
10046.798 - 88 999.910 1
10046.805 - 88 999.901 1
10046.811 - 88 999.891 1
10046.817 - 88 999.882 1
10046.823 - 88 999.872 1
10046.829 - 88 999.863 1
10046.834 - 88 999.853 1
10046.840 - 88 999.844 1
10046.846 - 88 999.835 1
10046.852 - 88 999.833 1
10046.858 - 88 999.832 1
10046.864 - 88 999.831 1
11045.661 + 88 1
11045.744 + 88 1
11045.755 + 88 1
11045.765 + 88 1
11045.773 + 88 1
11045.781 + 88 1
11045.790 + 88 1
11045.955 + 88 1
11045.967 + 88 1
11045.972 + 88 1
11046.000 # 1500
11046.000 # 1500
11046.000 # 1500
11046.000 # 1500
11046.000 # 1500
11046.000 # 1500
11046.000 # 1500
11046.000 # 1500
11046.000 # 1500
11046.000 # 1500
11046.000 # 1500
11046.000 # 1500
11046.000 # 1500
11046.000 # 1500
11046.000 # 1500
11046.000 # 1500
11046.000 # 1500
11046.000 # 1500
11046.000 # 1500
11046.000 # 1500
11046.000 # 1500
11046.000 # 1500
11046.000 # 1500
11046.000 # 1500
11046.000 # 1500
11046.000 # 1500
11046.000 # 1500
11046.000 # 1500
11046.000 # 1500
11046.000 # 1500
11046.000 # 1500
11046.000 # 1500
11046.000 # 1500
11046.000 # 1500
11046.000 # 1500
11046.000 # 1500
11046.000 # 1500
11046.000 # 1500
11046.000 # 1500
11046.000 # 1500
11046.000 # 1500
11046.000 # 1500
11046.000 # 1500
11046.000 # 1500
11046.000 # 1500
11046.000 # 1500
11046.000 # 1500
11046.000 # 1500
11046.000 # 1500
11046.000 # 1500
11046.000 # 1500
11046.000 # 1500
11046.000 # 1500
11046.000 # 1500
11046.000 # 1500
11046.000 # 1500
11046.000 # 1500
11046.000 # 1500
11046.000 # 1500
11046.000 # 1500
11046.314 - 88 1000.494 1
11046.411 - 88 1000.440 1
11046.425 - 88 1000.421 1
11046.430 - 88 1000.399 1
11046.435 - 88 1000.381 1
11046.439 - 88 1000.356 1
11046.444 - 88 1000.337 1
11046.448 - 88 1000.315 1
11046.452 - 88 1000.291 1
11046.456 - 88 1000.273 1
11046.461 - 88 1000.256 1
11046.465 - 88 1000.232 1
11046.469 - 88 1000.213 1
11046.473 - 88 1000.190 1
11046.478 - 88 1000.169 1
11046.482 - 88 1000.150 1
11046.916 - 88 1.255 1
11046.923 - 88 1.179 1
11046.927 - 88 1.172 1
11046.933 - 88 1.168 1
11046.937 - 88 1.164 1
11046.941 - 88 1.160 1
11046.945 - 88 1.155 1
12044.368 + 88 1
12044.469 + 88 1
12044.483 + 88 1
12044.494 + 88 1
12044.505 + 88 1
12044.516 + 88 1
12044.528 + 88 1
12044.539 + 88 1
12044.552 + 88 1
12044.563 + 88 1
12044.575 + 88 1
12044.586 + 88 1
12044.597 + 88 1
12044.608 + 88 1
12044.619 + 88 1
12044.630 + 88 1
12044.641 + 88 1
12044.653 + 88 1
12044.664 + 88 1
12044.675 + 88 1
12044.686 + 88 1
12044.697 + 88 1
12044.708 + 88 1
12044.719 + 88 1
12044.732 + 88 1
12044.743 + 88 1
12044.754 + 88 1
12044.765 + 88 1
12044.776 + 88 1
12044.788 + 88 1
12044.799 + 88 1
12044.812 + 88 1
12044.824 + 88 1
12046.000 # 1500
12046.000 # 1500
12046.000 # 1500
12046.000 # 1500
12046.000 # 1500
12046.000 # 1500
12046.000 # 1500
12046.000 # 1500
12046.000 # 1500
12046.000 # 1500
12046.000 # 1500
12046.000 # 1500
12046.000 # 1500
12046.000 # 1500
12046.000 # 1500
12046.000 # 1500
12046.000 # 1500
12046.000 # 1500
12046.000 # 1500
12046.000 # 1500
12046.000 # 1500
12046.000 # 1500
12046.000 # 1500
12046.000 # 1500
12046.000 # 1500
12046.000 # 1500
12046.000 # 1500
12046.000 # 1500
12046.000 # 1500
12046.000 # 1500
12046.000 # 1500
12046.000 # 1500
12046.000 # 1500
12046.000 # 1500
12046.000 # 1500
12046.000 # 1500
12046.000 # 1500
12046.000 # 1500
12046.000 # 1500
12046.000 # 1500
12046.000 # 1500
12046.000 # 1500
12046.000 # 1500
12046.000 # 1500
12046.000 # 1500
12046.000 # 1500
12046.000 # 1500
12046.000 # 1500
12046.000 # 1500
12046.000 # 1500
12046.000 # 1500
12046.000 # 1500
12046.000 # 1500
12046.000 # 1500
12046.000 # 1500
12046.000 # 1500
12046.000 # 1500
12046.000 # 1500
12046.000 # 1500
12046.000 # 1500
12048.143 - 88 1002.188 1
12048.229 - 88 1002.262 1
12048.237 - 88 1002.265 1
12048.243 - 88 3.875 1
12048.248 - 88 3.779 1
12048.253 - 88 3.770 1
12048.258 - 88 3.764 1
12048.264 - 88 3.759 1
12048.269 - 88 3.753 1
12048.274 - 88 3.746 1
12048.280 - 88 3.741 1
12048.362 - 88 3.810 1
12048.378 - 88 3.815 1
12048.384 - 88 3.809 1
12048.390 - 88 3.804 1
12048.395 - 88 3.798 1
12048.400 - 88 3.792 1
12048.406 - 88 3.787 1
12048.411 - 88 3.781 1
12048.416 - 88 3.775 1
12048.421 - 88 3.768 1
12048.428 - 88 3.764 1
12048.433 - 88 3.758 1
12048.438 - 88 3.752 1
12048.446 - 88 3.749 1
12048.451 - 88 3.743 1
12048.456 - 88 3.737 1
12048.462 - 88 3.730 1
12048.467 - 88 3.724 1
12048.472 - 88 3.718 1
12048.478 - 88 3.713 1
12048.483 - 88 3.707 1
12048.489 - 88 3.701 1
12048.494 - 88 3.695 1
12048.499 - 88 3.687 1
12048.504 - 88 3.680 1
13045.263 + 88 1
13045.379 + 88 1
13045.396 + 88 1
13045.409 + 88 1
13045.453 + 88 1
13045.467 + 88 1
13045.481 + 88 1
13045.493 + 88 1
13045.507 + 88 1
13045.519 + 88 1
13045.534 + 88 1
13045.794 + 88 1
13045.954 + 88 1
13045.981 + 88 1
13045.995 + 88 1
13046.000 # 1500
13046.000 # 1500
13046.000 # 1500
13046.000 # 1500
13046.000 # 1500
13046.000 # 1500
13046.000 # 1500
13046.000 # 1500
13046.000 # 1500
13046.000 # 1500
13046.000 # 1500
13046.000 # 1500
13046.000 # 1500
13046.000 # 1500
13046.000 # 1500
13046.000 # 1500
13046.000 # 1500
13046.000 # 1500
13046.000 # 1500
13046.000 # 1500
13046.000 # 1500
13046.000 # 1500
13046.000 # 1500
13046.000 # 1500
13046.000 # 1500
13046.000 # 1500
13046.000 # 1500
13046.000 # 1500
13046.000 # 1500
13046.000 # 1500
13046.000 # 1500
13046.000 # 1500
13046.000 # 1500
13046.000 # 1500
13046.000 # 1500
13046.000 # 1500
13046.000 # 1500
13046.000 # 1500
13046.000 # 1500
13046.000 # 1500
13046.000 # 1500
13046.000 # 1500
13046.000 # 1500
13046.000 # 1500
13046.000 # 1500
13046.000 # 1500
13046.000 # 1500
13046.000 # 1500
13046.000 # 1500
13046.000 # 1500
13046.000 # 1500
13046.000 # 1500
13046.000 # 1500
13046.000 # 1500
13046.000 # 1500
13046.000 # 1500
13046.000 # 1500
13046.000 # 1500
13046.000 # 1500
13046.000 # 1500
13046.008 + 88 1
13046.021 + 88 1
13046.033 + 88 1
13046.046 + 88 1
13046.059 + 88 1
13046.073 + 88 1
13046.085 + 88 1
13046.098 + 88 1
13046.110 + 88 1
13046.123 + 88 1
13046.191 + 88 1
13046.219 + 88 1
13046.232 + 88 1
13046.245 + 88 1
13046.256 + 88 1
13046.277 + 88 1
13046.324 - 88 1.061 1
13046.347 + 88 1
13046.379 - 88 1.000 1
13046.380 + 88 1
13046.387 - 88 0.991 1
13046.394 + 88 1
13046.394 - 88 0.985 1
13046.400 - 88 0.947 1
13046.407 - 88 0.940 1
13046.414 - 88 0.933 1
13046.422 - 88 0.929 1
13046.429 - 88 0.922 1
13046.437 - 88 0.918 1
13046.443 - 88 0.909 1
13046.495 + 88 1
13046.525 + 88 1
13046.537 + 88 1
13046.564 + 88 1
13046.677 + 88 1
13089.899 + 88 1
14045.413 + 88 1
14046.000 # 1500
14046.000 # 1500
14046.000 # 1500
14046.000 # 1500
14046.000 # 1500
14046.000 # 1500
14046.000 # 1500
14046.000 # 1500
14046.000 # 1500
14046.000 # 1500
14046.000 # 1500
14046.000 # 1500
14046.000 # 1500
14046.000 # 1500
14046.000 # 1500
14046.000 # 1500
14046.000 # 1500
14046.000 # 1500
14046.000 # 1500
14046.000 # 1500
14046.000 # 1500
14046.000 # 1500
14046.000 # 1500
14046.000 # 1500
14046.000 # 1500
14046.000 # 1500
14046.000 # 1500
14046.000 # 1500
14046.000 # 1500
14046.000 # 1500
14046.000 # 1500
14046.000 # 1500
14046.000 # 1500
14046.000 # 1500
14046.000 # 1500
14046.000 # 1500
14046.000 # 1500
14046.000 # 1500
14046.000 # 1500
14046.000 # 1500
14046.000 # 1500
14046.000 # 1500
14046.000 # 1500
14046.000 # 1500
14046.000 # 1500
14046.000 # 1500
14046.000 # 1500
14046.000 # 1500
14046.000 # 1500
14046.000 # 1500
14046.000 # 1500
14046.000 # 1500
14046.000 # 1500
14046.000 # 1500
14046.000 # 1500
14046.000 # 1500
14046.000 # 1500
14046.000 # 1500
14046.000 # 1500
14046.000 # 1500
14046.914 - 88 1001.120 1
14046.968 - 88 1001.014 1
14046.973 - 88 1000.992 1
14046.978 - 88 1000.983 1
14046.982 - 88 1000.974 1
14046.987 - 88 1000.966 1
14046.991 - 88 1000.958 1
14046.995 - 88 1000.949 1
14047.000 - 88 1000.941 1
14047.004 - 88 1000.931 1
14047.015 - 88 1000.930 1
14047.019 - 88 1000.921 1
14047.023 - 88 1000.913 1
14047.027 - 88 1000.904 1
14047.030 - 88 1000.839 1
14047.034 - 88 1000.815 1
14047.038 - 88 1000.806 1
14047.042 - 88 1000.797 1
14047.045 - 88 1000.789 1
14047.050 - 88 1000.773 1
14047.054 - 88 1000.707 1
14047.058 - 88 1000.678 1
14047.061 - 88 1000.667 1
14047.065 - 88 1000.570 1
14047.069 - 88 1000.544 1
14047.072 - 88 1000.535 1
14047.076 - 88 1000.512 1
14047.080 - 88 1000.403 1
14047.085 - 88 957.186 1
14047.089 - 88 1.676 1
15046.000 # 1500
15046.000 # 1500
15046.000 # 1500
15046.000 # 1500
15046.000 # 1500
15046.000 # 1500
15046.000 # 1500
15046.000 # 1500
15046.000 # 1500
15046.000 # 1500
15046.000 # 1500
15046.000 # 1500
15046.000 # 1500
15046.000 # 1500
15046.000 # 1500
15046.000 # 1500
15046.000 # 1500
15046.000 # 1500
15046.000 # 1500
15046.000 # 1500
15046.000 # 1500
15046.000 # 1500
15046.000 # 1500
15046.000 # 1500
15046.000 # 1500
15046.000 # 1500
15046.000 # 1500
15046.000 # 1500
15046.000 # 1500
15046.000 # 1500
15046.000 # 1500
15046.000 # 1500
15046.000 # 1500
15046.000 # 1500
15046.000 # 1500
15046.000 # 1500
15046.000 # 1500
15046.000 # 1500
15046.000 # 1500
15046.000 # 1500
15046.000 # 1500
15046.000 # 1500
15046.000 # 1500
15046.000 # 1500
15046.000 # 1500
15046.000 # 1500
15046.000 # 1500
15046.000 # 1500
15046.000 # 1500
15046.000 # 1500
15046.000 # 1500
15046.000 # 1500
15046.000 # 1500
15046.000 # 1500
15046.000 # 1500
15046.000 # 1500
15046.000 # 1500
15046.000 # 1500
15046.000 # 1500
15046.000 # 1500
15046.776 + 88 1
15047.474 + 88 1
16046.000 # 1500
16046.000 # 1500
16046.000 # 1500
16046.000 # 1500
16046.000 # 1500
16046.000 # 1500
16046.000 # 1500
16046.000 # 1500
16046.000 # 1500
16046.000 # 1500
16046.000 # 1500
16046.000 # 1500
16046.000 # 1500
16046.000 # 1500
16046.000 # 1500
16046.000 # 1500
16046.000 # 1500
16046.000 # 1500
16046.000 # 1500
16046.000 # 1500
16046.000 # 1500
16046.000 # 1500
16046.000 # 1500
16046.000 # 1500
16046.000 # 1500
16046.000 # 1500
16046.000 # 1500
16046.000 # 1500
16046.000 # 1500
16046.000 # 1500
16046.000 # 1500
16046.000 # 1500
16046.000 # 1500
16046.000 # 1500
16046.000 # 1500
16046.000 # 1500
16046.000 # 1500
16046.000 # 1500
16046.000 # 1500
16046.000 # 1500
16046.000 # 1500
16046.000 # 1500
16046.000 # 1500
16046.000 # 1500
16046.000 # 1500
16046.000 # 1500
16046.000 # 1500
16046.000 # 1500
16046.000 # 1500
16046.000 # 1500
16046.000 # 1500
16046.000 # 1500
16046.000 # 1500
16046.000 # 1500
16046.000 # 1500
16046.000 # 1500
16046.000 # 1500
16046.000 # 1500
16046.000 # 1500
16046.000 # 1500
16048.344 - 88 1001.568 1
16048.524 - 88 1001.050 1
17046.000 # 1500
17046.000 # 1500
17046.000 # 1500
17046.000 # 1500
17046.000 # 1500
17046.000 # 1500
17046.000 # 1500
17046.000 # 1500
17046.000 # 1500
17046.000 # 1500
17046.000 # 1500
17046.000 # 1500
17046.000 # 1500
17046.000 # 1500
17046.000 # 1500
17046.000 # 1500
17046.000 # 1500
17046.000 # 1500
17046.000 # 1500
17046.000 # 1500
17046.000 # 1500
17046.000 # 1500
17046.000 # 1500
17046.000 # 1500
17046.000 # 1500
17046.000 # 1500
17046.000 # 1500
17046.000 # 1500
17046.000 # 1500
17046.000 # 1500
17046.000 # 1500
17046.000 # 1500
17046.000 # 1500
17046.000 # 1500
17046.000 # 1500
17046.000 # 1500
17046.000 # 1500
17046.000 # 1500
17046.000 # 1500
17046.000 # 1500
17046.000 # 1500
17046.000 # 1500
17046.000 # 1500
17046.000 # 1500
17046.000 # 1500
17046.000 # 1500
17046.000 # 1500
17046.000 # 1500
17046.000 # 1500
17046.000 # 1500
17046.000 # 1500
17046.000 # 1500
17046.000 # 1500
17046.000 # 1500
17046.000 # 1500
17046.000 # 1500
17046.000 # 1500
17046.000 # 1500
17046.000 # 1500
17046.000 # 1500
17046.427 + 88 1
18046.000 # 1500
18046.000 # 1500
18046.000 # 1500
18046.000 # 1500
18046.000 # 1500
18046.000 # 1500
18046.000 # 1500
18046.000 # 1500
18046.000 # 1500
18046.000 # 1500
18046.000 # 1500
18046.000 # 1500
18046.000 # 1500
18046.000 # 1500
18046.000 # 1500
18046.000 # 1500
18046.000 # 1500
18046.000 # 1500
18046.000 # 1500
18046.000 # 1500
18046.000 # 1500
18046.000 # 1500
18046.000 # 1500
18046.000 # 1500
18046.000 # 1500
18046.000 # 1500
18046.000 # 1500
18046.000 # 1500
18046.000 # 1500
18046.000 # 1500
18046.000 # 1500
18046.000 # 1500
18046.000 # 1500
18046.000 # 1500
18046.000 # 1500
18046.000 # 1500
18046.000 # 1500
18046.000 # 1500
18046.000 # 1500
18046.000 # 1500
18046.000 # 1500
18046.000 # 1500
18046.000 # 1500
18046.000 # 1500
18046.000 # 1500
18046.000 # 1500
18046.000 # 1500
18046.000 # 1500
18046.000 # 1500
18046.000 # 1500
18046.000 # 1500
18046.000 # 1500
18046.000 # 1500
18046.000 # 1500
18046.000 # 1500
18046.000 # 1500
18046.000 # 1500
18046.000 # 1500
18046.000 # 1500
18046.000 # 1500
18049.279 - 88 1002.852 1
19046.000 # 1500
19046.000 # 1500
19046.000 # 1500
19046.000 # 1500
19046.000 # 1500
19046.000 # 1500
19046.000 # 1500
19046.000 # 1500
19046.000 # 1500
19046.000 # 1500
19046.000 # 1500
19046.000 # 1500
19046.000 # 1500
19046.000 # 1500
19046.000 # 1500
19046.000 # 1500
19046.000 # 1500
19046.000 # 1500
19046.000 # 1500
19046.000 # 1500
19046.000 # 1500
19046.000 # 1500
19046.000 # 1500
19046.000 # 1500
19046.000 # 1500
19046.000 # 1500
19046.000 # 1500
19046.000 # 1500
19046.000 # 1500
19046.000 # 1500
19046.000 # 1500
19046.000 # 1500
19046.000 # 1500
19046.000 # 1500
19046.000 # 1500
19046.000 # 1500
19046.000 # 1500
19046.000 # 1500
19046.000 # 1500
19046.000 # 1500
19046.000 # 1500
19046.000 # 1500
19046.000 # 1500
19046.000 # 1500
19046.000 # 1500
19046.000 # 1500
19046.000 # 1500
19046.000 # 1500
19046.000 # 1500
19046.000 # 1500
19046.000 # 1500
19046.000 # 1500
19046.000 # 1500
19046.000 # 1500
19046.000 # 1500
19046.000 # 1500
19046.000 # 1500
19046.000 # 1500
19046.000 # 1500
19046.000 # 1500
19046.750 + 88 1
20046.000 # 1500
20046.000 # 1500
20046.000 # 1500
20046.000 # 1500
20046.000 # 1500
20046.000 # 1500
20046.000 # 1500
20046.000 # 1500
20046.000 # 1500
20046.000 # 1500
20046.000 # 1500
20046.000 # 1500
20046.000 # 1500
20046.000 # 1500
20046.000 # 1500
20046.000 # 1500
20046.000 # 1500
20046.000 # 1500
20046.000 # 1500
20046.000 # 1500
20046.000 # 1500
20046.000 # 1500
20046.000 # 1500
20046.000 # 1500
20046.000 # 1500
20046.000 # 1500
20046.000 # 1500
20046.000 # 1500
20046.000 # 1500
20046.000 # 1500
20046.000 # 1500
20046.000 # 1500
20046.000 # 1500
20046.000 # 1500
20046.000 # 1500
20046.000 # 1500
20046.000 # 1500
20046.000 # 1500
20046.000 # 1500
20046.000 # 1500
20046.000 # 1500
20046.000 # 1500
20046.000 # 1500
20046.000 # 1500
20046.000 # 1500
20046.000 # 1500
20046.000 # 1500
20046.000 # 1500
20046.000 # 1500
20046.000 # 1500
20046.000 # 1500
20046.000 # 1500
20046.000 # 1500
20046.000 # 1500
20046.000 # 1500
20046.000 # 1500
20046.000 # 1500
20046.000 # 1500
20046.000 # 1500
20046.000 # 1500
20050.547 - 88 1003.797 1
21045.613 + 88 1
21046.000 # 1500
21046.000 # 1500
21046.000 # 1500
21046.000 # 1500
21046.000 # 1500
21046.000 # 1500
21046.000 # 1500
21046.000 # 1500
21046.000 # 1500
21046.000 # 1500
21046.000 # 1500
21046.000 # 1500
21046.000 # 1500
21046.000 # 1500
21046.000 # 1500
21046.000 # 1500
21046.000 # 1500
21046.000 # 1500
21046.000 # 1500
21046.000 # 1500
21046.000 # 1500
21046.000 # 1500
21046.000 # 1500
21046.000 # 1500
21046.000 # 1500
21046.000 # 1500
21046.000 # 1500
21046.000 # 1500
21046.000 # 1500
21046.000 # 1500
21046.000 # 1500
21046.000 # 1500
21046.000 # 1500
21046.000 # 1500
21046.000 # 1500
21046.000 # 1500
21046.000 # 1500
21046.000 # 1500
21046.000 # 1500
21046.000 # 1500
21046.000 # 1500
21046.000 # 1500
21046.000 # 1500
21046.000 # 1500
21046.000 # 1500
21046.000 # 1500
21046.000 # 1500
21046.000 # 1500
21046.000 # 1500
21046.000 # 1500
21046.000 # 1500
21046.000 # 1500
21046.000 # 1500
21046.000 # 1500
21046.000 # 1500
21046.000 # 1500
21046.000 # 1500
21046.000 # 1500
21046.000 # 1500
21046.000 # 1500
21049.428 - 88 3.815 1
22045.572 + 88 1
22046.000 # 1500
22046.000 # 1500
22046.000 # 1500
22046.000 # 1500
22046.000 # 1500
22046.000 # 1500
22046.000 # 1500
22046.000 # 1500
22046.000 # 1500
22046.000 # 1500
22046.000 # 1500
22046.000 # 1500
22046.000 # 1500
22046.000 # 1500
22046.000 # 1500
22046.000 # 1500
22046.000 # 1500
22046.000 # 1500
22046.000 # 1500
22046.000 # 1500
22046.000 # 1500
22046.000 # 1500
22046.000 # 1500
22046.000 # 1500
22046.000 # 1500
22046.000 # 1500
22046.000 # 1500
22046.000 # 1500
22046.000 # 1500
22046.000 # 1500
22046.000 # 1500
22046.000 # 1500
22046.000 # 1500
22046.000 # 1500
22046.000 # 1500
22046.000 # 1500
22046.000 # 1500
22046.000 # 1500
22046.000 # 1500
22046.000 # 1500
22046.000 # 1500
22046.000 # 1500
22046.000 # 1500
22046.000 # 1500
22046.000 # 1500
22046.000 # 1500
22046.000 # 1500
22046.000 # 1500
22046.000 # 1500
22046.000 # 1500
22046.000 # 1500
22046.000 # 1500
22046.000 # 1500
22046.000 # 1500
22046.000 # 1500
22046.000 # 1500
22046.000 # 1500
22046.000 # 1500
22046.000 # 1500
22046.000 # 1500
22048.332 - 88 2.760 1
23045.259 + 88 1
23046.000 # 1500
23046.000 # 1500
23046.000 # 1500
23046.000 # 1500
23046.000 # 1500
23046.000 # 1500
23046.000 # 1500
23046.000 # 1500
23046.000 # 1500
23046.000 # 1500
23046.000 # 1500
23046.000 # 1500
23046.000 # 1500
23046.000 # 1500
23046.000 # 1500
23046.000 # 1500
23046.000 # 1500
23046.000 # 1500
23046.000 # 1500
23046.000 # 1500
23046.000 # 1500
23046.000 # 1500
23046.000 # 1500
23046.000 # 1500
23046.000 # 1500
23046.000 # 1500
23046.000 # 1500
23046.000 # 1500
23046.000 # 1500
23046.000 # 1500
23046.000 # 1500
23046.000 # 1500
23046.000 # 1500
23046.000 # 1500
23046.000 # 1500
23046.000 # 1500
23046.000 # 1500
23046.000 # 1500
23046.000 # 1500
23046.000 # 1500
23046.000 # 1500
23046.000 # 1500
23046.000 # 1500
23046.000 # 1500
23046.000 # 1500
23046.000 # 1500
23046.000 # 1500
23046.000 # 1500
23046.000 # 1500
23046.000 # 1500
23046.000 # 1500
23046.000 # 1500
23046.000 # 1500
23046.000 # 1500
23046.000 # 1500
23046.000 # 1500
23046.000 # 1500
23046.000 # 1500
23046.000 # 1500
23046.000 # 1500
23047.700 - 88 2.441 1
24045.776 + 88 1
24046.000 # 1500
24046.000 # 1500
24046.000 # 1500
24046.000 # 1500
24046.000 # 1500
24046.000 # 1500
24046.000 # 1500
24046.000 # 1500
24046.000 # 1500
24046.000 # 1500
24046.000 # 1500
24046.000 # 1500
24046.000 # 1500
24046.000 # 1500
24046.000 # 1500
24046.000 # 1500
24046.000 # 1500
24046.000 # 1500
24046.000 # 1500
24046.000 # 1500
24046.000 # 1500
24046.000 # 1500
24046.000 # 1500
24046.000 # 1500
24046.000 # 1500
24046.000 # 1500
24046.000 # 1500
24046.000 # 1500
24046.000 # 1500
24046.000 # 1500
24046.000 # 1500
24046.000 # 1500
24046.000 # 1500
24046.000 # 1500
24046.000 # 1500
24046.000 # 1500
24046.000 # 1500
24046.000 # 1500
24046.000 # 1500
24046.000 # 1500
24046.000 # 1500
24046.000 # 1500
24046.000 # 1500
24046.000 # 1500
24046.000 # 1500
24046.000 # 1500
24046.000 # 1500
24046.000 # 1500
24046.000 # 1500
24046.000 # 1500
24046.000 # 1500
24046.000 # 1500
24046.000 # 1500
24046.000 # 1500
24046.000 # 1500
24046.000 # 1500
24046.000 # 1500
24046.000 # 1500
24046.000 # 1500
24046.000 # 1500
24048.583 - 88 2.807 1
25045.481 + 88 1
25046.000 # 1500
25046.000 # 1500
25046.000 # 1500
25046.000 # 1500
25046.000 # 1500
25046.000 # 1500
25046.000 # 1500
25046.000 # 1500
25046.000 # 1500
25046.000 # 1500
25046.000 # 1500
25046.000 # 1500
25046.000 # 1500
25046.000 # 1500
25046.000 # 1500
25046.000 # 1500
25046.000 # 1500
25046.000 # 1500
25046.000 # 1500
25046.000 # 1500
25046.000 # 1500
25046.000 # 1500
25046.000 # 1500
25046.000 # 1500
25046.000 # 1500
25046.000 # 1500
25046.000 # 1500
25046.000 # 1500
25046.000 # 1500
25046.000 # 1500
25046.000 # 1500
25046.000 # 1500
25046.000 # 1500
25046.000 # 1500
25046.000 # 1500
25046.000 # 1500
25046.000 # 1500
25046.000 # 1500
25046.000 # 1500
25046.000 # 1500
25046.000 # 1500
25046.000 # 1500
25046.000 # 1500
25046.000 # 1500
25046.000 # 1500
25046.000 # 1500
25046.000 # 1500
25046.000 # 1500
25046.000 # 1500
25046.000 # 1500
25046.000 # 1500
25046.000 # 1500
25046.000 # 1500
25046.000 # 1500
25046.000 # 1500
25046.000 # 1500
25046.000 # 1500
25046.000 # 1500
25046.000 # 1500
25046.000 # 1500
25047.666 - 88 2.185 1
26046.000 # 1500
26046.000 # 1500
26046.000 # 1500
26046.000 # 1500
26046.000 # 1500
26046.000 # 1500
26046.000 # 1500
26046.000 # 1500
26046.000 # 1500
26046.000 # 1500
26046.000 # 1500
26046.000 # 1500
26046.000 # 1500
26046.000 # 1500
26046.000 # 1500
26046.000 # 1500
26046.000 # 1500
26046.000 # 1500
26046.000 # 1500
26046.000 # 1500
26046.000 # 1500
26046.000 # 1500
26046.000 # 1500
26046.000 # 1500
26046.000 # 1500
26046.000 # 1500
26046.000 # 1500
26046.000 # 1500
26046.000 # 1500
26046.000 # 1500
26046.000 # 1500
26046.000 # 1500
26046.000 # 1500
26046.000 # 1500
26046.000 # 1500
26046.000 # 1500
26046.000 # 1500
26046.000 # 1500
26046.000 # 1500
26046.000 # 1500
26046.000 # 1500
26046.000 # 1500
26046.000 # 1500
26046.000 # 1500
26046.000 # 1500
26046.000 # 1500
26046.000 # 1500
26046.000 # 1500
26046.000 # 1500
26046.000 # 1500
26046.000 # 1500
26046.000 # 1500
26046.000 # 1500
26046.000 # 1500
26046.000 # 1500
26046.000 # 1500
26046.000 # 1500
26046.000 # 1500
26046.000 # 1500
26046.000 # 1500
26048.336 + 88 1
26048.409 + 88 1
27046.000 # 1500
27046.000 # 1500
27046.000 # 1500
27046.000 # 1500
27046.000 # 1500
27046.000 # 1500
27046.000 # 1500
27046.000 # 1500
27046.000 # 1500
27046.000 # 1500
27046.000 # 1500
27046.000 # 1500
27046.000 # 1500
27046.000 # 1500
27046.000 # 1500
27046.000 # 1500
27046.000 # 1500
27046.000 # 1500
27046.000 # 1500
27046.000 # 1500
27046.000 # 1500
27046.000 # 1500
27046.000 # 1500
27046.000 # 1500
27046.000 # 1500
27046.000 # 1500
27046.000 # 1500
27046.000 # 1500
27046.000 # 1500
27046.000 # 1500
27046.000 # 1500
27046.000 # 1500
27046.000 # 1500
27046.000 # 1500
27046.000 # 1500
27046.000 # 1500
27046.000 # 1500
27046.000 # 1500
27046.000 # 1500
27046.000 # 1500
27046.000 # 1500
27046.000 # 1500
27046.000 # 1500
27046.000 # 1500
27046.000 # 1500
27046.000 # 1500
27046.000 # 1500
27046.000 # 1500
27046.000 # 1500
27046.000 # 1500
27046.000 # 1500
27046.000 # 1500
27046.000 # 1500
27046.000 # 1500
27046.000 # 1500
27046.000 # 1500
27046.000 # 1500
27046.000 # 1500
27046.000 # 1500
27046.000 # 1500
27048.096 - 88 999.760 1
27048.365 - 88 999.956 1
28046.000 # 1500
28046.000 # 1500
28046.000 # 1500
28046.000 # 1500
28046.000 # 1500
28046.000 # 1500
28046.000 # 1500
28046.000 # 1500
28046.000 # 1500
28046.000 # 1500
28046.000 # 1500
28046.000 # 1500
28046.000 # 1500
28046.000 # 1500
28046.000 # 1500
28046.000 # 1500
28046.000 # 1500
28046.000 # 1500
28046.000 # 1500
28046.000 # 1500
28046.000 # 1500
28046.000 # 1500
28046.000 # 1500
28046.000 # 1500
28046.000 # 1500
28046.000 # 1500
28046.000 # 1500
28046.000 # 1500
28046.000 # 1500
28046.000 # 1500
28046.000 # 1500
28046.000 # 1500
28046.000 # 1500
28046.000 # 1500
28046.000 # 1500
28046.000 # 1500
28046.000 # 1500
28046.000 # 1500
28046.000 # 1500
28046.000 # 1500
28046.000 # 1500
28046.000 # 1500
28046.000 # 1500
28046.000 # 1500
28046.000 # 1500
28046.000 # 1500
28046.000 # 1500
28046.000 # 1500
28046.000 # 1500
28046.000 # 1500
28046.000 # 1500
28046.000 # 1500
28046.000 # 1500
28046.000 # 1500
28046.000 # 1500
28046.000 # 1500
28046.000 # 1500
28046.000 # 1500
28046.000 # 1500
28046.000 # 1500
28046.032 + 88 1
29046.000 # 1500
29046.000 # 1500
29046.000 # 1500
29046.000 # 1500
29046.000 # 1500
29046.000 # 1500
29046.000 # 1500
29046.000 # 1500
29046.000 # 1500
29046.000 # 1500
29046.000 # 1500
29046.000 # 1500
29046.000 # 1500
29046.000 # 1500
29046.000 # 1500
29046.000 # 1500
29046.000 # 1500
29046.000 # 1500
29046.000 # 1500
29046.000 # 1500
29046.000 # 1500
29046.000 # 1500
29046.000 # 1500
29046.000 # 1500
29046.000 # 1500
29046.000 # 1500
29046.000 # 1500
29046.000 # 1500
29046.000 # 1500
29046.000 # 1500
29046.000 # 1500
29046.000 # 1500
29046.000 # 1500
29046.000 # 1500
29046.000 # 1500
29046.000 # 1500
29046.000 # 1500
29046.000 # 1500
29046.000 # 1500
29046.000 # 1500
29046.000 # 1500
29046.000 # 1500
29046.000 # 1500
29046.000 # 1500
29046.000 # 1500
29046.000 # 1500
29046.000 # 1500
29046.000 # 1500
29046.000 # 1500
29046.000 # 1500
29046.000 # 1500
29046.000 # 1500
29046.000 # 1500
29046.000 # 1500
29046.000 # 1500
29046.000 # 1500
29046.000 # 1500
29046.000 # 1500
29046.000 # 1500
29046.000 # 1500
29048.889 - 88 1002.857 1
30046.000 # 1500
30046.000 # 1500
30046.000 # 1500
30046.000 # 1500
30046.000 # 1500
30046.000 # 1500
30046.000 # 1500
30046.000 # 1500
30046.000 # 1500
30046.000 # 1500
30046.000 # 1500
30046.000 # 1500
30046.000 # 1500
30046.000 # 1500
30046.000 # 1500
30046.000 # 1500
30046.000 # 1500
30046.000 # 1500
30046.000 # 1500
30046.000 # 1500
30046.000 # 1500
30046.000 # 1500
30046.000 # 1500
30046.000 # 1500
30046.000 # 1500
30046.000 # 1500
30046.000 # 1500
30046.000 # 1500
30046.000 # 1500
30046.000 # 1500
30046.000 # 1500
30046.000 # 1500
30046.000 # 1500
30046.000 # 1500
30046.000 # 1500
30046.000 # 1500
30046.000 # 1500
30046.000 # 1500
30046.000 # 1500
30046.000 # 1500
30046.000 # 1500
30046.000 # 1500
30046.000 # 1500
30046.000 # 1500
30046.000 # 1500
30046.000 # 1500
30046.000 # 1500
30046.000 # 1500
30046.000 # 1500
30046.000 # 1500
30046.000 # 1500
30046.000 # 1500
30046.000 # 1500
30046.000 # 1500
30046.000 # 1500
30046.000 # 1500
30046.000 # 1500
30046.000 # 1500
30046.000 # 1500
30046.000 # 1500
30046.425 + 88 1
31046.000 # 1500
31046.000 # 1500
31046.000 # 1500
31046.000 # 1500
31046.000 # 1500
31046.000 # 1500
31046.000 # 1500
31046.000 # 1500
31046.000 # 1500
31046.000 # 1500
31046.000 # 1500
31046.000 # 1500
31046.000 # 1500
31046.000 # 1500
31046.000 # 1500
31046.000 # 1500
31046.000 # 1500
31046.000 # 1500
31046.000 # 1500
31046.000 # 1500
31046.000 # 1500
31046.000 # 1500
31046.000 # 1500
31046.000 # 1500
31046.000 # 1500
31046.000 # 1500
31046.000 # 1500
31046.000 # 1500
31046.000 # 1500
31046.000 # 1500
31046.000 # 1500
31046.000 # 1500
31046.000 # 1500
31046.000 # 1500
31046.000 # 1500
31046.000 # 1500
31046.000 # 1500
31046.000 # 1500
31046.000 # 1500
31046.000 # 1500
31046.000 # 1500
31046.000 # 1500
31046.000 # 1500
31046.000 # 1500
31046.000 # 1500
31046.000 # 1500
31046.000 # 1500
31046.000 # 1500
31046.000 # 1500
31046.000 # 1500
31046.000 # 1500
31046.000 # 1500
31046.000 # 1500
31046.000 # 1500
31046.000 # 1500
31046.000 # 1500
31046.000 # 1500
31046.000 # 1500
31046.000 # 1500
31046.000 # 1500
31049.355 - 88 1002.930 1
32045.049 + 88 1
32046.000 # 1500
32046.000 # 1500
32046.000 # 1500
32046.000 # 1500
32046.000 # 1500
32046.000 # 1500
32046.000 # 1500
32046.000 # 1500
32046.000 # 1500
32046.000 # 1500
32046.000 # 1500
32046.000 # 1500
32046.000 # 1500
32046.000 # 1500
32046.000 # 1500
32046.000 # 1500
32046.000 # 1500
32046.000 # 1500
32046.000 # 1500
32046.000 # 1500
32046.000 # 1500
32046.000 # 1500
32046.000 # 1500
32046.000 # 1500
32046.000 # 1500
32046.000 # 1500
32046.000 # 1500
32046.000 # 1500
32046.000 # 1500
32046.000 # 1500
32046.000 # 1500
32046.000 # 1500
32046.000 # 1500
32046.000 # 1500
32046.000 # 1500
32046.000 # 1500
32046.000 # 1500
32046.000 # 1500
32046.000 # 1500
32046.000 # 1500
32046.000 # 1500
32046.000 # 1500
32046.000 # 1500
32046.000 # 1500
32046.000 # 1500
32046.000 # 1500
32046.000 # 1500
32046.000 # 1500
32046.000 # 1500
32046.000 # 1500
32046.000 # 1500
32046.000 # 1500
32046.000 # 1500
32046.000 # 1500
32046.000 # 1500
32046.000 # 1500
32046.000 # 1500
32046.000 # 1500
32046.000 # 1500
32046.000 # 1500
32048.510 - 88 3.461 1
33045.736 + 88 1
33046.000 # 1500
33046.000 # 1500
33046.000 # 1500
33046.000 # 1500
33046.000 # 1500
33046.000 # 1500
33046.000 # 1500
33046.000 # 1500
33046.000 # 1500
33046.000 # 1500
33046.000 # 1500
33046.000 # 1500
33046.000 # 1500
33046.000 # 1500
33046.000 # 1500
33046.000 # 1500
33046.000 # 1500
33046.000 # 1500
33046.000 # 1500
33046.000 # 1500
33046.000 # 1500
33046.000 # 1500
33046.000 # 1500
33046.000 # 1500
33046.000 # 1500
33046.000 # 1500
33046.000 # 1500
33046.000 # 1500
33046.000 # 1500
33046.000 # 1500
33046.000 # 1500
33046.000 # 1500
33046.000 # 1500
33046.000 # 1500
33046.000 # 1500
33046.000 # 1500
33046.000 # 1500
33046.000 # 1500
33046.000 # 1500
33046.000 # 1500
33046.000 # 1500
33046.000 # 1500
33046.000 # 1500
33046.000 # 1500
33046.000 # 1500
33046.000 # 1500
33046.000 # 1500
33046.000 # 1500
33046.000 # 1500
33046.000 # 1500
33046.000 # 1500
33046.000 # 1500
33046.000 # 1500
33046.000 # 1500
33046.000 # 1500
33046.000 # 1500
33046.000 # 1500
33046.000 # 1500
33046.000 # 1500
33046.000 # 1500
33047.789 - 88 2.053 1
34046.000 # 1500
34046.000 # 1500
34046.000 # 1500
34046.000 # 1500
34046.000 # 1500
34046.000 # 1500
34046.000 # 1500
34046.000 # 1500
34046.000 # 1500
34046.000 # 1500
34046.000 # 1500
34046.000 # 1500
34046.000 # 1500
34046.000 # 1500
34046.000 # 1500
34046.000 # 1500
34046.000 # 1500
34046.000 # 1500
34046.000 # 1500
34046.000 # 1500
34046.000 # 1500
34046.000 # 1500
34046.000 # 1500
34046.000 # 1500
34046.000 # 1500
34046.000 # 1500
34046.000 # 1500
34046.000 # 1500
34046.000 # 1500
34046.000 # 1500
34046.000 # 1500
34046.000 # 1500
34046.000 # 1500
34046.000 # 1500
34046.000 # 1500
34046.000 # 1500
34046.000 # 1500
34046.000 # 1500
34046.000 # 1500
34046.000 # 1500
34046.000 # 1500
34046.000 # 1500
34046.000 # 1500
34046.000 # 1500
34046.000 # 1500
34046.000 # 1500
34046.000 # 1500
34046.000 # 1500
34046.000 # 1500
34046.000 # 1500
34046.000 # 1500
34046.000 # 1500
34046.000 # 1500
34046.000 # 1500
34046.000 # 1500
34046.000 # 1500
34046.000 # 1500
34046.000 # 1500
34046.000 # 1500
34046.000 # 1500
34046.721 + 88 1
