# init timestamp: 1746041007796.000
1043.000 # 1500
1043.000 # 1500
1043.000 # 1500
1043.000 # 1500
1043.000 # 1500
1043.000 # 1500
1043.000 # 1500
1043.000 # 1500
1043.000 # 1500
1043.000 # 1500
1043.000 # 1500
1043.000 # 1500
1043.000 # 1500
1043.000 # 1500
1043.000 # 1500
1043.000 # 1500
1043.000 # 1500
1043.000 # 1500
1043.000 # 1500
1043.000 # 1500
1043.000 # 1500
1043.000 # 1500
1043.000 # 1500
1043.000 # 1500
1043.000 # 1500
1043.000 # 1500
1043.000 # 1500
1043.000 # 1500
1043.000 # 1500
1043.000 # 1500
1043.000 # 1500
1043.000 # 1500
1043.000 # 1500
1043.000 # 1500
1043.000 # 1500
1043.000 # 1500
1043.000 # 1500
1043.000 # 1500
1043.000 # 1500
1043.000 # 1500
1043.000 # 1500
1043.000 # 1500
1043.000 # 1500
1043.000 # 1500
1043.000 # 1500
1043.000 # 1500
1043.000 # 1500
1043.000 # 1500
1043.000 # 1500
1043.000 # 1500
1043.000 # 1500
1043.000 # 1500
1043.000 # 1500
1043.000 # 1500
1043.000 # 1500
1043.000 # 1500
1043.000 # 1500
1043.000 # 1500
1043.000 # 1500
1043.000 # 1500
2043.000 # 1500
2043.000 # 1500
2043.000 # 1500
2043.000 # 1500
2043.000 # 1500
2043.000 # 1500
2043.000 # 1500
2043.000 # 1500
2043.000 # 1500
2043.000 # 1500
2043.000 # 1500
2043.000 # 1500
2043.000 # 1500
2043.000 # 1500
2043.000 # 1500
2043.000 # 1500
2043.000 # 1500
2043.000 # 1500
2043.000 # 1500
2043.000 # 1500
2043.000 # 1500
2043.000 # 1500
2043.000 # 1500
2043.000 # 1500
2043.000 # 1500
2043.000 # 1500
2043.000 # 1500
2043.000 # 1500
2043.000 # 1500
2043.000 # 1500
2043.000 # 1500
2043.000 # 1500
2043.000 # 1500
2043.000 # 1500
2043.000 # 1500
2043.000 # 1500
2043.000 # 1500
2043.000 # 1500
2043.000 # 1500
2043.000 # 1500
2043.000 # 1500
2043.000 # 1500
2043.000 # 1500
2043.000 # 1500
2043.000 # 1500
2043.000 # 1500
2043.000 # 1500
2043.000 # 1500
2043.000 # 1500
2043.000 # 1500
2043.000 # 1500
2043.000 # 1500
2043.000 # 1500
2043.000 # 1500
2043.000 # 1500
2043.000 # 1500
2043.000 # 1500
2043.000 # 1500
2043.000 # 1500
2043.000 # 1500
3043.000 # 1500
3043.000 # 1500
3043.000 # 1500
3043.000 # 1500
3043.000 # 1500
3043.000 # 1500
3043.000 # 1500
3043.000 # 1500
3043.000 # 1500
3043.000 # 1500
3043.000 # 1500
3043.000 # 1500
3043.000 # 1500
3043.000 # 1500
3043.000 # 1500
3043.000 # 1500
3043.000 # 1500
3043.000 # 1500
3043.000 # 1500
3043.000 # 1500
3043.000 # 1500
3043.000 # 1500
3043.000 # 1500
3043.000 # 1500
3043.000 # 1500
3043.000 # 1500
3043.000 # 1500
3043.000 # 1500
3043.000 # 1500
3043.000 # 1500
3043.000 # 1500
3043.000 # 1500
3043.000 # 1500
3043.000 # 1500
3043.000 # 1500
3043.000 # 1500
3043.000 # 1500
3043.000 # 1500
3043.000 # 1500
3043.000 # 1500
3043.000 # 1500
3043.000 # 1500
3043.000 # 1500
3043.000 # 1500
3043.000 # 1500
3043.000 # 1500
3043.000 # 1500
3043.000 # 1500
3043.000 # 1500
3043.000 # 1500
3043.000 # 1500
3043.000 # 1500
3043.000 # 1500
3043.000 # 1500
3043.000 # 1500
3043.000 # 1500
3043.000 # 1500
3043.000 # 1500
3043.000 # 1500
3043.000 # 1500
4043.000 # 1500
4043.000 # 1500
4043.000 # 1500
4043.000 # 1500
4043.000 # 1500
4043.000 # 1500
4043.000 # 1500
4043.000 # 1500
4043.000 # 1500
4043.000 # 1500
4043.000 # 1500
4043.000 # 1500
4043.000 # 1500
4043.000 # 1500
4043.000 # 1500
4043.000 # 1500
4043.000 # 1500
4043.000 # 1500
4043.000 # 1500
4043.000 # 1500
4043.000 # 1500
4043.000 # 1500
4043.000 # 1500
4043.000 # 1500
4043.000 # 1500
4043.000 # 1500
4043.000 # 1500
4043.000 # 1500
4043.000 # 1500
4043.000 # 1500
4043.000 # 1500
4043.000 # 1500
4043.000 # 1500
4043.000 # 1500
4043.000 # 1500
4043.000 # 1500
4043.000 # 1500
4043.000 # 1500
4043.000 # 1500
4043.000 # 1500
4043.000 # 1500
4043.000 # 1500
4043.000 # 1500
4043.000 # 1500
4043.000 # 1500
4043.000 # 1500
4043.000 # 1500
4043.000 # 1500
4043.000 # 1500
4043.000 # 1500
4043.000 # 1500
4043.000 # 1500
4043.000 # 1500
4043.000 # 1500
4043.000 # 1500
4043.000 # 1500
4043.000 # 1500
4043.000 # 1500
4043.000 # 1500
4043.000 # 1500
4085.241 + 96 1
5043.000 # 1500
5043.000 # 1500
5043.000 # 1500
5043.000 # 1500
5043.000 # 1500
5043.000 # 1500
5043.000 # 1500
5043.000 # 1500
5043.000 # 1500
5043.000 # 1500
5043.000 # 1500
5043.000 # 1500
5043.000 # 1500
5043.000 # 1500
5043.000 # 1500
5043.000 # 1500
5043.000 # 1500
5043.000 # 1500
5043.000 # 1500
5043.000 # 1500
5043.000 # 1500
5043.000 # 1500
5043.000 # 1500
5043.000 # 1500
5043.000 # 1500
5043.000 # 1500
5043.000 # 1500
5043.000 # 1500
5043.000 # 1500
5043.000 # 1500
5043.000 # 1500
5043.000 # 1500
5043.000 # 1500
5043.000 # 1500
5043.000 # 1500
5043.000 # 1500
5043.000 # 1500
5043.000 # 1500
5043.000 # 1500
5043.000 # 1500
5043.000 # 1500
5043.000 # 1500
5043.000 # 1500
5043.000 # 1500
5043.000 # 1500
5043.000 # 1500
5043.000 # 1500
5043.000 # 1500
5043.000 # 1500
5043.000 # 1500
5043.000 # 1500
5043.000 # 1500
5043.000 # 1500
5043.000 # 1500
5043.000 # 1500
5043.000 # 1500
5043.000 # 1500
5043.000 # 1500
5043.000 # 1500
5043.000 # 1500
5044.803 - 96 959.562 1
5048.255 + 88 1
5048.699 + 1500 1
5048.770 + 1500 1
5048.782 + 1500 1
5048.787 + 1500 1
5048.792 + 1500 1
5048.796 + 1500 1
5048.800 + 1500 1
5048.805 + 1500 1
5048.808 + 1500 1
5048.813 + 1500 1
6043.000 # 1500
6043.000 # 1500
6043.000 # 1500
6043.000 # 1500
6043.000 # 1500
6043.000 # 1500
6043.000 # 1500
6043.000 # 1500
6043.000 # 1500
6043.000 # 1500
6043.000 # 1500
6043.000 # 1500
6043.000 # 1500
6043.000 # 1500
6043.000 # 1500
6043.000 # 1500
6043.000 # 1500
6043.000 # 1500
6043.000 # 1500
6043.000 # 1500
6043.000 # 1500
6043.000 # 1500
6043.000 # 1500
6043.000 # 1500
6043.000 # 1500
6043.000 # 1500
6043.000 # 1500
6043.000 # 1500
6043.000 # 1500
6043.000 # 1500
6043.000 # 1500
6043.000 # 1500
6043.000 # 1500
6043.000 # 1500
6043.000 # 1500
6043.000 # 1500
6043.000 # 1500
6043.000 # 1500
6043.000 # 1500
6043.000 # 1500
6043.000 # 1500
6043.000 # 1500
6043.000 # 1500
6043.000 # 1500
6043.000 # 1500
6043.000 # 1500
6043.000 # 1500
6043.000 # 1500
6043.000 # 1500
6043.000 # 1500
6043.000 # 1500
6043.000 # 1500
6043.000 # 1500
6043.000 # 1500
6043.000 # 1500
6043.000 # 1500
6043.000 # 1500
6043.000 # 1500
6043.000 # 1500
6043.000 # 1500
6044.978 - 88 996.723 1
6045.365 - 1500 996.666 1
6045.534 - 1500 996.764 1
6045.579 - 1500 996.797 1
6045.602 - 1500 996.815 1
6045.624 - 1500 996.832 1
6045.643 - 1500 996.847 1
6046.274 - 1500 997.474 1
6046.311 - 1500 997.506 1
6046.330 - 1500 997.522 1
6046.348 - 1500 997.535 1
6047.095 + 1500 1
6064.882 + 1500 1
6098.008 + 1500 1
6132.134 + 1500 1
6166.661 + 1500 1
6209.435 + 1500 1
6242.539 + 1500 1
6267.272 + 1500 1
6300.308 + 1500 1
6335.104 + 1500 1
7043.000 # 1500
7043.000 # 1500
7043.000 # 1500
7043.000 # 1500
7043.000 # 1500
7043.000 # 1500
7043.000 # 1500
7043.000 # 1500
7043.000 # 1500
7043.000 # 1500
7043.000 # 1500
7043.000 # 1500
7043.000 # 1500
7043.000 # 1500
7043.000 # 1500
7043.000 # 1500
7043.000 # 1500
7043.000 # 1500
7043.000 # 1500
7043.000 # 1500
7043.000 # 1500
7043.000 # 1500
7043.000 # 1500
7043.000 # 1500
7043.000 # 1500
7043.000 # 1500
7043.000 # 1500
7043.000 # 1500
7043.000 # 1500
7043.000 # 1500
7043.000 # 1500
7043.000 # 1500
7043.000 # 1500
7043.000 # 1500
7043.000 # 1500
7043.000 # 1500
7043.000 # 1500
7043.000 # 1500
7043.000 # 1500
7043.000 # 1500
7043.000 # 1500
7043.000 # 1500
7043.000 # 1500
7043.000 # 1500
7043.000 # 1500
7043.000 # 1500
7043.000 # 1500
7043.000 # 1500
7043.000 # 1500
7043.000 # 1500
7043.000 # 1500
7043.000 # 1500
7043.000 # 1500
7043.000 # 1500
7043.000 # 1500
7043.000 # 1500
7043.000 # 1500
7043.000 # 1500
7043.000 # 1500
7043.000 # 1500
7046.055 - 1500 998.960 1
7046.363 - 1500 981.481 1
7046.427 - 1500 948.419 1
7046.438 - 1500 914.304 1
7046.446 - 1500 879.785 1
7046.455 - 1500 837.020 1
7046.463 - 1500 803.924 1
7046.506 - 1500 779.234 1
7046.524 - 1500 746.216 1
7046.529 - 1500 711.425 1
7046.601 + 1500 1
7063.673 + 1500 1
7097.876 + 1500 1
7131.401 + 1500 1
7165.565 + 1500 1
7200.401 + 1500 1
7232.599 + 1500 1
7267.117 + 1500 1
8043.000 # 1500
8043.000 # 1500
8043.000 # 1500
8043.000 # 1500
8043.000 # 1500
8043.000 # 1500
8043.000 # 1500
8043.000 # 1500
8043.000 # 1500
8043.000 # 1500
8043.000 # 1500
8043.000 # 1500
8043.000 # 1500
8043.000 # 1500
8043.000 # 1500
8043.000 # 1500
8043.000 # 1500
8043.000 # 1500
8043.000 # 1500
8043.000 # 1500
8043.000 # 1500
8043.000 # 1500
8043.000 # 1500
8043.000 # 1500
8043.000 # 1500
8043.000 # 1500
8043.000 # 1500
8043.000 # 1500
8043.000 # 1500
8043.000 # 1500
8043.000 # 1500
8043.000 # 1500
8043.000 # 1500
8043.000 # 1500
8043.000 # 1500
8043.000 # 1500
8043.000 # 1500
8043.000 # 1500
8043.000 # 1500
8043.000 # 1500
8043.000 # 1500
8043.000 # 1500
8043.000 # 1500
8043.000 # 1500
8043.000 # 1500
8043.000 # 1500
8043.000 # 1500
8043.000 # 1500
8043.000 # 1500
8043.000 # 1500
8043.000 # 1500
8043.000 # 1500
8043.000 # 1500
8043.000 # 1500
8043.000 # 1500
8043.000 # 1500
8043.000 # 1500
8043.000 # 1500
8043.000 # 1500
8043.000 # 1500
8045.779 - 1500 999.178 1
8045.936 - 1500 982.263 1
8045.963 - 1500 948.087 1
8045.973 - 1500 914.572 1
8045.982 - 1500 880.417 1
8045.990 - 1500 845.589 1
8045.999 - 1500 813.400 1
8046.007 - 1500 778.890 1
8047.851 + 1500 1
8065.353 + 1500 1
8098.849 + 1500 1
8134.712 + 1500 1
8167.841 + 1500 1
8199.997 + 1500 1
8233.934 + 1500 1
8267.982 + 1500 1
8301.238 + 1500 1
8335.680 + 1500 1
8368.948 + 1500 1
8402.461 + 1500 1
8436.784 + 1500 1
8469.739 + 1500 1
8504.562 + 1500 1
9043.000 # 1500
9043.000 # 1500
9043.000 # 1500
9043.000 # 1500
9043.000 # 1500
9043.000 # 1500
9043.000 # 1500
9043.000 # 1500
9043.000 # 1500
9043.000 # 1500
9043.000 # 1500
9043.000 # 1500
9043.000 # 1500
9043.000 # 1500
9043.000 # 1500
9043.000 # 1500
9043.000 # 1500
9043.000 # 1500
9043.000 # 1500
9043.000 # 1500
9043.000 # 1500
9043.000 # 1500
9043.000 # 1500
9043.000 # 1500
9043.000 # 1500
9043.000 # 1500
9043.000 # 1500
9043.000 # 1500
9043.000 # 1500
9043.000 # 1500
9043.000 # 1500
9043.000 # 1500
9043.000 # 1500
9043.000 # 1500
9043.000 # 1500
9043.000 # 1500
9043.000 # 1500
9043.000 # 1500
9043.000 # 1500
9043.000 # 1500
9043.000 # 1500
9043.000 # 1500
9043.000 # 1500
9043.000 # 1500
9043.000 # 1500
9043.000 # 1500
9043.000 # 1500
9043.000 # 1500
9043.000 # 1500
9043.000 # 1500
9043.000 # 1500
9043.000 # 1500
9043.000 # 1500
9043.000 # 1500
9043.000 # 1500
9043.000 # 1500
9043.000 # 1500
9043.000 # 1500
9043.000 # 1500
9043.000 # 1500
9046.254 - 1500 998.403 1
9046.622 - 1500 981.269 1
9046.647 - 1500 947.798 1
9046.655 - 1500 911.943 1
9046.663 - 1500 878.822 1
9046.761 - 1500 846.764 1
9046.875 - 1500 812.941 1
9046.895 - 1500 778.913 1
9046.911 - 1500 745.673 1
9046.927 - 1500 711.247 1
9046.943 - 1500 677.995 1
9046.957 - 1500 644.496 1
9046.973 - 1500 610.189 1
9046.988 - 1500 577.249 1
9047.003 - 1500 542.441 1
9047.799 + 1500 1
9065.141 + 1500 1
9098.627 + 1500 1
9133.456 + 1500 1
9166.550 + 1500 1
9200.115 + 1500 1
9253.281 + 1500 1
9271.722 + 1500 1
9304.835 + 1500 1
9344.152 + 1500 1
9372.526 + 1500 1
9405.654 + 1500 1
9440.454 + 1500 1
9473.997 + 1500 1
9508.352 + 1500 1
9540.066 + 1500 1
10043.000 # 1500
10043.000 # 1500
10043.000 # 1500
10043.000 # 1500
10043.000 # 1500
10043.000 # 1500
10043.000 # 1500
10043.000 # 1500
10043.000 # 1500
10043.000 # 1500
10043.000 # 1500
10043.000 # 1500
10043.000 # 1500
10043.000 # 1500
10043.000 # 1500
10043.000 # 1500
10043.000 # 1500
10043.000 # 1500
10043.000 # 1500
10043.000 # 1500
10043.000 # 1500
10043.000 # 1500
10043.000 # 1500
10043.000 # 1500
10043.000 # 1500
10043.000 # 1500
10043.000 # 1500
10043.000 # 1500
10043.000 # 1500
10043.000 # 1500
10043.000 # 1500
10043.000 # 1500
10043.000 # 1500
10043.000 # 1500
10043.000 # 1500
10043.000 # 1500
10043.000 # 1500
10043.000 # 1500
10043.000 # 1500
10043.000 # 1500
10043.000 # 1500
10043.000 # 1500
10043.000 # 1500
10043.000 # 1500
10043.000 # 1500
10043.000 # 1500
10043.000 # 1500
10043.000 # 1500
10043.000 # 1500
10043.000 # 1500
10043.000 # 1500
10043.000 # 1500
10043.000 # 1500
10043.000 # 1500
10043.000 # 1500
10043.000 # 1500
10043.000 # 1500
10043.000 # 1500
10043.000 # 1500
10043.000 # 1500
10045.747 - 1500 997.948 1
10045.942 - 1500 980.801 1
10045.985 - 1500 947.358 1
10046.018 - 1500 912.562 1
10046.042 - 1500 879.492 1
10046.067 - 1500 845.952 1
10046.094 - 1500 792.813 1
10046.118 - 1500 774.396 1
10046.147 - 1500 741.312 1
10046.171 - 1500 702.019 1
10046.193 - 1500 673.667 1
10046.219 - 1500 640.565 1
10046.244 - 1500 605.790 1
10046.267 - 1500 572.270 1
10046.297 - 1500 537.945 1
10046.320 - 1500 506.254 1
10046.704 + 1500 1
10064.744 + 1500 1
10097.737 + 1500 1
10131.449 + 1500 1
10164.453 + 1500 1
10198.091 + 1500 1
10232.220 + 1500 1
10265.583 + 1500 1
10299.184 + 1500 1
10332.270 + 1500 1
10368.557 + 1500 1
10400.109 + 1500 1
10433.039 + 1500 1
10467.273 + 1500 1
10500.979 + 1500 1
10533.903 + 1500 1
11043.000 # 1500
11043.000 # 1500
11043.000 # 1500
11043.000 # 1500
11043.000 # 1500
11043.000 # 1500
11043.000 # 1500
11043.000 # 1500
11043.000 # 1500
11043.000 # 1500
11043.000 # 1500
11043.000 # 1500
11043.000 # 1500
11043.000 # 1500
11043.000 # 1500
11043.000 # 1500
11043.000 # 1500
11043.000 # 1500
11043.000 # 1500
11043.000 # 1500
11043.000 # 1500
11043.000 # 1500
11043.000 # 1500
11043.000 # 1500
11043.000 # 1500
11043.000 # 1500
11043.000 # 1500
11043.000 # 1500
11043.000 # 1500
11043.000 # 1500
11043.000 # 1500
11043.000 # 1500
11043.000 # 1500
11043.000 # 1500
11043.000 # 1500
11043.000 # 1500
11043.000 # 1500
11043.000 # 1500
11043.000 # 1500
11043.000 # 1500
11043.000 # 1500
11043.000 # 1500
11043.000 # 1500
11043.000 # 1500
11043.000 # 1500
11043.000 # 1500
11043.000 # 1500
11043.000 # 1500
11043.000 # 1500
11043.000 # 1500
11043.000 # 1500
11043.000 # 1500
11043.000 # 1500
11043.000 # 1500
11043.000 # 1500
11043.000 # 1500
11043.000 # 1500
11043.000 # 1500
11043.000 # 1500
11043.000 # 1500
11045.541 - 1500 998.837 1
11045.730 - 1500 980.986 1
11045.750 - 1500 948.013 1
11045.760 - 1500 914.311 1
11045.769 - 1500 881.316 1
11045.777 - 1500 847.686 1
11045.786 - 1500 813.566 1
11045.794 - 1500 780.211 1
11045.800 - 1500 746.616 1
11045.804 - 1500 713.534 1
11045.809 - 1500 677.252 1
11045.814 - 1500 645.705 1
11045.819 - 1500 612.780 1
11045.823 - 1500 578.550 1
11045.828 - 1500 544.849 1
11045.832 - 1500 511.929 1
11046.352 + 1500 1
11064.039 + 1500 1
11087.760 + 1500 1
11110.021 + 1500 1
11133.797 + 1500 1
11156.535 + 1500 1
11179.531 + 1500 1
11202.794 + 1500 1
11225.912 + 1500 1
11248.629 + 1500 1
11271.415 + 1500 1
11294.547 + 1500 1
11318.331 + 1500 1
11342.126 + 1500 1
11363.692 + 1500 1
11387.009 + 1500 1
11410.832 + 1500 1
11433.584 + 1500 1
11456.959 + 1500 1
11480.850 + 1500 1
11503.755 + 1500 1
11526.413 + 1500 1
11549.145 + 1500 1
11576.357 + 1500 1
11594.924 + 1500 1
11617.914 + 1500 1
11641.592 + 1500 1
11664.250 + 1500 1
11687.246 + 1500 1
11710.912 + 1500 1
11734.255 + 1500 1
11757.091 + 1500 1
11779.958 + 1500 1
12043.000 # 1500
12043.000 # 1500
12043.000 # 1500
12043.000 # 1500
12043.000 # 1500
12043.000 # 1500
12043.000 # 1500
12043.000 # 1500
12043.000 # 1500
12043.000 # 1500
12043.000 # 1500
12043.000 # 1500
12043.000 # 1500
12043.000 # 1500
12043.000 # 1500
12043.000 # 1500
12043.000 # 1500
12043.000 # 1500
12043.000 # 1500
12043.000 # 1500
12043.000 # 1500
12043.000 # 1500
12043.000 # 1500
12043.000 # 1500
12043.000 # 1500
12043.000 # 1500
12043.000 # 1500
12043.000 # 1500
12043.000 # 1500
12043.000 # 1500
12043.000 # 1500
12043.000 # 1500
12043.000 # 1500
12043.000 # 1500
12043.000 # 1500
12043.000 # 1500
12043.000 # 1500
12043.000 # 1500
12043.000 # 1500
12043.000 # 1500
12043.000 # 1500
12043.000 # 1500
12043.000 # 1500
12043.000 # 1500
12043.000 # 1500
12043.000 # 1500
12043.000 # 1500
12043.000 # 1500
12043.000 # 1500
12043.000 # 1500
12043.000 # 1500
12043.000 # 1500
12043.000 # 1500
12043.000 # 1500
12043.000 # 1500
12043.000 # 1500
12043.000 # 1500
12043.000 # 1500
12043.000 # 1500
12043.000 # 1500
12044.249 - 1500 997.897 1
12044.449 - 1500 980.410 1
12044.476 - 1500 956.716 1
12044.488 - 1500 934.467 1
12044.499 - 1500 910.702 1
12044.510 - 1500 887.975 1
12044.522 - 1500 864.991 1
12044.533 - 1500 841.739 1
12044.545 - 1500 818.633 1
12044.557 - 1500 795.928 1
12044.569 - 1500 773.154 1
12044.580 - 1500 750.033 1
12044.591 - 1500 726.260 1
12044.602 - 1500 702.476 1
12044.613 - 1500 680.921 1
12044.624 - 1500 657.615 1
12044.635 - 1500 633.803 1
12044.647 - 1500 611.063 1
12044.658 - 1500 587.699 1
12044.669 - 1500 563.819 1
12044.680 - 1500 540.925 1
12044.691 - 1500 518.278 1
12044.702 - 1500 495.557 1
12044.713 - 1500 468.356 1
12044.725 - 1500 449.801 1
12044.737 - 1500 426.823 1
12044.748 - 1500 403.156 1
12044.759 - 1500 380.509 1
12044.770 - 1500 357.524 1
12044.782 - 1500 333.870 1
12044.793 - 1500 310.538 1
12044.805 - 1500 287.714 1
12044.818 - 1500 264.860 1
12048.212 + 1500 1
12060.825 + 1500 1
12074.435 + 1500 1
12086.828 + 1500 1
12099.819 + 1500 1
12111.692 + 1500 1
12125.700 + 1500 1
12138.480 + 1500 1
12151.158 + 1500 1
12164.303 + 1500 1
12176.677 + 1500 1
12189.326 + 1500 1
12201.964 + 1500 1
12215.058 + 1500 1
12228.193 + 1500 1
12241.455 + 1500 1
12253.644 + 1500 1
12266.543 + 1500 1
12279.658 + 1500 1
12294.352 + 1500 1
12306.957 + 1500 1
12318.156 + 1500 1
12331.434 + 1500 1
12343.924 + 1500 1
12357.686 + 1500 1
12370.459 + 1500 1
12383.052 + 1500 1
12397.330 + 1500 1
12409.853 + 1500 1
12422.071 + 1500 1
12434.959 + 1500 1
12449.324 + 1500 1
12460.451 + 1500 1
12474.039 + 1500 1
12486.780 + 1500 1
12499.593 + 1500 1
12512.826 + 1500 1
12524.869 + 1500 1
12538.507 + 1500 1
12552.034 + 1500 1
12563.784 + 1500 1
12577.243 + 1500 1
12590.135 + 1500 1
12603.214 + 1500 1
12616.431 + 1500 1
12629.132 + 1500 1
13043.000 # 1500
13043.000 # 1500
13043.000 # 1500
13043.000 # 1500
13043.000 # 1500
13043.000 # 1500
13043.000 # 1500
13043.000 # 1500
13043.000 # 1500
13043.000 # 1500
13043.000 # 1500
13043.000 # 1500
13043.000 # 1500
13043.000 # 1500
13043.000 # 1500
13043.000 # 1500
13043.000 # 1500
13043.000 # 1500
13043.000 # 1500
13043.000 # 1500
13043.000 # 1500
13043.000 # 1500
13043.000 # 1500
13043.000 # 1500
13043.000 # 1500
13043.000 # 1500
13043.000 # 1500
13043.000 # 1500
13043.000 # 1500
13043.000 # 1500
13043.000 # 1500
13043.000 # 1500
13043.000 # 1500
13043.000 # 1500
13043.000 # 1500
13043.000 # 1500
13043.000 # 1500
13043.000 # 1500
13043.000 # 1500
13043.000 # 1500
13043.000 # 1500
13043.000 # 1500
13043.000 # 1500
13043.000 # 1500
13043.000 # 1500
13043.000 # 1500
13043.000 # 1500
13043.000 # 1500
13043.000 # 1500
13043.000 # 1500
13043.000 # 1500
13043.000 # 1500
13043.000 # 1500
13043.000 # 1500
13043.000 # 1500
13043.000 # 1500
13043.000 # 1500
13043.000 # 1500
13043.000 # 1500
13043.000 # 1500
13045.030 - 1500 996.818 1
13045.359 - 1500 984.534 1
13045.388 - 1500 970.953 1
13045.402 - 1500 958.574 1
13045.415 - 1500 945.596 1
13045.422 - 1500 933.730 1
13045.428 - 1500 919.728 1
13045.435 - 1500 906.955 1
13045.441 - 1500 894.283 1
13045.447 - 1500 881.144 1
13045.460 - 1500 868.783 1
13045.473 - 1500 856.147 1
13045.486 - 1500 843.522 1
13045.500 - 1500 830.442 1
13045.512 - 1500 817.319 1
13045.526 - 1500 804.071 1
13045.542 - 1500 791.898 1
13045.871 - 1500 779.328 1
13045.971 - 1500 766.313 1
13045.988 - 1500 751.636 1
13046.001 - 1500 739.044 1
13046.014 - 1500 727.858 1
13046.027 - 1500 714.593 1
13046.039 - 1500 702.115 1
13046.052 - 1500 688.366 1
13046.065 - 1500 675.606 1
13046.079 - 1500 663.027 1
13046.091 - 1500 648.761 1
13046.105 - 1500 636.252 1
13046.116 - 1500 624.045 1
13046.129 - 1500 611.170 1
13046.208 - 1500 596.884 1
13046.225 - 1500 585.774 1
13046.238 - 1500 572.199 1
13046.251 - 1500 559.471 1
13046.262 - 1500 546.669 1
13046.283 - 1500 533.457 1
13046.367 + 1500 1
13046.368 - 1500 521.499 1
13046.387 - 1500 507.880 1
13046.430 - 1500 494.396 1
13046.515 - 1500 482.731 1
13046.531 - 1500 469.288 1
13046.543 - 1500 456.408 1
13046.549 - 1500 443.335 1
13046.555 - 1500 430.124 1
13046.570 - 1500 417.438 1
13053.402 + 1500 1
13066.604 + 1500 1
13079.695 + 1500 1
13091.962 + 1500 1
13104.975 + 1500 1
13118.644 + 1500 1
13131.613 + 1500 1
13144.073 + 1500 1
13156.704 + 1500 1
13170.179 + 1500 1
13182.439 + 1500 1
13196.466 + 1500 1
14043.000 # 1500
14043.000 # 1500
14043.000 # 1500
14043.000 # 1500
14043.000 # 1500
14043.000 # 1500
14043.000 # 1500
14043.000 # 1500
14043.000 # 1500
14043.000 # 1500
14043.000 # 1500
14043.000 # 1500
14043.000 # 1500
14043.000 # 1500
14043.000 # 1500
14043.000 # 1500
14043.000 # 1500
14043.000 # 1500
14043.000 # 1500
14043.000 # 1500
14043.000 # 1500
14043.000 # 1500
14043.000 # 1500
14043.000 # 1500
14043.000 # 1500
14043.000 # 1500
14043.000 # 1500
14043.000 # 1500
14043.000 # 1500
14043.000 # 1500
14043.000 # 1500
14043.000 # 1500
14043.000 # 1500
14043.000 # 1500
14043.000 # 1500
14043.000 # 1500
14043.000 # 1500
14043.000 # 1500
14043.000 # 1500
14043.000 # 1500
14043.000 # 1500
14043.000 # 1500
14043.000 # 1500
14043.000 # 1500
14043.000 # 1500
14043.000 # 1500
14043.000 # 1500
14043.000 # 1500
14043.000 # 1500
14043.000 # 1500
14043.000 # 1500
14043.000 # 1500
14043.000 # 1500
14043.000 # 1500
14043.000 # 1500
14043.000 # 1500
14043.000 # 1500
14043.000 # 1500
14043.000 # 1500
14043.000 # 1500
14045.145 - 1500 998.778 1
14045.266 - 1500 991.864 1
14045.279 - 1500 978.675 1
14045.284 - 1500 965.589 1
14045.288 - 1500 953.326 1
14045.293 - 1500 940.318 1
14045.297 - 1500 926.653 1
14045.301 - 1500 913.688 1
14045.305 - 1500 901.232 1
14045.309 - 1500 888.605 1
14045.313 - 1500 875.134 1
14045.317 - 1500 862.878 1
14045.321 - 1500 848.855 1
14046.957 + 1500 1
14054.663 + 1500 1
14054.769 + 1500 1
14069.422 + 1500 1
14077.810 + 1500 1
14077.855 + 1500 1
14093.694 + 1500 1
14093.854 + 1500 1
14107.506 + 1500 1
14107.653 + 1500 1
14122.390 + 1500 1
14122.488 + 1500 1
14137.419 + 1500 1
14137.610 + 1500 1
14153.014 + 1500 1
14153.114 + 1500 1
14170.301 + 1500 1
14170.402 + 1500 1
14184.849 + 1500 1
14184.960 + 1500 1
14199.373 + 1500 1
14199.638 + 1500 1
14213.672 + 1500 1
14213.947 + 1500 1
14230.435 + 1500 1
14230.530 + 1500 1
14245.463 + 1500 1
14253.692 + 1500 1
14253.790 + 1500 1
14267.841 + 1500 1
14267.938 + 1500 1
14283.442 + 1500 1
14283.591 + 1500 1
14298.502 + 1500 1
14298.616 + 1500 1
14312.735 + 1500 1
14312.822 + 1500 1
14329.652 + 1500 1
14329.754 + 1500 1
14343.164 + 1500 1
14343.262 + 1500 1
14361.411 + 1500 1
14361.552 + 1500 1
14374.977 + 1500 1
14375.097 + 1500 1
14389.466 + 1500 1
15043.000 # 1500
15043.000 # 1500
15043.000 # 1500
15043.000 # 1500
15043.000 # 1500
15043.000 # 1500
15043.000 # 1500
15043.000 # 1500
15043.000 # 1500
15043.000 # 1500
15043.000 # 1500
15043.000 # 1500
15043.000 # 1500
15043.000 # 1500
15043.000 # 1500
15043.000 # 1500
15043.000 # 1500
15043.000 # 1500
15043.000 # 1500
15043.000 # 1500
15043.000 # 1500
15043.000 # 1500
15043.000 # 1500
15043.000 # 1500
15043.000 # 1500
15043.000 # 1500
15043.000 # 1500
15043.000 # 1500
15043.000 # 1500
15043.000 # 1500
15043.000 # 1500
15043.000 # 1500
15043.000 # 1500
15043.000 # 1500
15043.000 # 1500
15043.000 # 1500
15043.000 # 1500
15043.000 # 1500
15043.000 # 1500
15043.000 # 1500
15043.000 # 1500
15043.000 # 1500
15043.000 # 1500
15043.000 # 1500
15043.000 # 1500
15043.000 # 1500
15043.000 # 1500
15043.000 # 1500
15043.000 # 1500
15043.000 # 1500
15043.000 # 1500
15043.000 # 1500
15043.000 # 1500
15043.000 # 1500
15043.000 # 1500
15043.000 # 1500
15043.000 # 1500
15043.000 # 1500
15043.000 # 1500
15043.000 # 1500
15046.616 - 1500 999.659 1
15046.702 - 1500 992.039 1
15046.809 - 1500 992.040 1
15046.930 - 1500 977.508 1
15046.957 - 1500 969.147 1
15046.984 - 1500 969.129 1
15046.993 - 1500 953.299 1
15047.002 - 1500 953.148 1
15047.012 - 1500 939.506 1
15047.021 - 1500 939.368 1
15047.030 - 1500 924.640 1
15047.040 - 1500 924.552 1
15047.049 - 1500 909.630 1
15047.058 - 1500 909.448 1
15047.067 - 1500 894.053 1
15047.077 - 1500 893.963 1
15047.087 - 1500 876.786 1
15047.096 - 1500 876.694 1
15047.105 - 1500 862.256 1
15047.115 - 1500 862.155 1
15047.124 - 1500 847.751 1
15047.133 - 1500 847.495 1
15047.142 - 1500 833.470 1
15047.151 - 1500 833.204 1
15047.161 - 1500 816.726 1
15047.169 - 1500 816.639 1
15047.178 - 1500 801.715 1
15047.187 - 1500 793.495 1
15047.196 - 1500 793.406 1
15047.205 - 1500 779.364 1
15047.215 - 1500 779.277 1
15047.225 - 1500 763.783 1
15047.234 - 1500 763.643 1
15047.243 - 1500 748.741 1
15047.252 - 1500 748.636 1
15047.261 - 1500 734.526 1
15047.270 - 1500 734.448 1
15047.279 - 1500 717.627 1
15047.289 - 1500 717.535 1
15047.297 - 1500 704.133 1
15047.306 - 1500 704.044 1
15047.315 - 1500 685.904 1
15047.324 - 1500 685.772 1
15047.333 - 1500 672.356 1
15047.343 - 1500 672.246 1
15047.352 - 1500 657.886 1
16043.000 # 1500
16043.000 # 1500
16043.000 # 1500
16043.000 # 1500
16043.000 # 1500
16043.000 # 1500
16043.000 # 1500
16043.000 # 1500
16043.000 # 1500
16043.000 # 1500
16043.000 # 1500
16043.000 # 1500
16043.000 # 1500
16043.000 # 1500
16043.000 # 1500
16043.000 # 1500
16043.000 # 1500
16043.000 # 1500
16043.000 # 1500
16043.000 # 1500
16043.000 # 1500
16043.000 # 1500
16043.000 # 1500
16043.000 # 1500
16043.000 # 1500
16043.000 # 1500
16043.000 # 1500
16043.000 # 1500
16043.000 # 1500
16043.000 # 1500
16043.000 # 1500
16043.000 # 1500
16043.000 # 1500
16043.000 # 1500
16043.000 # 1500
16043.000 # 1500
16043.000 # 1500
16043.000 # 1500
16043.000 # 1500
16043.000 # 1500
16043.000 # 1500
16043.000 # 1500
16043.000 # 1500
16043.000 # 1500
16043.000 # 1500
16043.000 # 1500
16043.000 # 1500
16043.000 # 1500
16043.000 # 1500
16043.000 # 1500
16043.000 # 1500
16043.000 # 1500
16043.000 # 1500
16043.000 # 1500
16043.000 # 1500
16043.000 # 1500
16043.000 # 1500
16043.000 # 1500
16043.000 # 1500
16043.000 # 1500
16048.411 + 1500 1
16048.561 + 1500 1
16056.246 + 1500 1
16056.355 + 1500 1
16071.972 + 1500 1
16072.066 + 1500 1
16088.165 + 1500 1
16088.268 + 1500 1
16102.115 + 1500 1
16102.241 + 1500 1
16120.049 + 1500 1
16120.266 + 1500 1
16132.684 + 1500 1
16132.913 + 1500 1
16148.302 + 1500 1
16148.541 + 1500 1
16163.325 + 1500 1
16163.572 + 1500 1
16178.441 + 1500 1
16178.697 + 1500 1
16193.294 + 1500 1
16193.426 + 1500 1
16208.823 + 1500 1
16208.972 + 1500 1
16224.435 + 1500 1
16224.603 + 1500 1
16239.550 + 1500 1
16247.409 + 1500 1
16247.575 + 1500 1
16261.996 + 1500 1
16262.213 + 1500 1
16277.096 + 1500 1
16277.272 + 1500 1
16292.361 + 1500 1
16292.529 + 1500 1
16307.432 + 1500 1
16307.602 + 1500 1
16323.818 + 1500 1
16324.022 + 1500 1
16338.399 + 1500 1
16338.621 + 1500 1
16353.221 + 1500 1
16353.449 + 1500 1
16369.373 + 1500 1
16369.611 + 1500 1
16385.012 + 1500 1
17043.000 # 1500
17043.000 # 1500
17043.000 # 1500
17043.000 # 1500
17043.000 # 1500
17043.000 # 1500
17043.000 # 1500
17043.000 # 1500
17043.000 # 1500
17043.000 # 1500
17043.000 # 1500
17043.000 # 1500
17043.000 # 1500
17043.000 # 1500
17043.000 # 1500
17043.000 # 1500
17043.000 # 1500
17043.000 # 1500
17043.000 # 1500
17043.000 # 1500
17043.000 # 1500
17043.000 # 1500
17043.000 # 1500
17043.000 # 1500
17043.000 # 1500
17043.000 # 1500
17043.000 # 1500
17043.000 # 1500
17043.000 # 1500
17043.000 # 1500
17043.000 # 1500
17043.000 # 1500
17043.000 # 1500
17043.000 # 1500
17043.000 # 1500
17043.000 # 1500
17043.000 # 1500
17043.000 # 1500
17043.000 # 1500
17043.000 # 1500
17043.000 # 1500
17043.000 # 1500
17043.000 # 1500
17043.000 # 1500
17043.000 # 1500
17043.000 # 1500
17043.000 # 1500
17043.000 # 1500
17043.000 # 1500
17043.000 # 1500
17043.000 # 1500
17043.000 # 1500
17043.000 # 1500
17043.000 # 1500
17043.000 # 1500
17043.000 # 1500
17043.000 # 1500
17043.000 # 1500
17043.000 # 1500
17043.000 # 1500
17046.032 - 1500 997.621 1
17046.090 - 1500 997.529 1
17046.100 - 1500 989.854 1
17046.110 - 1500 989.755 1
17046.117 - 1500 974.145 1
17046.123 - 1500 974.057 1
17046.130 - 1500 957.965 1
17046.136 - 1500 957.868 1
17046.142 - 1500 944.027 1
17046.148 - 1500 943.907 1
17046.154 - 1500 926.105 1
17046.161 - 1500 925.895 1
17046.167 - 1500 913.483 1
17046.173 - 1500 913.260 1
17046.179 - 1500 897.877 1
17046.185 - 1500 897.644 1
17046.191 - 1500 882.866 1
17046.198 - 1500 882.626 1
17046.204 - 1500 867.763 1
17046.210 - 1500 867.513 1
17046.216 - 1500 852.922 1
17046.222 - 1500 852.796 1
17046.228 - 1500 837.405 1
17046.235 - 1500 837.263 1
17046.241 - 1500 821.806 1
17046.247 - 1500 821.644 1
17046.253 - 1500 806.703 1
17046.259 - 1500 798.850 1
17046.265 - 1500 798.690 1
17046.272 - 1500 784.276 1
17046.278 - 1500 784.065 1
17046.284 - 1500 769.188 1
17046.290 - 1500 769.018 1
17046.296 - 1500 753.935 1
17046.302 - 1500 753.773 1
17046.308 - 1500 738.876 1
17046.314 - 1500 738.712 1
17046.320 - 1500 722.502 1
17046.326 - 1500 722.304 1
17046.332 - 1500 707.933 1
17046.338 - 1500 707.717 1
17046.344 - 1500 693.123 1
17046.350 - 1500 692.901 1
17046.356 - 1500 676.983 1
17046.362 - 1500 676.751 1
17046.368 - 1500 661.356 1
18043.000 # 1500
18043.000 # 1500
18043.000 # 1500
18043.000 # 1500
18043.000 # 1500
18043.000 # 1500
18043.000 # 1500
18043.000 # 1500
18043.000 # 1500
18043.000 # 1500
18043.000 # 1500
18043.000 # 1500
18043.000 # 1500
18043.000 # 1500
18043.000 # 1500
18043.000 # 1500
18043.000 # 1500
18043.000 # 1500
18043.000 # 1500
18043.000 # 1500
18043.000 # 1500
18043.000 # 1500
18043.000 # 1500
18043.000 # 1500
18043.000 # 1500
18043.000 # 1500
18043.000 # 1500
18043.000 # 1500
18043.000 # 1500
18043.000 # 1500
18043.000 # 1500
18043.000 # 1500
18043.000 # 1500
18043.000 # 1500
18043.000 # 1500
18043.000 # 1500
18043.000 # 1500
18043.000 # 1500
18043.000 # 1500
18043.000 # 1500
18043.000 # 1500
18043.000 # 1500
18043.000 # 1500
18043.000 # 1500
18043.000 # 1500
18043.000 # 1500
18043.000 # 1500
18043.000 # 1500
18043.000 # 1500
18043.000 # 1500
18043.000 # 1500
18043.000 # 1500
18043.000 # 1500
18043.000 # 1500
18043.000 # 1500
18043.000 # 1500
18043.000 # 1500
18043.000 # 1500
18043.000 # 1500
18043.000 # 1500
18054.487 + 1500 1
18054.675 + 1500 1
18058.816 + 1500 1
18058.975 + 1500 1
18072.508 + 1500 1
18072.608 + 1500 1
18090.514 + 1500 1
18090.681 + 1500 1
18103.117 + 1500 1
18103.318 + 1500 1
18118.535 + 1500 1
18118.764 + 1500 1
18133.966 + 1500 1
18134.153 + 1500 1
18149.631 + 1500 1
18149.837 + 1500 1
18165.462 + 1500 1
18165.713 + 1500 1
18181.322 + 1500 1
18181.557 + 1500 1
18196.122 + 1500 1
18196.256 + 1500 1
18210.756 + 1500 1
18210.902 + 1500 1
18224.886 + 1500 1
18225.027 + 1500 1
18242.037 + 1500 1
18247.777 + 1500 1
18247.912 + 1500 1
18263.045 + 1500 1
18263.185 + 1500 1
18279.271 + 1500 1
18279.412 + 1500 1
18295.223 + 1500 1
18295.374 + 1500 1
18309.860 + 1500 1
18310.001 + 1500 1
18327.151 + 1500 1
18327.307 + 1500 1
18339.555 + 1500 1
18339.707 + 1500 1
18354.825 + 1500 1
18354.969 + 1500 1
18370.132 + 1500 1
18370.309 + 1500 1
18385.592 + 1500 1
19043.000 # 1500
19043.000 # 1500
19043.000 # 1500
19043.000 # 1500
19043.000 # 1500
19043.000 # 1500
19043.000 # 1500
19043.000 # 1500
19043.000 # 1500
19043.000 # 1500
19043.000 # 1500
19043.000 # 1500
19043.000 # 1500
19043.000 # 1500
19043.000 # 1500
19043.000 # 1500
19043.000 # 1500
19043.000 # 1500
19043.000 # 1500
19043.000 # 1500
19043.000 # 1500
19043.000 # 1500
19043.000 # 1500
19043.000 # 1500
19043.000 # 1500
19043.000 # 1500
19043.000 # 1500
19043.000 # 1500
19043.000 # 1500
19043.000 # 1500
19043.000 # 1500
19043.000 # 1500
19043.000 # 1500
19043.000 # 1500
19043.000 # 1500
19043.000 # 1500
19043.000 # 1500
19043.000 # 1500
19043.000 # 1500
19043.000 # 1500
19043.000 # 1500
19043.000 # 1500
19043.000 # 1500
19043.000 # 1500
19043.000 # 1500
19043.000 # 1500
19043.000 # 1500
19043.000 # 1500
19043.000 # 1500
19043.000 # 1500
19043.000 # 1500
19043.000 # 1500
19043.000 # 1500
19043.000 # 1500
19043.000 # 1500
19043.000 # 1500
19043.000 # 1500
19043.000 # 1500
19043.000 # 1500
19043.000 # 1500
19046.095 - 1500 991.608 1
19046.174 - 1500 991.499 1
19046.192 - 1500 987.376 1
19046.203 - 1500 987.228 1
19046.215 - 1500 973.707 1
19046.226 - 1500 973.618 1
19046.237 - 1500 955.723 1
19046.248 - 1500 955.567 1
19046.259 - 1500 943.142 1
19046.270 - 1500 942.952 1
19046.280 - 1500 927.745 1
19046.291 - 1500 927.527 1
19046.302 - 1500 912.336 1
19046.313 - 1500 912.160 1
19046.324 - 1500 896.693 1
19046.335 - 1500 896.498 1
19046.346 - 1500 880.884 1
19046.357 - 1500 880.644 1
19046.369 - 1500 865.047 1
19046.379 - 1500 864.822 1
19046.391 - 1500 850.269 1
19046.402 - 1500 850.146 1
19046.413 - 1500 835.657 1
19046.424 - 1500 835.522 1
19046.435 - 1500 821.549 1
19046.446 - 1500 821.419 1
19046.457 - 1500 804.420 1
19046.468 - 1500 798.691 1
19046.479 - 1500 798.567 1
19046.490 - 1500 783.445 1
19046.501 - 1500 783.316 1
19046.512 - 1500 767.241 1
19046.523 - 1500 767.111 1
19046.534 - 1500 751.311 1
19046.545 - 1500 751.171 1
19046.557 - 1500 736.697 1
19046.568 - 1500 736.567 1
19046.579 - 1500 719.428 1
19046.591 - 1500 719.284 1
19046.602 - 1500 707.047 1
19046.613 - 1500 706.906 1
19046.624 - 1500 691.799 1
19046.635 - 1500 691.666 1
19046.646 - 1500 676.514 1
19046.657 - 1500 676.348 1
19046.668 - 1500 661.076 1
20043.000 # 1500
20043.000 # 1500
20043.000 # 1500
20043.000 # 1500
20043.000 # 1500
20043.000 # 1500
20043.000 # 1500
20043.000 # 1500
20043.000 # 1500
20043.000 # 1500
20043.000 # 1500
20043.000 # 1500
20043.000 # 1500
20043.000 # 1500
20043.000 # 1500
20043.000 # 1500
20043.000 # 1500
20043.000 # 1500
20043.000 # 1500
20043.000 # 1500
20043.000 # 1500
20043.000 # 1500
20043.000 # 1500
20043.000 # 1500
20043.000 # 1500
20043.000 # 1500
20043.000 # 1500
20043.000 # 1500
20043.000 # 1500
20043.000 # 1500
20043.000 # 1500
20043.000 # 1500
20043.000 # 1500
20043.000 # 1500
20043.000 # 1500
20043.000 # 1500
20043.000 # 1500
20043.000 # 1500
20043.000 # 1500
20043.000 # 1500
20043.000 # 1500
20043.000 # 1500
20043.000 # 1500
20043.000 # 1500
20043.000 # 1500
20043.000 # 1500
20043.000 # 1500
20043.000 # 1500
20043.000 # 1500
20043.000 # 1500
20043.000 # 1500
20043.000 # 1500
20043.000 # 1500
20043.000 # 1500
20043.000 # 1500
20043.000 # 1500
20043.000 # 1500
20043.000 # 1500
20043.000 # 1500
20043.000 # 1500
20050.598 + 1500 1
20063.128 + 1500 1
20084.389 + 1500 1
20106.686 + 1500 1
20128.207 + 1500 1
20150.704 + 1500 1
20172.142 + 1500 1
20194.274 + 1500 1
20216.324 + 1500 1
20237.615 + 1500 1
20261.151 + 1500 1
20282.376 + 1500 1
20304.588 + 1500 1
20326.507 + 1500 1
20349.362 + 1500 1
20369.549 + 1500 1
20392.267 + 1500 1
20414.531 + 1500 1
20435.584 + 1500 1
20458.848 + 1500 1
20480.202 + 1500 1
20502.456 + 1500 1
20524.838 + 1500 1
20546.268 + 1500 1
20567.927 + 1500 1
20589.886 + 1500 1
20612.530 + 1500 1
20633.941 + 1500 1
20658.629 + 1500 1
20677.901 + 1500 1
20700.022 + 1500 1
20721.874 + 1500 1
21043.000 # 1500
21043.000 # 1500
21043.000 # 1500
21043.000 # 1500
21043.000 # 1500
21043.000 # 1500
21043.000 # 1500
21043.000 # 1500
21043.000 # 1500
21043.000 # 1500
21043.000 # 1500
21043.000 # 1500
21043.000 # 1500
21043.000 # 1500
21043.000 # 1500
21043.000 # 1500
21043.000 # 1500
21043.000 # 1500
21043.000 # 1500
21043.000 # 1500
21043.000 # 1500
21043.000 # 1500
21043.000 # 1500
21043.000 # 1500
21043.000 # 1500
21043.000 # 1500
21043.000 # 1500
21043.000 # 1500
21043.000 # 1500
21043.000 # 1500
21043.000 # 1500
21043.000 # 1500
21043.000 # 1500
21043.000 # 1500
21043.000 # 1500
21043.000 # 1500
21043.000 # 1500
21043.000 # 1500
21043.000 # 1500
21043.000 # 1500
21043.000 # 1500
21043.000 # 1500
21043.000 # 1500
21043.000 # 1500
21043.000 # 1500
21043.000 # 1500
21043.000 # 1500
21043.000 # 1500
21043.000 # 1500
21043.000 # 1500
21043.000 # 1500
21043.000 # 1500
21043.000 # 1500
21043.000 # 1500
21043.000 # 1500
21043.000 # 1500
21043.000 # 1500
21043.000 # 1500
21043.000 # 1500
21043.000 # 1500
21045.181 - 1500 994.583 1
21045.235 - 1500 982.107 1
21045.249 - 1500 960.860 1
21045.261 - 1500 938.575 1
21045.271 - 1500 917.064 1
21045.281 - 1500 894.577 1
21045.291 - 1500 873.149 1
21045.301 - 1500 851.027 1
21045.311 - 1500 828.987 1
21045.321 - 1500 807.706 1
21045.331 - 1500 784.180 1
21045.342 - 1500 762.966 1
21045.352 - 1500 740.764 1
21045.362 - 1500 718.855 1
21045.372 - 1500 696.010 1
21045.382 - 1500 675.833 1
21045.392 - 1500 653.125 1
21045.403 - 1500 630.872 1
21045.413 - 1500 609.829 1
21045.423 - 1500 586.575 1
21045.434 - 1500 565.232 1
21045.444 - 1500 542.988 1
21045.454 - 1500 520.616 1
21045.464 - 1500 499.196 1
21045.475 - 1500 477.548 1
21045.485 - 1500 455.599 1
21045.495 - 1500 432.965 1
21045.505 - 1500 411.564 1
21045.515 - 1500 386.886 1
21045.525 - 1500 367.624 1
21045.535 - 1500 345.513 1
21045.546 - 1500 323.672 1
21049.527 + 1500 1
21059.276 + 1500 1
21076.924 + 1500 1
21094.411 + 1500 1
21111.774 + 1500 1
21129.631 + 1500 1
21147.781 + 1500 1
21164.513 + 1500 1
21182.774 + 1500 1
21200.076 + 1500 1
21217.577 + 1500 1
21234.934 + 1500 1
21252.283 + 1500 1
21269.523 + 1500 1
21288.159 + 1500 1
21305.280 + 1500 1
21322.186 + 1500 1
21340.402 + 1500 1
21358.320 + 1500 1
21376.973 + 1500 1
21393.493 + 1500 1
21410.170 + 1500 1
21428.294 + 1500 1
21446.455 + 1500 1
21463.077 + 1500 1
21480.642 + 1500 1
21498.807 + 1500 1
21516.906 + 1500 1
21534.490 + 1500 1
21550.853 + 1500 1
21569.258 + 1500 1
21586.211 + 1500 1
21604.557 + 1500 1
21621.305 + 1500 1
22043.000 # 1500
22043.000 # 1500
22043.000 # 1500
22043.000 # 1500
22043.000 # 1500
22043.000 # 1500
22043.000 # 1500
22043.000 # 1500
22043.000 # 1500
22043.000 # 1500
22043.000 # 1500
22043.000 # 1500
22043.000 # 1500
22043.000 # 1500
22043.000 # 1500
22043.000 # 1500
22043.000 # 1500
22043.000 # 1500
22043.000 # 1500
22043.000 # 1500
22043.000 # 1500
22043.000 # 1500
22043.000 # 1500
22043.000 # 1500
22043.000 # 1500
22043.000 # 1500
22043.000 # 1500
22043.000 # 1500
22043.000 # 1500
22043.000 # 1500
22043.000 # 1500
22043.000 # 1500
22043.000 # 1500
22043.000 # 1500
22043.000 # 1500
22043.000 # 1500
22043.000 # 1500
22043.000 # 1500
22043.000 # 1500
22043.000 # 1500
22043.000 # 1500
22043.000 # 1500
22043.000 # 1500
22043.000 # 1500
22043.000 # 1500
22043.000 # 1500
22043.000 # 1500
22043.000 # 1500
22043.000 # 1500
22043.000 # 1500
22043.000 # 1500
22043.000 # 1500
22043.000 # 1500
22043.000 # 1500
22043.000 # 1500
22043.000 # 1500
22043.000 # 1500
22043.000 # 1500
22043.000 # 1500
22043.000 # 1500
22045.036 - 1500 995.509 1
22045.095 - 1500 985.819 1
22045.112 - 1500 968.188 1
22045.125 - 1500 950.714 1
22045.138 - 1500 933.364 1
22045.150 - 1500 915.519 1
22045.161 - 1500 897.380 1
22045.174 - 1500 880.661 1
22045.186 - 1500 862.412 1
22045.198 - 1500 845.122 1
22045.210 - 1500 827.633 1
22045.222 - 1500 810.288 1
22045.234 - 1500 792.951 1
22045.267 - 1500 775.744 1
22045.279 - 1500 757.120 1
22045.291 - 1500 740.011 1
22045.303 - 1500 723.117 1
22045.315 - 1500 704.913 1
22045.327 - 1500 687.007 1
22045.338 - 1500 668.365 1
22045.350 - 1500 651.857 1
22045.362 - 1500 635.192 1
22045.373 - 1500 617.079 1
22045.385 - 1500 598.930 1
22045.397 - 1500 582.320 1
22045.408 - 1500 564.766 1
22045.420 - 1500 546.613 1
22045.432 - 1500 528.526 1
22045.443 - 1500 510.953 1
22045.455 - 1500 494.602 1
22045.466 - 1500 476.208 1
22045.478 - 1500 459.267 1
22045.490 - 1500 440.933 1
22045.503 - 1500 424.198 1
22048.438 + 1500 1
22063.536 + 1500 1
22093.484 + 1500 1
22123.245 + 1500 1
22152.977 + 1500 1
22181.333 + 1500 1
22211.822 + 1500 1
22239.567 + 1500 1
22268.645 + 1500 1
22299.474 + 1500 1
22327.482 + 1500 1
22356.966 + 1500 1
22386.541 + 1500 1
22415.311 + 1500 1
22444.997 + 1500 1
22473.836 + 1500 1
22503.891 + 1500 1
22533.062 + 1500 1
22562.325 + 1500 1
22592.093 + 1500 1
22620.663 + 1500 1
22650.062 + 1500 1
22679.479 + 1500 1
22708.409 + 1500 1
22737.890 + 1500 1
22767.683 + 1500 1
22797.113 + 1500 1
22825.433 + 1500 1
22854.890 + 1500 1
22884.343 + 1500 1
22913.496 + 1500 1
22943.963 + 1500 1
23043.000 # 1500
23043.000 # 1500
23043.000 # 1500
23043.000 # 1500
23043.000 # 1500
23043.000 # 1500
23043.000 # 1500
23043.000 # 1500
23043.000 # 1500
23043.000 # 1500
23043.000 # 1500
23043.000 # 1500
23043.000 # 1500
23043.000 # 1500
23043.000 # 1500
23043.000 # 1500
23043.000 # 1500
23043.000 # 1500
23043.000 # 1500
23043.000 # 1500
23043.000 # 1500
23043.000 # 1500
23043.000 # 1500
23043.000 # 1500
23043.000 # 1500
23043.000 # 1500
23043.000 # 1500
23043.000 # 1500
23043.000 # 1500
23043.000 # 1500
23043.000 # 1500
23043.000 # 1500
23043.000 # 1500
23043.000 # 1500
23043.000 # 1500
23043.000 # 1500
23043.000 # 1500
23043.000 # 1500
23043.000 # 1500
23043.000 # 1500
23043.000 # 1500
23043.000 # 1500
23043.000 # 1500
23043.000 # 1500
23043.000 # 1500
23043.000 # 1500
23043.000 # 1500
23043.000 # 1500
23043.000 # 1500
23043.000 # 1500
23043.000 # 1500
23043.000 # 1500
23043.000 # 1500
23043.000 # 1500
23043.000 # 1500
23043.000 # 1500
23043.000 # 1500
23043.000 # 1500
23043.000 # 1500
23043.000 # 1500
23044.964 - 1500 996.526 1
23045.004 - 1500 981.468 1
23045.014 - 1500 951.530 1
23045.021 - 1500 921.776 1
23045.028 - 1500 892.051 1
23045.035 - 1500 863.702 1
23045.042 - 1500 833.220 1
23045.048 - 1500 805.481 1
23045.055 - 1500 776.410 1
23045.062 - 1500 745.588 1
23045.069 - 1500 717.587 1
23045.075 - 1500 688.109 1
23045.082 - 1500 658.541 1
23045.089 - 1500 629.778 1
23045.095 - 1500 600.098 1
23045.102 - 1500 571.266 1
23045.109 - 1500 541.218 1
23045.116 - 1500 512.054 1
23045.123 - 1500 482.798 1
23045.130 - 1500 453.037 1
23045.137 - 1500 424.474 1
23045.143 - 1500 395.081 1
23045.150 - 1500 365.671 1
23045.157 - 1500 336.748 1
23045.164 - 1500 307.274 1
23045.171 - 1500 277.488 1
23045.177 - 1500 248.064 1
23045.184 - 1500 219.751 1
23045.191 - 1500 190.301 1
23045.198 - 1500 160.855 1
23045.204 - 1500 131.708 1
23045.211 - 1500 101.248 1
23047.759 + 1500 1
23059.954 + 1500 1
23081.804 + 1500 1
23103.019 + 1500 1
24043.000 # 1500
24043.000 # 1500
24043.000 # 1500
24043.000 # 1500
24043.000 # 1500
24043.000 # 1500
24043.000 # 1500
24043.000 # 1500
24043.000 # 1500
24043.000 # 1500
24043.000 # 1500
24043.000 # 1500
24043.000 # 1500
24043.000 # 1500
24043.000 # 1500
24043.000 # 1500
24043.000 # 1500
24043.000 # 1500
24043.000 # 1500
24043.000 # 1500
24043.000 # 1500
24043.000 # 1500
24043.000 # 1500
24043.000 # 1500
24043.000 # 1500
24043.000 # 1500
24043.000 # 1500
24043.000 # 1500
24043.000 # 1500
24043.000 # 1500
24043.000 # 1500
24043.000 # 1500
24043.000 # 1500
24043.000 # 1500
24043.000 # 1500
24043.000 # 1500
24043.000 # 1500
24043.000 # 1500
24043.000 # 1500
24043.000 # 1500
24043.000 # 1500
24043.000 # 1500
24043.000 # 1500
24043.000 # 1500
24043.000 # 1500
24043.000 # 1500
24043.000 # 1500
24043.000 # 1500
24043.000 # 1500
24043.000 # 1500
24043.000 # 1500
24043.000 # 1500
24043.000 # 1500
24043.000 # 1500
24043.000 # 1500
24043.000 # 1500
24043.000 # 1500
24043.000 # 1500
24043.000 # 1500
24043.000 # 1500
24045.711 - 1500 997.952 1
24045.741 - 1500 985.787 1
24045.747 - 1500 963.943 1
24045.751 - 1500 942.732 1
24048.617 + 1500 1
24059.812 + 1500 1
24081.811 + 1500 1
24104.673 + 1500 1
24126.070 + 1500 1
24147.698 + 1500 1
24171.295 + 1500 1
24192.985 + 1500 1
24214.180 + 1500 1
24235.911 + 1500 1
24258.218 + 1500 1
24280.036 + 1500 1
24302.383 + 1500 1
24324.003 + 1500 1
24345.608 + 1500 1
24368.291 + 1500 1
24389.960 + 1500 1
24412.663 + 1500 1
25043.000 # 1500
25043.000 # 1500
25043.000 # 1500
25043.000 # 1500
25043.000 # 1500
25043.000 # 1500
25043.000 # 1500
25043.000 # 1500
25043.000 # 1500
25043.000 # 1500
25043.000 # 1500
25043.000 # 1500
25043.000 # 1500
25043.000 # 1500
25043.000 # 1500
25043.000 # 1500
25043.000 # 1500
25043.000 # 1500
25043.000 # 1500
25043.000 # 1500
25043.000 # 1500
25043.000 # 1500
25043.000 # 1500
25043.000 # 1500
25043.000 # 1500
25043.000 # 1500
25043.000 # 1500
25043.000 # 1500
25043.000 # 1500
25043.000 # 1500
25043.000 # 1500
25043.000 # 1500
25043.000 # 1500
25043.000 # 1500
25043.000 # 1500
25043.000 # 1500
25043.000 # 1500
25043.000 # 1500
25043.000 # 1500
25043.000 # 1500
25043.000 # 1500
25043.000 # 1500
25043.000 # 1500
25043.000 # 1500
25043.000 # 1500
25043.000 # 1500
25043.000 # 1500
25043.000 # 1500
25043.000 # 1500
25043.000 # 1500
25043.000 # 1500
25043.000 # 1500
25043.000 # 1500
25043.000 # 1500
25043.000 # 1500
25043.000 # 1500
25043.000 # 1500
25043.000 # 1500
25043.000 # 1500
25043.000 # 1500
25045.186 - 1500 996.569 1
25045.245 - 1500 985.433 1
25045.260 - 1500 963.449 1
25045.271 - 1500 940.598 1
25045.282 - 1500 919.212 1
25045.292 - 1500 897.594 1
25045.303 - 1500 874.008 1
25045.313 - 1500 852.328 1
25045.324 - 1500 831.144 1
25045.334 - 1500 809.423 1
25045.345 - 1500 787.127 1
25045.355 - 1500 765.319 1
25045.366 - 1500 742.983 1
25045.376 - 1500 721.373 1
25045.387 - 1500 699.779 1
25045.397 - 1500 677.106 1
25045.407 - 1500 655.447 1
25045.418 - 1500 632.755 1
25047.929 + 1500 1
25059.134 + 1500 1
25081.786 + 1500 1
25103.294 + 1500 1
25126.404 + 1500 1
25148.020 + 1500 1
25169.115 + 1500 1
25191.171 + 1500 1
25220.434 + 1500 1
25235.793 + 1500 1
25259.260 + 1500 1
25279.171 + 1500 1
25304.706 + 1500 1
25330.694 + 1500 1
25344.797 + 1500 1
25366.709 + 1500 1
25389.195 + 1500 1
25410.909 + 1500 1
26043.000 # 1500
26043.000 # 1500
26043.000 # 1500
26043.000 # 1500
26043.000 # 1500
26043.000 # 1500
26043.000 # 1500
26043.000 # 1500
26043.000 # 1500
26043.000 # 1500
26043.000 # 1500
26043.000 # 1500
26043.000 # 1500
26043.000 # 1500
26043.000 # 1500
26043.000 # 1500
26043.000 # 1500
26043.000 # 1500
26043.000 # 1500
26043.000 # 1500
26043.000 # 1500
26043.000 # 1500
26043.000 # 1500
26043.000 # 1500
26043.000 # 1500
26043.000 # 1500
26043.000 # 1500
26043.000 # 1500
26043.000 # 1500
26043.000 # 1500
26043.000 # 1500
26043.000 # 1500
26043.000 # 1500
26043.000 # 1500
26043.000 # 1500
26043.000 # 1500
26043.000 # 1500
26043.000 # 1500
26043.000 # 1500
26043.000 # 1500
26043.000 # 1500
26043.000 # 1500
26043.000 # 1500
26043.000 # 1500
26043.000 # 1500
26043.000 # 1500
26043.000 # 1500
26043.000 # 1500
26043.000 # 1500
26043.000 # 1500
26043.000 # 1500
26043.000 # 1500
26043.000 # 1500
26043.000 # 1500
26043.000 # 1500
26043.000 # 1500
26043.000 # 1500
26043.000 # 1500
26043.000 # 1500
26043.000 # 1500
26048.026 - 1500 1000.097 1
26048.080 - 1500 988.946 1
26048.096 - 1500 966.310 1
26048.107 - 1500 944.813 1
26048.118 - 1500 921.714 1
26048.129 - 1500 900.109 1
26048.140 - 1500 879.025 1
26048.151 - 1500 856.980 1
26048.162 - 1500 827.728 1
26048.173 - 1500 812.380 1
26048.184 - 1500 788.924 1
26048.195 - 1500 769.024 1
26048.205 - 1500 743.499 1
26048.216 - 1500 717.522 1
26048.227 - 1500 703.430 1
26048.238 - 1500 681.529 1
26048.249 - 1500 659.054 1
26048.260 - 1500 637.351 1
27043.000 # 1500
27043.000 # 1500
27043.000 # 1500
27043.000 # 1500
27043.000 # 1500
27043.000 # 1500
27043.000 # 1500
27043.000 # 1500
27043.000 # 1500
27043.000 # 1500
27043.000 # 1500
27043.000 # 1500
27043.000 # 1500
27043.000 # 1500
27043.000 # 1500
27043.000 # 1500
27043.000 # 1500
27043.000 # 1500
27043.000 # 1500
27043.000 # 1500
27043.000 # 1500
27043.000 # 1500
27043.000 # 1500
27043.000 # 1500
27043.000 # 1500
27043.000 # 1500
27043.000 # 1500
27043.000 # 1500
27043.000 # 1500
27043.000 # 1500
27043.000 # 1500
27043.000 # 1500
27043.000 # 1500
27043.000 # 1500
27043.000 # 1500
27043.000 # 1500
27043.000 # 1500
27043.000 # 1500
27043.000 # 1500
27043.000 # 1500
27043.000 # 1500
27043.000 # 1500
27043.000 # 1500
27043.000 # 1500
27043.000 # 1500
27043.000 # 1500
27043.000 # 1500
27043.000 # 1500
27043.000 # 1500
27043.000 # 1500
27043.000 # 1500
27043.000 # 1500
27043.000 # 1500
27043.000 # 1500
27043.000 # 1500
27043.000 # 1500
27043.000 # 1500
27043.000 # 1500
27043.000 # 1500
27043.000 # 1500
27048.184 + 1500 1
27060.822 + 1500 1
27081.752 + 1500 1
27103.467 + 1500 1
27126.148 + 1500 1
27148.313 + 1500 1
27172.664 + 1500 1
27191.444 + 1500 1
27214.600 + 1500 1
27236.252 + 1500 1
27258.484 + 1500 1
27281.412 + 1500 1
27301.196 + 1500 1
27323.815 + 1500 1
27345.363 + 1500 1
27367.327 + 1500 1
27389.967 + 1500 1
27411.201 + 1500 1
28043.000 # 1500
28043.000 # 1500
28043.000 # 1500
28043.000 # 1500
28043.000 # 1500
28043.000 # 1500
28043.000 # 1500
28043.000 # 1500
28043.000 # 1500
28043.000 # 1500
28043.000 # 1500
28043.000 # 1500
28043.000 # 1500
28043.000 # 1500
28043.000 # 1500
28043.000 # 1500
28043.000 # 1500
28043.000 # 1500
28043.000 # 1500
28043.000 # 1500
28043.000 # 1500
28043.000 # 1500
28043.000 # 1500
28043.000 # 1500
28043.000 # 1500
28043.000 # 1500
28043.000 # 1500
28043.000 # 1500
28043.000 # 1500
28043.000 # 1500
28043.000 # 1500
28043.000 # 1500
28043.000 # 1500
28043.000 # 1500
28043.000 # 1500
28043.000 # 1500
28043.000 # 1500
28043.000 # 1500
28043.000 # 1500
28043.000 # 1500
28043.000 # 1500
28043.000 # 1500
28043.000 # 1500
28043.000 # 1500
28043.000 # 1500
28043.000 # 1500
28043.000 # 1500
28043.000 # 1500
28043.000 # 1500
28043.000 # 1500
28043.000 # 1500
28043.000 # 1500
28043.000 # 1500
28043.000 # 1500
28043.000 # 1500
28043.000 # 1500
28043.000 # 1500
28043.000 # 1500
28043.000 # 1500
28043.000 # 1500
28045.781 - 1500 997.597 1
28045.841 - 1500 985.019 1
28045.855 - 1500 964.103 1
28045.864 - 1500 942.397 1
28045.872 - 1500 919.724 1
28045.881 - 1500 897.568 1
28045.889 - 1500 873.225 1
28045.897 - 1500 854.453 1
28045.906 - 1500 831.306 1
28045.915 - 1500 809.663 1
28045.923 - 1500 787.439 1
28045.932 - 1500 764.520 1
28045.940 - 1500 744.744 1
28045.949 - 1500 722.134 1
28045.957 - 1500 700.594 1
28045.966 - 1500 678.639 1
28045.974 - 1500 656.007 1
28045.983 - 1500 634.782 1
29043.000 # 1500
29043.000 # 1500
29043.000 # 1500
29043.000 # 1500
29043.000 # 1500
29043.000 # 1500
29043.000 # 1500
29043.000 # 1500
29043.000 # 1500
29043.000 # 1500
29043.000 # 1500
29043.000 # 1500
29043.000 # 1500
29043.000 # 1500
29043.000 # 1500
29043.000 # 1500
29043.000 # 1500
29043.000 # 1500
29043.000 # 1500
29043.000 # 1500
29043.000 # 1500
29043.000 # 1500
29043.000 # 1500
29043.000 # 1500
29043.000 # 1500
29043.000 # 1500
29043.000 # 1500
29043.000 # 1500
29043.000 # 1500
29043.000 # 1500
29043.000 # 1500
29043.000 # 1500
29043.000 # 1500
29043.000 # 1500
29043.000 # 1500
29043.000 # 1500
29043.000 # 1500
29043.000 # 1500
29043.000 # 1500
29043.000 # 1500
29043.000 # 1500
29043.000 # 1500
29043.000 # 1500
29043.000 # 1500
29043.000 # 1500
29043.000 # 1500
29043.000 # 1500
29043.000 # 1500
29043.000 # 1500
29043.000 # 1500
29043.000 # 1500
29043.000 # 1500
29043.000 # 1500
29043.000 # 1500
29043.000 # 1500
29043.000 # 1500
29043.000 # 1500
29043.000 # 1500
29043.000 # 1500
29043.000 # 1500
29048.978 + 1500 1
29060.801 + 1500 1
29083.975 + 1500 1
29104.879 + 1500 1
29126.281 + 1500 1
29150.260 + 1500 1
29171.093 + 1500 1
29193.295 + 1500 1
29213.994 + 1500 1
29236.859 + 1500 1
29258.792 + 1500 1
29280.623 + 1500 1
29302.621 + 1500 1
29324.511 + 1500 1
29346.965 + 1500 1
29368.986 + 1500 1
29390.758 + 1500 1
29412.704 + 1500 1
30043.000 # 1500
30043.000 # 1500
30043.000 # 1500
30043.000 # 1500
30043.000 # 1500
30043.000 # 1500
30043.000 # 1500
30043.000 # 1500
30043.000 # 1500
30043.000 # 1500
30043.000 # 1500
30043.000 # 1500
30043.000 # 1500
30043.000 # 1500
30043.000 # 1500
30043.000 # 1500
30043.000 # 1500
30043.000 # 1500
30043.000 # 1500
30043.000 # 1500
30043.000 # 1500
30043.000 # 1500
30043.000 # 1500
30043.000 # 1500
30043.000 # 1500
30043.000 # 1500
30043.000 # 1500
30043.000 # 1500
30043.000 # 1500
30043.000 # 1500
30043.000 # 1500
30043.000 # 1500
30043.000 # 1500
30043.000 # 1500
30043.000 # 1500
30043.000 # 1500
30043.000 # 1500
30043.000 # 1500
30043.000 # 1500
30043.000 # 1500
30043.000 # 1500
30043.000 # 1500
30043.000 # 1500
30043.000 # 1500
30043.000 # 1500
30043.000 # 1500
30043.000 # 1500
30043.000 # 1500
30043.000 # 1500
30043.000 # 1500
30043.000 # 1500
30043.000 # 1500
30043.000 # 1500
30043.000 # 1500
30043.000 # 1500
30043.000 # 1500
30043.000 # 1500
30043.000 # 1500
30043.000 # 1500
30043.000 # 1500
30045.901 - 1500 996.923 1
30045.968 - 1500 985.167 1
30045.987 - 1500 962.012 1
30046.000 - 1500 941.121 1
30046.013 - 1500 919.732 1
30046.026 - 1500 895.766 1
30046.038 - 1500 874.945 1
30046.051 - 1500 852.756 1
30046.063 - 1500 832.069 1
30046.076 - 1500 809.217 1
30046.186 - 1500 787.394 1
30046.214 - 1500 765.591 1
30046.228 - 1500 743.607 1
30046.242 - 1500 721.731 1
30046.255 - 1500 699.290 1
30046.269 - 1500 677.283 1
30046.282 - 1500 655.524 1
30046.295 - 1500 633.591 1
31043.000 # 1500
31043.000 # 1500
31043.000 # 1500
31043.000 # 1500
31043.000 # 1500
31043.000 # 1500
31043.000 # 1500
31043.000 # 1500
31043.000 # 1500
31043.000 # 1500
31043.000 # 1500
31043.000 # 1500
31043.000 # 1500
31043.000 # 1500
31043.000 # 1500
31043.000 # 1500
31043.000 # 1500
31043.000 # 1500
31043.000 # 1500
31043.000 # 1500
31043.000 # 1500
31043.000 # 1500
31043.000 # 1500
31043.000 # 1500
31043.000 # 1500
31043.000 # 1500
31043.000 # 1500
31043.000 # 1500
31043.000 # 1500
31043.000 # 1500
31043.000 # 1500
31043.000 # 1500
31043.000 # 1500
31043.000 # 1500
31043.000 # 1500
31043.000 # 1500
31043.000 # 1500
31043.000 # 1500
31043.000 # 1500
31043.000 # 1500
31043.000 # 1500
31043.000 # 1500
31043.000 # 1500
31043.000 # 1500
31043.000 # 1500
31043.000 # 1500
31043.000 # 1500
31043.000 # 1500
31043.000 # 1500
31043.000 # 1500
31043.000 # 1500
31043.000 # 1500
31043.000 # 1500
31043.000 # 1500
31043.000 # 1500
31043.000 # 1500
31043.000 # 1500
31043.000 # 1500
31043.000 # 1500
31043.000 # 1500
31049.516 + 1500 1
31065.379 + 1500 1
31094.434 + 1500 1
31124.721 + 1500 1
31154.646 + 1500 1
31183.386 + 1500 1
31213.441 + 1500 1
31243.365 + 1500 1
31272.818 + 1500 1
31302.548 + 1500 1
31332.635 + 1500 1
31362.070 + 1500 1
31391.243 + 1500 1
31420.971 + 1500 1
32043.000 # 1500
32043.000 # 1500
32043.000 # 1500
32043.000 # 1500
32043.000 # 1500
32043.000 # 1500
32043.000 # 1500
32043.000 # 1500
32043.000 # 1500
32043.000 # 1500
32043.000 # 1500
32043.000 # 1500
32043.000 # 1500
32043.000 # 1500
32043.000 # 1500
32043.000 # 1500
32043.000 # 1500
32043.000 # 1500
32043.000 # 1500
32043.000 # 1500
32043.000 # 1500
32043.000 # 1500
32043.000 # 1500
32043.000 # 1500
32043.000 # 1500
32043.000 # 1500
32043.000 # 1500
32043.000 # 1500
32043.000 # 1500
32043.000 # 1500
32043.000 # 1500
32043.000 # 1500
32043.000 # 1500
32043.000 # 1500
32043.000 # 1500
32043.000 # 1500
32043.000 # 1500
32043.000 # 1500
32043.000 # 1500
32043.000 # 1500
32043.000 # 1500
32043.000 # 1500
32043.000 # 1500
32043.000 # 1500
32043.000 # 1500
32043.000 # 1500
32043.000 # 1500
32043.000 # 1500
32043.000 # 1500
32043.000 # 1500
32043.000 # 1500
32043.000 # 1500
32043.000 # 1500
32043.000 # 1500
32043.000 # 1500
32043.000 # 1500
32043.000 # 1500
32043.000 # 1500
32043.000 # 1500
32043.000 # 1500
32044.775 - 1500 995.259 1
32044.835 - 1500 979.456 1
32044.852 - 1500 950.418 1
32044.865 - 1500 920.144 1
32044.878 - 1500 890.232 1
32044.890 - 1500 861.504 1
32044.903 - 1500 831.462 1
32044.915 - 1500 801.550 1
32044.927 - 1500 772.109 1
32044.940 - 1500 742.392 1
32044.952 - 1500 712.317 1
32044.964 - 1500 682.894 1
32044.976 - 1500 653.733 1
32044.989 - 1500 624.018 1
32048.604 + 1500 1
32061.685 + 1500 1
32088.227 + 1500 1
32110.273 + 1500 1
32133.564 + 1500 1
32160.611 + 1500 1
32183.555 + 1500 1
32203.861 + 1500 1
32229.390 + 1500 1
32252.527 + 1500 1
32274.379 + 1500 1
32298.479 + 1500 1
32322.755 + 1500 1
32346.547 + 1500 1
32369.411 + 1500 1
32394.064 + 1500 1
33043.000 # 1500
33043.000 # 1500
33043.000 # 1500
33043.000 # 1500
33043.000 # 1500
33043.000 # 1500
33043.000 # 1500
33043.000 # 1500
33043.000 # 1500
33043.000 # 1500
33043.000 # 1500
33043.000 # 1500
33043.000 # 1500
33043.000 # 1500
33043.000 # 1500
33043.000 # 1500
33043.000 # 1500
33043.000 # 1500
33043.000 # 1500
33043.000 # 1500
33043.000 # 1500
33043.000 # 1500
33043.000 # 1500
33043.000 # 1500
33043.000 # 1500
33043.000 # 1500
33043.000 # 1500
33043.000 # 1500
33043.000 # 1500
33043.000 # 1500
33043.000 # 1500
33043.000 # 1500
33043.000 # 1500
33043.000 # 1500
33043.000 # 1500
33043.000 # 1500
33043.000 # 1500
33043.000 # 1500
33043.000 # 1500
33043.000 # 1500
33043.000 # 1500
33043.000 # 1500
33043.000 # 1500
33043.000 # 1500
33043.000 # 1500
33043.000 # 1500
33043.000 # 1500
33043.000 # 1500
33043.000 # 1500
33043.000 # 1500
33043.000 # 1500
33043.000 # 1500
33043.000 # 1500
33043.000 # 1500
33043.000 # 1500
33043.000 # 1500
33043.000 # 1500
33043.000 # 1500
33043.000 # 1500
33043.000 # 1500
33045.432 - 1500 996.828 1
33045.492 - 1500 983.807 1
33045.509 - 1500 957.282 1
33045.522 - 1500 935.249 1
33045.535 - 1500 911.971 1
33045.547 - 1500 884.936 1
33045.560 - 1500 862.005 1
33045.572 - 1500 841.711 1
33045.585 - 1500 816.195 1
33045.597 - 1500 793.070 1
33045.609 - 1500 771.230 1
33045.622 - 1500 747.143 1
33045.634 - 1500 722.879 1
33045.646 - 1500 699.099 1
33045.659 - 1500 676.248 1
33045.672 - 1500 651.608 1
33047.866 + 1500 1
33071.097 + 1500 1
33108.738 + 1500 1
33151.725 + 1500 1
33187.602 + 1500 1
33227.524 + 1500 1
33266.629 + 1500 1
33306.935 + 1500 1
33346.396 + 1500 1
33385.411 + 1500 1
33424.259 + 1500 1
33464.597 + 1500 1
33503.789 + 1500 1
33543.698 + 1500 1
34043.000 # 1500
34043.000 # 1500
34043.000 # 1500
34043.000 # 1500
34043.000 # 1500
34043.000 # 1500
34043.000 # 1500
34043.000 # 1500
34043.000 # 1500
34043.000 # 1500
34043.000 # 1500
34043.000 # 1500
34043.000 # 1500
34043.000 # 1500
34043.000 # 1500
34043.000 # 1500
34043.000 # 1500
34043.000 # 1500
34043.000 # 1500
34043.000 # 1500
34043.000 # 1500
34043.000 # 1500
34043.000 # 1500
34043.000 # 1500
34043.000 # 1500
34043.000 # 1500
34043.000 # 1500
34043.000 # 1500
34043.000 # 1500
34043.000 # 1500
34043.000 # 1500
34043.000 # 1500
34043.000 # 1500
34043.000 # 1500
34043.000 # 1500
34043.000 # 1500
34043.000 # 1500
34043.000 # 1500
34043.000 # 1500
34043.000 # 1500
34043.000 # 1500
34043.000 # 1500
34043.000 # 1500
34043.000 # 1500
34043.000 # 1500
34043.000 # 1500
34043.000 # 1500
34043.000 # 1500
34043.000 # 1500
34043.000 # 1500
34043.000 # 1500
34043.000 # 1500
34043.000 # 1500
34043.000 # 1500
34043.000 # 1500
34043.000 # 1500
34043.000 # 1500
34043.000 # 1500
34043.000 # 1500
34043.000 # 1500
34046.464 - 1500 998.598 1
34046.519 - 1500 975.422 1
34046.536 - 1500 937.798 1
34046.548 - 1500 894.823 1
34046.559 - 1500 858.957 1
34046.570 - 1500 819.046 1
34046.582 - 1500 779.953 1
34046.593 - 1500 739.658 1
34046.604 - 1500 700.208 1
34046.616 - 1500 661.205 1
34046.627 - 1500 622.368 1
34046.638 - 1500 582.041 1
34046.649 - 1500 542.860 1
34046.661 - 1500 502.963 1
