# mahimahi mm-link (Uplink) [traces/1mbps_200ms.trace] > /home/vboxuser/pantheon/results/1mbps_200ms/bbr/bbr_mm_datalink_run1.log
# command line: 'mm-link' 'traces/1mbps_200ms.trace' 'traces/1mbps_200ms.trace' '--uplink-log=/home/vboxuser/pantheon/results/1mbps_200ms/bbr/bbr_mm_datalink_run1.log' '--downlink-log=/home/vboxuser/pantheon/results/1mbps_200ms/bbr/bbr_mm_acklink_run1.log' 'python' '/home/vboxuser/pantheon/src/experiments/tunnel_manager.py'
# queue: infinite
# init timestamp: 1746041007796
# base timestamp: 43
138 + 40
986 + 80
986 + 52
998 + 80
1043 # 1504
1043 - 40 905
1043 - 80 57
1043 - 52 57
1043 - 80 45
1043 # 1504
1043 # 1504
1043 # 1504
1043 # 1504
1043 # 1504
1043 # 1504
1043 # 1504
1043 # 1504
1043 # 1504
1043 # 1504
1043 # 1504
1043 # 1504
1043 # 1504
1043 # 1504
1043 # 1504
1043 # 1504
1043 # 1504
1043 # 1504
1043 # 1504
1043 # 1504
1043 # 1504
1043 # 1504
1043 # 1504
1043 # 1504
1043 # 1504
1043 # 1504
1043 # 1504
1043 # 1504
1043 # 1504
1043 # 1504
1043 # 1504
1043 # 1504
1043 # 1504
1043 # 1504
1043 # 1504
1043 # 1504
1043 # 1504
1043 # 1504
1043 # 1504
1043 # 1504
1043 # 1504
1043 # 1504
1043 # 1504
1043 # 1504
1043 # 1504
1043 # 1504
1043 # 1504
1043 # 1504
1043 # 1504
1043 # 1504
1043 # 1504
1043 # 1504
1043 # 1504
1043 # 1504
1043 # 1504
1043 # 1504
1043 # 1504
1043 # 1504
1043 # 1504
1433 + 80
1604 + 80
2043 # 1504
2043 - 80 610
2043 - 80 439
2043 # 1504
2043 # 1504
2043 # 1504
2043 # 1504
2043 # 1504
2043 # 1504
2043 # 1504
2043 # 1504
2043 # 1504
2043 # 1504
2043 # 1504
2043 # 1504
2043 # 1504
2043 # 1504
2043 # 1504
2043 # 1504
2043 # 1504
2043 # 1504
2043 # 1504
2043 # 1504
2043 # 1504
2043 # 1504
2043 # 1504
2043 # 1504
2043 # 1504
2043 # 1504
2043 # 1504
2043 # 1504
2043 # 1504
2043 # 1504
2043 # 1504
2043 # 1504
2043 # 1504
2043 # 1504
2043 # 1504
2043 # 1504
2043 # 1504
2043 # 1504
2043 # 1504
2043 # 1504
2043 # 1504
2043 # 1504
2043 # 1504
2043 # 1504
2043 # 1504
2043 # 1504
2043 # 1504
2043 # 1504
2043 # 1504
2043 # 1504
2043 # 1504
2043 # 1504
2043 # 1504
2043 # 1504
2043 # 1504
2043 # 1504
2043 # 1504
2043 # 1504
2043 # 1504
3043 # 1504
3043 # 1504
3043 # 1504
3043 # 1504
3043 # 1504
3043 # 1504
3043 # 1504
3043 # 1504
3043 # 1504
3043 # 1504
3043 # 1504
3043 # 1504
3043 # 1504
3043 # 1504
3043 # 1504
3043 # 1504
3043 # 1504
3043 # 1504
3043 # 1504
3043 # 1504
3043 # 1504
3043 # 1504
3043 # 1504
3043 # 1504
3043 # 1504
3043 # 1504
3043 # 1504
3043 # 1504
3043 # 1504
3043 # 1504
3043 # 1504
3043 # 1504
3043 # 1504
3043 # 1504
3043 # 1504
3043 # 1504
3043 # 1504
3043 # 1504
3043 # 1504
3043 # 1504
3043 # 1504
3043 # 1504
3043 # 1504
3043 # 1504
3043 # 1504
3043 # 1504
3043 # 1504
3043 # 1504
3043 # 1504
3043 # 1504
3043 # 1504
3043 # 1504
3043 # 1504
3043 # 1504
3043 # 1504
3043 # 1504
3043 # 1504
3043 # 1504
3043 # 1504
3043 # 1504
4043 # 1504
4043 # 1504
4043 # 1504
4043 # 1504
4043 # 1504
4043 # 1504
4043 # 1504
4043 # 1504
4043 # 1504
4043 # 1504
4043 # 1504
4043 # 1504
4043 # 1504
4043 # 1504
4043 # 1504
4043 # 1504
4043 # 1504
4043 # 1504
4043 # 1504
4043 # 1504
4043 # 1504
4043 # 1504
4043 # 1504
4043 # 1504
4043 # 1504
4043 # 1504
4043 # 1504
4043 # 1504
4043 # 1504
4043 # 1504
4043 # 1504
4043 # 1504
4043 # 1504
4043 # 1504
4043 # 1504
4043 # 1504
4043 # 1504
4043 # 1504
4043 # 1504
4043 # 1504
4043 # 1504
4043 # 1504
4043 # 1504
4043 # 1504
4043 # 1504
4043 # 1504
4043 # 1504
4043 # 1504
4043 # 1504
4043 # 1504
4043 # 1504
4043 # 1504
4043 # 1504
4043 # 1504
4043 # 1504
4043 # 1504
4043 # 1504
4043 # 1504
4043 # 1504
4043 # 1504
4085 + 100
5043 # 1504
5043 - 100 958
5043 # 1504
5043 # 1504
5043 # 1504
5043 # 1504
5043 # 1504
5043 # 1504
5043 # 1504
5043 # 1504
5043 # 1504
5043 # 1504
5043 # 1504
5043 # 1504
5043 # 1504
5043 # 1504
5043 # 1504
5043 # 1504
5043 # 1504
5043 # 1504
5043 # 1504
5043 # 1504
5043 # 1504
5043 # 1504
5043 # 1504
5043 # 1504
5043 # 1504
5043 # 1504
5043 # 1504
5043 # 1504
5043 # 1504
5043 # 1504
5043 # 1504
5043 # 1504
5043 # 1504
5043 # 1504
5043 # 1504
5043 # 1504
5043 # 1504
5043 # 1504
5043 # 1504
5043 # 1504
5043 # 1504
5043 # 1504
5043 # 1504
5043 # 1504
5043 # 1504
5043 # 1504
5043 # 1504
5043 # 1504
5043 # 1504
5043 # 1504
5043 # 1504
5043 # 1504
5043 # 1504
5043 # 1504
5043 # 1504
5043 # 1504
5043 # 1504
5043 # 1504
5043 # 1504
5048 + 92
5048 + 1504
5048 + 1504
5048 + 1504
5048 + 1504
5048 + 1504
5048 + 1504
5048 + 1504
5048 + 1504
5048 + 1504
5048 + 1504
5243 + 52
6043 # 1504
6043 - 92 995
6043 # 1504
6043 - 1504 995
6043 # 1504
6043 - 1504 995
6043 # 1504
6043 - 1504 995
6043 # 1504
6043 - 1504 995
6043 # 1504
6043 - 1504 995
6043 # 1504
6043 - 1504 995
6043 # 1504
6043 - 1504 995
6043 # 1504
6043 - 1504 995
6043 # 1504
6043 - 1504 995
6043 # 1504
6043 - 1504 995
6043 - 52 800
6043 # 1504
6043 # 1504
6043 # 1504
6043 # 1504
6043 # 1504
6043 # 1504
6043 # 1504
6043 # 1504
6043 # 1504
6043 # 1504
6043 # 1504
6043 # 1504
6043 # 1504
6043 # 1504
6043 # 1504
6043 # 1504
6043 # 1504
6043 # 1504
6043 # 1504
6043 # 1504
6043 # 1504
6043 # 1504
6043 # 1504
6043 # 1504
6043 # 1504
6043 # 1504
6043 # 1504
6043 # 1504
6043 # 1504
6043 # 1504
6043 # 1504
6043 # 1504
6043 # 1504
6043 # 1504
6043 # 1504
6043 # 1504
6043 # 1504
6043 # 1504
6043 # 1504
6043 # 1504
6043 # 1504
6043 # 1504
6043 # 1504
6043 # 1504
6043 # 1504
6043 # 1504
6043 # 1504
6043 # 1504
6043 # 1504
6047 + 1504
6065 + 1504
6098 + 1504
6132 + 1504
6167 + 1504
6209 + 1504
6243 + 1504
6269 + 1504
6300 + 1504
6335 + 1504
7043 # 1504
7043 - 1504 996
7043 # 1504
7043 - 1504 978
7043 # 1504
7043 - 1504 945
7043 # 1504
7043 - 1504 911
7043 # 1504
7043 - 1504 876
7043 # 1504
7043 - 1504 834
7043 # 1504
7043 - 1504 800
7043 # 1504
7043 - 1504 774
7043 # 1504
7043 - 1504 743
7043 # 1504
7043 - 1504 708
7043 # 1504
7043 # 1504
7043 # 1504
7043 # 1504
7043 # 1504
7043 # 1504
7043 # 1504
7043 # 1504
7043 # 1504
7043 # 1504
7043 # 1504
7043 # 1504
7043 # 1504
7043 # 1504
7043 # 1504
7043 # 1504
7043 # 1504
7043 # 1504
7043 # 1504
7043 # 1504
7043 # 1504
7043 # 1504
7043 # 1504
7043 # 1504
7043 # 1504
7043 # 1504
7043 # 1504
7043 # 1504
7043 # 1504
7043 # 1504
7043 # 1504
7043 # 1504
7043 # 1504
7043 # 1504
7043 # 1504
7043 # 1504
7043 # 1504
7043 # 1504
7043 # 1504
7043 # 1504
7043 # 1504
7043 # 1504
7043 # 1504
7043 # 1504
7043 # 1504
7043 # 1504
7043 # 1504
7043 # 1504
7043 # 1504
7043 # 1504
7046 + 1504
7064 + 1504
7098 + 1504
7131 + 1504
7165 + 1504
7200 + 1504
7232 + 1504
7267 + 1504
8043 # 1504
8043 - 1504 997
8043 # 1504
8043 - 1504 979
8043 # 1504
8043 - 1504 945
8043 # 1504
8043 - 1504 912
8043 # 1504
8043 - 1504 878
8043 # 1504
8043 - 1504 843
8043 # 1504
8043 - 1504 811
8043 # 1504
8043 - 1504 776
8043 # 1504
8043 # 1504
8043 # 1504
8043 # 1504
8043 # 1504
8043 # 1504
8043 # 1504
8043 # 1504
8043 # 1504
8043 # 1504
8043 # 1504
8043 # 1504
8043 # 1504
8043 # 1504
8043 # 1504
8043 # 1504
8043 # 1504
8043 # 1504
8043 # 1504
8043 # 1504
8043 # 1504
8043 # 1504
8043 # 1504
8043 # 1504
8043 # 1504
8043 # 1504
8043 # 1504
8043 # 1504
8043 # 1504
8043 # 1504
8043 # 1504
8043 # 1504
8043 # 1504
8043 # 1504
8043 # 1504
8043 # 1504
8043 # 1504
8043 # 1504
8043 # 1504
8043 # 1504
8043 # 1504
8043 # 1504
8043 # 1504
8043 # 1504
8043 # 1504
8043 # 1504
8043 # 1504
8043 # 1504
8043 # 1504
8043 # 1504
8043 # 1504
8043 # 1504
8048 + 1504
8065 + 1504
8099 + 1504
8135 + 1504
8168 + 1504
8200 + 1504
8234 + 1504
8268 + 1504
8301 + 1504
8336 + 1504
8369 + 1504
8402 + 1504
8437 + 1504
8470 + 1504
8504 + 1504
9043 # 1504
9043 - 1504 995
9043 # 1504
9043 - 1504 978
9043 # 1504
9043 - 1504 944
9043 # 1504
9043 - 1504 908
9043 # 1504
9043 - 1504 875
9043 # 1504
9043 - 1504 843
9043 # 1504
9043 - 1504 809
9043 # 1504
9043 - 1504 775
9043 # 1504
9043 - 1504 742
9043 # 1504
9043 - 1504 707
9043 # 1504
9043 - 1504 674
9043 # 1504
9043 - 1504 641
9043 # 1504
9043 - 1504 606
9043 # 1504
9043 - 1504 573
9043 # 1504
9043 - 1504 539
9043 # 1504
9043 # 1504
9043 # 1504
9043 # 1504
9043 # 1504
9043 # 1504
9043 # 1504
9043 # 1504
9043 # 1504
9043 # 1504
9043 # 1504
9043 # 1504
9043 # 1504
9043 # 1504
9043 # 1504
9043 # 1504
9043 # 1504
9043 # 1504
9043 # 1504
9043 # 1504
9043 # 1504
9043 # 1504
9043 # 1504
9043 # 1504
9043 # 1504
9043 # 1504
9043 # 1504
9043 # 1504
9043 # 1504
9043 # 1504
9043 # 1504
9043 # 1504
9043 # 1504
9043 # 1504
9043 # 1504
9043 # 1504
9043 # 1504
9043 # 1504
9043 # 1504
9043 # 1504
9043 # 1504
9043 # 1504
9043 # 1504
9043 # 1504
9043 # 1504
9048 + 1504
9065 + 1504
9099 + 1504
9134 + 1504
9167 + 1504
9200 + 1504
9254 + 1504
9272 + 1504
9305 + 1504
9344 + 1504
9373 + 1504
9406 + 1504
9441 + 1504
9474 + 1504
9508 + 1504
9540 + 1504
10043 # 1504
10043 - 1504 995
10043 # 1504
10043 - 1504 978
10043 # 1504
10043 - 1504 944
10043 # 1504
10043 - 1504 909
10043 # 1504
10043 - 1504 876
10043 # 1504
10043 - 1504 843
10043 # 1504
10043 - 1504 789
10043 # 1504
10043 - 1504 771
10043 # 1504
10043 - 1504 738
10043 # 1504
10043 - 1504 699
10043 # 1504
10043 - 1504 670
10043 # 1504
10043 - 1504 637
10043 # 1504
10043 - 1504 602
10043 # 1504
10043 - 1504 569
10043 # 1504
10043 - 1504 535
10043 # 1504
10043 - 1504 503
10043 # 1504
10043 # 1504
10043 # 1504
10043 # 1504
10043 # 1504
10043 # 1504
10043 # 1504
10043 # 1504
10043 # 1504
10043 # 1504
10043 # 1504
10043 # 1504
10043 # 1504
10043 # 1504
10043 # 1504
10043 # 1504
10043 # 1504
10043 # 1504
10043 # 1504
10043 # 1504
10043 # 1504
10043 # 1504
10043 # 1504
10043 # 1504
10043 # 1504
10043 # 1504
10043 # 1504
10043 # 1504
10043 # 1504
10043 # 1504
10043 # 1504
10043 # 1504
10043 # 1504
10043 # 1504
10043 # 1504
10043 # 1504
10043 # 1504
10043 # 1504
10043 # 1504
10043 # 1504
10043 # 1504
10043 # 1504
10043 # 1504
10043 # 1504
10046 + 1504
10065 + 1504
10098 + 1504
10131 + 1504
10164 + 1504
10198 + 1504
10232 + 1504
10265 + 1504
10299 + 1504
10332 + 1504
10369 + 1504
10400 + 1504
10433 + 1504
10467 + 1504
10501 + 1504
10534 + 1504
11043 # 1504
11043 - 1504 997
11043 # 1504
11043 - 1504 978
11043 # 1504
11043 - 1504 945
11043 # 1504
11043 - 1504 912
11043 # 1504
11043 - 1504 879
11043 # 1504
11043 - 1504 845
11043 # 1504
11043 - 1504 811
11043 # 1504
11043 - 1504 778
11043 # 1504
11043 - 1504 744
11043 # 1504
11043 - 1504 711
11043 # 1504
11043 - 1504 674
11043 # 1504
11043 - 1504 643
11043 # 1504
11043 - 1504 610
11043 # 1504
11043 - 1504 576
11043 # 1504
11043 - 1504 542
11043 # 1504
11043 - 1504 509
11043 # 1504
11043 # 1504
11043 # 1504
11043 # 1504
11043 # 1504
11043 # 1504
11043 # 1504
11043 # 1504
11043 # 1504
11043 # 1504
11043 # 1504
11043 # 1504
11043 # 1504
11043 # 1504
11043 # 1504
11043 # 1504
11043 # 1504
11043 # 1504
11043 # 1504
11043 # 1504
11043 # 1504
11043 # 1504
11043 # 1504
11043 # 1504
11043 # 1504
11043 # 1504
11043 # 1504
11043 # 1504
11043 # 1504
11043 # 1504
11043 # 1504
11043 # 1504
11043 # 1504
11043 # 1504
11043 # 1504
11043 # 1504
11043 # 1504
11043 # 1504
11043 # 1504
11043 # 1504
11043 # 1504
11043 # 1504
11043 # 1504
11043 # 1504
11046 + 1504
11064 + 1504
11088 + 1504
11110 + 1504
11134 + 1504
11156 + 1504
11179 + 1504
11202 + 1504
11225 + 1504
11248 + 1504
11271 + 1504
11294 + 1504
11318 + 1504
11342 + 1504
11363 + 1504
11387 + 1504
11410 + 1504
11433 + 1504
11457 + 1504
11480 + 1504
11504 + 1504
11526 + 1504
11549 + 1504
11576 + 1504
11595 + 1504
11617 + 1504
11641 + 1504
11664 + 1504
11687 + 1504
11710 + 1504
11734 + 1504
11757 + 1504
11780 + 1504
12043 # 1504
12043 - 1504 997
12043 # 1504
12043 - 1504 979
12043 # 1504
12043 - 1504 955
12043 # 1504
12043 - 1504 933
12043 # 1504
12043 - 1504 909
12043 # 1504
12043 - 1504 887
12043 # 1504
12043 - 1504 864
12043 # 1504
12043 - 1504 841
12043 # 1504
12043 - 1504 818
12043 # 1504
12043 - 1504 795
12043 # 1504
12043 - 1504 772
12043 # 1504
12043 - 1504 749
12043 # 1504
12043 - 1504 725
12043 # 1504
12043 - 1504 701
12043 # 1504
12043 - 1504 680
12043 # 1504
12043 - 1504 656
12043 # 1504
12043 - 1504 633
12043 # 1504
12043 - 1504 610
12043 # 1504
12043 - 1504 586
12043 # 1504
12043 - 1504 563
12043 # 1504
12043 - 1504 539
12043 # 1504
12043 - 1504 517
12043 # 1504
12043 - 1504 494
12043 # 1504
12043 - 1504 467
12043 # 1504
12043 - 1504 448
12043 # 1504
12043 - 1504 426
12043 # 1504
12043 - 1504 402
12043 # 1504
12043 - 1504 379
12043 # 1504
12043 - 1504 356
12043 # 1504
12043 - 1504 333
12043 # 1504
12043 - 1504 309
12043 # 1504
12043 - 1504 286
12043 # 1504
12043 - 1504 263
12043 # 1504
12043 # 1504
12043 # 1504
12043 # 1504
12043 # 1504
12043 # 1504
12043 # 1504
12043 # 1504
12043 # 1504
12043 # 1504
12043 # 1504
12043 # 1504
12043 # 1504
12043 # 1504
12043 # 1504
12043 # 1504
12043 # 1504
12043 # 1504
12043 # 1504
12043 # 1504
12043 # 1504
12043 # 1504
12043 # 1504
12043 # 1504
12043 # 1504
12043 # 1504
12043 # 1504
12048 + 1504
12060 + 1504
12074 + 1504
12086 + 1504
12099 + 1504
12111 + 1504
12125 + 1504
12138 + 1504
12151 + 1504
12164 + 1504
12176 + 1504
12189 + 1504
12202 + 1504
12215 + 1504
12228 + 1504
12241 + 1504
12253 + 1504
12266 + 1504
12279 + 1504
12294 + 1504
12307 + 1504
12318 + 1504
12331 + 1504
12344 + 1504
12358 + 1504
12371 + 1504
12383 + 1504
12397 + 1504
12410 + 1504
12422 + 1504
12435 + 1504
12451 + 1504
12460 + 1504
12474 + 1504
12487 + 1504
12500 + 1504
12513 + 1504
12525 + 1504
12539 + 1504
12552 + 1504
12564 + 1504
12577 + 1504
12590 + 1504
12603 + 1504
12616 + 1504
12629 + 1504
13043 # 1504
13043 - 1504 995
13043 # 1504
13043 - 1504 983
13043 # 1504
13043 - 1504 969
13043 # 1504
13043 - 1504 957
13043 # 1504
13043 - 1504 944
13043 # 1504
13043 - 1504 932
13043 # 1504
13043 - 1504 918
13043 # 1504
13043 - 1504 905
13043 # 1504
13043 - 1504 892
13043 # 1504
13043 - 1504 879
13043 # 1504
13043 - 1504 867
13043 # 1504
13043 - 1504 854
13043 # 1504
13043 - 1504 841
13043 # 1504
13043 - 1504 828
13043 # 1504
13043 - 1504 815
13043 # 1504
13043 - 1504 802
13043 # 1504
13043 - 1504 790
13043 # 1504
13043 - 1504 777
13043 # 1504
13043 - 1504 764
13043 # 1504
13043 - 1504 749
13043 # 1504
13043 - 1504 736
13043 # 1504
13043 - 1504 725
13043 # 1504
13043 - 1504 712
13043 # 1504
13043 - 1504 699
13043 # 1504
13043 - 1504 685
13043 # 1504
13043 - 1504 672
13043 # 1504
13043 - 1504 660
13043 # 1504
13043 - 1504 646
13043 # 1504
13043 - 1504 633
13043 # 1504
13043 - 1504 621
13043 # 1504
13043 - 1504 608
13043 # 1504
13043 - 1504 592
13043 # 1504
13043 - 1504 583
13043 # 1504
13043 - 1504 569
13043 # 1504
13043 - 1504 556
13043 # 1504
13043 - 1504 543
13043 # 1504
13043 - 1504 530
13043 # 1504
13043 - 1504 518
13043 # 1504
13043 - 1504 504
13043 # 1504
13043 - 1504 491
13043 # 1504
13043 - 1504 479
13043 # 1504
13043 - 1504 466
13043 # 1504
13043 - 1504 453
13043 # 1504
13043 - 1504 440
13043 # 1504
13043 - 1504 427
13043 # 1504
13043 - 1504 414
13043 # 1504
13043 # 1504
13043 # 1504
13043 # 1504
13043 # 1504
13043 # 1504
13043 # 1504
13043 # 1504
13043 # 1504
13043 # 1504
13043 # 1504
13043 # 1504
13043 # 1504
13043 # 1504
13046 + 1504
13053 + 1504
13066 + 1504
13080 + 1504
13092 + 1504
13105 + 1504
13119 + 1504
13132 + 1504
13144 + 1504
13157 + 1504
13170 + 1504
13183 + 1504
13196 + 1504
13690 + 52
14043 # 1504
14043 - 1504 997
14043 # 1504
14043 - 1504 990
14043 # 1504
14043 - 1504 977
14043 # 1504
14043 - 1504 963
14043 # 1504
14043 - 1504 951
14043 # 1504
14043 - 1504 938
14043 # 1504
14043 - 1504 924
14043 # 1504
14043 - 1504 911
14043 # 1504
14043 - 1504 899
14043 # 1504
14043 - 1504 886
14043 # 1504
14043 - 1504 873
14043 # 1504
14043 - 1504 860
14043 # 1504
14043 - 1504 847
14043 # 1504
14043 - 52 353
14043 # 1504
14043 # 1504
14043 # 1504
14043 # 1504
14043 # 1504
14043 # 1504
14043 # 1504
14043 # 1504
14043 # 1504
14043 # 1504
14043 # 1504
14043 # 1504
14043 # 1504
14043 # 1504
14043 # 1504
14043 # 1504
14043 # 1504
14043 # 1504
14043 # 1504
14043 # 1504
14043 # 1504
14043 # 1504
14043 # 1504
14043 # 1504
14043 # 1504
14043 # 1504
14043 # 1504
14043 # 1504
14043 # 1504
14043 # 1504
14043 # 1504
14043 # 1504
14043 # 1504
14043 # 1504
14043 # 1504
14043 # 1504
14043 # 1504
14043 # 1504
14043 # 1504
14043 # 1504
14043 # 1504
14043 # 1504
14043 # 1504
14043 # 1504
14043 # 1504
14043 # 1504
14047 + 1504
14054 + 1504
14054 + 1504
14069 + 1504
14077 + 1504
14077 + 1504
14094 + 1504
14094 + 1504
14107 + 1504
14107 + 1504
14122 + 1504
14122 + 1504
14137 + 1504
14137 + 1504
14153 + 1504
14153 + 1504
14170 + 1504
14170 + 1504
14185 + 1504
14185 + 1504
14199 + 1504
14199 + 1504
14213 + 1504
14213 + 1504
14230 + 1504
14230 + 1504
14245 + 1504
14254 + 1504
14254 + 1504
14268 + 1504
14268 + 1504
14283 + 1504
14283 + 1504
14298 + 1504
14298 + 1504
14312 + 1504
14312 + 1504
14329 + 1504
14329 + 1504
14343 + 1504
14343 + 1504
14361 + 1504
14361 + 1504
14375 + 1504
14375 + 1504
14390 + 1504
15043 # 1504
15043 - 1504 996
15043 # 1504
15043 - 1504 989
15043 # 1504
15043 - 1504 989
15043 # 1504
15043 - 1504 974
15043 # 1504
15043 - 1504 966
15043 # 1504
15043 - 1504 966
15043 # 1504
15043 - 1504 949
15043 # 1504
15043 - 1504 949
15043 # 1504
15043 - 1504 936
15043 # 1504
15043 - 1504 936
15043 # 1504
15043 - 1504 921
15043 # 1504
15043 - 1504 921
15043 # 1504
15043 - 1504 906
15043 # 1504
15043 - 1504 906
15043 # 1504
15043 - 1504 890
15043 # 1504
15043 - 1504 890
15043 # 1504
15043 - 1504 873
15043 # 1504
15043 - 1504 873
15043 # 1504
15043 - 1504 858
15043 # 1504
15043 - 1504 858
15043 # 1504
15043 - 1504 844
15043 # 1504
15043 - 1504 844
15043 # 1504
15043 - 1504 830
15043 # 1504
15043 - 1504 830
15043 # 1504
15043 - 1504 813
15043 # 1504
15043 - 1504 813
15043 # 1504
15043 - 1504 798
15043 # 1504
15043 - 1504 789
15043 # 1504
15043 - 1504 789
15043 # 1504
15043 - 1504 775
15043 # 1504
15043 - 1504 775
15043 # 1504
15043 - 1504 760
15043 # 1504
15043 - 1504 760
15043 # 1504
15043 - 1504 745
15043 # 1504
15043 - 1504 745
15043 # 1504
15043 - 1504 731
15043 # 1504
15043 - 1504 731
15043 # 1504
15043 - 1504 714
15043 # 1504
15043 - 1504 714
15043 # 1504
15043 - 1504 700
15043 # 1504
15043 - 1504 700
15043 # 1504
15043 - 1504 682
15043 # 1504
15043 - 1504 682
15043 # 1504
15043 - 1504 668
15043 # 1504
15043 - 1504 668
15043 # 1504
15043 - 1504 653
15043 # 1504
15043 # 1504
15043 # 1504
15043 # 1504
15043 # 1504
15043 # 1504
15043 # 1504
15043 # 1504
15043 # 1504
15043 # 1504
15043 # 1504
15043 # 1504
15043 # 1504
15043 # 1504
16043 # 1504
16043 # 1504
16043 # 1504
16043 # 1504
16043 # 1504
16043 # 1504
16043 # 1504
16043 # 1504
16043 # 1504
16043 # 1504
16043 # 1504
16043 # 1504
16043 # 1504
16043 # 1504
16043 # 1504
16043 # 1504
16043 # 1504
16043 # 1504
16043 # 1504
16043 # 1504
16043 # 1504
16043 # 1504
16043 # 1504
16043 # 1504
16043 # 1504
16043 # 1504
16043 # 1504
16043 # 1504
16043 # 1504
16043 # 1504
16043 # 1504
16043 # 1504
16043 # 1504
16043 # 1504
16043 # 1504
16043 # 1504
16043 # 1504
16043 # 1504
16043 # 1504
16043 # 1504
16043 # 1504
16043 # 1504
16043 # 1504
16043 # 1504
16043 # 1504
16043 # 1504
16043 # 1504
16043 # 1504
16043 # 1504
16043 # 1504
16043 # 1504
16043 # 1504
16043 # 1504
16043 # 1504
16043 # 1504
16043 # 1504
16043 # 1504
16043 # 1504
16043 # 1504
16043 # 1504
16048 + 1504
16048 + 1504
16056 + 1504
16056 + 1504
16072 + 1504
16072 + 1504
16088 + 1504
16088 + 1504
16102 + 1504
16102 + 1504
16120 + 1504
16120 + 1504
16133 + 1504
16133 + 1504
16148 + 1504
16148 + 1504
16163 + 1504
16163 + 1504
16179 + 1504
16179 + 1504
16193 + 1504
16193 + 1504
16209 + 1504
16209 + 1504
16224 + 1504
16224 + 1504
16240 + 1504
16248 + 1504
16248 + 1504
16262 + 1504
16262 + 1504
16277 + 1504
16277 + 1504
16292 + 1504
16292 + 1504
16307 + 1504
16307 + 1504
16324 + 1504
16324 + 1504
16338 + 1504
16339 + 1504
16353 + 1504
16353 + 1504
16370 + 1504
16370 + 1504
16385 + 1504
17043 # 1504
17043 - 1504 995
17043 # 1504
17043 - 1504 995
17043 # 1504
17043 - 1504 987
17043 # 1504
17043 - 1504 987
17043 # 1504
17043 - 1504 971
17043 # 1504
17043 - 1504 971
17043 # 1504
17043 - 1504 955
17043 # 1504
17043 - 1504 955
17043 # 1504
17043 - 1504 941
17043 # 1504
17043 - 1504 941
17043 # 1504
17043 - 1504 923
17043 # 1504
17043 - 1504 923
17043 # 1504
17043 - 1504 910
17043 # 1504
17043 - 1504 910
17043 # 1504
17043 - 1504 895
17043 # 1504
17043 - 1504 895
17043 # 1504
17043 - 1504 880
17043 # 1504
17043 - 1504 880
17043 # 1504
17043 - 1504 864
17043 # 1504
17043 - 1504 864
17043 # 1504
17043 - 1504 850
17043 # 1504
17043 - 1504 850
17043 # 1504
17043 - 1504 834
17043 # 1504
17043 - 1504 834
17043 # 1504
17043 - 1504 819
17043 # 1504
17043 - 1504 819
17043 # 1504
17043 - 1504 803
17043 # 1504
17043 - 1504 795
17043 # 1504
17043 - 1504 795
17043 # 1504
17043 - 1504 781
17043 # 1504
17043 - 1504 781
17043 # 1504
17043 - 1504 766
17043 # 1504
17043 - 1504 766
17043 # 1504
17043 - 1504 751
17043 # 1504
17043 - 1504 751
17043 # 1504
17043 - 1504 736
17043 # 1504
17043 - 1504 736
17043 # 1504
17043 - 1504 719
17043 # 1504
17043 - 1504 719
17043 # 1504
17043 - 1504 705
17043 # 1504
17043 - 1504 704
17043 # 1504
17043 - 1504 690
17043 # 1504
17043 - 1504 690
17043 # 1504
17043 - 1504 673
17043 # 1504
17043 - 1504 673
17043 # 1504
17043 - 1504 658
17043 # 1504
17043 # 1504
17043 # 1504
17043 # 1504
17043 # 1504
17043 # 1504
17043 # 1504
17043 # 1504
17043 # 1504
17043 # 1504
17043 # 1504
17043 # 1504
17043 # 1504
17043 # 1504
18043 # 1504
18043 # 1504
18043 # 1504
18043 # 1504
18043 # 1504
18043 # 1504
18043 # 1504
18043 # 1504
18043 # 1504
18043 # 1504
18043 # 1504
18043 # 1504
18043 # 1504
18043 # 1504
18043 # 1504
18043 # 1504
18043 # 1504
18043 # 1504
18043 # 1504
18043 # 1504
18043 # 1504
18043 # 1504
18043 # 1504
18043 # 1504
18043 # 1504
18043 # 1504
18043 # 1504
18043 # 1504
18043 # 1504
18043 # 1504
18043 # 1504
18043 # 1504
18043 # 1504
18043 # 1504
18043 # 1504
18043 # 1504
18043 # 1504
18043 # 1504
18043 # 1504
18043 # 1504
18043 # 1504
18043 # 1504
18043 # 1504
18043 # 1504
18043 # 1504
18043 # 1504
18043 # 1504
18043 # 1504
18043 # 1504
18043 # 1504
18043 # 1504
18043 # 1504
18043 # 1504
18043 # 1504
18043 # 1504
18043 # 1504
18043 # 1504
18043 # 1504
18043 # 1504
18043 # 1504
18058 + 1504
18058 + 1504
18059 + 1504
18059 + 1504
18072 + 1504
18072 + 1504
18091 + 1504
18091 + 1504
18103 + 1504
18103 + 1504
18119 + 1504
18119 + 1504
18134 + 1504
18134 + 1504
18150 + 1504
18150 + 1504
18166 + 1504
18166 + 1504
18182 + 1504
18182 + 1504
18196 + 1504
18196 + 1504
18210 + 1504
18210 + 1504
18224 + 1504
18225 + 1504
18242 + 1504
18247 + 1504
18247 + 1504
18263 + 1504
18263 + 1504
18279 + 1504
18279 + 1504
18295 + 1504
18295 + 1504
18309 + 1504
18310 + 1504
18327 + 1504
18327 + 1504
18339 + 1504
18339 + 1504
18355 + 1504
18355 + 1504
18370 + 1504
18370 + 1504
18386 + 1504
19043 # 1504
19043 - 1504 985
19043 # 1504
19043 - 1504 985
19043 # 1504
19043 - 1504 984
19043 # 1504
19043 - 1504 984
19043 # 1504
19043 - 1504 971
19043 # 1504
19043 - 1504 971
19043 # 1504
19043 - 1504 952
19043 # 1504
19043 - 1504 952
19043 # 1504
19043 - 1504 940
19043 # 1504
19043 - 1504 940
19043 # 1504
19043 - 1504 924
19043 # 1504
19043 - 1504 924
19043 # 1504
19043 - 1504 909
19043 # 1504
19043 - 1504 909
19043 # 1504
19043 - 1504 893
19043 # 1504
19043 - 1504 893
19043 # 1504
19043 - 1504 877
19043 # 1504
19043 - 1504 877
19043 # 1504
19043 - 1504 861
19043 # 1504
19043 - 1504 861
19043 # 1504
19043 - 1504 847
19043 # 1504
19043 - 1504 847
19043 # 1504
19043 - 1504 833
19043 # 1504
19043 - 1504 833
19043 # 1504
19043 - 1504 819
19043 # 1504
19043 - 1504 818
19043 # 1504
19043 - 1504 801
19043 # 1504
19043 - 1504 796
19043 # 1504
19043 - 1504 796
19043 # 1504
19043 - 1504 780
19043 # 1504
19043 - 1504 780
19043 # 1504
19043 - 1504 764
19043 # 1504
19043 - 1504 764
19043 # 1504
19043 - 1504 748
19043 # 1504
19043 - 1504 748
19043 # 1504
19043 - 1504 734
19043 # 1504
19043 - 1504 733
19043 # 1504
19043 - 1504 716
19043 # 1504
19043 - 1504 716
19043 # 1504
19043 - 1504 704
19043 # 1504
19043 - 1504 704
19043 # 1504
19043 - 1504 688
19043 # 1504
19043 - 1504 688
19043 # 1504
19043 - 1504 673
19043 # 1504
19043 - 1504 673
19043 # 1504
19043 - 1504 657
19043 # 1504
19043 # 1504
19043 # 1504
19043 # 1504
19043 # 1504
19043 # 1504
19043 # 1504
19043 # 1504
19043 # 1504
19043 # 1504
19043 # 1504
19043 # 1504
19043 # 1504
19043 # 1504
20043 # 1504
20043 # 1504
20043 # 1504
20043 # 1504
20043 # 1504
20043 # 1504
20043 # 1504
20043 # 1504
20043 # 1504
20043 # 1504
20043 # 1504
20043 # 1504
20043 # 1504
20043 # 1504
20043 # 1504
20043 # 1504
20043 # 1504
20043 # 1504
20043 # 1504
20043 # 1504
20043 # 1504
20043 # 1504
20043 # 1504
20043 # 1504
20043 # 1504
20043 # 1504
20043 # 1504
20043 # 1504
20043 # 1504
20043 # 1504
20043 # 1504
20043 # 1504
20043 # 1504
20043 # 1504
20043 # 1504
20043 # 1504
20043 # 1504
20043 # 1504
20043 # 1504
20043 # 1504
20043 # 1504
20043 # 1504
20043 # 1504
20043 # 1504
20043 # 1504
20043 # 1504
20043 # 1504
20043 # 1504
20043 # 1504
20043 # 1504
20043 # 1504
20043 # 1504
20043 # 1504
20043 # 1504
20043 # 1504
20043 # 1504
20043 # 1504
20043 # 1504
20043 # 1504
20043 # 1504
20050 + 1504
20063 + 1504
20084 + 1504
20107 + 1504
20128 + 1504
20150 + 1504
20172 + 1504
20195 + 1504
20218 + 1504
20238 + 1504
20261 + 1504
20282 + 1504
20304 + 1504
20326 + 1504
20349 + 1504
20369 + 1504
20392 + 1504
20414 + 1504
20435 + 1504
20459 + 1504
20480 + 1504
20503 + 1504
20525 + 1504
20547 + 1504
20568 + 1504
20590 + 1504
20613 + 1504
20634 + 1504
20659 + 1504
20678 + 1504
20700 + 1504
20722 + 1504
21043 # 1504
21043 - 1504 993
21043 # 1504
21043 - 1504 980
21043 # 1504
21043 - 1504 959
21043 # 1504
21043 - 1504 936
21043 # 1504
21043 - 1504 915
21043 # 1504
21043 - 1504 893
21043 # 1504
21043 - 1504 871
21043 # 1504
21043 - 1504 848
21043 # 1504
21043 - 1504 825
21043 # 1504
21043 - 1504 805
21043 # 1504
21043 - 1504 782
21043 # 1504
21043 - 1504 761
21043 # 1504
21043 - 1504 739
21043 # 1504
21043 - 1504 717
21043 # 1504
21043 - 1504 694
21043 # 1504
21043 - 1504 674
21043 # 1504
21043 - 1504 651
21043 # 1504
21043 - 1504 629
21043 # 1504
21043 - 1504 608
21043 # 1504
21043 - 1504 584
21043 # 1504
21043 - 1504 563
21043 # 1504
21043 - 1504 540
21043 # 1504
21043 - 1504 518
21043 # 1504
21043 - 1504 496
21043 # 1504
21043 - 1504 475
21043 # 1504
21043 - 1504 453
21043 # 1504
21043 - 1504 430
21043 # 1504
21043 - 1504 409
21043 # 1504
21043 - 1504 384
21043 # 1504
21043 - 1504 365
21043 # 1504
21043 - 1504 343
21043 # 1504
21043 - 1504 321
21043 # 1504
21043 # 1504
21043 # 1504
21043 # 1504
21043 # 1504
21043 # 1504
21043 # 1504
21043 # 1504
21043 # 1504
21043 # 1504
21043 # 1504
21043 # 1504
21043 # 1504
21043 # 1504
21043 # 1504
21043 # 1504
21043 # 1504
21043 # 1504
21043 # 1504
21043 # 1504
21043 # 1504
21043 # 1504
21043 # 1504
21043 # 1504
21043 # 1504
21043 # 1504
21043 # 1504
21043 # 1504
21049 + 1504
21059 + 1504
21076 + 1504
21094 + 1504
21111 + 1504
21129 + 1504
21147 + 1504
21164 + 1504
21182 + 1504
21200 + 1504
21217 + 1504
21235 + 1504
21252 + 1504
21269 + 1504
21288 + 1504
21305 + 1504
21322 + 1504
21340 + 1504
21358 + 1504
21377 + 1504
21393 + 1504
21410 + 1504
21428 + 1504
21446 + 1504
21463 + 1504
21480 + 1504
21498 + 1504
21516 + 1504
21534 + 1504
21550 + 1504
21569 + 1504
21586 + 1504
21604 + 1504
21621 + 1504
22043 # 1504
22043 - 1504 994
22043 # 1504
22043 - 1504 984
22043 # 1504
22043 - 1504 967
22043 # 1504
22043 - 1504 949
22043 # 1504
22043 - 1504 932
22043 # 1504
22043 - 1504 914
22043 # 1504
22043 - 1504 896
22043 # 1504
22043 - 1504 879
22043 # 1504
22043 - 1504 861
22043 # 1504
22043 - 1504 843
22043 # 1504
22043 - 1504 826
22043 # 1504
22043 - 1504 808
22043 # 1504
22043 - 1504 791
22043 # 1504
22043 - 1504 774
22043 # 1504
22043 - 1504 755
22043 # 1504
22043 - 1504 738
22043 # 1504
22043 - 1504 721
22043 # 1504
22043 - 1504 703
22043 # 1504
22043 - 1504 685
22043 # 1504
22043 - 1504 666
22043 # 1504
22043 - 1504 650
22043 # 1504
22043 - 1504 633
22043 # 1504
22043 - 1504 615
22043 # 1504
22043 - 1504 597
22043 # 1504
22043 - 1504 580
22043 # 1504
22043 - 1504 563
22043 # 1504
22043 - 1504 545
22043 # 1504
22043 - 1504 527
22043 # 1504
22043 - 1504 509
22043 # 1504
22043 - 1504 493
22043 # 1504
22043 - 1504 474
22043 # 1504
22043 - 1504 457
22043 # 1504
22043 - 1504 439
22043 # 1504
22043 - 1504 422
22043 # 1504
22043 # 1504
22043 # 1504
22043 # 1504
22043 # 1504
22043 # 1504
22043 # 1504
22043 # 1504
22043 # 1504
22043 # 1504
22043 # 1504
22043 # 1504
22043 # 1504
22043 # 1504
22043 # 1504
22043 # 1504
22043 # 1504
22043 # 1504
22043 # 1504
22043 # 1504
22043 # 1504
22043 # 1504
22043 # 1504
22043 # 1504
22043 # 1504
22043 # 1504
22048 + 1504
22063 + 1504
22093 + 1504
22123 + 1504
22153 + 1504
22181 + 1504
22211 + 1504
22239 + 1504
22268 + 1504
22299 + 1504
22327 + 1504
22357 + 1504
22386 + 1504
22415 + 1504
22445 + 1504
22473 + 1504
22503 + 1504
22533 + 1504
22562 + 1504
22592 + 1504
22620 + 1504
22650 + 1504
22679 + 1504
22708 + 1504
22738 + 1504
22767 + 1504
22797 + 1504
22825 + 1504
22855 + 1504
22884 + 1504
22913 + 1504
22944 + 1504
23043 # 1504
23043 - 1504 995
23043 # 1504
23043 - 1504 980
23043 # 1504
23043 - 1504 950
23043 # 1504
23043 - 1504 920
23043 # 1504
23043 - 1504 890
23043 # 1504
23043 - 1504 862
23043 # 1504
23043 - 1504 832
23043 # 1504
23043 - 1504 804
23043 # 1504
23043 - 1504 775
23043 # 1504
23043 - 1504 744
23043 # 1504
23043 - 1504 716
23043 # 1504
23043 - 1504 686
23043 # 1504
23043 - 1504 657
23043 # 1504
23043 - 1504 628
23043 # 1504
23043 - 1504 598
23043 # 1504
23043 - 1504 570
23043 # 1504
23043 - 1504 540
23043 # 1504
23043 - 1504 510
23043 # 1504
23043 - 1504 481
23043 # 1504
23043 - 1504 451
23043 # 1504
23043 - 1504 423
23043 # 1504
23043 - 1504 393
23043 # 1504
23043 - 1504 364
23043 # 1504
23043 - 1504 335
23043 # 1504
23043 - 1504 305
23043 # 1504
23043 - 1504 276
23043 # 1504
23043 - 1504 246
23043 # 1504
23043 - 1504 218
23043 # 1504
23043 - 1504 188
23043 # 1504
23043 - 1504 159
23043 # 1504
23043 - 1504 130
23043 # 1504
23043 - 1504 99
23043 # 1504
23043 # 1504
23043 # 1504
23043 # 1504
23043 # 1504
23043 # 1504
23043 # 1504
23043 # 1504
23043 # 1504
23043 # 1504
23043 # 1504
23043 # 1504
23043 # 1504
23043 # 1504
23043 # 1504
23043 # 1504
23043 # 1504
23043 # 1504
23043 # 1504
23043 # 1504
23043 # 1504
23043 # 1504
23043 # 1504
23043 # 1504
23043 # 1504
23043 # 1504
23043 # 1504
23043 # 1504
23047 + 1504
23060 + 1504
23081 + 1504
23103 + 1504
24043 # 1504
24043 - 1504 996
24043 # 1504
24043 - 1504 983
24043 # 1504
24043 - 1504 962
24043 # 1504
24043 - 1504 940
24043 # 1504
24043 # 1504
24043 # 1504
24043 # 1504
24043 # 1504
24043 # 1504
24043 # 1504
24043 # 1504
24043 # 1504
24043 # 1504
24043 # 1504
24043 # 1504
24043 # 1504
24043 # 1504
24043 # 1504
24043 # 1504
24043 # 1504
24043 # 1504
24043 # 1504
24043 # 1504
24043 # 1504
24043 # 1504
24043 # 1504
24043 # 1504
24043 # 1504
24043 # 1504
24043 # 1504
24043 # 1504
24043 # 1504
24043 # 1504
24043 # 1504
24043 # 1504
24043 # 1504
24043 # 1504
24043 # 1504
24043 # 1504
24043 # 1504
24043 # 1504
24043 # 1504
24043 # 1504
24043 # 1504
24043 # 1504
24043 # 1504
24043 # 1504
24043 # 1504
24043 # 1504
24043 # 1504
24043 # 1504
24043 # 1504
24043 # 1504
24043 # 1504
24043 # 1504
24043 # 1504
24043 # 1504
24043 # 1504
24043 # 1504
24048 + 1504
24059 + 1504
24081 + 1504
24104 + 1504
24126 + 1504
24147 + 1504
24171 + 1504
24193 + 1504
24214 + 1504
24235 + 1504
24258 + 1504
24280 + 1504
24302 + 1504
24324 + 1504
24345 + 1504
24368 + 1504
24390 + 1504
24412 + 1504
25043 # 1504
25043 - 1504 995
25043 # 1504
25043 - 1504 984
25043 # 1504
25043 - 1504 962
25043 # 1504
25043 - 1504 939
25043 # 1504
25043 - 1504 917
25043 # 1504
25043 - 1504 896
25043 # 1504
25043 - 1504 872
25043 # 1504
25043 - 1504 850
25043 # 1504
25043 - 1504 829
25043 # 1504
25043 - 1504 808
25043 # 1504
25043 - 1504 785
25043 # 1504
25043 - 1504 763
25043 # 1504
25043 - 1504 741
25043 # 1504
25043 - 1504 719
25043 # 1504
25043 - 1504 698
25043 # 1504
25043 - 1504 675
25043 # 1504
25043 - 1504 653
25043 # 1504
25043 - 1504 631
25043 # 1504
25043 # 1504
25043 # 1504
25043 # 1504
25043 # 1504
25043 # 1504
25043 # 1504
25043 # 1504
25043 # 1504
25043 # 1504
25043 # 1504
25043 # 1504
25043 # 1504
25043 # 1504
25043 # 1504
25043 # 1504
25043 # 1504
25043 # 1504
25043 # 1504
25043 # 1504
25043 # 1504
25043 # 1504
25043 # 1504
25043 # 1504
25043 # 1504
25043 # 1504
25043 # 1504
25043 # 1504
25043 # 1504
25043 # 1504
25043 # 1504
25043 # 1504
25043 # 1504
25043 # 1504
25043 # 1504
25043 # 1504
25043 # 1504
25043 # 1504
25043 # 1504
25043 # 1504
25043 # 1504
25043 # 1504
25048 + 1504
25059 + 1504
25081 + 1504
25103 + 1504
25126 + 1504
25148 + 1504
25169 + 1504
25191 + 1504
25220 + 1504
25235 + 1504
25259 + 1504
25279 + 1504
25304 + 1504
25330 + 1504
25344 + 1504
25366 + 1504
25389 + 1504
25410 + 1504
26043 # 1504
26043 - 1504 995
26043 # 1504
26043 - 1504 984
26043 # 1504
26043 - 1504 962
26043 # 1504
26043 - 1504 940
26043 # 1504
26043 - 1504 917
26043 # 1504
26043 - 1504 895
26043 # 1504
26043 - 1504 874
26043 # 1504
26043 - 1504 852
26043 # 1504
26043 - 1504 823
26043 # 1504
26043 - 1504 808
26043 # 1504
26043 - 1504 784
26043 # 1504
26043 - 1504 764
26043 # 1504
26043 - 1504 739
26043 # 1504
26043 - 1504 713
26043 # 1504
26043 - 1504 699
26043 # 1504
26043 - 1504 677
26043 # 1504
26043 - 1504 654
26043 # 1504
26043 - 1504 633
26043 # 1504
26043 # 1504
26043 # 1504
26043 # 1504
26043 # 1504
26043 # 1504
26043 # 1504
26043 # 1504
26043 # 1504
26043 # 1504
26043 # 1504
26043 # 1504
26043 # 1504
26043 # 1504
26043 # 1504
26043 # 1504
26043 # 1504
26043 # 1504
26043 # 1504
26043 # 1504
26043 # 1504
26043 # 1504
26043 # 1504
26043 # 1504
26043 # 1504
26043 # 1504
26043 # 1504
26043 # 1504
26043 # 1504
26043 # 1504
26043 # 1504
26043 # 1504
26043 # 1504
26043 # 1504
26043 # 1504
26043 # 1504
26043 # 1504
26043 # 1504
26043 # 1504
26043 # 1504
26043 # 1504
26043 # 1504
27043 # 1504
27043 # 1504
27043 # 1504
27043 # 1504
27043 # 1504
27043 # 1504
27043 # 1504
27043 # 1504
27043 # 1504
27043 # 1504
27043 # 1504
27043 # 1504
27043 # 1504
27043 # 1504
27043 # 1504
27043 # 1504
27043 # 1504
27043 # 1504
27043 # 1504
27043 # 1504
27043 # 1504
27043 # 1504
27043 # 1504
27043 # 1504
27043 # 1504
27043 # 1504
27043 # 1504
27043 # 1504
27043 # 1504
27043 # 1504
27043 # 1504
27043 # 1504
27043 # 1504
27043 # 1504
27043 # 1504
27043 # 1504
27043 # 1504
27043 # 1504
27043 # 1504
27043 # 1504
27043 # 1504
27043 # 1504
27043 # 1504
27043 # 1504
27043 # 1504
27043 # 1504
27043 # 1504
27043 # 1504
27043 # 1504
27043 # 1504
27043 # 1504
27043 # 1504
27043 # 1504
27043 # 1504
27043 # 1504
27043 # 1504
27043 # 1504
27043 # 1504
27043 # 1504
27043 # 1504
27048 + 1504
27061 + 1504
27082 + 1504
27104 + 1504
27126 + 1504
27148 + 1504
27173 + 1504
27192 + 1504
27215 + 1504
27236 + 1504
27258 + 1504
27282 + 1504
27301 + 1504
27324 + 1504
27345 + 1504
27367 + 1504
27390 + 1504
27411 + 1504
28043 # 1504
28043 - 1504 995
28043 # 1504
28043 - 1504 982
28043 # 1504
28043 - 1504 961
28043 # 1504
28043 - 1504 939
28043 # 1504
28043 - 1504 917
28043 # 1504
28043 - 1504 895
28043 # 1504
28043 - 1504 870
28043 # 1504
28043 - 1504 851
28043 # 1504
28043 - 1504 828
28043 # 1504
28043 - 1504 807
28043 # 1504
28043 - 1504 785
28043 # 1504
28043 - 1504 761
28043 # 1504
28043 - 1504 742
28043 # 1504
28043 - 1504 719
28043 # 1504
28043 - 1504 698
28043 # 1504
28043 - 1504 676
28043 # 1504
28043 - 1504 653
28043 # 1504
28043 - 1504 632
28043 # 1504
28043 # 1504
28043 # 1504
28043 # 1504
28043 # 1504
28043 # 1504
28043 # 1504
28043 # 1504
28043 # 1504
28043 # 1504
28043 # 1504
28043 # 1504
28043 # 1504
28043 # 1504
28043 # 1504
28043 # 1504
28043 # 1504
28043 # 1504
28043 # 1504
28043 # 1504
28043 # 1504
28043 # 1504
28043 # 1504
28043 # 1504
28043 # 1504
28043 # 1504
28043 # 1504
28043 # 1504
28043 # 1504
28043 # 1504
28043 # 1504
28043 # 1504
28043 # 1504
28043 # 1504
28043 # 1504
28043 # 1504
28043 # 1504
28043 # 1504
28043 # 1504
28043 # 1504
28043 # 1504
28043 # 1504
29043 # 1504
29043 # 1504
29043 # 1504
29043 # 1504
29043 # 1504
29043 # 1504
29043 # 1504
29043 # 1504
29043 # 1504
29043 # 1504
29043 # 1504
29043 # 1504
29043 # 1504
29043 # 1504
29043 # 1504
29043 # 1504
29043 # 1504
29043 # 1504
29043 # 1504
29043 # 1504
29043 # 1504
29043 # 1504
29043 # 1504
29043 # 1504
29043 # 1504
29043 # 1504
29043 # 1504
29043 # 1504
29043 # 1504
29043 # 1504
29043 # 1504
29043 # 1504
29043 # 1504
29043 # 1504
29043 # 1504
29043 # 1504
29043 # 1504
29043 # 1504
29043 # 1504
29043 # 1504
29043 # 1504
29043 # 1504
29043 # 1504
29043 # 1504
29043 # 1504
29043 # 1504
29043 # 1504
29043 # 1504
29043 # 1504
29043 # 1504
29043 # 1504
29043 # 1504
29043 # 1504
29043 # 1504
29043 # 1504
29043 # 1504
29043 # 1504
29043 # 1504
29043 # 1504
29043 # 1504
29049 + 1504
29060 + 1504
29084 + 1504
29104 + 1504
29126 + 1504
29150 + 1504
29171 + 1504
29193 + 1504
29214 + 1504
29236 + 1504
29258 + 1504
29280 + 1504
29302 + 1504
29324 + 1504
29347 + 1504
29369 + 1504
29390 + 1504
29412 + 1504
30043 # 1504
30043 - 1504 994
30043 # 1504
30043 - 1504 983
30043 # 1504
30043 - 1504 959
30043 # 1504
30043 - 1504 939
30043 # 1504
30043 - 1504 917
30043 # 1504
30043 - 1504 893
30043 # 1504
30043 - 1504 872
30043 # 1504
30043 - 1504 850
30043 # 1504
30043 - 1504 829
30043 # 1504
30043 - 1504 807
30043 # 1504
30043 - 1504 785
30043 # 1504
30043 - 1504 763
30043 # 1504
30043 - 1504 741
30043 # 1504
30043 - 1504 719
30043 # 1504
30043 - 1504 696
30043 # 1504
30043 - 1504 674
30043 # 1504
30043 - 1504 653
30043 # 1504
30043 - 1504 631
30043 # 1504
30043 # 1504
30043 # 1504
30043 # 1504
30043 # 1504
30043 # 1504
30043 # 1504
30043 # 1504
30043 # 1504
30043 # 1504
30043 # 1504
30043 # 1504
30043 # 1504
30043 # 1504
30043 # 1504
30043 # 1504
30043 # 1504
30043 # 1504
30043 # 1504
30043 # 1504
30043 # 1504
30043 # 1504
30043 # 1504
30043 # 1504
30043 # 1504
30043 # 1504
30043 # 1504
30043 # 1504
30043 # 1504
30043 # 1504
30043 # 1504
30043 # 1504
30043 # 1504
30043 # 1504
30043 # 1504
30043 # 1504
30043 # 1504
30043 # 1504
30043 # 1504
30043 # 1504
30043 # 1504
30043 # 1504
30586 + 52
31043 # 1504
31043 - 52 457
31043 # 1504
31043 # 1504
31043 # 1504
31043 # 1504
31043 # 1504
31043 # 1504
31043 # 1504
31043 # 1504
31043 # 1504
31043 # 1504
31043 # 1504
31043 # 1504
31043 # 1504
31043 # 1504
31043 # 1504
31043 # 1504
31043 # 1504
31043 # 1504
31043 # 1504
31043 # 1504
31043 # 1504
31043 # 1504
31043 # 1504
31043 # 1504
31043 # 1504
31043 # 1504
31043 # 1504
31043 # 1504
31043 # 1504
31043 # 1504
31043 # 1504
31043 # 1504
31043 # 1504
31043 # 1504
31043 # 1504
31043 # 1504
31043 # 1504
31043 # 1504
31043 # 1504
31043 # 1504
31043 # 1504
31043 # 1504
31043 # 1504
31043 # 1504
31043 # 1504
31043 # 1504
31043 # 1504
31043 # 1504
31043 # 1504
31043 # 1504
31043 # 1504
31043 # 1504
31043 # 1504
31043 # 1504
31043 # 1504
31043 # 1504
31043 # 1504
31043 # 1504
31043 # 1504
31049 + 1504
31065 + 1504
31094 + 1504
31124 + 1504
31154 + 1504
31183 + 1504
31213 + 1504
31243 + 1504
31272 + 1504
31302 + 1504
31332 + 1504
31362 + 1504
31391 + 1504
31421 + 1504
32043 # 1504
32043 - 1504 994
32043 # 1504
32043 - 1504 978
32043 # 1504
32043 - 1504 949
32043 # 1504
32043 - 1504 919
32043 # 1504
32043 - 1504 889
32043 # 1504
32043 - 1504 860
32043 # 1504
32043 - 1504 830
32043 # 1504
32043 - 1504 800
32043 # 1504
32043 - 1504 771
32043 # 1504
32043 - 1504 741
32043 # 1504
32043 - 1504 711
32043 # 1504
32043 - 1504 681
32043 # 1504
32043 - 1504 652
32043 # 1504
32043 - 1504 622
32043 # 1504
32043 # 1504
32043 # 1504
32043 # 1504
32043 # 1504
32043 # 1504
32043 # 1504
32043 # 1504
32043 # 1504
32043 # 1504
32043 # 1504
32043 # 1504
32043 # 1504
32043 # 1504
32043 # 1504
32043 # 1504
32043 # 1504
32043 # 1504
32043 # 1504
32043 # 1504
32043 # 1504
32043 # 1504
32043 # 1504
32043 # 1504
32043 # 1504
32043 # 1504
32043 # 1504
32043 # 1504
32043 # 1504
32043 # 1504
32043 # 1504
32043 # 1504
32043 # 1504
32043 # 1504
32043 # 1504
32043 # 1504
32043 # 1504
32043 # 1504
32043 # 1504
32043 # 1504
32043 # 1504
32043 # 1504
32043 # 1504
32043 # 1504
32043 # 1504
32043 # 1504
32048 + 1504
32061 + 1504
32088 + 1504
32110 + 1504
32133 + 1504
32160 + 1504
32183 + 1504
32204 + 1504
32229 + 1504
32252 + 1504
32274 + 1504
32298 + 1504
32322 + 1504
32346 + 1504
32369 + 1504
32394 + 1504
33043 # 1504
33043 - 1504 995
33043 # 1504
33043 - 1504 982
33043 # 1504
33043 - 1504 955
33043 # 1504
33043 - 1504 933
33043 # 1504
33043 - 1504 910
33043 # 1504
33043 - 1504 883
33043 # 1504
33043 - 1504 860
33043 # 1504
33043 - 1504 839
33043 # 1504
33043 - 1504 814
33043 # 1504
33043 - 1504 791
33043 # 1504
33043 - 1504 769
33043 # 1504
33043 - 1504 745
33043 # 1504
33043 - 1504 721
33043 # 1504
33043 - 1504 697
33043 # 1504
33043 - 1504 674
33043 # 1504
33043 - 1504 649
33043 # 1504
33043 # 1504
33043 # 1504
33043 # 1504
33043 # 1504
33043 # 1504
33043 # 1504
33043 # 1504
33043 # 1504
33043 # 1504
33043 # 1504
33043 # 1504
33043 # 1504
33043 # 1504
33043 # 1504
33043 # 1504
33043 # 1504
33043 # 1504
33043 # 1504
33043 # 1504
33043 # 1504
33043 # 1504
33043 # 1504
33043 # 1504
33043 # 1504
33043 # 1504
33043 # 1504
33043 # 1504
33043 # 1504
33043 # 1504
33043 # 1504
33043 # 1504
33043 # 1504
33043 # 1504
33043 # 1504
33043 # 1504
33043 # 1504
33043 # 1504
33043 # 1504
33043 # 1504
33043 # 1504
33043 # 1504
33043 # 1504
33043 # 1504
33047 + 1504
33071 + 1504
33108 + 1504
33151 + 1504
33187 + 1504
33227 + 1504
33266 + 1504
33307 + 1504
33346 + 1504
33385 + 1504
33424 + 1504
33464 + 1504
33503 + 1504
33543 + 1504
34043 # 1504
34043 - 1504 996
34043 # 1504
34043 - 1504 972
34043 # 1504
34043 - 1504 935
34043 # 1504
34043 - 1504 892
34043 # 1504
34043 - 1504 856
34043 # 1504
34043 - 1504 816
34043 # 1504
34043 - 1504 777
34043 # 1504
34043 - 1504 736
34043 # 1504
34043 - 1504 697
34043 # 1504
34043 - 1504 658
34043 # 1504
34043 - 1504 619
34043 # 1504
34043 - 1504 579
34043 # 1504
34043 - 1504 540
34043 # 1504
34043 - 1504 500
34043 # 1504
34043 # 1504
34043 # 1504
34043 # 1504
34043 # 1504
34043 # 1504
34043 # 1504
34043 # 1504
34043 # 1504
34043 # 1504
34043 # 1504
34043 # 1504
34043 # 1504
34043 # 1504
34043 # 1504
34043 # 1504
34043 # 1504
34043 # 1504
34043 # 1504
34043 # 1504
34043 # 1504
34043 # 1504
34043 # 1504
34043 # 1504
34043 # 1504
34043 # 1504
34043 # 1504
34043 # 1504
34043 # 1504
34043 # 1504
34043 # 1504
34043 # 1504
34043 # 1504
34043 # 1504
34043 # 1504
34043 # 1504
34043 # 1504
34043 # 1504
34043 # 1504
34043 # 1504
34043 # 1504
34043 # 1504
34043 # 1504
34043 # 1504
34043 # 1504
34043 # 1504
