# mahimahi mm-link (Downlink) [traces/1mbps_200ms.trace] > /home/vboxuser/pantheon/results/1mbps_200ms/bbr/bbr_mm_acklink_run1.log
# command line: 'mm-link' 'traces/1mbps_200ms.trace' 'traces/1mbps_200ms.trace' '--uplink-log=/home/vboxuser/pantheon/results/1mbps_200ms/bbr/bbr_mm_datalink_run1.log' '--downlink-log=/home/vboxuser/pantheon/results/1mbps_200ms/bbr/bbr_mm_acklink_run1.log' 'python' '/home/vboxuser/pantheon/src/experiments/tunnel_manager.py'
# queue: infinite
# init timestamp: 1746041007796
# base timestamp: 46
250 + 80
250 + 52
261 + 80
666 + 80
955 + 80
1044 + 40
1046 # 1504
1046 - 80 796
1046 - 52 796
1046 - 80 785
1046 - 80 380
1046 - 80 91
1046 - 40 2
1046 # 1504
1046 # 1504
1046 # 1504
1046 # 1504
1046 # 1504
1046 # 1504
1046 # 1504
1046 # 1504
1046 # 1504
1046 # 1504
1046 # 1504
1046 # 1504
1046 # 1504
1046 # 1504
1046 # 1504
1046 # 1504
1046 # 1504
1046 # 1504
1046 # 1504
1046 # 1504
1046 # 1504
1046 # 1504
1046 # 1504
1046 # 1504
1046 # 1504
1046 # 1504
1046 # 1504
1046 # 1504
1046 # 1504
1046 # 1504
1046 # 1504
1046 # 1504
1046 # 1504
1046 # 1504
1046 # 1504
1046 # 1504
1046 # 1504
1046 # 1504
1046 # 1504
1046 # 1504
1046 # 1504
1046 # 1504
1046 # 1504
1046 # 1504
1046 # 1504
1046 # 1504
1046 # 1504
1046 # 1504
1046 # 1504
1046 # 1504
1046 # 1504
1046 # 1504
1046 # 1504
1046 # 1504
1046 # 1504
1046 # 1504
1046 # 1504
1046 # 1504
1046 # 1504
2046 # 1504
2046 # 1504
2046 # 1504
2046 # 1504
2046 # 1504
2046 # 1504
2046 # 1504
2046 # 1504
2046 # 1504
2046 # 1504
2046 # 1504
2046 # 1504
2046 # 1504
2046 # 1504
2046 # 1504
2046 # 1504
2046 # 1504
2046 # 1504
2046 # 1504
2046 # 1504
2046 # 1504
2046 # 1504
2046 # 1504
2046 # 1504
2046 # 1504
2046 # 1504
2046 # 1504
2046 # 1504
2046 # 1504
2046 # 1504
2046 # 1504
2046 # 1504
2046 # 1504
2046 # 1504
2046 # 1504
2046 # 1504
2046 # 1504
2046 # 1504
2046 # 1504
2046 # 1504
2046 # 1504
2046 # 1504
2046 # 1504
2046 # 1504
2046 # 1504
2046 # 1504
2046 # 1504
2046 # 1504
2046 # 1504
2046 # 1504
2046 # 1504
2046 # 1504
2046 # 1504
2046 # 1504
2046 # 1504
2046 # 1504
2046 # 1504
2046 # 1504
2046 # 1504
2046 # 1504
3046 # 1504
3046 # 1504
3046 # 1504
3046 # 1504
3046 # 1504
3046 # 1504
3046 # 1504
3046 # 1504
3046 # 1504
3046 # 1504
3046 # 1504
3046 # 1504
3046 # 1504
3046 # 1504
3046 # 1504
3046 # 1504
3046 # 1504
3046 # 1504
3046 # 1504
3046 # 1504
3046 # 1504
3046 # 1504
3046 # 1504
3046 # 1504
3046 # 1504
3046 # 1504
3046 # 1504
3046 # 1504
3046 # 1504
3046 # 1504
3046 # 1504
3046 # 1504
3046 # 1504
3046 # 1504
3046 # 1504
3046 # 1504
3046 # 1504
3046 # 1504
3046 # 1504
3046 # 1504
3046 # 1504
3046 # 1504
3046 # 1504
3046 # 1504
3046 # 1504
3046 # 1504
3046 # 1504
3046 # 1504
3046 # 1504
3046 # 1504
3046 # 1504
3046 # 1504
3046 # 1504
3046 # 1504
3046 # 1504
3046 # 1504
3046 # 1504
3046 # 1504
3046 # 1504
3046 # 1504
3962 + 52
4046 # 1504
4046 - 52 84
4046 # 1504
4046 # 1504
4046 # 1504
4046 # 1504
4046 # 1504
4046 # 1504
4046 # 1504
4046 # 1504
4046 # 1504
4046 # 1504
4046 # 1504
4046 # 1504
4046 # 1504
4046 # 1504
4046 # 1504
4046 # 1504
4046 # 1504
4046 # 1504
4046 # 1504
4046 # 1504
4046 # 1504
4046 # 1504
4046 # 1504
4046 # 1504
4046 # 1504
4046 # 1504
4046 # 1504
4046 # 1504
4046 # 1504
4046 # 1504
4046 # 1504
4046 # 1504
4046 # 1504
4046 # 1504
4046 # 1504
4046 # 1504
4046 # 1504
4046 # 1504
4046 # 1504
4046 # 1504
4046 # 1504
4046 # 1504
4046 # 1504
4046 # 1504
4046 # 1504
4046 # 1504
4046 # 1504
4046 # 1504
4046 # 1504
4046 # 1504
4046 # 1504
4046 # 1504
4046 # 1504
4046 # 1504
4046 # 1504
4046 # 1504
4046 # 1504
4046 # 1504
4046 # 1504
5045 + 100
5046 # 1504
5046 - 100 1
5046 # 1504
5046 # 1504
5046 # 1504
5046 # 1504
5046 # 1504
5046 # 1504
5046 # 1504
5046 # 1504
5046 # 1504
5046 # 1504
5046 # 1504
5046 # 1504
5046 # 1504
5046 # 1504
5046 # 1504
5046 # 1504
5046 # 1504
5046 # 1504
5046 # 1504
5046 # 1504
5046 # 1504
5046 # 1504
5046 # 1504
5046 # 1504
5046 # 1504
5046 # 1504
5046 # 1504
5046 # 1504
5046 # 1504
5046 # 1504
5046 # 1504
5046 # 1504
5046 # 1504
5046 # 1504
5046 # 1504
5046 # 1504
5046 # 1504
5046 # 1504
5046 # 1504
5046 # 1504
5046 # 1504
5046 # 1504
5046 # 1504
5046 # 1504
5046 # 1504
5046 # 1504
5046 # 1504
5046 # 1504
5046 # 1504
5046 # 1504
5046 # 1504
5046 # 1504
5046 # 1504
5046 # 1504
5046 # 1504
5046 # 1504
5046 # 1504
5046 # 1504
5046 # 1504
6045 + 92
6045 + 92
6045 + 92
6045 + 92
6045 + 92
6046 # 1504
6046 - 92 1
6046 - 92 1
6046 - 92 1
6046 - 92 1
6046 - 92 1
6046 # 1504
6046 # 1504
6046 # 1504
6046 # 1504
6046 # 1504
6046 # 1504
6046 # 1504
6046 # 1504
6046 # 1504
6046 # 1504
6046 # 1504
6046 # 1504
6046 # 1504
6046 # 1504
6046 # 1504
6046 # 1504
6046 # 1504
6046 # 1504
6046 # 1504
6046 # 1504
6046 # 1504
6046 # 1504
6046 # 1504
6046 # 1504
6046 # 1504
6046 # 1504
6046 # 1504
6046 # 1504
6046 # 1504
6046 # 1504
6046 # 1504
6046 # 1504
6046 # 1504
6046 # 1504
6046 # 1504
6046 # 1504
6046 # 1504
6046 # 1504
6046 # 1504
6046 # 1504
6046 # 1504
6046 # 1504
6046 # 1504
6046 # 1504
6046 # 1504
6046 # 1504
6046 # 1504
6046 # 1504
6046 # 1504
6046 # 1504
6046 # 1504
6046 # 1504
6046 # 1504
6046 # 1504
6046 # 1504
6046 # 1504
6046 # 1504
6046 # 1504
6046 # 1504
6046 + 92
6046 + 92
6046 + 92
6046 + 92
6046 + 92
7046 # 1504
7046 - 92 1000
7046 - 92 1000
7046 - 92 1000
7046 - 92 1000
7046 - 92 1000
7046 # 1504
7046 # 1504
7046 # 1504
7046 # 1504
7046 # 1504
7046 # 1504
7046 # 1504
7046 # 1504
7046 # 1504
7046 # 1504
7046 # 1504
7046 # 1504
7046 # 1504
7046 # 1504
7046 # 1504
7046 # 1504
7046 # 1504
7046 # 1504
7046 # 1504
7046 # 1504
7046 # 1504
7046 # 1504
7046 # 1504
7046 # 1504
7046 # 1504
7046 # 1504
7046 # 1504
7046 # 1504
7046 # 1504
7046 # 1504
7046 # 1504
7046 # 1504
7046 # 1504
7046 # 1504
7046 # 1504
7046 # 1504
7046 # 1504
7046 # 1504
7046 # 1504
7046 # 1504
7046 # 1504
7046 # 1504
7046 # 1504
7046 # 1504
7046 # 1504
7046 # 1504
7046 # 1504
7046 # 1504
7046 # 1504
7046 # 1504
7046 # 1504
7046 # 1504
7046 # 1504
7046 # 1504
7046 # 1504
7046 # 1504
7046 # 1504
7046 # 1504
7046 # 1504
7046 + 92
7046 + 92
7046 + 92
7046 + 92
7046 + 92
7046 + 92
7046 + 92
7047 + 92
8046 # 1504
8046 - 92 1000
8046 - 92 1000
8046 - 92 1000
8046 - 92 1000
8046 - 92 1000
8046 - 92 1000
8046 - 92 1000
8046 - 92 999
8046 # 1504
8046 # 1504
8046 # 1504
8046 # 1504
8046 # 1504
8046 # 1504
8046 # 1504
8046 # 1504
8046 # 1504
8046 # 1504
8046 # 1504
8046 # 1504
8046 # 1504
8046 # 1504
8046 # 1504
8046 # 1504
8046 # 1504
8046 # 1504
8046 # 1504
8046 # 1504
8046 # 1504
8046 # 1504
8046 # 1504
8046 # 1504
8046 # 1504
8046 # 1504
8046 # 1504
8046 # 1504
8046 # 1504
8046 # 1504
8046 # 1504
8046 # 1504
8046 # 1504
8046 # 1504
8046 # 1504
8046 # 1504
8046 # 1504
8046 # 1504
8046 # 1504
8046 # 1504
8046 # 1504
8046 # 1504
8046 # 1504
8046 # 1504
8046 # 1504
8046 # 1504
8046 # 1504
8046 # 1504
8046 # 1504
8046 # 1504
8046 # 1504
8046 # 1504
8046 # 1504
8046 # 1504
8046 # 1504
8046 # 1504
8046 # 1504
8046 # 1504
8046 # 1504
8047 + 92
9046 # 1504
9046 - 92 999
9046 # 1504
9046 # 1504
9046 # 1504
9046 # 1504
9046 # 1504
9046 # 1504
9046 # 1504
9046 # 1504
9046 # 1504
9046 # 1504
9046 # 1504
9046 # 1504
9046 # 1504
9046 # 1504
9046 # 1504
9046 # 1504
9046 # 1504
9046 # 1504
9046 # 1504
9046 # 1504
9046 # 1504
9046 # 1504
9046 # 1504
9046 # 1504
9046 # 1504
9046 # 1504
9046 # 1504
9046 # 1504
9046 # 1504
9046 # 1504
9046 # 1504
9046 # 1504
9046 # 1504
9046 # 1504
9046 # 1504
9046 # 1504
9046 # 1504
9046 # 1504
9046 # 1504
9046 # 1504
9046 # 1504
9046 # 1504
9046 # 1504
9046 # 1504
9046 # 1504
9046 # 1504
9046 # 1504
9046 # 1504
9046 # 1504
9046 # 1504
9046 # 1504
9046 # 1504
9046 # 1504
9046 # 1504
9046 # 1504
9046 # 1504
9046 # 1504
9046 # 1504
9046 # 1504
9047 + 92
9047 + 92
9047 + 92
9047 + 92
9047 + 92
9047 + 92
9047 + 92
9047 + 92
9047 + 92
9047 + 92
9047 + 92
9047 + 92
9047 + 92
9047 + 92
10046 # 1504
10046 - 92 999
10046 - 92 999
10046 - 92 999
10046 - 92 999
10046 - 92 999
10046 - 92 999
10046 - 92 999
10046 - 92 999
10046 - 92 999
10046 - 92 999
10046 - 92 999
10046 - 92 999
10046 - 92 999
10046 - 92 999
10046 # 1504
10046 # 1504
10046 # 1504
10046 # 1504
10046 # 1504
10046 # 1504
10046 # 1504
10046 # 1504
10046 # 1504
10046 # 1504
10046 # 1504
10046 # 1504
10046 # 1504
10046 # 1504
10046 # 1504
10046 # 1504
10046 # 1504
10046 # 1504
10046 # 1504
10046 # 1504
10046 # 1504
10046 # 1504
10046 # 1504
10046 # 1504
10046 # 1504
10046 # 1504
10046 # 1504
10046 # 1504
10046 # 1504
10046 # 1504
10046 # 1504
10046 # 1504
10046 # 1504
10046 # 1504
10046 # 1504
10046 # 1504
10046 # 1504
10046 # 1504
10046 # 1504
10046 # 1504
10046 # 1504
10046 # 1504
10046 # 1504
10046 # 1504
10046 # 1504
10046 # 1504
10046 # 1504
10046 # 1504
10046 # 1504
10046 # 1504
10046 # 1504
10046 # 1504
10046 # 1504
10046 # 1504
10046 # 1504
10046 # 1504
10046 # 1504
10046 # 1504
10046 # 1504
10046 + 92
10046 + 92
10046 + 92
10046 + 92
10046 + 92
10046 + 92
10046 + 92
10046 + 92
10046 + 92
10046 + 92
10046 + 92
10046 + 92
10046 + 92
10046 + 92
10046 + 92
10046 + 92
11045 + 92
11045 + 92
11045 + 92
11045 + 92
11045 + 92
11045 + 92
11045 + 92
11046 # 1504
11046 - 92 1000
11046 - 92 1000
11046 - 92 1000
11046 - 92 1000
11046 - 92 1000
11046 - 92 1000
11046 - 92 1000
11046 - 92 1000
11046 - 92 1000
11046 - 92 1000
11046 - 92 1000
11046 - 92 1000
11046 - 92 1000
11046 - 92 1000
11046 - 92 1000
11046 - 92 1000
11046 # 1504
11046 - 92 1
11046 - 92 1
11046 - 92 1
11046 - 92 1
11046 - 92 1
11046 - 92 1
11046 - 92 1
11046 # 1504
11046 # 1504
11046 # 1504
11046 # 1504
11046 # 1504
11046 # 1504
11046 # 1504
11046 # 1504
11046 # 1504
11046 # 1504
11046 # 1504
11046 # 1504
11046 # 1504
11046 # 1504
11046 # 1504
11046 # 1504
11046 # 1504
11046 # 1504
11046 # 1504
11046 # 1504
11046 # 1504
11046 # 1504
11046 # 1504
11046 # 1504
11046 # 1504
11046 # 1504
11046 # 1504
11046 # 1504
11046 # 1504
11046 # 1504
11046 # 1504
11046 # 1504
11046 # 1504
11046 # 1504
11046 # 1504
11046 # 1504
11046 # 1504
11046 # 1504
11046 # 1504
11046 # 1504
11046 # 1504
11046 # 1504
11046 # 1504
11046 # 1504
11046 # 1504
11046 # 1504
11046 # 1504
11046 # 1504
11046 # 1504
11046 # 1504
11046 # 1504
11046 # 1504
11046 # 1504
11046 # 1504
11046 # 1504
11046 # 1504
11046 # 1504
11046 # 1504
11046 + 92
11046 + 92
11046 + 92
11130 + 52
12044 + 92
12044 + 92
12044 + 92
12044 + 92
12044 + 92
12044 + 92
12044 + 92
12044 + 92
12044 + 92
12044 + 92
12044 + 92
12044 + 92
12044 + 92
12044 + 92
12044 + 92
12044 + 92
12044 + 92
12044 + 92
12044 + 92
12044 + 92
12044 + 92
12044 + 92
12044 + 92
12044 + 92
12044 + 92
12044 + 92
12044 + 92
12044 + 92
12044 + 92
12044 + 92
12044 + 92
12044 + 92
12044 + 92
12046 # 1504
12046 - 92 1000
12046 - 92 1000
12046 - 92 1000
12046 - 52 916
12046 - 92 2
12046 - 92 2
12046 - 92 2
12046 - 92 2
12046 - 92 2
12046 - 92 2
12046 - 92 2
12046 - 92 2
12046 - 92 2
12046 - 92 2
12046 - 92 2
12046 - 92 2
12046 # 1504
12046 - 92 2
12046 - 92 2
12046 - 92 2
12046 - 92 2
12046 - 92 2
12046 - 92 2
12046 - 92 2
12046 - 92 2
12046 - 92 2
12046 - 92 2
12046 - 92 2
12046 - 92 2
12046 - 92 2
12046 - 92 2
12046 - 92 2
12046 - 92 2
12046 - 92 2
12046 # 1504
12046 - 92 2
12046 - 92 2
12046 - 92 2
12046 - 92 2
12046 # 1504
12046 # 1504
12046 # 1504
12046 # 1504
12046 # 1504
12046 # 1504
12046 # 1504
12046 # 1504
12046 # 1504
12046 # 1504
12046 # 1504
12046 # 1504
12046 # 1504
12046 # 1504
12046 # 1504
12046 # 1504
12046 # 1504
12046 # 1504
12046 # 1504
12046 # 1504
12046 # 1504
12046 # 1504
12046 # 1504
12046 # 1504
12046 # 1504
12046 # 1504
12046 # 1504
12046 # 1504
12046 # 1504
12046 # 1504
12046 # 1504
12046 # 1504
12046 # 1504
12046 # 1504
12046 # 1504
12046 # 1504
12046 # 1504
12046 # 1504
12046 # 1504
12046 # 1504
12046 # 1504
12046 # 1504
12046 # 1504
12046 # 1504
12046 # 1504
12046 # 1504
12046 # 1504
12046 # 1504
12046 # 1504
12046 # 1504
12046 # 1504
12046 # 1504
12046 # 1504
12046 # 1504
12046 # 1504
12046 # 1504
12046 # 1504
13045 + 92
13045 + 92
13045 + 92
13045 + 92
13045 + 92
13045 + 92
13045 + 92
13045 + 92
13045 + 92
13045 + 92
13045 + 92
13046 # 1504
13046 - 92 1
13046 - 92 1
13046 - 92 1
13046 - 92 1
13046 - 92 1
13046 - 92 1
13046 - 92 1
13046 - 92 1
13046 - 92 1
13046 - 92 1
13046 - 92 1
13046 # 1504
13046 # 1504
13046 # 1504
13046 # 1504
13046 # 1504
13046 # 1504
13046 # 1504
13046 # 1504
13046 # 1504
13046 # 1504
13046 # 1504
13046 # 1504
13046 # 1504
13046 # 1504
13046 # 1504
13046 # 1504
13046 # 1504
13046 # 1504
13046 # 1504
13046 # 1504
13046 # 1504
13046 # 1504
13046 # 1504
13046 # 1504
13046 # 1504
13046 # 1504
13046 # 1504
13046 # 1504
13046 # 1504
13046 # 1504
13046 # 1504
13046 # 1504
13046 # 1504
13046 # 1504
13046 # 1504
13046 # 1504
13046 # 1504
13046 # 1504
13046 # 1504
13046 # 1504
13046 # 1504
13046 # 1504
13046 # 1504
13046 # 1504
13046 # 1504
13046 # 1504
13046 # 1504
13046 # 1504
13046 # 1504
13046 # 1504
13046 # 1504
13046 # 1504
13046 # 1504
13046 # 1504
13046 # 1504
13046 # 1504
13046 # 1504
13046 # 1504
13046 # 1504
13046 + 92
13046 + 92
13046 + 92
13046 + 92
13046 + 92
13046 + 92
13046 + 92
13046 + 92
13046 + 92
13046 + 92
13046 + 92
13046 + 92
13046 + 92
13046 + 92
13046 + 92
13046 + 92
13046 + 92
13046 + 92
13046 + 92
13046 + 92
13046 + 92
13046 + 92
13046 + 92
13046 + 92
13046 + 92
13046 + 92
13046 + 92
13046 + 92
13089 + 92
14045 + 92
14046 # 1504
14046 - 92 1000
14046 - 92 1000
14046 - 92 1000
14046 - 92 1000
14046 - 92 1000
14046 - 92 1000
14046 - 92 1000
14046 - 92 1000
14046 - 92 1000
14046 - 92 1000
14046 - 92 1000
14046 - 92 1000
14046 - 92 1000
14046 - 92 1000
14046 - 92 1000
14046 - 92 1000
14046 # 1504
14046 - 92 1000
14046 - 92 1000
14046 - 92 1000
14046 - 92 1000
14046 - 92 1000
14046 - 92 1000
14046 - 92 1000
14046 - 92 1000
14046 - 92 1000
14046 - 92 1000
14046 - 92 1000
14046 - 92 1000
14046 - 92 957
14046 - 92 1
14046 # 1504
14046 # 1504
14046 # 1504
14046 # 1504
14046 # 1504
14046 # 1504
14046 # 1504
14046 # 1504
14046 # 1504
14046 # 1504
14046 # 1504
14046 # 1504
14046 # 1504
14046 # 1504
14046 # 1504
14046 # 1504
14046 # 1504
14046 # 1504
14046 # 1504
14046 # 1504
14046 # 1504
14046 # 1504
14046 # 1504
14046 # 1504
14046 # 1504
14046 # 1504
14046 # 1504
14046 # 1504
14046 # 1504
14046 # 1504
14046 # 1504
14046 # 1504
14046 # 1504
14046 # 1504
14046 # 1504
14046 # 1504
14046 # 1504
14046 # 1504
14046 # 1504
14046 # 1504
14046 # 1504
14046 # 1504
14046 # 1504
14046 # 1504
14046 # 1504
14046 # 1504
14046 # 1504
14046 # 1504
14046 # 1504
14046 # 1504
14046 # 1504
14046 # 1504
14046 # 1504
14046 # 1504
14046 # 1504
14046 # 1504
14046 # 1504
14046 # 1504
15046 # 1504
15046 # 1504
15046 # 1504
15046 # 1504
15046 # 1504
15046 # 1504
15046 # 1504
15046 # 1504
15046 # 1504
15046 # 1504
15046 # 1504
15046 # 1504
15046 # 1504
15046 # 1504
15046 # 1504
15046 # 1504
15046 # 1504
15046 # 1504
15046 # 1504
15046 # 1504
15046 # 1504
15046 # 1504
15046 # 1504
15046 # 1504
15046 # 1504
15046 # 1504
15046 # 1504
15046 # 1504
15046 # 1504
15046 # 1504
15046 # 1504
15046 # 1504
15046 # 1504
15046 # 1504
15046 # 1504
15046 # 1504
15046 # 1504
15046 # 1504
15046 # 1504
15046 # 1504
15046 # 1504
15046 # 1504
15046 # 1504
15046 # 1504
15046 # 1504
15046 # 1504
15046 # 1504
15046 # 1504
15046 # 1504
15046 # 1504
15046 # 1504
15046 # 1504
15046 # 1504
15046 # 1504
15046 # 1504
15046 # 1504
15046 # 1504
15046 # 1504
15046 # 1504
15046 # 1504
15047 + 92
15047 + 92
16046 # 1504
16046 - 92 999
16046 - 92 999
16046 # 1504
16046 # 1504
16046 # 1504
16046 # 1504
16046 # 1504
16046 # 1504
16046 # 1504
16046 # 1504
16046 # 1504
16046 # 1504
16046 # 1504
16046 # 1504
16046 # 1504
16046 # 1504
16046 # 1504
16046 # 1504
16046 # 1504
16046 # 1504
16046 # 1504
16046 # 1504
16046 # 1504
16046 # 1504
16046 # 1504
16046 # 1504
16046 # 1504
16046 # 1504
16046 # 1504
16046 # 1504
16046 # 1504
16046 # 1504
16046 # 1504
16046 # 1504
16046 # 1504
16046 # 1504
16046 # 1504
16046 # 1504
16046 # 1504
16046 # 1504
16046 # 1504
16046 # 1504
16046 # 1504
16046 # 1504
16046 # 1504
16046 # 1504
16046 # 1504
16046 # 1504
16046 # 1504
16046 # 1504
16046 # 1504
16046 # 1504
16046 # 1504
16046 # 1504
16046 # 1504
16046 # 1504
16046 # 1504
16046 # 1504
16046 # 1504
16046 # 1504
16046 # 1504
17046 # 1504
17046 # 1504
17046 # 1504
17046 # 1504
17046 # 1504
17046 # 1504
17046 # 1504
17046 # 1504
17046 # 1504
17046 # 1504
17046 # 1504
17046 # 1504
17046 # 1504
17046 # 1504
17046 # 1504
17046 # 1504
17046 # 1504
17046 # 1504
17046 # 1504
17046 # 1504
17046 # 1504
17046 # 1504
17046 # 1504
17046 # 1504
17046 # 1504
17046 # 1504
17046 # 1504
17046 # 1504
17046 # 1504
17046 # 1504
17046 # 1504
17046 # 1504
17046 # 1504
17046 # 1504
17046 # 1504
17046 # 1504
17046 # 1504
17046 # 1504
17046 # 1504
17046 # 1504
17046 # 1504
17046 # 1504
17046 # 1504
17046 # 1504
17046 # 1504
17046 # 1504
17046 # 1504
17046 # 1504
17046 # 1504
17046 # 1504
17046 # 1504
17046 # 1504
17046 # 1504
17046 # 1504
17046 # 1504
17046 # 1504
17046 # 1504
17046 # 1504
17046 # 1504
17046 # 1504
17046 + 92
18046 # 1504
18046 - 92 1000
18046 # 1504
18046 # 1504
18046 # 1504
18046 # 1504
18046 # 1504
18046 # 1504
18046 # 1504
18046 # 1504
18046 # 1504
18046 # 1504
18046 # 1504
18046 # 1504
18046 # 1504
18046 # 1504
18046 # 1504
18046 # 1504
18046 # 1504
18046 # 1504
18046 # 1504
18046 # 1504
18046 # 1504
18046 # 1504
18046 # 1504
18046 # 1504
18046 # 1504
18046 # 1504
18046 # 1504
18046 # 1504
18046 # 1504
18046 # 1504
18046 # 1504
18046 # 1504
18046 # 1504
18046 # 1504
18046 # 1504
18046 # 1504
18046 # 1504
18046 # 1504
18046 # 1504
18046 # 1504
18046 # 1504
18046 # 1504
18046 # 1504
18046 # 1504
18046 # 1504
18046 # 1504
18046 # 1504
18046 # 1504
18046 # 1504
18046 # 1504
18046 # 1504
18046 # 1504
18046 # 1504
18046 # 1504
18046 # 1504
18046 # 1504
18046 # 1504
18046 # 1504
18046 # 1504
19046 # 1504
19046 # 1504
19046 # 1504
19046 # 1504
19046 # 1504
19046 # 1504
19046 # 1504
19046 # 1504
19046 # 1504
19046 # 1504
19046 # 1504
19046 # 1504
19046 # 1504
19046 # 1504
19046 # 1504
19046 # 1504
19046 # 1504
19046 # 1504
19046 # 1504
19046 # 1504
19046 # 1504
19046 # 1504
19046 # 1504
19046 # 1504
19046 # 1504
19046 # 1504
19046 # 1504
19046 # 1504
19046 # 1504
19046 # 1504
19046 # 1504
19046 # 1504
19046 # 1504
19046 # 1504
19046 # 1504
19046 # 1504
19046 # 1504
19046 # 1504
19046 # 1504
19046 # 1504
19046 # 1504
19046 # 1504
19046 # 1504
19046 # 1504
19046 # 1504
19046 # 1504
19046 # 1504
19046 # 1504
19046 # 1504
19046 # 1504
19046 # 1504
19046 # 1504
19046 # 1504
19046 # 1504
19046 # 1504
19046 # 1504
19046 # 1504
19046 # 1504
19046 # 1504
19046 # 1504
19046 + 92
20046 # 1504
20046 - 92 1000
20046 # 1504
20046 # 1504
20046 # 1504
20046 # 1504
20046 # 1504
20046 # 1504
20046 # 1504
20046 # 1504
20046 # 1504
20046 # 1504
20046 # 1504
20046 # 1504
20046 # 1504
20046 # 1504
20046 # 1504
20046 # 1504
20046 # 1504
20046 # 1504
20046 # 1504
20046 # 1504
20046 # 1504
20046 # 1504
20046 # 1504
20046 # 1504
20046 # 1504
20046 # 1504
20046 # 1504
20046 # 1504
20046 # 1504
20046 # 1504
20046 # 1504
20046 # 1504
20046 # 1504
20046 # 1504
20046 # 1504
20046 # 1504
20046 # 1504
20046 # 1504
20046 # 1504
20046 # 1504
20046 # 1504
20046 # 1504
20046 # 1504
20046 # 1504
20046 # 1504
20046 # 1504
20046 # 1504
20046 # 1504
20046 # 1504
20046 # 1504
20046 # 1504
20046 # 1504
20046 # 1504
20046 # 1504
20046 # 1504
20046 # 1504
20046 # 1504
20046 # 1504
20046 # 1504
21045 + 92
21046 # 1504
21046 - 92 1
21046 # 1504
21046 # 1504
21046 # 1504
21046 # 1504
21046 # 1504
21046 # 1504
21046 # 1504
21046 # 1504
21046 # 1504
21046 # 1504
21046 # 1504
21046 # 1504
21046 # 1504
21046 # 1504
21046 # 1504
21046 # 1504
21046 # 1504
21046 # 1504
21046 # 1504
21046 # 1504
21046 # 1504
21046 # 1504
21046 # 1504
21046 # 1504
21046 # 1504
21046 # 1504
21046 # 1504
21046 # 1504
21046 # 1504
21046 # 1504
21046 # 1504
21046 # 1504
21046 # 1504
21046 # 1504
21046 # 1504
21046 # 1504
21046 # 1504
21046 # 1504
21046 # 1504
21046 # 1504
21046 # 1504
21046 # 1504
21046 # 1504
21046 # 1504
21046 # 1504
21046 # 1504
21046 # 1504
21046 # 1504
21046 # 1504
21046 # 1504
21046 # 1504
21046 # 1504
21046 # 1504
21046 # 1504
21046 # 1504
21046 # 1504
21046 # 1504
21046 # 1504
21046 # 1504
22045 + 92
22046 # 1504
22046 - 92 1
22046 # 1504
22046 # 1504
22046 # 1504
22046 # 1504
22046 # 1504
22046 # 1504
22046 # 1504
22046 # 1504
22046 # 1504
22046 # 1504
22046 # 1504
22046 # 1504
22046 # 1504
22046 # 1504
22046 # 1504
22046 # 1504
22046 # 1504
22046 # 1504
22046 # 1504
22046 # 1504
22046 # 1504
22046 # 1504
22046 # 1504
22046 # 1504
22046 # 1504
22046 # 1504
22046 # 1504
22046 # 1504
22046 # 1504
22046 # 1504
22046 # 1504
22046 # 1504
22046 # 1504
22046 # 1504
22046 # 1504
22046 # 1504
22046 # 1504
22046 # 1504
22046 # 1504
22046 # 1504
22046 # 1504
22046 # 1504
22046 # 1504
22046 # 1504
22046 # 1504
22046 # 1504
22046 # 1504
22046 # 1504
22046 # 1504
22046 # 1504
22046 # 1504
22046 # 1504
22046 # 1504
22046 # 1504
22046 # 1504
22046 # 1504
22046 # 1504
22046 # 1504
22046 # 1504
23045 + 92
23046 # 1504
23046 - 92 1
23046 # 1504
23046 # 1504
23046 # 1504
23046 # 1504
23046 # 1504
23046 # 1504
23046 # 1504
23046 # 1504
23046 # 1504
23046 # 1504
23046 # 1504
23046 # 1504
23046 # 1504
23046 # 1504
23046 # 1504
23046 # 1504
23046 # 1504
23046 # 1504
23046 # 1504
23046 # 1504
23046 # 1504
23046 # 1504
23046 # 1504
23046 # 1504
23046 # 1504
23046 # 1504
23046 # 1504
23046 # 1504
23046 # 1504
23046 # 1504
23046 # 1504
23046 # 1504
23046 # 1504
23046 # 1504
23046 # 1504
23046 # 1504
23046 # 1504
23046 # 1504
23046 # 1504
23046 # 1504
23046 # 1504
23046 # 1504
23046 # 1504
23046 # 1504
23046 # 1504
23046 # 1504
23046 # 1504
23046 # 1504
23046 # 1504
23046 # 1504
23046 # 1504
23046 # 1504
23046 # 1504
23046 # 1504
23046 # 1504
23046 # 1504
23046 # 1504
23046 # 1504
23046 # 1504
24045 + 92
24046 # 1504
24046 - 92 1
24046 # 1504
24046 # 1504
24046 # 1504
24046 # 1504
24046 # 1504
24046 # 1504
24046 # 1504
24046 # 1504
24046 # 1504
24046 # 1504
24046 # 1504
24046 # 1504
24046 # 1504
24046 # 1504
24046 # 1504
24046 # 1504
24046 # 1504
24046 # 1504
24046 # 1504
24046 # 1504
24046 # 1504
24046 # 1504
24046 # 1504
24046 # 1504
24046 # 1504
24046 # 1504
24046 # 1504
24046 # 1504
24046 # 1504
24046 # 1504
24046 # 1504
24046 # 1504
24046 # 1504
24046 # 1504
24046 # 1504
24046 # 1504
24046 # 1504
24046 # 1504
24046 # 1504
24046 # 1504
24046 # 1504
24046 # 1504
24046 # 1504
24046 # 1504
24046 # 1504
24046 # 1504
24046 # 1504
24046 # 1504
24046 # 1504
24046 # 1504
24046 # 1504
24046 # 1504
24046 # 1504
24046 # 1504
24046 # 1504
24046 # 1504
24046 # 1504
24046 # 1504
24046 # 1504
24697 + 52
25045 + 92
25046 # 1504
25046 - 52 349
25046 - 92 1
25046 # 1504
25046 # 1504
25046 # 1504
25046 # 1504
25046 # 1504
25046 # 1504
25046 # 1504
25046 # 1504
25046 # 1504
25046 # 1504
25046 # 1504
25046 # 1504
25046 # 1504
25046 # 1504
25046 # 1504
25046 # 1504
25046 # 1504
25046 # 1504
25046 # 1504
25046 # 1504
25046 # 1504
25046 # 1504
25046 # 1504
25046 # 1504
25046 # 1504
25046 # 1504
25046 # 1504
25046 # 1504
25046 # 1504
25046 # 1504
25046 # 1504
25046 # 1504
25046 # 1504
25046 # 1504
25046 # 1504
25046 # 1504
25046 # 1504
25046 # 1504
25046 # 1504
25046 # 1504
25046 # 1504
25046 # 1504
25046 # 1504
25046 # 1504
25046 # 1504
25046 # 1504
25046 # 1504
25046 # 1504
25046 # 1504
25046 # 1504
25046 # 1504
25046 # 1504
25046 # 1504
25046 # 1504
25046 # 1504
25046 # 1504
25046 # 1504
25046 # 1504
25046 # 1504
26046 # 1504
26046 # 1504
26046 # 1504
26046 # 1504
26046 # 1504
26046 # 1504
26046 # 1504
26046 # 1504
26046 # 1504
26046 # 1504
26046 # 1504
26046 # 1504
26046 # 1504
26046 # 1504
26046 # 1504
26046 # 1504
26046 # 1504
26046 # 1504
26046 # 1504
26046 # 1504
26046 # 1504
26046 # 1504
26046 # 1504
26046 # 1504
26046 # 1504
26046 # 1504
26046 # 1504
26046 # 1504
26046 # 1504
26046 # 1504
26046 # 1504
26046 # 1504
26046 # 1504
26046 # 1504
26046 # 1504
26046 # 1504
26046 # 1504
26046 # 1504
26046 # 1504
26046 # 1504
26046 # 1504
26046 # 1504
26046 # 1504
26046 # 1504
26046 # 1504
26046 # 1504
26046 # 1504
26046 # 1504
26046 # 1504
26046 # 1504
26046 # 1504
26046 # 1504
26046 # 1504
26046 # 1504
26046 # 1504
26046 # 1504
26046 # 1504
26046 # 1504
26046 # 1504
26046 # 1504
26048 + 92
26048 + 92
27046 # 1504
27046 - 92 998
27046 - 92 998
27046 # 1504
27046 # 1504
27046 # 1504
27046 # 1504
27046 # 1504
27046 # 1504
27046 # 1504
27046 # 1504
27046 # 1504
27046 # 1504
27046 # 1504
27046 # 1504
27046 # 1504
27046 # 1504
27046 # 1504
27046 # 1504
27046 # 1504
27046 # 1504
27046 # 1504
27046 # 1504
27046 # 1504
27046 # 1504
27046 # 1504
27046 # 1504
27046 # 1504
27046 # 1504
27046 # 1504
27046 # 1504
27046 # 1504
27046 # 1504
27046 # 1504
27046 # 1504
27046 # 1504
27046 # 1504
27046 # 1504
27046 # 1504
27046 # 1504
27046 # 1504
27046 # 1504
27046 # 1504
27046 # 1504
27046 # 1504
27046 # 1504
27046 # 1504
27046 # 1504
27046 # 1504
27046 # 1504
27046 # 1504
27046 # 1504
27046 # 1504
27046 # 1504
27046 # 1504
27046 # 1504
27046 # 1504
27046 # 1504
27046 # 1504
27046 # 1504
27046 # 1504
27046 # 1504
28046 # 1504
28046 # 1504
28046 # 1504
28046 # 1504
28046 # 1504
28046 # 1504
28046 # 1504
28046 # 1504
28046 # 1504
28046 # 1504
28046 # 1504
28046 # 1504
28046 # 1504
28046 # 1504
28046 # 1504
28046 # 1504
28046 # 1504
28046 # 1504
28046 # 1504
28046 # 1504
28046 # 1504
28046 # 1504
28046 # 1504
28046 # 1504
28046 # 1504
28046 # 1504
28046 # 1504
28046 # 1504
28046 # 1504
28046 # 1504
28046 # 1504
28046 # 1504
28046 # 1504
28046 # 1504
28046 # 1504
28046 # 1504
28046 # 1504
28046 # 1504
28046 # 1504
28046 # 1504
28046 # 1504
28046 # 1504
28046 # 1504
28046 # 1504
28046 # 1504
28046 # 1504
28046 # 1504
28046 # 1504
28046 # 1504
28046 # 1504
28046 # 1504
28046 # 1504
28046 # 1504
28046 # 1504
28046 # 1504
28046 # 1504
28046 # 1504
28046 # 1504
28046 # 1504
28046 # 1504
28046 + 92
29046 # 1504
29046 - 92 1000
29046 # 1504
29046 # 1504
29046 # 1504
29046 # 1504
29046 # 1504
29046 # 1504
29046 # 1504
29046 # 1504
29046 # 1504
29046 # 1504
29046 # 1504
29046 # 1504
29046 # 1504
29046 # 1504
29046 # 1504
29046 # 1504
29046 # 1504
29046 # 1504
29046 # 1504
29046 # 1504
29046 # 1504
29046 # 1504
29046 # 1504
29046 # 1504
29046 # 1504
29046 # 1504
29046 # 1504
29046 # 1504
29046 # 1504
29046 # 1504
29046 # 1504
29046 # 1504
29046 # 1504
29046 # 1504
29046 # 1504
29046 # 1504
29046 # 1504
29046 # 1504
29046 # 1504
29046 # 1504
29046 # 1504
29046 # 1504
29046 # 1504
29046 # 1504
29046 # 1504
29046 # 1504
29046 # 1504
29046 # 1504
29046 # 1504
29046 # 1504
29046 # 1504
29046 # 1504
29046 # 1504
29046 # 1504
29046 # 1504
29046 # 1504
29046 # 1504
29046 # 1504
29046 # 1504
30046 # 1504
30046 # 1504
30046 # 1504
30046 # 1504
30046 # 1504
30046 # 1504
30046 # 1504
30046 # 1504
30046 # 1504
30046 # 1504
30046 # 1504
30046 # 1504
30046 # 1504
30046 # 1504
30046 # 1504
30046 # 1504
30046 # 1504
30046 # 1504
30046 # 1504
30046 # 1504
30046 # 1504
30046 # 1504
30046 # 1504
30046 # 1504
30046 # 1504
30046 # 1504
30046 # 1504
30046 # 1504
30046 # 1504
30046 # 1504
30046 # 1504
30046 # 1504
30046 # 1504
30046 # 1504
30046 # 1504
30046 # 1504
30046 # 1504
30046 # 1504
30046 # 1504
30046 # 1504
30046 # 1504
30046 # 1504
30046 # 1504
30046 # 1504
30046 # 1504
30046 # 1504
30046 # 1504
30046 # 1504
30046 # 1504
30046 # 1504
30046 # 1504
30046 # 1504
30046 # 1504
30046 # 1504
30046 # 1504
30046 # 1504
30046 # 1504
30046 # 1504
30046 # 1504
30046 # 1504
30046 + 92
31046 # 1504
31046 - 92 1000
31046 # 1504
31046 # 1504
31046 # 1504
31046 # 1504
31046 # 1504
31046 # 1504
31046 # 1504
31046 # 1504
31046 # 1504
31046 # 1504
31046 # 1504
31046 # 1504
31046 # 1504
31046 # 1504
31046 # 1504
31046 # 1504
31046 # 1504
31046 # 1504
31046 # 1504
31046 # 1504
31046 # 1504
31046 # 1504
31046 # 1504
31046 # 1504
31046 # 1504
31046 # 1504
31046 # 1504
31046 # 1504
31046 # 1504
31046 # 1504
31046 # 1504
31046 # 1504
31046 # 1504
31046 # 1504
31046 # 1504
31046 # 1504
31046 # 1504
31046 # 1504
31046 # 1504
31046 # 1504
31046 # 1504
31046 # 1504
31046 # 1504
31046 # 1504
31046 # 1504
31046 # 1504
31046 # 1504
31046 # 1504
31046 # 1504
31046 # 1504
31046 # 1504
31046 # 1504
31046 # 1504
31046 # 1504
31046 # 1504
31046 # 1504
31046 # 1504
31046 # 1504
31046 # 1504
32045 + 92
32046 # 1504
32046 - 92 1
32046 # 1504
32046 # 1504
32046 # 1504
32046 # 1504
32046 # 1504
32046 # 1504
32046 # 1504
32046 # 1504
32046 # 1504
32046 # 1504
32046 # 1504
32046 # 1504
32046 # 1504
32046 # 1504
32046 # 1504
32046 # 1504
32046 # 1504
32046 # 1504
32046 # 1504
32046 # 1504
32046 # 1504
32046 # 1504
32046 # 1504
32046 # 1504
32046 # 1504
32046 # 1504
32046 # 1504
32046 # 1504
32046 # 1504
32046 # 1504
32046 # 1504
32046 # 1504
32046 # 1504
32046 # 1504
32046 # 1504
32046 # 1504
32046 # 1504
32046 # 1504
32046 # 1504
32046 # 1504
32046 # 1504
32046 # 1504
32046 # 1504
32046 # 1504
32046 # 1504
32046 # 1504
32046 # 1504
32046 # 1504
32046 # 1504
32046 # 1504
32046 # 1504
32046 # 1504
32046 # 1504
32046 # 1504
32046 # 1504
32046 # 1504
32046 # 1504
32046 # 1504
32046 # 1504
33045 + 92
33046 # 1504
33046 - 92 1
33046 # 1504
33046 # 1504
33046 # 1504
33046 # 1504
33046 # 1504
33046 # 1504
33046 # 1504
33046 # 1504
33046 # 1504
33046 # 1504
33046 # 1504
33046 # 1504
33046 # 1504
33046 # 1504
33046 # 1504
33046 # 1504
33046 # 1504
33046 # 1504
33046 # 1504
33046 # 1504
33046 # 1504
33046 # 1504
33046 # 1504
33046 # 1504
33046 # 1504
33046 # 1504
33046 # 1504
33046 # 1504
33046 # 1504
33046 # 1504
33046 # 1504
33046 # 1504
33046 # 1504
33046 # 1504
33046 # 1504
33046 # 1504
33046 # 1504
33046 # 1504
33046 # 1504
33046 # 1504
33046 # 1504
33046 # 1504
33046 # 1504
33046 # 1504
33046 # 1504
33046 # 1504
33046 # 1504
33046 # 1504
33046 # 1504
33046 # 1504
33046 # 1504
33046 # 1504
33046 # 1504
33046 # 1504
33046 # 1504
33046 # 1504
33046 # 1504
33046 # 1504
33046 # 1504
34046 # 1504
34046 # 1504
34046 # 1504
34046 # 1504
34046 # 1504
34046 # 1504
34046 # 1504
34046 # 1504
34046 # 1504
34046 # 1504
34046 # 1504
34046 # 1504
34046 # 1504
34046 # 1504
34046 # 1504
34046 # 1504
34046 # 1504
34046 # 1504
34046 # 1504
34046 # 1504
34046 # 1504
34046 # 1504
34046 # 1504
34046 # 1504
34046 # 1504
34046 # 1504
34046 # 1504
34046 # 1504
34046 # 1504
34046 # 1504
34046 # 1504
34046 # 1504
34046 # 1504
34046 # 1504
34046 # 1504
34046 # 1504
34046 # 1504
34046 # 1504
34046 # 1504
34046 # 1504
34046 # 1504
34046 # 1504
34046 # 1504
34046 # 1504
34046 # 1504
34046 # 1504
34046 # 1504
34046 # 1504
34046 # 1504
34046 # 1504
34046 # 1504
34046 # 1504
34046 # 1504
34046 # 1504
34046 # 1504
34046 # 1504
34046 # 1504
34046 # 1504
34046 # 1504
34046 # 1504
34046 + 92
