# mahimahi mm-link (Uplink) [traces/50mbps_10ms.trace] > /home/vboxuser/pantheon/results/50mbps_10ms/sprout/sprout_mm_datalink_run1.log
# command line: 'mm-link' 'traces/50mbps_10ms.trace' 'traces/50mbps_10ms.trace' '--uplink-log=/home/vboxuser/pantheon/results/50mbps_10ms/sprout/sprout_mm_datalink_run1.log' '--downlink-log=/home/vboxuser/pantheon/results/50mbps_10ms/sprout/sprout_mm_acklink_run1.log' 'python' '/home/vboxuser/pantheon/src/experiments/tunnel_manager.py'
# queue: infinite
# init timestamp: 1746041074508
# base timestamp: 36
36 + 80
36 + 52
36 + 80
112 + 40
237 + 80
516 + 80
1114 + 40
2115 + 40
3116 + 40
4119 + 40
4322 + 52
5121 + 40
13538 + 52
20117 + 40
21119 + 40
22122 + 40
23124 + 40
24128 + 40
25130 + 40
31458 + 52
40116 + 40
41117 + 40
42119 + 40
43121 + 40
44123 + 40
45125 + 40
50036 # 1504
50036 - 80 50000
50036 - 52 50000
50036 - 80 50000
50036 - 40 49924
50036 - 80 49799
50036 - 80 49520
50036 - 40 48922
50036 - 40 47921
50036 - 40 46920
50036 - 40 45917
50036 - 52 45714
50036 - 40 44915
50036 - 52 36498
50036 - 40 29919
50036 - 40 28917
50036 - 40 27914
50036 - 40 26912
50036 - 40 25908
50036 - 40 24906
50036 - 52 18578
50036 - 40 9920
50036 - 40 8919
50036 - 40 7917
50036 - 40 6915
50036 - 40 5913
50036 - 40 4911
50036 # 1504
50036 # 1504
50036 # 1504
50036 # 1504
50036 # 1504
50036 # 1504
50036 # 1504
50036 # 1504
50036 # 1504
50036 # 1504
50036 # 1504
50036 # 1504
50036 # 1504
50036 # 1504
50036 # 1504
50036 # 1504
50036 # 1504
50036 # 1504
50036 # 1504
50036 # 1504
50036 # 1504
50036 # 1504
50036 # 1504
50036 # 1504
50036 # 1504
50036 # 1504
50036 # 1504
50036 # 1504
50036 # 1504
50036 # 1504
50036 # 1504
50036 # 1504
50036 # 1504
50036 # 1504
50036 # 1504
50036 # 1504
50036 # 1504
50036 # 1504
50036 # 1504
50036 # 1504
50036 # 1504
50036 # 1504
50036 # 1504
50036 # 1504
50036 # 1504
50036 # 1504
50036 # 1504
50036 # 1504
50036 # 1504
50036 # 1504
50036 # 1504
50036 # 1504
50036 # 1504
50036 # 1504
50036 # 1504
50036 # 1504
50036 # 1504
50036 # 1504
50036 # 1504
