# mahimahi mm-link (Downlink) [traces/50mbps_10ms.trace] > /home/vboxuser/pantheon/results/50mbps_10ms/sprout/sprout_mm_acklink_run1.log
# command line: 'mm-link' 'traces/50mbps_10ms.trace' 'traces/50mbps_10ms.trace' '--uplink-log=/home/vboxuser/pantheon/results/50mbps_10ms/sprout/sprout_mm_datalink_run1.log' '--downlink-log=/home/vboxuser/pantheon/results/50mbps_10ms/sprout/sprout_mm_acklink_run1.log' 'python' '/home/vboxuser/pantheon/src/experiments/tunnel_manager.py'
# queue: infinite
# init timestamp: 1746041074508
# base timestamp: 36
36 + 80
36 + 52
36 + 80
162 + 80
833 + 80
3810 + 52
11490 + 52
26082 + 52
50036 # 1504
50036 - 80 50000
50036 - 52 50000
50036 - 80 50000
50036 - 80 49874
50036 - 80 49203
50036 - 52 46226
50036 - 52 38546
50036 - 52 23954
50036 # 1504
50036 # 1504
50036 # 1504
50036 # 1504
50036 # 1504
50036 # 1504
50036 # 1504
50036 # 1504
50036 # 1504
50036 # 1504
50036 # 1504
50036 # 1504
50036 # 1504
50036 # 1504
50036 # 1504
50036 # 1504
50036 # 1504
50036 # 1504
50036 # 1504
50036 # 1504
50036 # 1504
50036 # 1504
50036 # 1504
50036 # 1504
50036 # 1504
50036 # 1504
50036 # 1504
50036 # 1504
50036 # 1504
50036 # 1504
50036 # 1504
50036 # 1504
50036 # 1504
50036 # 1504
50036 # 1504
50036 # 1504
50036 # 1504
50036 # 1504
50036 # 1504
50036 # 1504
50036 # 1504
50036 # 1504
50036 # 1504
50036 # 1504
50036 # 1504
50036 # 1504
50036 # 1504
50036 # 1504
50036 # 1504
50036 # 1504
50036 # 1504
50036 # 1504
50036 # 1504
50036 # 1504
50036 # 1504
50036 # 1504
50036 # 1504
50036 # 1504
50036 # 1504
50046 + 40
50048 + 40
50048 + 40
50048 + 40
50048 + 40
50048 + 40
50048 + 40
50048 + 40
50048 + 40
50048 + 40
50048 + 40
50048 + 40
50048 + 40
50048 + 40
50048 + 40
50048 + 40
50048 + 40
50048 + 40
56034 + 52
